
> backend@1.0.0 test:run
> vitest run


[1m[46m RUN [49m[22m [36mv4.0.10 [39m[90mC:/Users/satui/OneDrive/Desktop/05 GROWGAMI/01 WIP/thisthat-v3/backend[39m

[90mstdout[2m | src/features/auth/__tests__/oauth.services.test.ts[2m > [22m[2mOAuth Services[2m > [22m[2mhandleXCallback[2m > [22m[2mshould create new user for first-time OAuth login
[22m[39m[OAuth] Retrieved codeVerifier from state store
[OAuth] Exchanging code for token...

[90mstdout[2m | src/features/auth/__tests__/oauth.services.test.ts[2m > [22m[2mOAuth Services[2m > [22m[2mhandleXCallback[2m > [22m[2mshould create new user for first-time OAuth login
[22m[39m[OAuth] Token exchange successful
[OAuth] Fetching user info from X API...

[90mstdout[2m | src/features/auth/__tests__/oauth.services.test.ts[2m > [22m[2mOAuth Services[2m > [22m[2mhandleXCallback[2m > [22m[2mshould create new user for first-time OAuth login
[22m[39m[OAuth] User info received: { id: [32m'x-user-123'[39m, username: [32m'testuser'[39m }
[OAuth] Looking up OAuth account in database...

[90mstdout[2m | src/features/auth/__tests__/oauth.services.test.ts[2m > [22m[2mOAuth Services[2m > [22m[2mhandleXCallback[2m > [22m[2mshould create new user for first-time OAuth login
[22m[39m[OAuth] New user, creating account...

[90mstdout[2m | src/features/auth/__tests__/oauth.services.test.ts[2m > [22m[2mOAuth Services[2m > [22m[2mhandleXCallback[2m > [22m[2mshould create new user for first-time OAuth login
[22m[39m[OAuth] Generating JWT tokens...
[OAuth] Storing refresh token...

[90mstdout[2m | src/features/auth/__tests__/oauth.services.test.ts[2m > [22m[2mOAuth Services[2m > [22m[2mhandleXCallback[2m > [22m[2mshould create new user for first-time OAuth login
[22m[39m[OAuth] OAuth callback completed successfully for user: user-123

[90mstdout[2m | src/features/auth/__tests__/oauth.services.test.ts[2m > [22m[2mOAuth Services[2m > [22m[2mhandleXCallback[2m > [22m[2mshould update existing user for returning OAuth login
[22m[39m[OAuth] Retrieved codeVerifier from state store
[OAuth] Exchanging code for token...

[90mstdout[2m | src/features/auth/__tests__/oauth.services.test.ts[2m > [22m[2mOAuth Services[2m > [22m[2mhandleXCallback[2m > [22m[2mshould update existing user for returning OAuth login
[22m[39m[OAuth] Token exchange successful
[OAuth] Fetching user info from X API...

[90mstdout[2m | src/features/auth/__tests__/oauth.services.test.ts[2m > [22m[2mOAuth Services[2m > [22m[2mhandleXCallback[2m > [22m[2mshould update existing user for returning OAuth login
[22m[39m[OAuth] User info received: { id: [32m'x-user-123'[39m, username: [32m'testuser'[39m }
[OAuth] Looking up OAuth account in database...

[90mstdout[2m | src/features/auth/__tests__/oauth.services.test.ts[2m > [22m[2mOAuth Services[2m > [22m[2mhandleXCallback[2m > [22m[2mshould update existing user for returning OAuth login
[22m[39m[OAuth] Existing account found, updating...

[90mstdout[2m | src/features/auth/__tests__/oauth.services.test.ts[2m > [22m[2mOAuth Services[2m > [22m[2mhandleXCallback[2m > [22m[2mshould update existing user for returning OAuth login
[22m[39m[OAuth] Generating JWT tokens...
[OAuth] Storing refresh token...

[90mstdout[2m | src/features/auth/__tests__/oauth.services.test.ts[2m > [22m[2mOAuth Services[2m > [22m[2mhandleXCallback[2m > [22m[2mshould update existing user for returning OAuth login
[22m[39m[OAuth] OAuth callback completed successfully for user: user-123

[90mstdout[2m | src/features/auth/__tests__/oauth.services.test.ts[2m > [22m[2mOAuth Services[2m > [22m[2mhandleXCallback[2m > [22m[2mshould reset consecutive days if login gap > 1 day
[22m[39m[OAuth] Retrieved codeVerifier from state store
[OAuth] Exchanging code for token...

[90mstdout[2m | src/features/auth/__tests__/oauth.services.test.ts[2m > [22m[2mOAuth Services[2m > [22m[2mhandleXCallback[2m > [22m[2mshould reset consecutive days if login gap > 1 day
[22m[39m[OAuth] Token exchange successful
[OAuth] Fetching user info from X API...

[90mstdout[2m | src/features/auth/__tests__/oauth.services.test.ts[2m > [22m[2mOAuth Services[2m > [22m[2mhandleXCallback[2m > [22m[2mshould reset consecutive days if login gap > 1 day
[22m[39m[OAuth] User info received: { id: [32m'x-user-123'[39m, username: [32m'testuser'[39m }
[OAuth] Looking up OAuth account in database...

[90mstdout[2m | src/features/auth/__tests__/oauth.services.test.ts[2m > [22m[2mOAuth Services[2m > [22m[2mhandleXCallback[2m > [22m[2mshould reset consecutive days if login gap > 1 day
[22m[39m[OAuth] Existing account found, updating...

[90mstdout[2m | src/features/auth/__tests__/oauth.services.test.ts[2m > [22m[2mOAuth Services[2m > [22m[2mhandleXCallback[2m > [22m[2mshould reset consecutive days if login gap > 1 day
[22m[39m[OAuth] Generating JWT tokens...
[OAuth] Storing refresh token...

[90mstdout[2m | src/features/auth/__tests__/oauth.services.test.ts[2m > [22m[2mOAuth Services[2m > [22m[2mhandleXCallback[2m > [22m[2mshould reset consecutive days if login gap > 1 day
[22m[39m[OAuth] OAuth callback completed successfully for user: user-123

 [31m❯[39m src/features/auth/test/auth.services.test.ts [2m([22m[2m17 tests[22m[2m | [22m[31m1 failed[39m[2m)[22m[32m 40[2mms[22m[39m
       [32m✓[39m should hash password using bcrypt[32m 4[2mms[22m[39m
       [32m✓[39m should verify password correctly[32m 1[2mms[22m[39m
       [32m✓[39m should return false for invalid password[32m 0[2mms[22m[39m
[31m       [31m×[31m should register a new user successfully[39m[32m 12[2mms[22m[39m
       [32m✓[39m should throw error if email already exists[32m 3[2mms[22m[39m
       [32m✓[39m should throw error if username already exists[32m 1[2mms[22m[39m
       [32m✓[39m should authenticate user successfully[32m 2[2mms[22m[39m
       [32m✓[39m should throw error for invalid email[32m 2[2mms[22m[39m
       [32m✓[39m should throw error for invalid password[32m 1[2mms[22m[39m
       [32m✓[39m should increment consecutive days on next day login[32m 4[2mms[22m[39m
       [32m✓[39m should reset streak if gap is 2+ days[32m 2[2mms[22m[39m
       [32m✓[39m should return user profile[32m 1[2mms[22m[39m
       [32m✓[39m should return null if user not found[32m 0[2mms[22m[39m
       [32m✓[39m should refresh access token successfully[32m 1[2mms[22m[39m
       [32m✓[39m should throw error for invalid refresh token[32m 1[2mms[22m[39m
       [32m✓[39m should logout user successfully[32m 2[2mms[22m[39m
       [32m✓[39m should not throw error if token not found[32m 1[2mms[22m[39m
 [31m❯[39m src/features/auth/__tests__/auth.services.test.ts [2m([22m[2m17 tests[22m[2m | [22m[31m1 failed[39m[2m)[22m[32m 41[2mms[22m[39m
       [32m✓[39m should hash password using bcrypt[32m 5[2mms[22m[39m
       [32m✓[39m should verify password correctly[32m 1[2mms[22m[39m
       [32m✓[39m should return false for invalid password[32m 0[2mms[22m[39m
[31m       [31m×[31m should register a new user successfully[39m[32m 11[2mms[22m[39m
       [32m✓[39m should throw error if email already exists[32m 3[2mms[22m[39m
       [32m✓[39m should throw error if username already exists[32m 1[2mms[22m[39m
       [32m✓[39m should authenticate user successfully[32m 2[2mms[22m[39m
       [32m✓[39m should throw error for invalid email[32m 1[2mms[22m[39m
       [32m✓[39m should throw error for invalid password[32m 1[2mms[22m[39m
       [32m✓[39m should increment consecutive days on next day login[32m 7[2mms[22m[39m
       [32m✓[39m should reset streak if gap is 2+ days[32m 1[2mms[22m[39m
       [32m✓[39m should return user profile[32m 1[2mms[22m[39m
       [32m✓[39m should return null if user not found[32m 0[2mms[22m[39m
       [32m✓[39m should refresh access token successfully[32m 1[2mms[22m[39m
       [32m✓[39m should throw error for invalid refresh token[32m 1[2mms[22m[39m
       [32m✓[39m should logout user successfully[32m 1[2mms[22m[39m
       [32m✓[39m should not throw error if token not found[32m 1[2mms[22m[39m
[90mstderr[2m | src/features/auth/__tests__/oauth.services.test.ts[2m > [22m[2mOAuth Services[2m > [22m[2mhandleXCallback[2m > [22m[2mshould throw error if code verifier not found
[22m[39m[OAuth] Code verifier not found. State: invalid-state...

[90mstdout[2m | src/features/fetching/event-data/test/event-data.services.test.ts[2m > [22m[2mEvent Data Services[2m > [22m[2mfetchAndSaveEvents[2m > [22m[2mshould fetch and save events successfully
[22m[39m📡 Fetching events from Polymarket Gamma API...

[90mstdout[2m | src/features/fetching/market-data/test/market-data.services.test.ts[2m > [22m[2mMarket Data Services[2m > [22m[2mfetchAndSaveMarkets[2m > [22m[2mshould fetch and save markets successfully
[22m[39m📡 Fetching markets from Polymarket Gamma API...

[90mstdout[2m | src/services/__tests__/market-ingestion.service.test.ts[2m > [22m[2mMarket Ingestion Service[2m > [22m[2mingestMarketsFromPolymarket[2m > [22m[2mshould create new markets
[22m[39m[Market Ingestion] Fetching markets from Polymarket...

[90mstdout[2m | src/features/fetching/event-data/test/event-data.services.test.ts[2m > [22m[2mEvent Data Services[2m > [22m[2mfetchAndSaveEvents[2m > [22m[2mshould fetch and save events successfully
[22m[39m✅ Fetched 2 events from Polymarket

[90mstdout[2m | src/features/fetching/market-data/test/market-data.services.test.ts[2m > [22m[2mMarket Data Services[2m > [22m[2mfetchAndSaveMarkets[2m > [22m[2mshould fetch and save markets successfully
[22m[39m✅ Fetched 2 markets from Polymarket Gamma API
✅ Found 2 active markets
✅ Processing 2 markets

[90mstdout[2m | src/services/__tests__/market-ingestion.service.test.ts[2m > [22m[2mMarket Ingestion Service[2m > [22m[2mingestMarketsFromPolymarket[2m > [22m[2mshould create new markets
[22m[39m[Market Ingestion] Fetched 1 markets

[90mstdout[2m | src/features/fetching/market-data/__tests__/market-data.services.test.ts[2m > [22m[2mMarket Data Services[2m > [22m[2mfetchAndSaveMarkets[2m > [22m[2mshould fetch and save markets successfully
[22m[39m📡 Fetching markets from Polymarket Gamma API...

[90mstdout[2m | src/features/fetching/event-data/test/event-data.services.test.ts[2m > [22m[2mEvent Data Services[2m > [22m[2mfetchAndSaveEvents[2m > [22m[2mshould fetch and save events successfully
[22m[39m✅ Saved 2 events to MongoDB

[90mstdout[2m | src/features/fetching/market-data/test/market-data.services.test.ts[2m > [22m[2mMarket Data Services[2m > [22m[2mfetchAndSaveMarkets[2m > [22m[2mshould fetch and save markets successfully
[22m[39m✅ Saved 2 markets to MongoDB

[90mstdout[2m | src/services/__tests__/market-ingestion.service.test.ts[2m > [22m[2mMarket Ingestion Service[2m > [22m[2mingestMarketsFromPolymarket[2m > [22m[2mshould create new markets
[22m[39m[Market Ingestion] Complete: 1 created, 0 updated, 0 skipped, 0 errors

[90mstdout[2m | src/features/fetching/market-data/__tests__/market-data.services.test.ts[2m > [22m[2mMarket Data Services[2m > [22m[2mfetchAndSaveMarkets[2m > [22m[2mshould fetch and save markets successfully
[22m[39m✅ Fetched 2 markets from Polymarket Gamma API
✅ Found 2 active markets
✅ Processing 2 markets

[90mstdout[2m | src/features/fetching/event-data/test/event-data.services.test.ts[2m > [22m[2mEvent Data Services[2m > [22m[2mfetchAndSaveEvents[2m > [22m[2mshould handle errors when saving individual events
[22m[39m📡 Fetching events from Polymarket Gamma API...

[90mstdout[2m | src/features/fetching/market-data/test/market-data.services.test.ts[2m > [22m[2mMarket Data Services[2m > [22m[2mfetchAndSaveMarkets[2m > [22m[2mshould filter active markets when active=true
[22m[39m📡 Fetching markets from Polymarket Gamma API...

[90mstdout[2m | src/services/__tests__/market-ingestion.service.test.ts[2m > [22m[2mMarket Ingestion Service[2m > [22m[2mingestMarketsFromPolymarket[2m > [22m[2mshould update existing markets
[22m[39m[Market Ingestion] Fetching markets from Polymarket...

[90mstdout[2m | src/features/fetching/market-data/__tests__/market-data.services.test.ts[2m > [22m[2mMarket Data Services[2m > [22m[2mfetchAndSaveMarkets[2m > [22m[2mshould fetch and save markets successfully
[22m[39m✅ Saved 2 markets to MongoDB

[90mstdout[2m | src/features/fetching/event-data/test/event-data.services.test.ts[2m > [22m[2mEvent Data Services[2m > [22m[2mfetchAndSaveEvents[2m > [22m[2mshould handle errors when saving individual events
[22m[39m✅ Fetched 2 events from Polymarket

[90mstdout[2m | src/features/fetching/market-data/test/market-data.services.test.ts[2m > [22m[2mMarket Data Services[2m > [22m[2mfetchAndSaveMarkets[2m > [22m[2mshould filter active markets when active=true
[22m[39m✅ Fetched 2 markets from Polymarket Gamma API
✅ Found 1 active markets
✅ Processing 1 markets

[90mstdout[2m | src/services/__tests__/market-ingestion.service.test.ts[2m > [22m[2mMarket Ingestion Service[2m > [22m[2mingestMarketsFromPolymarket[2m > [22m[2mshould update existing markets
[22m[39m[Market Ingestion] Fetched 1 markets

[90mstdout[2m | src/features/fetching/market-data/__tests__/market-data.services.test.ts[2m > [22m[2mMarket Data Services[2m > [22m[2mfetchAndSaveMarkets[2m > [22m[2mshould filter active markets when active=true
[22m[39m📡 Fetching markets from Polymarket Gamma API...

[90mstderr[2m | src/features/fetching/event-data/test/event-data.services.test.ts[2m > [22m[2mEvent Data Services[2m > [22m[2mfetchAndSaveEvents[2m > [22m[2mshould handle errors when saving individual events
[22m[39m❌ Error saving event event2: Error: DB Error
    at C:/Users/satui/OneDrive/Desktop/05 GROWGAMI/01 WIP/thisthat-v3/backend/src/features/fetching/event-data/test/event-data.services.test.ts:325:32
    at [90mfile:///C:/Users/satui/OneDrive/Desktop/05%20GROWGAMI/01%20WIP/thisthat-v3/backend/[39mnode_modules/[4m@vitest/runner[24m/dist/index.js:157:11
    at [90mfile:///C:/Users/satui/OneDrive/Desktop/05%20GROWGAMI/01%20WIP/thisthat-v3/backend/[39mnode_modules/[4m@vitest/runner[24m/dist/index.js:753:26
    at [90mfile:///C:/Users/satui/OneDrive/Desktop/05%20GROWGAMI/01%20WIP/thisthat-v3/backend/[39mnode_modules/[4m@vitest/runner[24m/dist/index.js:1636:20
    at new Promise (<anonymous>)
    at runWithTimeout [90m(file:///C:/Users/satui/OneDrive/Desktop/05%20GROWGAMI/01%20WIP/thisthat-v3/backend/[39mnode_modules/[4m@vitest/runner[24m/dist/index.js:1602:10[90m)[39m
    at runTest [90m(file:///C:/Users/satui/OneDrive/Desktop/05%20GROWGAMI/01%20WIP/thisthat-v3/backend/[39mnode_modules/[4m@vitest/runner[24m/dist/index.js:1309:12[90m)[39m
[90m    at processTicksAndRejections (node:internal/process/task_queues:105:5)[39m
    at runSuite [90m(file:///C:/Users/satui/OneDrive/Desktop/05%20GROWGAMI/01%20WIP/thisthat-v3/backend/[39mnode_modules/[4m@vitest/runner[24m/dist/index.js:1468:8[90m)[39m
    at runSuite [90m(file:///C:/Users/satui/OneDrive/Desktop/05%20GROWGAMI/01%20WIP/thisthat-v3/backend/[39mnode_modules/[4m@vitest/runner[24m/dist/index.js:1468:8[90m)[39m

[90mstdout[2m | src/features/fetching/market-data/test/market-data.services.test.ts[2m > [22m[2mMarket Data Services[2m > [22m[2mfetchAndSaveMarkets[2m > [22m[2mshould filter active markets when active=true
[22m[39m✅ Saved 1 markets to MongoDB

[90mstdout[2m | src/services/__tests__/market-ingestion.service.test.ts[2m > [22m[2mMarket Ingestion Service[2m > [22m[2mingestMarketsFromPolymarket[2m > [22m[2mshould update existing markets
[22m[39m[Market Ingestion] Complete: 0 created, 1 updated, 0 skipped, 0 errors

[90mstdout[2m | src/features/fetching/market-data/__tests__/market-data.services.test.ts[2m > [22m[2mMarket Data Services[2m > [22m[2mfetchAndSaveMarkets[2m > [22m[2mshould filter active markets when active=true
[22m[39m✅ Fetched 2 markets from Polymarket Gamma API
✅ Found 1 active markets
✅ Processing 1 markets

[90mstdout[2m | src/features/fetching/event-data/test/event-data.services.test.ts[2m > [22m[2mEvent Data Services[2m > [22m[2mfetchAndSaveEvents[2m > [22m[2mshould handle errors when saving individual events
[22m[39m✅ Saved 1 events to MongoDB
⚠️  1 events failed to save

[90mstdout[2m | src/features/fetching/market-data/test/market-data.services.test.ts[2m > [22m[2mMarket Data Services[2m > [22m[2mfetchAndSaveMarkets[2m > [22m[2mshould handle errors when saving individual markets
[22m[39m📡 Fetching markets from Polymarket Gamma API...

[90mstdout[2m | src/services/__tests__/market-ingestion.service.test.ts[2m > [22m[2mMarket Ingestion Service[2m > [22m[2mingestMarketsFromPolymarket[2m > [22m[2mshould skip markets with missing required fields
[22m[39m[Market Ingestion] Fetching markets from Polymarket...

[90mstdout[2m | src/features/fetching/market-data/__tests__/market-data.services.test.ts[2m > [22m[2mMarket Data Services[2m > [22m[2mfetchAndSaveMarkets[2m > [22m[2mshould filter active markets when active=true
[22m[39m✅ Saved 1 markets to MongoDB

[90mstdout[2m | src/features/fetching/event-data/test/event-data.services.test.ts[2m > [22m[2mEvent Data Services[2m > [22m[2mfetchAndSaveEvents[2m > [22m[2mshould throw error when API returns non-array
[22m[39m📡 Fetching events from Polymarket Gamma API...

[90mstdout[2m | src/features/fetching/market-data/test/market-data.services.test.ts[2m > [22m[2mMarket Data Services[2m > [22m[2mfetchAndSaveMarkets[2m > [22m[2mshould handle errors when saving individual markets
[22m[39m✅ Fetched 2 markets from Polymarket Gamma API
✅ Found 2 active markets
✅ Processing 2 markets

[90mstdout[2m | src/services/__tests__/market-ingestion.service.test.ts[2m > [22m[2mMarket Ingestion Service[2m > [22m[2mingestMarketsFromPolymarket[2m > [22m[2mshould skip markets with missing required fields
[22m[39m[Market Ingestion] Fetched 1 markets
[Market Ingestion] Complete: 0 created, 0 updated, 1 skipped, 0 errors

[90mstdout[2m | src/features/fetching/market-data/__tests__/market-data.services.test.ts[2m > [22m[2mMarket Data Services[2m > [22m[2mfetchAndSaveMarkets[2m > [22m[2mshould handle errors when saving individual markets
[22m[39m📡 Fetching markets from Polymarket Gamma API...

[90mstderr[2m | src/features/fetching/event-data/test/event-data.services.test.ts[2m > [22m[2mEvent Data Services[2m > [22m[2mfetchAndSaveEvents[2m > [22m[2mshould throw error when API returns non-array
[22m[39m❌ Polymarket API did not return an array. Response: { data: [32m'invalid'[39m }
❌ Error fetching events: Error: Invalid response from Polymarket API
    at Module.fetchAndSaveEvents (C:/Users/satui/OneDrive/Desktop/05 GROWGAMI/01 WIP/thisthat-v3/backend/src/features/fetching/event-data/event-data.services.ts:78:13)
[90m    at processTicksAndRejections (node:internal/process/task_queues:105:5)[39m
    at C:/Users/satui/OneDrive/Desktop/05 GROWGAMI/01 WIP/thisthat-v3/backend/src/features/fetching/event-data/test/event-data.services.test.ts:340:7
    at [90mfile:///C:/Users/satui/OneDrive/Desktop/05%20GROWGAMI/01%20WIP/thisthat-v3/backend/[39mnode_modules/[4m@vitest/runner[24m/dist/index.js:753:20

[90mstderr[2m | src/features/fetching/market-data/test/market-data.services.test.ts[2m > [22m[2mMarket Data Services[2m > [22m[2mfetchAndSaveMarkets[2m > [22m[2mshould handle errors when saving individual markets
[22m[39m❌ Error saving market 0x2: Error: DB Error
    at C:/Users/satui/OneDrive/Desktop/05 GROWGAMI/01 WIP/thisthat-v3/backend/src/features/fetching/market-data/test/market-data.services.test.ts:356:32
    at [90mfile:///C:/Users/satui/OneDrive/Desktop/05%20GROWGAMI/01%20WIP/thisthat-v3/backend/[39mnode_modules/[4m@vitest/runner[24m/dist/index.js:157:11
    at [90mfile:///C:/Users/satui/OneDrive/Desktop/05%20GROWGAMI/01%20WIP/thisthat-v3/backend/[39mnode_modules/[4m@vitest/runner[24m/dist/index.js:753:26
    at [90mfile:///C:/Users/satui/OneDrive/Desktop/05%20GROWGAMI/01%20WIP/thisthat-v3/backend/[39mnode_modules/[4m@vitest/runner[24m/dist/index.js:1636:20
    at new Promise (<anonymous>)
    at runWithTimeout [90m(file:///C:/Users/satui/OneDrive/Desktop/05%20GROWGAMI/01%20WIP/thisthat-v3/backend/[39mnode_modules/[4m@vitest/runner[24m/dist/index.js:1602:10[90m)[39m
    at runTest [90m(file:///C:/Users/satui/OneDrive/Desktop/05%20GROWGAMI/01%20WIP/thisthat-v3/backend/[39mnode_modules/[4m@vitest/runner[24m/dist/index.js:1309:12[90m)[39m
[90m    at processTicksAndRejections (node:internal/process/task_queues:105:5)[39m
    at runSuite [90m(file:///C:/Users/satui/OneDrive/Desktop/05%20GROWGAMI/01%20WIP/thisthat-v3/backend/[39mnode_modules/[4m@vitest/runner[24m/dist/index.js:1468:8[90m)[39m
    at runSuite [90m(file:///C:/Users/satui/OneDrive/Desktop/05%20GROWGAMI/01%20WIP/thisthat-v3/backend/[39mnode_modules/[4m@vitest/runner[24m/dist/index.js:1468:8[90m)[39m

[90mstdout[2m | src/services/__tests__/market-ingestion.service.test.ts[2m > [22m[2mMarket Ingestion Service[2m > [22m[2mingestMarketsFromPolymarket[2m > [22m[2mshould handle errors gracefully and continue processing
[22m[39m[Market Ingestion] Fetching markets from Polymarket...

[90mstdout[2m | src/features/fetching/market-data/__tests__/market-data.services.test.ts[2m > [22m[2mMarket Data Services[2m > [22m[2mfetchAndSaveMarkets[2m > [22m[2mshould handle errors when saving individual markets
[22m[39m✅ Fetched 2 markets from Polymarket Gamma API
✅ Found 2 active markets
✅ Processing 2 markets

[90mstdout[2m | src/features/fetching/event-data/test/event-data.services.test.ts[2m > [22m[2mEvent Data Services[2m > [22m[2mfetchAndSaveEvents[2m > [22m[2mshould throw error when API call fails
[22m[39m📡 Fetching events from Polymarket Gamma API...

[90mstdout[2m | src/features/fetching/market-data/test/market-data.services.test.ts[2m > [22m[2mMarket Data Services[2m > [22m[2mfetchAndSaveMarkets[2m > [22m[2mshould handle errors when saving individual markets
[22m[39m✅ Saved 1 markets to MongoDB
⚠️  1 markets failed to save

[90mstdout[2m | src/services/__tests__/market-ingestion.service.test.ts[2m > [22m[2mMarket Ingestion Service[2m > [22m[2mingestMarketsFromPolymarket[2m > [22m[2mshould handle errors gracefully and continue processing
[22m[39m[Market Ingestion] Fetched 2 markets

[90mstderr[2m | src/features/fetching/market-data/__tests__/market-data.services.test.ts[2m > [22m[2mMarket Data Services[2m > [22m[2mfetchAndSaveMarkets[2m > [22m[2mshould handle errors when saving individual markets
[22m[39m❌ Error saving market 0x2: Error: DB Error
    at C:/Users/satui/OneDrive/Desktop/05 GROWGAMI/01 WIP/thisthat-v3/backend/src/features/fetching/market-data/__tests__/market-data.services.test.ts:353:32
    at [90mfile:///C:/Users/satui/OneDrive/Desktop/05%20GROWGAMI/01%20WIP/thisthat-v3/backend/[39mnode_modules/[4m@vitest/runner[24m/dist/index.js:157:11
    at [90mfile:///C:/Users/satui/OneDrive/Desktop/05%20GROWGAMI/01%20WIP/thisthat-v3/backend/[39mnode_modules/[4m@vitest/runner[24m/dist/index.js:753:26
    at [90mfile:///C:/Users/satui/OneDrive/Desktop/05%20GROWGAMI/01%20WIP/thisthat-v3/backend/[39mnode_modules/[4m@vitest/runner[24m/dist/index.js:1636:20
    at new Promise (<anonymous>)
    at runWithTimeout [90m(file:///C:/Users/satui/OneDrive/Desktop/05%20GROWGAMI/01%20WIP/thisthat-v3/backend/[39mnode_modules/[4m@vitest/runner[24m/dist/index.js:1602:10[90m)[39m
    at runTest [90m(file:///C:/Users/satui/OneDrive/Desktop/05%20GROWGAMI/01%20WIP/thisthat-v3/backend/[39mnode_modules/[4m@vitest/runner[24m/dist/index.js:1309:12[90m)[39m
[90m    at processTicksAndRejections (node:internal/process/task_queues:105:5)[39m
    at runSuite [90m(file:///C:/Users/satui/OneDrive/Desktop/05%20GROWGAMI/01%20WIP/thisthat-v3/backend/[39mnode_modules/[4m@vitest/runner[24m/dist/index.js:1468:8[90m)[39m
    at runSuite [90m(file:///C:/Users/satui/OneDrive/Desktop/05%20GROWGAMI/01%20WIP/thisthat-v3/backend/[39mnode_modules/[4m@vitest/runner[24m/dist/index.js:1468:8[90m)[39m

[90mstderr[2m | src/features/fetching/event-data/test/event-data.services.test.ts[2m > [22m[2mEvent Data Services[2m > [22m[2mfetchAndSaveEvents[2m > [22m[2mshould throw error when API call fails
[22m[39m❌ Error fetching events: Error: API Error
    at C:/Users/satui/OneDrive/Desktop/05 GROWGAMI/01 WIP/thisthat-v3/backend/src/features/fetching/event-data/test/event-data.services.test.ts:345:46
    at [90mfile:///C:/Users/satui/OneDrive/Desktop/05%20GROWGAMI/01%20WIP/thisthat-v3/backend/[39mnode_modules/[4m@vitest/runner[24m/dist/index.js:157:11
    at [90mfile:///C:/Users/satui/OneDrive/Desktop/05%20GROWGAMI/01%20WIP/thisthat-v3/backend/[39mnode_modules/[4m@vitest/runner[24m/dist/index.js:753:26
    at [90mfile:///C:/Users/satui/OneDrive/Desktop/05%20GROWGAMI/01%20WIP/thisthat-v3/backend/[39mnode_modules/[4m@vitest/runner[24m/dist/index.js:1636:20
    at new Promise (<anonymous>)
    at runWithTimeout [90m(file:///C:/Users/satui/OneDrive/Desktop/05%20GROWGAMI/01%20WIP/thisthat-v3/backend/[39mnode_modules/[4m@vitest/runner[24m/dist/index.js:1602:10[90m)[39m
    at runTest [90m(file:///C:/Users/satui/OneDrive/Desktop/05%20GROWGAMI/01%20WIP/thisthat-v3/backend/[39mnode_modules/[4m@vitest/runner[24m/dist/index.js:1309:12[90m)[39m
[90m    at processTicksAndRejections (node:internal/process/task_queues:105:5)[39m
    at runSuite [90m(file:///C:/Users/satui/OneDrive/Desktop/05%20GROWGAMI/01%20WIP/thisthat-v3/backend/[39mnode_modules/[4m@vitest/runner[24m/dist/index.js:1468:8[90m)[39m
    at runSuite [90m(file:///C:/Users/satui/OneDrive/Desktop/05%20GROWGAMI/01%20WIP/thisthat-v3/backend/[39mnode_modules/[4m@vitest/runner[24m/dist/index.js:1468:8[90m)[39m

[90mstdout[2m | src/features/fetching/market-data/test/market-data.services.test.ts[2m > [22m[2mMarket Data Services[2m > [22m[2mfetchAndSaveMarkets[2m > [22m[2mshould throw error when API returns non-array
[22m[39m📡 Fetching markets from Polymarket Gamma API...

[90mstderr[2m | src/services/__tests__/market-ingestion.service.test.ts[2m > [22m[2mMarket Ingestion Service[2m > [22m[2mingestMarketsFromPolymarket[2m > [22m[2mshould handle errors gracefully and continue processing
[22m[39m[Market Ingestion] Error processing market 0x111: DB error

[90mstdout[2m | src/features/fetching/market-data/__tests__/market-data.services.test.ts[2m > [22m[2mMarket Data Services[2m > [22m[2mfetchAndSaveMarkets[2m > [22m[2mshould handle errors when saving individual markets
[22m[39m✅ Saved 1 markets to MongoDB
⚠️  1 markets failed to save

[90mstdout[2m | src/features/fetching/event-data/test/event-data.services.test.ts[2m > [22m[2mEvent Data Services[2m > [22m[2mfetchAndSaveEvents[2m > [22m[2mshould use default limit when not specified
[22m[39m📡 Fetching events from Polymarket Gamma API...

[90mstdout[2m | src/services/__tests__/market-ingestion.service.test.ts[2m > [22m[2mMarket Ingestion Service[2m > [22m[2mingestMarketsFromPolymarket[2m > [22m[2mshould handle errors gracefully and continue processing
[22m[39m[Market Ingestion] Complete: 1 created, 0 updated, 0 skipped, 1 errors

[90mstdout[2m | src/features/fetching/event-data/test/event-data.services.test.ts[2m > [22m[2mEvent Data Services[2m > [22m[2mfetchAndSaveEvents[2m > [22m[2mshould use default limit when not specified
[22m[39m✅ Fetched 5 events from Polymarket

[90mstdout[2m | src/services/__tests__/market-ingestion.service.test.ts[2m > [22m[2mMarket Ingestion Service[2m > [22m[2mingestMarketsFromPolymarket[2m > [22m[2mshould handle API errors gracefully
[22m[39m[Market Ingestion] Fetching markets from Polymarket...

[90mstdout[2m | src/features/fetching/event-data/test/event-data.services.test.ts[2m > [22m[2mEvent Data Services[2m > [22m[2mfetchAndSaveEvents[2m > [22m[2mshould use default limit when not specified
[22m[39m✅ Saved 5 events to MongoDB

[90mstderr[2m | src/services/__tests__/market-ingestion.service.test.ts[2m > [22m[2mMarket Ingestion Service[2m > [22m[2mingestMarketsFromPolymarket[2m > [22m[2mshould handle API errors gracefully
[22m[39m[Market Ingestion] Invalid response from Polymarket API

[90mstdout[2m | src/services/__tests__/market-ingestion.service.test.ts[2m > [22m[2mMarket Ingestion Service[2m > [22m[2mingestMarketsFromPolymarket[2m > [22m[2mshould extract static data correctly
[22m[39m[Market Ingestion] Fetching markets from Polymarket...

[90mstdout[2m | src/services/__tests__/market-ingestion.service.test.ts[2m > [22m[2mMarket Ingestion Service[2m > [22m[2mingestMarketsFromPolymarket[2m > [22m[2mshould extract static data correctly
[22m[39m[Market Ingestion] Fetched 1 markets

[90mstdout[2m | src/services/__tests__/market-ingestion.service.test.ts[2m > [22m[2mMarket Ingestion Service[2m > [22m[2mingestMarketsFromPolymarket[2m > [22m[2mshould extract static data correctly
[22m[39m[Market Ingestion] Complete: 1 created, 0 updated, 0 skipped, 0 errors

[90mstderr[2m | src/features/fetching/market-data/test/market-data.services.test.ts[2m > [22m[2mMarket Data Services[2m > [22m[2mfetchAndSaveMarkets[2m > [22m[2mshould throw error when API returns non-array
[22m[39m❌ Polymarket API did not return an array. Response: { data: [32m'invalid'[39m }
❌ Error fetching markets: Error: Invalid response from Polymarket API
    at Module.fetchAndSaveMarkets (C:/Users/satui/OneDrive/Desktop/05 GROWGAMI/01 WIP/thisthat-v3/backend/src/features/fetching/market-data/market-data.services.ts:136:13)
[90m    at processTicksAndRejections (node:internal/process/task_queues:105:5)[39m
    at C:/Users/satui/OneDrive/Desktop/05 GROWGAMI/01 WIP/thisthat-v3/backend/src/features/fetching/market-data/test/market-data.services.test.ts:371:7
    at [90mfile:///C:/Users/satui/OneDrive/Desktop/05%20GROWGAMI/01%20WIP/thisthat-v3/backend/[39mnode_modules/[4m@vitest/runner[24m/dist/index.js:753:20

[90mstdout[2m | src/features/fetching/market-data/__tests__/market-data.services.test.ts[2m > [22m[2mMarket Data Services[2m > [22m[2mfetchAndSaveMarkets[2m > [22m[2mshould throw error when API returns non-array
[22m[39m📡 Fetching markets from Polymarket Gamma API...

[90mstderr[2m | src/features/fetching/market-data/__tests__/market-data.services.test.ts[2m > [22m[2mMarket Data Services[2m > [22m[2mfetchAndSaveMarkets[2m > [22m[2mshould throw error when API returns non-array
[22m[39m❌ Polymarket API did not return an array. Response: { data: [32m'invalid'[39m }
❌ Error fetching markets: Error: Invalid response from Polymarket API
    at Module.fetchAndSaveMarkets (C:/Users/satui/OneDrive/Desktop/05 GROWGAMI/01 WIP/thisthat-v3/backend/src/features/fetching/market-data/market-data.services.ts:136:13)
[90m    at processTicksAndRejections (node:internal/process/task_queues:105:5)[39m
    at C:/Users/satui/OneDrive/Desktop/05 GROWGAMI/01 WIP/thisthat-v3/backend/src/features/fetching/market-data/__tests__/market-data.services.test.ts:368:7
    at [90mfile:///C:/Users/satui/OneDrive/Desktop/05%20GROWGAMI/01%20WIP/thisthat-v3/backend/[39mnode_modules/[4m@vitest/runner[24m/dist/index.js:753:20

[90mstdout[2m | src/features/fetching/market-data/test/market-data.services.test.ts[2m > [22m[2mMarket Data Services[2m > [22m[2mfetchAndSaveMarkets[2m > [22m[2mshould throw error when API call fails
[22m[39m📡 Fetching markets from Polymarket Gamma API...

[90mstderr[2m | src/features/fetching/market-data/test/market-data.services.test.ts[2m > [22m[2mMarket Data Services[2m > [22m[2mfetchAndSaveMarkets[2m > [22m[2mshould throw error when API call fails
[22m[39m❌ Error fetching markets: Error: API Error
    at C:/Users/satui/OneDrive/Desktop/05 GROWGAMI/01 WIP/thisthat-v3/backend/src/features/fetching/market-data/test/market-data.services.test.ts:376:47
    at [90mfile:///C:/Users/satui/OneDrive/Desktop/05%20GROWGAMI/01%20WIP/thisthat-v3/backend/[39mnode_modules/[4m@vitest/runner[24m/dist/index.js:157:11
    at [90mfile:///C:/Users/satui/OneDrive/Desktop/05%20GROWGAMI/01%20WIP/thisthat-v3/backend/[39mnode_modules/[4m@vitest/runner[24m/dist/index.js:753:26
    at [90mfile:///C:/Users/satui/OneDrive/Desktop/05%20GROWGAMI/01%20WIP/thisthat-v3/backend/[39mnode_modules/[4m@vitest/runner[24m/dist/index.js:1636:20
    at new Promise (<anonymous>)
    at runWithTimeout [90m(file:///C:/Users/satui/OneDrive/Desktop/05%20GROWGAMI/01%20WIP/thisthat-v3/backend/[39mnode_modules/[4m@vitest/runner[24m/dist/index.js:1602:10[90m)[39m
    at runTest [90m(file:///C:/Users/satui/OneDrive/Desktop/05%20GROWGAMI/01%20WIP/thisthat-v3/backend/[39mnode_modules/[4m@vitest/runner[24m/dist/index.js:1309:12[90m)[39m
[90m    at processTicksAndRejections (node:internal/process/task_queues:105:5)[39m
    at runSuite [90m(file:///C:/Users/satui/OneDrive/Desktop/05%20GROWGAMI/01%20WIP/thisthat-v3/backend/[39mnode_modules/[4m@vitest/runner[24m/dist/index.js:1468:8[90m)[39m
    at runSuite [90m(file:///C:/Users/satui/OneDrive/Desktop/05%20GROWGAMI/01%20WIP/thisthat-v3/backend/[39mnode_modules/[4m@vitest/runner[24m/dist/index.js:1468:8[90m)[39m

[90mstdout[2m | src/services/__tests__/market-ingestion.service.test.ts[2m > [22m[2mMarket Ingestion Service[2m > [22m[2mingestMarketsFromPolymarket[2m > [22m[2mshould determine status correctly
[22m[39m[Market Ingestion] Fetching markets from Polymarket...

[90mstdout[2m | src/features/fetching/market-data/test/market-data.services.test.ts[2m > [22m[2mMarket Data Services[2m > [22m[2mfetchAndSaveMarkets[2m > [22m[2mshould apply limit after filtering
[22m[39m📡 Fetching markets from Polymarket Gamma API...

[90mstdout[2m | src/features/fetching/market-data/__tests__/market-data.services.test.ts[2m > [22m[2mMarket Data Services[2m > [22m[2mfetchAndSaveMarkets[2m > [22m[2mshould throw error when API call fails
[22m[39m📡 Fetching markets from Polymarket Gamma API...

[90mstdout[2m | src/services/__tests__/market-ingestion.service.test.ts[2m > [22m[2mMarket Ingestion Service[2m > [22m[2mingestMarketsFromPolymarket[2m > [22m[2mshould determine status correctly
[22m[39m[Market Ingestion] Fetched 3 markets

[90mstdout[2m | src/services/__tests__/market-ingestion.service.test.ts[2m > [22m[2mMarket Ingestion Service[2m > [22m[2mingestMarketsFromPolymarket[2m > [22m[2mshould determine status correctly
[22m[39m[Market Ingestion] Complete: 3 created, 0 updated, 0 skipped, 0 errors

[90mstdout[2m | src/features/fetching/market-data/test/market-data.services.test.ts[2m > [22m[2mMarket Data Services[2m > [22m[2mfetchAndSaveMarkets[2m > [22m[2mshould apply limit after filtering
[22m[39m✅ Fetched 20 markets from Polymarket Gamma API
✅ Found 20 active markets
✅ Processing 5 markets

[90mstdout[2m | src/features/fetching/market-data/test/market-data.services.test.ts[2m > [22m[2mMarket Data Services[2m > [22m[2mfetchAndSaveMarkets[2m > [22m[2mshould apply limit after filtering
[22m[39m✅ Saved 5 markets to MongoDB

 [31m❯[39m src/services/__tests__/market-ingestion.service.test.ts [2m([22m[2m8 tests[22m[2m | [22m[31m1 failed[39m[2m)[22m[32m 41[2mms[22m[39m
       [32m✓[39m should create new markets[32m 7[2mms[22m[39m
       [32m✓[39m should update existing markets[32m 2[2mms[22m[39m
       [32m✓[39m should skip markets with missing required fields[32m 2[2mms[22m[39m
       [32m✓[39m should handle errors gracefully and continue processing[32m 2[2mms[22m[39m
       [32m✓[39m should handle API errors gracefully[32m 1[2mms[22m[39m
[31m       [31m×[31m should extract static data correctly[39m[32m 21[2mms[22m[39m
       [32m✓[39m should determine status correctly[32m 1[2mms[22m[39m
       [32m✓[39m should return correct counts[32m 1[2mms[22m[39m
[90mstderr[2m | src/features/fetching/market-data/__tests__/market-data.services.test.ts[2m > [22m[2mMarket Data Services[2m > [22m[2mfetchAndSaveMarkets[2m > [22m[2mshould throw error when API call fails
[22m[39m❌ Error fetching markets: Error: API Error
    at C:/Users/satui/OneDrive/Desktop/05 GROWGAMI/01 WIP/thisthat-v3/backend/src/features/fetching/market-data/__tests__/market-data.services.test.ts:373:47
    at [90mfile:///C:/Users/satui/OneDrive/Desktop/05%20GROWGAMI/01%20WIP/thisthat-v3/backend/[39mnode_modules/[4m@vitest/runner[24m/dist/index.js:157:11
    at [90mfile:///C:/Users/satui/OneDrive/Desktop/05%20GROWGAMI/01%20WIP/thisthat-v3/backend/[39mnode_modules/[4m@vitest/runner[24m/dist/index.js:753:26
    at [90mfile:///C:/Users/satui/OneDrive/Desktop/05%20GROWGAMI/01%20WIP/thisthat-v3/backend/[39mnode_modules/[4m@vitest/runner[24m/dist/index.js:1636:20
    at new Promise (<anonymous>)
    at runWithTimeout [90m(file:///C:/Users/satui/OneDrive/Desktop/05%20GROWGAMI/01%20WIP/thisthat-v3/backend/[39mnode_modules/[4m@vitest/runner[24m/dist/index.js:1602:10[90m)[39m
    at runTest [90m(file:///C:/Users/satui/OneDrive/Desktop/05%20GROWGAMI/01%20WIP/thisthat-v3/backend/[39mnode_modules/[4m@vitest/runner[24m/dist/index.js:1309:12[90m)[39m
[90m    at processTicksAndRejections (node:internal/process/task_queues:105:5)[39m
    at runSuite [90m(file:///C:/Users/satui/OneDrive/Desktop/05%20GROWGAMI/01%20WIP/thisthat-v3/backend/[39mnode_modules/[4m@vitest/runner[24m/dist/index.js:1468:8[90m)[39m
    at runSuite [90m(file:///C:/Users/satui/OneDrive/Desktop/05%20GROWGAMI/01%20WIP/thisthat-v3/backend/[39mnode_modules/[4m@vitest/runner[24m/dist/index.js:1468:8[90m)[39m

[90mstdout[2m | src/features/auth/__tests__/oauth.services.test.ts[2m > [22m[2mOAuth Services[2m > [22m[2mhandleXCallback[2m > [22m[2mshould throw error if token exchange fails
[22m[39m[OAuth] Retrieved codeVerifier from state store
[OAuth] Exchanging code for token...

[90mstderr[2m | src/features/markets/__tests__/markets.services.test.ts[2m > [22m[2mMarkets Service[2m > [22m[2mfetchLivePriceData[2m > [22m[2mshould return null on error
[22m[39m[Markets Service] Failed to fetch live data for 0x123 after retries

[90mstdout[2m | src/features/fetching/market-data/__tests__/market-data.services.test.ts[2m > [22m[2mMarket Data Services[2m > [22m[2mfetchAndSaveMarkets[2m > [22m[2mshould apply limit after filtering
[22m[39m📡 Fetching markets from Polymarket Gamma API...

[90mstderr[2m | src/features/auth/__tests__/oauth.services.test.ts[2m > [22m[2mOAuth Services[2m > [22m[2mhandleXCallback[2m > [22m[2mshould throw error if token exchange fails
[22m[39m[OAuth] Token exchange failed: Token exchange failed: Invalid code Error: Token exchange failed: Invalid code
    at exchangeCodeForToken (C:/Users/satui/OneDrive/Desktop/05 GROWGAMI/01 WIP/thisthat-v3/backend/src/features/auth/oauth.services.ts:120:11)
    at processTicksAndRejections (node:internal/process/task_queues:105:5)
    at Module.handleXCallback (C:/Users/satui/OneDrive/Desktop/05 GROWGAMI/01 WIP/thisthat-v3/backend/src/features/auth/oauth.services.ts:240:25)
    at C:/Users/satui/OneDrive/Desktop/05 GROWGAMI/01 WIP/thisthat-v3/backend/src/features/auth/__tests__/oauth.services.test.ts:329:7
    at file:///C:/Users/satui/OneDrive/Desktop/05%20GROWGAMI/01%20WIP/thisthat-v3/backend/node_modules/@vitest/runner/dist/index.js:753:20

[90mstdout[2m | src/features/markets/__tests__/markets.services.test.ts[2m > [22m[2mMarkets Service[2m > [22m[2mgetMarketWithLiveData[2m > [22m[2mshould return null if market not found
[22m[39m[Markets Service] Market not found: invalid-id

[90mstdout[2m | src/features/fetching/market-data/__tests__/market-data.services.test.ts[2m > [22m[2mMarket Data Services[2m > [22m[2mfetchAndSaveMarkets[2m > [22m[2mshould apply limit after filtering
[22m[39m✅ Fetched 20 markets from Polymarket Gamma API
✅ Found 20 active markets
✅ Processing 5 markets

[90mstdout[2m | src/features/fetching/market-data/__tests__/market-data.services.test.ts[2m > [22m[2mMarket Data Services[2m > [22m[2mfetchAndSaveMarkets[2m > [22m[2mshould apply limit after filtering
[22m[39m✅ Saved 5 markets to MongoDB

[90mstdout[2m | src/features/auth/__tests__/oauth.services.test.ts[2m > [22m[2mOAuth Services[2m > [22m[2mhandleXCallback[2m > [22m[2mshould throw error if user info fetch fails
[22m[39m[OAuth] Retrieved codeVerifier from state store
[OAuth] Exchanging code for token...

[90mstdout[2m | src/features/auth/__tests__/oauth.services.test.ts[2m > [22m[2mOAuth Services[2m > [22m[2mhandleXCallback[2m > [22m[2mshould throw error if user info fetch fails
[22m[39m[OAuth] Token exchange successful
[OAuth] Fetching user info from X API...

[90mstderr[2m | src/features/auth/__tests__/oauth.services.test.ts[2m > [22m[2mOAuth Services[2m > [22m[2mhandleXCallback[2m > [22m[2mshould throw error if user info fetch fails
[22m[39m[OAuth] Failed to get user info: Failed to get user info: Unauthorized Error: Failed to get user info: Unauthorized
    at getXUserInfo (C:/Users/satui/OneDrive/Desktop/05 GROWGAMI/01 WIP/thisthat-v3/backend/src/features/auth/oauth.services.ts:145:11)
    at processTicksAndRejections (node:internal/process/task_queues:105:5)
    at Module.handleXCallback (C:/Users/satui/OneDrive/Desktop/05 GROWGAMI/01 WIP/thisthat-v3/backend/src/features/auth/oauth.services.ts:253:17)
    at C:/Users/satui/OneDrive/Desktop/05 GROWGAMI/01 WIP/thisthat-v3/backend/src/features/auth/__tests__/oauth.services.test.ts:355:7
    at file:///C:/Users/satui/OneDrive/Desktop/05%20GROWGAMI/01%20WIP/thisthat-v3/backend/node_modules/@vitest/runner/dist/index.js:753:20

 [31m❯[39m src/features/markets/__tests__/markets.services.test.ts [2m([22m[2m14 tests[22m[2m | [22m[31m2 failed[39m[2m)[22m[32m 44[2mms[22m[39m
       [32m✓[39m should return random markets[32m 5[2mms[22m[39m
       [32m✓[39m should return empty array if no open markets[32m 2[2mms[22m[39m
[31m       [31m×[31m should return markets by category[39m[32m 17[2mms[22m[39m
[31m       [31m×[31m should return market by ID[39m[32m 8[2mms[22m[39m
       [32m✓[39m should return null if market not found[32m 3[2mms[22m[39m
       [32m✓[39m should fetch live price data from Polymarket[32m 1[2mms[22m[39m
       [32m✓[39m should handle string outcomes[32m 1[2mms[22m[39m
       [32m✓[39m should return null if market not found[32m 0[2mms[22m[39m
       [32m✓[39m should return null on error[32m 3[2mms[22m[39m
       [32m✓[39m should fetch live prices for multiple markets[32m 1[2mms[22m[39m
       [32m✓[39m should return empty map for empty array[32m 0[2mms[22m[39m
       [32m✓[39m should combine static and live data[32m 1[2mms[22m[39m
       [32m✓[39m should return null if market not found[32m 1[2mms[22m[39m
       [32m✓[39m should return all categories[32m 0[2mms[22m[39m
 [31m❯[39m src/features/auth/__tests__/oauth.services.test.ts [2m([22m[2m13 tests[22m[2m | [22m[31m1 failed[39m[2m)[22m[32m 104[2mms[22m[39m
       [32m✓[39m should generate OAuth authorization URL[32m 5[2mms[22m[39m
       [32m✓[39m should include state and code challenge in URL[32m 1[2mms[22m[39m
       [32m✓[39m should generate unique state and codeVerifier[32m 1[2mms[22m[39m
       [32m✓[39m should return code verifier for valid state[32m 2[2mms[22m[39m
       [32m✓[39m should return null for invalid state[32m 1[2mms[22m[39m
       [32m✓[39m should return null for expired state[32m 1[2mms[22m[39m
       [32m✓[39m should create new user for first-time OAuth login[32m 9[2mms[22m[39m
       [32m✓[39m should update existing user for returning OAuth login[32m 4[2mms[22m[39m
[31m       [31m×[31m should reset consecutive days if login gap > 1 day[39m[32m 21[2mms[22m[39m
       [32m✓[39m should throw error if code verifier not found[32m 29[2mms[22m[39m
       [32m✓[39m should throw error if token exchange fails[32m 23[2mms[22m[39m
       [32m✓[39m should throw error if user info fetch fails[32m 3[2mms[22m[39m
       [32m✓[39m should generate unique username from X username[32m 0[2mms[22m[39m
 [32m✓[39m src/features/fetching/market-data/test/market-data.services.test.ts [2m([22m[2m21 tests[22m[2m)[22m[32m 67[2mms[22m[39m
 [32m✓[39m src/features/fetching/event-data/test/event-data.services.test.ts [2m([22m[2m21 tests[22m[2m)[22m[32m 64[2mms[22m[39m
 [31m❯[39m src/features/fetching/market-data/__tests__/market-data.services.test.ts [2m([22m[2m21 tests[22m[2m | [22m[31m3 failed[39m[2m)[22m[32m 98[2mms[22m[39m
[31m       [31m×[31m should normalize a complete market correctly[39m[32m 15[2mms[22m[39m
[31m       [31m×[31m should use default values for missing fields[39m[32m 3[2mms[22m[39m
       [32m✓[39m should determine status as archived when archived is true[32m 3[2mms[22m[39m
       [32m✓[39m should determine status as active when accepting_orders is true[32m 1[2mms[22m[39m
       [32m✓[39m should determine status as closed when accepting_orders is false[32m 1[2mms[22m[39m
       [32m✓[39m should fallback to closed field when accepting_orders is undefined[32m 0[2mms[22m[39m
       [32m✓[39m should fallback to active field when accepting_orders and closed are undefined[32m 0[2mms[22m[39m
[31m       [31m×[31m should extract odds from tokens correctly[39m[32m 1[2mms[22m[39m
       [32m✓[39m should fetch and save markets successfully[32m 7[2mms[22m[39m
       [32m✓[39m should filter active markets when active=true[32m 3[2mms[22m[39m
       [32m✓[39m should handle errors when saving individual markets[32m 4[2mms[22m[39m
       [32m✓[39m should throw error when API returns non-array[32m 5[2mms[22m[39m
       [32m✓[39m should throw error when API call fails[32m 7[2mms[22m[39m
       [32m✓[39m should apply limit after filtering[32m 12[2mms[22m[39m
       [32m✓[39m should return all markets without filters[32m 23[2mms[22m[39m
       [32m✓[39m should filter by status[32m 2[2mms[22m[39m
       [32m✓[39m should filter by category[32m 2[2mms[22m[39m
       [32m✓[39m should filter by featured[32m 1[2mms[22m[39m
       [32m✓[39m should apply pagination[32m 1[2mms[22m[39m
       [32m✓[39m should return correct statistics[32m 2[2mms[22m[39m
       [32m✓[39m should handle empty category counts[32m 1[2mms[22m[39m
[90mstderr[2m | src/lib/__tests__/polymarket-client.test.ts[2m > [22m[2mPolymarketClient[2m > [22m[2mgetMarkets[2m > [22m[2mshould throw error when API call fails
[22m[39mError fetching Polymarket markets: Network Error

[90mstderr[2m | src/lib/__tests__/polymarket-client.test.ts[2m > [22m[2mPolymarketClient[2m > [22m[2mgetMarkets[2m > [22m[2mshould throw error with API response data when available
[22m[39mError fetching Polymarket markets: { error: [32m'Rate limit exceeded'[39m }

[90mstderr[2m | src/lib/__tests__/polymarket-client.test.ts[2m > [22m[2mPolymarketClient[2m > [22m[2mgetMarket[2m > [22m[2mshould return null when market not found
[22m[39mError fetching market invalid-id: Error: Not Found
    at C:/Users/satui/OneDrive/Desktop/05 GROWGAMI/01 WIP/thisthat-v3/backend/src/lib/__tests__/polymarket-client.test.ts:242:47
    at [90mfile:///C:/Users/satui/OneDrive/Desktop/05%20GROWGAMI/01%20WIP/thisthat-v3/backend/[39mnode_modules/[4m@vitest/runner[24m/dist/index.js:157:11
    at [90mfile:///C:/Users/satui/OneDrive/Desktop/05%20GROWGAMI/01%20WIP/thisthat-v3/backend/[39mnode_modules/[4m@vitest/runner[24m/dist/index.js:753:26
    at [90mfile:///C:/Users/satui/OneDrive/Desktop/05%20GROWGAMI/01%20WIP/thisthat-v3/backend/[39mnode_modules/[4m@vitest/runner[24m/dist/index.js:1636:20
    at new Promise (<anonymous>)
    at runWithTimeout [90m(file:///C:/Users/satui/OneDrive/Desktop/05%20GROWGAMI/01%20WIP/thisthat-v3/backend/[39mnode_modules/[4m@vitest/runner[24m/dist/index.js:1602:10[90m)[39m
    at runTest [90m(file:///C:/Users/satui/OneDrive/Desktop/05%20GROWGAMI/01%20WIP/thisthat-v3/backend/[39mnode_modules/[4m@vitest/runner[24m/dist/index.js:1309:12[90m)[39m
[90m    at processTicksAndRejections (node:internal/process/task_queues:105:5)[39m
    at runSuite [90m(file:///C:/Users/satui/OneDrive/Desktop/05%20GROWGAMI/01%20WIP/thisthat-v3/backend/[39mnode_modules/[4m@vitest/runner[24m/dist/index.js:1468:8[90m)[39m
    at runSuite [90m(file:///C:/Users/satui/OneDrive/Desktop/05%20GROWGAMI/01%20WIP/thisthat-v3/backend/[39mnode_modules/[4m@vitest/runner[24m/dist/index.js:1468:8[90m)[39m

[90mstderr[2m | src/lib/__tests__/polymarket-client.test.ts[2m > [22m[2mPolymarketClient[2m > [22m[2mgetEvents[2m > [22m[2mshould throw error when API call fails
[22m[39mError fetching Polymarket events: API Error

[90mstderr[2m | src/lib/__tests__/polymarket-client.test.ts[2m > [22m[2mPolymarketClient[2m > [22m[2mgetEvent[2m > [22m[2mshould return null when event not found
[22m[39mError fetching event invalid-id: Error: Not Found
    at C:/Users/satui/OneDrive/Desktop/05 GROWGAMI/01 WIP/thisthat-v3/backend/src/lib/__tests__/polymarket-client.test.ts:393:47
    at [90mfile:///C:/Users/satui/OneDrive/Desktop/05%20GROWGAMI/01%20WIP/thisthat-v3/backend/[39mnode_modules/[4m@vitest/runner[24m/dist/index.js:157:11
    at [90mfile:///C:/Users/satui/OneDrive/Desktop/05%20GROWGAMI/01%20WIP/thisthat-v3/backend/[39mnode_modules/[4m@vitest/runner[24m/dist/index.js:753:26
    at [90mfile:///C:/Users/satui/OneDrive/Desktop/05%20GROWGAMI/01%20WIP/thisthat-v3/backend/[39mnode_modules/[4m@vitest/runner[24m/dist/index.js:1636:20
    at new Promise (<anonymous>)
    at runWithTimeout [90m(file:///C:/Users/satui/OneDrive/Desktop/05%20GROWGAMI/01%20WIP/thisthat-v3/backend/[39mnode_modules/[4m@vitest/runner[24m/dist/index.js:1602:10[90m)[39m
    at runTest [90m(file:///C:/Users/satui/OneDrive/Desktop/05%20GROWGAMI/01%20WIP/thisthat-v3/backend/[39mnode_modules/[4m@vitest/runner[24m/dist/index.js:1309:12[90m)[39m
[90m    at processTicksAndRejections (node:internal/process/task_queues:105:5)[39m
    at runSuite [90m(file:///C:/Users/satui/OneDrive/Desktop/05%20GROWGAMI/01%20WIP/thisthat-v3/backend/[39mnode_modules/[4m@vitest/runner[24m/dist/index.js:1468:8[90m)[39m
    at runSuite [90m(file:///C:/Users/satui/OneDrive/Desktop/05%20GROWGAMI/01%20WIP/thisthat-v3/backend/[39mnode_modules/[4m@vitest/runner[24m/dist/index.js:1468:8[90m)[39m

[90mstderr[2m | src/lib/__tests__/polymarket-client.test.ts[2m > [22m[2mPolymarketClient[2m > [22m[2mgetEventMarkets[2m > [22m[2mshould return empty array when API call fails
[22m[39mError fetching markets for event invalid-event: Error: Not Found
    at C:/Users/satui/OneDrive/Desktop/05 GROWGAMI/01 WIP/thisthat-v3/backend/src/lib/__tests__/polymarket-client.test.ts:429:47
    at [90mfile:///C:/Users/satui/OneDrive/Desktop/05%20GROWGAMI/01%20WIP/thisthat-v3/backend/[39mnode_modules/[4m@vitest/runner[24m/dist/index.js:157:11
    at [90mfile:///C:/Users/satui/OneDrive/Desktop/05%20GROWGAMI/01%20WIP/thisthat-v3/backend/[39mnode_modules/[4m@vitest/runner[24m/dist/index.js:753:26
    at [90mfile:///C:/Users/satui/OneDrive/Desktop/05%20GROWGAMI/01%20WIP/thisthat-v3/backend/[39mnode_modules/[4m@vitest/runner[24m/dist/index.js:1636:20
    at new Promise (<anonymous>)
    at runWithTimeout [90m(file:///C:/Users/satui/OneDrive/Desktop/05%20GROWGAMI/01%20WIP/thisthat-v3/backend/[39mnode_modules/[4m@vitest/runner[24m/dist/index.js:1602:10[90m)[39m
    at runTest [90m(file:///C:/Users/satui/OneDrive/Desktop/05%20GROWGAMI/01%20WIP/thisthat-v3/backend/[39mnode_modules/[4m@vitest/runner[24m/dist/index.js:1309:12[90m)[39m
[90m    at processTicksAndRejections (node:internal/process/task_queues:105:5)[39m
    at runSuite [90m(file:///C:/Users/satui/OneDrive/Desktop/05%20GROWGAMI/01%20WIP/thisthat-v3/backend/[39mnode_modules/[4m@vitest/runner[24m/dist/index.js:1468:8[90m)[39m
    at runSuite [90m(file:///C:/Users/satui/OneDrive/Desktop/05%20GROWGAMI/01%20WIP/thisthat-v3/backend/[39mnode_modules/[4m@vitest/runner[24m/dist/index.js:1468:8[90m)[39m

 [32m✓[39m src/lib/__tests__/polymarket-client.test.ts [2m([22m[2m24 tests[22m[2m)[22m[32m 108[2mms[22m[39m
 [31m❯[39m src/features/markets/__tests__/markets.controllers.test.ts [2m([22m[2m7 tests[22m[2m | [22m[31m6 failed[39m[2m)[22m[32m 41[2mms[22m[39m
[31m       [31m×[31m should return random markets[39m[32m 16[2mms[22m[39m
       [32m✓[39m should limit count to 50[32m 2[2mms[22m[39m
[31m       [31m×[31m should handle errors[39m[32m 11[2mms[22m[39m
[31m       [31m×[31m should return live price data[39m[32m 3[2mms[22m[39m
[31m       [31m×[31m should return 404 if market not found[39m[32m 1[2mms[22m[39m
[31m       [31m×[31m should return 400 if market has no polymarketId[39m[32m 1[2mms[22m[39m
[31m       [31m×[31m should return market with live data[39m[32m 4[2mms[22m[39m
[90mstdout[2m | src/lib/__tests__/retry.test.ts[2m > [22m[2mretryWithBackoff[2m > [22m[2mshould retry on failure and succeed
[22m[39m[Retry] Attempt 1/2 failed. Retrying in 100ms...

[90mstdout[2m | src/lib/__tests__/retry.test.ts[2m > [22m[2mretryWithBackoff[2m > [22m[2mshould throw after max retries
[22m[39m[Retry] Attempt 1/3 failed. Retrying in 100ms...

[90mstdout[2m | src/lib/__tests__/retry.test.ts[2m > [22m[2mretryWithBackoff[2m > [22m[2mshould throw after max retries
[22m[39m[Retry] Attempt 2/3 failed. Retrying in 200ms...

[90mstdout[2m | src/lib/__tests__/retry.test.ts[2m > [22m[2mretryWithBackoff[2m > [22m[2mshould use exponential backoff
[22m[39m[Retry] Attempt 1/3 failed. Retrying in 100ms...

(node:17960) PromiseRejectionHandledWarning: Promise rejection was handled asynchronously (rejection id: 5)
(Use `node --trace-warnings ...` to show where the warning was created)
[90mstdout[2m | src/lib/__tests__/retry.test.ts[2m > [22m[2mretryWithBackoff[2m > [22m[2mshould use exponential backoff
[22m[39m[Retry] Attempt 2/3 failed. Retrying in 200ms...

(node:17960) PromiseRejectionHandledWarning: Promise rejection was handled asynchronously (rejection id: 9)
[90mstdout[2m | src/lib/__tests__/retry.test.ts[2m > [22m[2mretryWithBackoff[2m > [22m[2mshould retry on 5xx errors
[22m[39m[Retry] Attempt 1/2 failed. Retrying in 100ms...

[90mstdout[2m | src/lib/__tests__/retry.test.ts[2m > [22m[2mretryWithBackoff[2m > [22m[2mshould retry on rate limit (429)
[22m[39m[Retry] Attempt 1/2 failed. Retrying in 100ms...

[90mstdout[2m | src/lib/__tests__/retry.test.ts[2m > [22m[2mretryWithBackoffSilent[2m > [22m[2mshould return null on failure
[22m[39m[Retry] Attempt 1/2 failed. Retrying in 100ms...

[90mstderr[2m | src/lib/__tests__/retry.test.ts[2m > [22m[2mretryWithBackoffSilent[2m > [22m[2mshould return null on failure
[22m[39m[Retry] All retries exhausted: Error

 [32m✓[39m src/lib/__tests__/retry.test.ts [2m([22m[2m9 tests[22m[2m)[22m[32m 52[2mms[22m[39m
[90mstdout[2m | src/features/fetching/event-data/__tests__/event-data.services.test.ts[2m > [22m[2mEvent Data Services[2m > [22m[2mfetchAndSaveEvents[2m > [22m[2mshould fetch and save events successfully
[22m[39m📡 Fetching events from Polymarket Gamma API...

[90mstdout[2m | src/features/fetching/event-data/__tests__/event-data.services.test.ts[2m > [22m[2mEvent Data Services[2m > [22m[2mfetchAndSaveEvents[2m > [22m[2mshould fetch and save events successfully
[22m[39m✅ Fetched 2 events from Polymarket

[90mstdout[2m | src/features/betting/__tests__/betting.services.test.ts[2m > [22m[2mBetting Services[2m > [22m[2mplaceBet[2m > [22m[2mshould place bet successfully
[22m[39m[findOrSyncMarket] Looking for market: condition-123

[90mstdout[2m | src/features/fetching/event-data/__tests__/event-data.services.test.ts[2m > [22m[2mEvent Data Services[2m > [22m[2mfetchAndSaveEvents[2m > [22m[2mshould fetch and save events successfully
[22m[39m✅ Saved 2 events to MongoDB

[90mstdout[2m | src/features/betting/__tests__/betting.services.test.ts[2m > [22m[2mBetting Services[2m > [22m[2mplaceBet[2m > [22m[2mshould place bet successfully
[22m[39m[findOrSyncMarket] Found market by polymarketId: market-123

[90mstdout[2m | src/features/fetching/event-data/__tests__/event-data.services.test.ts[2m > [22m[2mEvent Data Services[2m > [22m[2mfetchAndSaveEvents[2m > [22m[2mshould handle errors when saving individual events
[22m[39m📡 Fetching events from Polymarket Gamma API...

[90mstdout[2m | src/features/betting/__tests__/betting.services.test.ts[2m > [22m[2mBetting Services[2m > [22m[2mplaceBet[2m > [22m[2mshould throw error if market not found
[22m[39m[findOrSyncMarket] Looking for market: non-existent

[90mstdout[2m | src/features/fetching/event-data/__tests__/event-data.services.test.ts[2m > [22m[2mEvent Data Services[2m > [22m[2mfetchAndSaveEvents[2m > [22m[2mshould handle errors when saving individual events
[22m[39m✅ Fetched 2 events from Polymarket

[90mstderr[2m | src/features/fetching/event-data/__tests__/event-data.services.test.ts[2m > [22m[2mEvent Data Services[2m > [22m[2mfetchAndSaveEvents[2m > [22m[2mshould handle errors when saving individual events
[22m[39m❌ Error saving event event2: Error: DB Error
    at C:/Users/satui/OneDrive/Desktop/05 GROWGAMI/01 WIP/thisthat-v3/backend/src/features/fetching/event-data/__tests__/event-data.services.test.ts:325:32
    at [90mfile:///C:/Users/satui/OneDrive/Desktop/05%20GROWGAMI/01%20WIP/thisthat-v3/backend/[39mnode_modules/[4m@vitest/runner[24m/dist/index.js:157:11
    at [90mfile:///C:/Users/satui/OneDrive/Desktop/05%20GROWGAMI/01%20WIP/thisthat-v3/backend/[39mnode_modules/[4m@vitest/runner[24m/dist/index.js:753:26
    at [90mfile:///C:/Users/satui/OneDrive/Desktop/05%20GROWGAMI/01%20WIP/thisthat-v3/backend/[39mnode_modules/[4m@vitest/runner[24m/dist/index.js:1636:20
    at new Promise (<anonymous>)
    at runWithTimeout [90m(file:///C:/Users/satui/OneDrive/Desktop/05%20GROWGAMI/01%20WIP/thisthat-v3/backend/[39mnode_modules/[4m@vitest/runner[24m/dist/index.js:1602:10[90m)[39m
    at runTest [90m(file:///C:/Users/satui/OneDrive/Desktop/05%20GROWGAMI/01%20WIP/thisthat-v3/backend/[39mnode_modules/[4m@vitest/runner[24m/dist/index.js:1309:12[90m)[39m
[90m    at processTicksAndRejections (node:internal/process/task_queues:105:5)[39m
    at runSuite [90m(file:///C:/Users/satui/OneDrive/Desktop/05%20GROWGAMI/01%20WIP/thisthat-v3/backend/[39mnode_modules/[4m@vitest/runner[24m/dist/index.js:1468:8[90m)[39m
    at runSuite [90m(file:///C:/Users/satui/OneDrive/Desktop/05%20GROWGAMI/01%20WIP/thisthat-v3/backend/[39mnode_modules/[4m@vitest/runner[24m/dist/index.js:1468:8[90m)[39m

[90mstdout[2m | src/features/fetching/event-data/__tests__/event-data.services.test.ts[2m > [22m[2mEvent Data Services[2m > [22m[2mfetchAndSaveEvents[2m > [22m[2mshould handle errors when saving individual events
[22m[39m✅ Saved 1 events to MongoDB
⚠️  1 events failed to save

[90mstdout[2m | src/features/fetching/event-data/__tests__/event-data.services.test.ts[2m > [22m[2mEvent Data Services[2m > [22m[2mfetchAndSaveEvents[2m > [22m[2mshould throw error when API returns non-array
[22m[39m📡 Fetching events from Polymarket Gamma API...

[90mstderr[2m | src/features/fetching/event-data/__tests__/event-data.services.test.ts[2m > [22m[2mEvent Data Services[2m > [22m[2mfetchAndSaveEvents[2m > [22m[2mshould throw error when API returns non-array
[22m[39m❌ Polymarket API did not return an array. Response: { data: [32m'invalid'[39m }
❌ Error fetching events: Error: Invalid response from Polymarket API
    at Module.fetchAndSaveEvents (C:/Users/satui/OneDrive/Desktop/05 GROWGAMI/01 WIP/thisthat-v3/backend/src/features/fetching/event-data/event-data.services.ts:78:13)
[90m    at processTicksAndRejections (node:internal/process/task_queues:105:5)[39m
    at C:/Users/satui/OneDrive/Desktop/05 GROWGAMI/01 WIP/thisthat-v3/backend/src/features/fetching/event-data/__tests__/event-data.services.test.ts:340:7
    at [90mfile:///C:/Users/satui/OneDrive/Desktop/05%20GROWGAMI/01%20WIP/thisthat-v3/backend/[39mnode_modules/[4m@vitest/runner[24m/dist/index.js:753:20

[90mstdout[2m | src/features/fetching/event-data/__tests__/event-data.services.test.ts[2m > [22m[2mEvent Data Services[2m > [22m[2mfetchAndSaveEvents[2m > [22m[2mshould throw error when API call fails
[22m[39m📡 Fetching events from Polymarket Gamma API...

[90mstderr[2m | src/features/fetching/event-data/__tests__/event-data.services.test.ts[2m > [22m[2mEvent Data Services[2m > [22m[2mfetchAndSaveEvents[2m > [22m[2mshould throw error when API call fails
[22m[39m❌ Error fetching events: Error: API Error
    at C:/Users/satui/OneDrive/Desktop/05 GROWGAMI/01 WIP/thisthat-v3/backend/src/features/fetching/event-data/__tests__/event-data.services.test.ts:345:46
    at [90mfile:///C:/Users/satui/OneDrive/Desktop/05%20GROWGAMI/01%20WIP/thisthat-v3/backend/[39mnode_modules/[4m@vitest/runner[24m/dist/index.js:157:11
    at [90mfile:///C:/Users/satui/OneDrive/Desktop/05%20GROWGAMI/01%20WIP/thisthat-v3/backend/[39mnode_modules/[4m@vitest/runner[24m/dist/index.js:753:26
    at [90mfile:///C:/Users/satui/OneDrive/Desktop/05%20GROWGAMI/01%20WIP/thisthat-v3/backend/[39mnode_modules/[4m@vitest/runner[24m/dist/index.js:1636:20
    at new Promise (<anonymous>)
    at runWithTimeout [90m(file:///C:/Users/satui/OneDrive/Desktop/05%20GROWGAMI/01%20WIP/thisthat-v3/backend/[39mnode_modules/[4m@vitest/runner[24m/dist/index.js:1602:10[90m)[39m
    at runTest [90m(file:///C:/Users/satui/OneDrive/Desktop/05%20GROWGAMI/01%20WIP/thisthat-v3/backend/[39mnode_modules/[4m@vitest/runner[24m/dist/index.js:1309:12[90m)[39m
[90m    at processTicksAndRejections (node:internal/process/task_queues:105:5)[39m
    at runSuite [90m(file:///C:/Users/satui/OneDrive/Desktop/05%20GROWGAMI/01%20WIP/thisthat-v3/backend/[39mnode_modules/[4m@vitest/runner[24m/dist/index.js:1468:8[90m)[39m
    at runSuite [90m(file:///C:/Users/satui/OneDrive/Desktop/05%20GROWGAMI/01%20WIP/thisthat-v3/backend/[39mnode_modules/[4m@vitest/runner[24m/dist/index.js:1468:8[90m)[39m

[90mstdout[2m | src/features/fetching/event-data/__tests__/event-data.services.test.ts[2m > [22m[2mEvent Data Services[2m > [22m[2mfetchAndSaveEvents[2m > [22m[2mshould use default limit when not specified
[22m[39m📡 Fetching events from Polymarket Gamma API...

[90mstdout[2m | src/features/fetching/event-data/__tests__/event-data.services.test.ts[2m > [22m[2mEvent Data Services[2m > [22m[2mfetchAndSaveEvents[2m > [22m[2mshould use default limit when not specified
[22m[39m✅ Fetched 5 events from Polymarket

[90mstdout[2m | src/features/fetching/event-data/__tests__/event-data.services.test.ts[2m > [22m[2mEvent Data Services[2m > [22m[2mfetchAndSaveEvents[2m > [22m[2mshould use default limit when not specified
[22m[39m✅ Saved 5 events to MongoDB

[90mstdout[2m | src/features/betting/test/betting.services.test.ts[2m > [22m[2mBetting Services[2m > [22m[2mplaceBet[2m > [22m[2mshould place bet successfully
[22m[39m[findOrSyncMarket] Looking for market: condition-123

 [32m✓[39m src/features/fetching/event-data/__tests__/event-data.services.test.ts [2m([22m[2m21 tests[22m[2m)[22m[32m 48[2mms[22m[39m
[90mstdout[2m | src/features/betting/test/betting.services.test.ts[2m > [22m[2mBetting Services[2m > [22m[2mplaceBet[2m > [22m[2mshould place bet successfully
[22m[39m[findOrSyncMarket] Found market by polymarketId: market-123

[90mstdout[2m | src/features/betting/test/betting.services.test.ts[2m > [22m[2mBetting Services[2m > [22m[2mplaceBet[2m > [22m[2mshould throw error if market not found
[22m[39m[findOrSyncMarket] Looking for market: non-existent

[90mstdout[2m | src/features/betting/__tests__/betting.services.test.ts[2m > [22m[2mBetting Services[2m > [22m[2mplaceBet[2m > [22m[2mshould throw error if market not found
[22m[39m[findOrSyncMarket] Market not found in PostgreSQL, checking MongoDB...

 [32m✓[39m src/features/fetching/market-data/test/market-data.controllers.test.ts [2m([22m[2m18 tests[22m[2m)[22m[32m 24[2mms[22m[39m
[90mstdout[2m | src/features/betting/test/betting.services.test.ts[2m > [22m[2mBetting Services[2m > [22m[2mplaceBet[2m > [22m[2mshould throw error if market not found
[22m[39m[findOrSyncMarket] Market not found in PostgreSQL, checking MongoDB...

[90mstdout[2m | src/features/betting/__tests__/betting.services.test.ts[2m > [22m[2mBetting Services[2m > [22m[2mplaceBet[2m > [22m[2mshould throw error if market not found
[22m[39m✅ Connected to MongoDB: thisthat_test

[90mstdout[2m | src/features/fetching/event-market-group/__tests__/event-market-group.services.test.ts[2m > [22m[2mEvent-Market Group Services[2m > [22m[2mfetchAndSaveEventMarketGroups[2m > [22m[2mshould fetch and save event-market groups successfully
[22m[39m✅ Connected to MongoDB: thisthat_test

[90mstderr[2m | src/features/markets/test/markets.services.test.ts[2m > [22m[2mMarkets Service[2m > [22m[2mfetchLivePriceData[2m > [22m[2mshould return null on error
[22m[39m[Markets Service] Failed to fetch live data for 0x123 after retries

[90mstdout[2m | src/features/markets/test/markets.services.test.ts[2m > [22m[2mMarkets Service[2m > [22m[2mgetMarketWithLiveData[2m > [22m[2mshould return null if market not found
[22m[39m[Markets Service] Market not found: invalid-id

[90mstdout[2m | src/features/betting/test/betting.services.test.ts[2m > [22m[2mBetting Services[2m > [22m[2mplaceBet[2m > [22m[2mshould throw error if market not found
[22m[39m✅ Connected to MongoDB: thisthat_test

 [32m✓[39m src/features/markets/test/markets.services.test.ts [2m([22m[2m14 tests[22m[2m)[22m[32m 27[2mms[22m[39m
[90mstdout[2m | src/features/betting/__tests__/betting.services.test.ts[2m > [22m[2mBetting Services[2m > [22m[2mplaceBet[2m > [22m[2mshould throw error if market not found
[22m[39m[findOrSyncMarket] Market not in MongoDB, fetching from Polymarket API...

[90mstdout[2m | src/features/fetching/event-market-group/__tests__/event-market-group.services.test.ts[2m > [22m[2mEvent-Market Group Services[2m > [22m[2mfetchAndSaveEventMarketGroups[2m > [22m[2mshould fetch and save event-market groups successfully
[22m[39m📡 Fetching events with markets from Polymarket Gamma API...

[90mstdout[2m | src/__tests__/integration/phase1-api-routes.test.ts[2m > [22m[2mPhase 1 API Routes Integration[2m > [22m[2mMarket Routes[2m > [22m[2mGET /api/v1/markets/fetch[2m > [22m[2mshould fetch markets successfully
[22m[39m📡 Fetching markets from Polymarket Gamma API...

[90mstdout[2m | src/__tests__/integration/phase1-api-routes.test.ts[2m > [22m[2mPhase 1 API Routes Integration[2m > [22m[2mMarket Routes[2m > [22m[2mGET /api/v1/markets/fetch[2m > [22m[2mshould fetch markets successfully
[22m[39m✅ Fetched 1 markets from Polymarket Gamma API
✅ Found 1 active markets
✅ Processing 1 markets

[90mstdout[2m | src/__tests__/integration/phase1-api-routes.test.ts[2m > [22m[2mPhase 1 API Routes Integration[2m > [22m[2mMarket Routes[2m > [22m[2mGET /api/v1/markets/fetch[2m > [22m[2mshould fetch markets successfully
[22m[39m✅ Saved 1 markets to MongoDB

[90mstdout[2m | src/features/betting/test/betting.services.test.ts[2m > [22m[2mBetting Services[2m > [22m[2mplaceBet[2m > [22m[2mshould throw error if market not found
[22m[39m[findOrSyncMarket] Market not in MongoDB, fetching from Polymarket API...

 [32m✓[39m src/features/economy/__tests__/economy.services.test.ts [2m([22m[2m15 tests[22m[2m)[22m[32m 29[2mms[22m[39m
 [32m✓[39m src/features/economy/test/economy.services.test.ts [2m([22m[2m15 tests[22m[2m)[22m[32m 28[2mms[22m[39m
[90mstdout[2m | src/__tests__/integration/phase1-api-routes.test.ts[2m > [22m[2mPhase 1 API Routes Integration[2m > [22m[2mMarket Routes[2m > [22m[2mGET /api/v1/markets/fetch[2m > [22m[2mshould handle POST method (backward compatibility)
[22m[39m📡 Fetching markets from Polymarket Gamma API...

[90mstdout[2m | src/__tests__/integration/phase1-api-routes.test.ts[2m > [22m[2mPhase 1 API Routes Integration[2m > [22m[2mMarket Routes[2m > [22m[2mGET /api/v1/markets/fetch[2m > [22m[2mshould handle POST method (backward compatibility)
[22m[39m✅ Fetched 0 markets from Polymarket Gamma API
✅ Found 0 active markets
✅ Processing 0 markets
✅ Saved 0 markets to MongoDB

 [32m✓[39m src/features/auth/test/auth.controllers.test.ts [2m([22m[2m14 tests[22m[2m)[22m[32m 27[2mms[22m[39m
 [32m✓[39m src/features/fetching/event-data/__tests__/event-data.controllers.test.ts [2m([22m[2m18 tests[22m[2m)[22m[32m 22[2mms[22m[39m
 [32m✓[39m src/features/auth/__tests__/auth.controllers.test.ts [2m([22m[2m14 tests[22m[2m)[22m[32m 28[2mms[22m[39m
[90mstdout[2m | src/__tests__/integration/phase1-api-routes.test.ts[2m > [22m[2mPhase 1 API Routes Integration[2m > [22m[2mEvent Routes[2m > [22m[2mGET /api/v1/events/fetch[2m > [22m[2mshould fetch events successfully
[22m[39m📡 Fetching events from Polymarket Gamma API...

[90mstdout[2m | src/__tests__/integration/phase1-api-routes.test.ts[2m > [22m[2mPhase 1 API Routes Integration[2m > [22m[2mEvent Routes[2m > [22m[2mGET /api/v1/events/fetch[2m > [22m[2mshould fetch events successfully
[22m[39m✅ Fetched 1 events from Polymarket

[90mstdout[2m | src/__tests__/integration/phase1-api-routes.test.ts[2m > [22m[2mPhase 1 API Routes Integration[2m > [22m[2mEvent Routes[2m > [22m[2mGET /api/v1/events/fetch[2m > [22m[2mshould fetch events successfully
[22m[39m✅ Saved 1 events to MongoDB

[90mstdout[2m | src/__tests__/integration/phase1-api-routes.test.ts[2m > [22m[2mPhase 1 API Routes Integration[2m > [22m[2mEvent Routes[2m > [22m[2mGET /api/v1/events/fetch[2m > [22m[2mshould handle POST method (backward compatibility)
[22m[39m📡 Fetching events from Polymarket Gamma API...

[90mstdout[2m | src/__tests__/integration/phase1-api-routes.test.ts[2m > [22m[2mPhase 1 API Routes Integration[2m > [22m[2mEvent Routes[2m > [22m[2mGET /api/v1/events/fetch[2m > [22m[2mshould handle POST method (backward compatibility)
[22m[39m✅ Fetched 0 events from Polymarket
✅ Saved 0 events to MongoDB

[90mstdout[2m | src/__tests__/integration/phase1-api-routes.test.ts[2m > [22m[2mPhase 1 API Routes Integration[2m > [22m[2mError Handling[2m > [22m[2mshould handle service errors gracefully
[22m[39m📡 Fetching markets from Polymarket Gamma API...

[90mstderr[2m | src/__tests__/integration/phase1-api-routes.test.ts[2m > [22m[2mPhase 1 API Routes Integration[2m > [22m[2mError Handling[2m > [22m[2mshould handle service errors gracefully
[22m[39m❌ Error fetching markets: Error: API Error
    at C:/Users/satui/OneDrive/Desktop/05 GROWGAMI/01 WIP/thisthat-v3/backend/src/__tests__/integration/phase1-api-routes.test.ts:371:47
    at [90mfile:///C:/Users/satui/OneDrive/Desktop/05%20GROWGAMI/01%20WIP/thisthat-v3/backend/[39mnode_modules/[4m@vitest/runner[24m/dist/index.js:157:11
    at [90mfile:///C:/Users/satui/OneDrive/Desktop/05%20GROWGAMI/01%20WIP/thisthat-v3/backend/[39mnode_modules/[4m@vitest/runner[24m/dist/index.js:753:26
    at [90mfile:///C:/Users/satui/OneDrive/Desktop/05%20GROWGAMI/01%20WIP/thisthat-v3/backend/[39mnode_modules/[4m@vitest/runner[24m/dist/index.js:1636:20
    at new Promise (<anonymous>)
    at runWithTimeout [90m(file:///C:/Users/satui/OneDrive/Desktop/05%20GROWGAMI/01%20WIP/thisthat-v3/backend/[39mnode_modules/[4m@vitest/runner[24m/dist/index.js:1602:10[90m)[39m
    at runTest [90m(file:///C:/Users/satui/OneDrive/Desktop/05%20GROWGAMI/01%20WIP/thisthat-v3/backend/[39mnode_modules/[4m@vitest/runner[24m/dist/index.js:1309:12[90m)[39m
[90m    at processTicksAndRejections (node:internal/process/task_queues:105:5)[39m
    at runSuite [90m(file:///C:/Users/satui/OneDrive/Desktop/05%20GROWGAMI/01%20WIP/thisthat-v3/backend/[39mnode_modules/[4m@vitest/runner[24m/dist/index.js:1468:8[90m)[39m
    at runSuite [90m(file:///C:/Users/satui/OneDrive/Desktop/05%20GROWGAMI/01%20WIP/thisthat-v3/backend/[39mnode_modules/[4m@vitest/runner[24m/dist/index.js:1468:8[90m)[39m

 [32m✓[39m src/__tests__/integration/phase1-api-routes.test.ts [2m([22m[2m14 tests[22m[2m)[22m[33m 317[2mms[22m[39m
 [32m✓[39m src/features/markets/test/markets.controllers.test.ts [2m([22m[2m7 tests[22m[2m)[22m[32m 19[2mms[22m[39m
 [32m✓[39m src/features/economy/__tests__/economy.controllers.test.ts [2m([22m[2m6 tests[22m[2m)[22m[32m 19[2mms[22m[39m
 [32m✓[39m src/features/fetching/event-market-group/__tests__/event-market-group.controllers.test.ts [2m([22m[2m12 tests[22m[2m)[22m[32m 23[2mms[22m[39m
[90mstderr[2m | src/features/betting/test/betting.services.test.ts[2m > [22m[2mBetting Services[2m > [22m[2mplaceBet[2m > [22m[2mshould throw error if market not found
[22m[39mError fetching market non-existent: AxiosError: Request failed with status code 422
    at settle [90m(file:///C:/Users/satui/OneDrive/Desktop/05%20GROWGAMI/01%20WIP/thisthat-v3/backend/[39mnode_modules/[4maxios[24m/lib/core/settle.js:19:12[90m)[39m
    at IncomingMessage.handleStreamEnd [90m(file:///C:/Users/satui/OneDrive/Desktop/05%20GROWGAMI/01%20WIP/thisthat-v3/backend/[39mnode_modules/[4maxios[24m/lib/adapters/http.js:793:11[90m)[39m
[90m    at IncomingMessage.emit (node:events:520:35)[39m
[90m    at endReadableNT (node:internal/streams/readable:1701:12)[39m
[90m    at processTicksAndRejections (node:internal/process/task_queues:90:21)[39m
    at Axios.request [90m(file:///C:/Users/satui/OneDrive/Desktop/05%20GROWGAMI/01%20WIP/thisthat-v3/backend/[39mnode_modules/[4maxios[24m/lib/core/Axios.js:45:41[90m)[39m
[90m    at processTicksAndRejections (node:internal/process/task_queues:105:5)[39m
    at PolymarketClient.getMarket (C:/Users/satui/OneDrive/Desktop/05 GROWGAMI/01 WIP/thisthat-v3/backend/src/lib/polymarket-client.ts:148:24)
    at findOrSyncMarket (C:/Users/satui/OneDrive/Desktop/05 GROWGAMI/01 WIP/thisthat-v3/backend/src/features/betting/betting.services.ts:90:22)
    at C:/Users/satui/OneDrive/Desktop/05 GROWGAMI/01 WIP/thisthat-v3/backend/src/features/betting/betting.services.ts:173:20 {
  code: [32m'ERR_BAD_REQUEST'[39m,
  config: {
    transitional: {
      silentJSONParsing: [33mtrue[39m,
      forcedJSONParsing: [33mtrue[39m,
      clarifyTimeoutError: [33mfalse[39m
    },
    adapter: [ [32m'xhr'[39m, [32m'http'[39m, [32m'fetch'[39m ],
    transformRequest: [ [36m[Function: transformRequest][39m ],
    transformResponse: [ [36m[Function: transformResponse][39m ],
    timeout: [33m30000[39m,
    xsrfCookieName: [32m'XSRF-TOKEN'[39m,
    xsrfHeaderName: [32m'X-XSRF-TOKEN'[39m,
    maxContentLength: [33m-1[39m,
    maxBodyLength: [33m-1[39m,
    env: { FormData: [36m[Function][39m, Blob: [36m[class Blob][39m },
    validateStatus: [36m[Function: validateStatus][39m,
    headers: Object [AxiosHeaders] {
      Accept: [32m'application/json'[39m,
      [32m'Content-Type'[39m: [32m'application/json'[39m,
      [32m'User-Agent'[39m: [32m'axios/1.13.2'[39m,
      [32m'Accept-Encoding'[39m: [32m'gzip, compress, deflate, br'[39m
    },
    baseURL: [32m'https://gamma-api.polymarket.com'[39m,
    method: [32m'get'[39m,
    url: [32m'/markets/non-existent'[39m,
    allowAbsoluteUrls: [33mtrue[39m,
    data: [90mundefined[39m
  },
  request: [36m<ref *1>[39m ClientRequest {
    _events: [Object: null prototype] {
      abort: [36m[Function (anonymous)][39m,
      aborted: [36m[Function (anonymous)][39m,
      connect: [36m[Function (anonymous)][39m,
      error: [36m[Function (anonymous)][39m,
      socket: [36m[Function (anonymous)][39m,
      timeout: [36m[Function (anonymous)][39m,
      finish: [36m[Function: requestOnFinish][39m
    },
    _eventsCount: [33m7[39m,
    _maxListeners: [90mundefined[39m,
    outputData: [],
    outputSize: [33m0[39m,
    writable: [33mtrue[39m,
    destroyed: [33mtrue[39m,
    _last: [33mtrue[39m,
    chunkedEncoding: [33mfalse[39m,
    shouldKeepAlive: [33mtrue[39m,
    maxRequestsOnConnectionReached: [33mfalse[39m,
    _defaultKeepAlive: [33mtrue[39m,
    useChunkedEncodingByDefault: [33mfalse[39m,
    sendDate: [33mfalse[39m,
    _removedConnection: [33mfalse[39m,
    _removedContLen: [33mfalse[39m,
    _removedTE: [33mfalse[39m,
    strictContentLength: [33mfalse[39m,
    _contentLength: [33m0[39m,
    _hasBody: [33mtrue[39m,
    _trailer: [32m''[39m,
    finished: [33mtrue[39m,
    _headerSent: [33mtrue[39m,
    _closed: [33mtrue[39m,
    _header: [32m'GET /markets/non-existent HTTP/1.1\r\n'[39m +
      [32m'Accept: application/json\r\n'[39m +
      [32m'Content-Type: application/json\r\n'[39m +
      [32m'User-Agent: axios/1.13.2\r\n'[39m +
      [32m'Accept-Encoding: gzip, compress, deflate, br\r\n'[39m +
      [32m'Host: gamma-api.polymarket.com\r\n'[39m +
      [32m'Connection: keep-alive\r\n'[39m +
      [32m'\r\n'[39m,
    _keepAliveTimeout: [33m0[39m,
    _onPendingData: [36m[Function: nop][39m,
    agent: Agent {
      _events: [36m[Object: null prototype][39m,
      _eventsCount: [33m2[39m,
      _maxListeners: [90mundefined[39m,
      options: [36m[Object: null prototype][39m,
      defaultPort: [33m443[39m,
      protocol: [32m'https:'[39m,
      requests: [Object: null prototype] {},
      sockets: [Object: null prototype] {},
      freeSockets: [36m[Object: null prototype][39m,
      keepAliveMsecs: [33m1000[39m,
      keepAlive: [33mtrue[39m,
      maxSockets: [33mInfinity[39m,
      maxFreeSockets: [33m256[39m,
      scheduling: [32m'lifo'[39m,
      maxTotalSockets: [33mInfinity[39m,
      totalSocketCount: [33m1[39m,
      agentKeepAliveTimeoutBuffer: [33m1000[39m,
      maxCachedSessions: [33m100[39m,
      _sessionCache: [36m[Object][39m,
      [32mSymbol(shapeMode)[39m: [33mfalse[39m,
      [32mSymbol(kCapture)[39m: [33mfalse[39m
    },
    socketPath: [90mundefined[39m,
    method: [32m'GET'[39m,
    maxHeaderSize: [90mundefined[39m,
    insecureHTTPParser: [90mundefined[39m,
    joinDuplicateHeaders: [90mundefined[39m,
    path: [32m'/markets/non-existent'[39m,
    _ended: [33mtrue[39m,
    res: IncomingMessage {
      _events: [36m[Object][39m,
      _readableState: [36m[ReadableState][39m,
      _maxListeners: [90mundefined[39m,
      socket: [1mnull[22m,
      httpVersionMajor: [33m1[39m,
      httpVersionMinor: [33m1[39m,
      httpVersion: [32m'1.1'[39m,
      complete: [33mtrue[39m,
      rawHeaders: [36m[Array][39m,
      rawTrailers: [],
      joinDuplicateHeaders: [90mundefined[39m,
      aborted: [33mfalse[39m,
      upgrade: [33mfalse[39m,
      url: [32m''[39m,
      method: [1mnull[22m,
      statusCode: [33m422[39m,
      statusMessage: [32m'Unprocessable Entity'[39m,
      client: [36m[TLSSocket][39m,
      _consuming: [33mfalse[39m,
      _dumped: [33mfalse[39m,
      req: [36m[Circular *1][39m,
      _eventsCount: [33m4[39m,
      responseUrl: [32m'https://gamma-api.polymarket.com/markets/non-existent'[39m,
      redirects: [],
      [32mSymbol(shapeMode)[39m: [33mtrue[39m,
      [32mSymbol(kCapture)[39m: [33mfalse[39m,
      [32mSymbol(kHeaders)[39m: [36m[Object][39m,
      [32mSymbol(kHeadersCount)[39m: [33m16[39m,
      [32mSymbol(kTrailers)[39m: [1mnull[22m,
      [32mSymbol(kTrailersCount)[39m: [33m0[39m
    },
    aborted: [33mfalse[39m,
    timeoutCb: [1mnull[22m,
    upgradeOrConnect: [33mfalse[39m,
    parser: [1mnull[22m,
    maxHeadersCount: [1mnull[22m,
    reusedSocket: [33mfalse[39m,
    host: [32m'gamma-api.polymarket.com'[39m,
    protocol: [32m'https:'[39m,
    _redirectable: Writable {
      _events: [36m[Object][39m,
      _writableState: [36m[WritableState][39m,
      _maxListeners: [90mundefined[39m,
      _options: [36m[Object][39m,
      _ended: [33mtrue[39m,
      _ending: [33mtrue[39m,
      _redirectCount: [33m0[39m,
      _redirects: [],
      _requestBodyLength: [33m0[39m,
      _requestBodyBuffers: [],
      _eventsCount: [33m3[39m,
      _onNativeResponse: [36m[Function (anonymous)][39m,
      _currentRequest: [36m[Circular *1][39m,
      _currentUrl: [32m'https://gamma-api.polymarket.com/markets/non-existent'[39m,
      _timeout: [1mnull[22m,
      [32mSymbol(shapeMode)[39m: [33mtrue[39m,
      [32mSymbol(kCapture)[39m: [33mfalse[39m
    },
    [32mSymbol(shapeMode)[39m: [33mfalse[39m,
    [32mSymbol(kCapture)[39m: [33mfalse[39m,
    [32mSymbol(kBytesWritten)[39m: [33m0[39m,
    [32mSymbol(kNeedDrain)[39m: [33mfalse[39m,
    [32mSymbol(corked)[39m: [33m0[39m,
    [32mSymbol(kChunkedBuffer)[39m: [],
    [32mSymbol(kChunkedLength)[39m: [33m0[39m,
    [32mSymbol(kSocket)[39m: TLSSocket {
      _tlsOptions: [36m[Object][39m,
      _secureEstablished: [33mtrue[39m,
      _securePending: [33mfalse[39m,
      _newSessionPending: [33mfalse[39m,
      _controlReleased: [33mtrue[39m,
      secureConnecting: [33mfalse[39m,
      _SNICallback: [1mnull[22m,
      servername: [32m'gamma-api.polymarket.com'[39m,
      alpnProtocol: [33mfalse[39m,
      authorized: [33mtrue[39m,
      authorizationError: [1mnull[22m,
      encrypted: [33mtrue[39m,
      _events: [36m[Object: null prototype][39m,
      _eventsCount: [33m9[39m,
      connecting: [33mfalse[39m,
      _hadError: [33mfalse[39m,
      _parent: [1mnull[22m,
      _host: [32m'gamma-api.polymarket.com'[39m,
      _closeAfterHandlingError: [33mfalse[39m,
      _readableState: [36m[ReadableState][39m,
      _writableState: [36m[WritableState][39m,
      allowHalfOpen: [33mfalse[39m,
      _maxListeners: [90mundefined[39m,
      _sockname: [1mnull[22m,
      _pendingData: [1mnull[22m,
      _pendingEncoding: [32m''[39m,
      server: [90mundefined[39m,
      _server: [1mnull[22m,
      ssl: [36m[TLSWrap][39m,
      _requestCert: [33mtrue[39m,
      _rejectUnauthorized: [33mtrue[39m,
      timeout: [33m5000[39m,
      parser: [1mnull[22m,
      _httpMessage: [1mnull[22m,
      autoSelectFamilyAttemptedAddresses: [36m[Array][39m,
      [32mSymbol(alpncallback)[39m: [1mnull[22m,
      [32mSymbol(res)[39m: [36m[TLSWrap][39m,
      [32mSymbol(verified)[39m: [33mtrue[39m,
      [32mSymbol(pendingSession)[39m: [1mnull[22m,
      [32mSymbol(async_id_symbol)[39m: [33m-1[39m,
      [32mSymbol(kHandle)[39m: [36m[TLSWrap][39m,
      [32mSymbol(lastWriteQueueSize)[39m: [33m0[39m,
      [32mSymbol(timeout)[39m: Timeout {
        _idleTimeout: [33m5000[39m,
        _idlePrev: [36m[TimersList][39m,
        _idleNext: [36m[Timeout][39m,
        _idleStart: [33m2388[39m,
        _onTimeout: [36m[Function: bound ][39m,
        _timerArgs: [90mundefined[39m,
        _repeat: [1mnull[22m,
        _destroyed: [33mfalse[39m,
        [32mSymbol(refed)[39m: [33mfalse[39m,
        [32mSymbol(kHasPrimitive)[39m: [33mfalse[39m,
        [32mSymbol(asyncId)[39m: [33m167[39m,
        [32mSymbol(triggerId)[39m: [33m165[39m,
        [32mSymbol(kAsyncContextFrame)[39m: [90mundefined[39m
      },
      [32mSymbol(kBuffer)[39m: [1mnull[22m,
      [32mSymbol(kBufferCb)[39m: [1mnull[22m,
      [32mSymbol(kBufferGen)[39m: [1mnull[22m,
      [32mSymbol(shapeMode)[39m: [33mtrue[39m,
      [32mSymbol(kCapture)[39m: [33mfalse[39m,
      [32mSymbol(kSetNoDelay)[39m: [33mfalse[39m,
      [32mSymbol(kSetKeepAlive)[39m: [33mtrue[39m,
      [32mSymbol(kSetKeepAliveInitialDelay)[39m: [33m1[39m,
      [32mSymbol(kBytesRead)[39m: [33m0[39m,
      [32mSymbol(kBytesWritten)[39m: [33m0[39m,
      [32mSymbol(connect-options)[39m: [36m[Object][39m
    },
    [32mSymbol(kOutHeaders)[39m: [Object: null prototype] {
      accept: [36m[Array][39m,
      [32m'content-type'[39m: [36m[Array][39m,
      [32m'user-agent'[39m: [36m[Array][39m,
      [32m'accept-encoding'[39m: [36m[Array][39m,
      host: [36m[Array][39m
    },
    [32mSymbol(errored)[39m: [1mnull[22m,
    [32mSymbol(kHighWaterMark)[39m: [33m16384[39m,
    [32mSymbol(kRejectNonStandardBodyWrites)[39m: [33mfalse[39m,
    [32mSymbol(kUniqueHeaders)[39m: [1mnull[22m
  },
  response: {
    status: [33m422[39m,
    statusText: [32m'Unprocessable Entity'[39m,
    headers: Object [AxiosHeaders] {
      date: [32m'Thu, 27 Nov 2025 06:23:20 GMT'[39m,
      [32m'content-type'[39m: [32m'application/json'[39m,
      [32m'content-length'[39m: [32m'52'[39m,
      connection: [32m'keep-alive'[39m,
      [32m'cf-ray'[39m: [32m'9a4f89483bb8dd5f-HKG'[39m,
      [32m'cf-cache-status'[39m: [32m'DYNAMIC'[39m,
      [32m'strict-transport-security'[39m: [32m'max-age=7776000; includeSubDomains'[39m,
      server: [32m'cloudflare'[39m
    },
    config: {
      transitional: [36m[Object][39m,
      adapter: [36m[Array][39m,
      transformRequest: [36m[Array][39m,
      transformResponse: [36m[Array][39m,
      timeout: [33m30000[39m,
      xsrfCookieName: [32m'XSRF-TOKEN'[39m,
      xsrfHeaderName: [32m'X-XSRF-TOKEN'[39m,
      maxContentLength: [33m-1[39m,
      maxBodyLength: [33m-1[39m,
      env: [36m[Object][39m,
      validateStatus: [36m[Function: validateStatus][39m,
      headers: [36m[Object [AxiosHeaders]][39m,
      baseURL: [32m'https://gamma-api.polymarket.com'[39m,
      method: [32m'get'[39m,
      url: [32m'/markets/non-existent'[39m,
      allowAbsoluteUrls: [33mtrue[39m,
      data: [90mundefined[39m
    },
    request: [36m<ref *1>[39m ClientRequest {
      _events: [36m[Object: null prototype][39m,
      _eventsCount: [33m7[39m,
      _maxListeners: [90mundefined[39m,
      outputData: [],
      outputSize: [33m0[39m,
      writable: [33mtrue[39m,
      destroyed: [33mtrue[39m,
      _last: [33mtrue[39m,
      chunkedEncoding: [33mfalse[39m,
      shouldKeepAlive: [33mtrue[39m,
      maxRequestsOnConnectionReached: [33mfalse[39m,
      _defaultKeepAlive: [33mtrue[39m,
      useChunkedEncodingByDefault: [33mfalse[39m,
      sendDate: [33mfalse[39m,
      _removedConnection: [33mfalse[39m,
      _removedContLen: [33mfalse[39m,
      _removedTE: [33mfalse[39m,
      strictContentLength: [33mfalse[39m,
      _contentLength: [33m0[39m,
      _hasBody: [33mtrue[39m,
      _trailer: [32m''[39m,
      finished: [33mtrue[39m,
      _headerSent: [33mtrue[39m,
      _closed: [33mtrue[39m,
      _header: [32m'GET /markets/non-existent HTTP/1.1\r\n'[39m +
        [32m'Accept: application/json\r\n'[39m +
        [32m'Content-Type: application/json\r\n'[39m +
        [32m'User-Agent: axios/1.13.2\r\n'[39m +
        [32m'Accept-Encoding: gzip, compress, deflate, br\r\n'[39m +
        [32m'Host: gamma-api.polymarket.com\r\n'[39m +
        [32m'Connection: keep-alive\r\n'[39m +
        [32m'\r\n'[39m,
      _keepAliveTimeout: [33m0[39m,
      _onPendingData: [36m[Function: nop][39m,
      agent: [36m[Agent][39m,
      socketPath: [90mundefined[39m,
      method: [32m'GET'[39m,
      maxHeaderSize: [90mundefined[39m,
      insecureHTTPParser: [90mundefined[39m,
      joinDuplicateHeaders: [90mundefined[39m,
      path: [32m'/markets/non-existent'[39m,
      _ended: [33mtrue[39m,
      res: [36m[IncomingMessage][39m,
      aborted: [33mfalse[39m,
      timeoutCb: [1mnull[22m,
      upgradeOrConnect: [33mfalse[39m,
      parser: [1mnull[22m,
      maxHeadersCount: [1mnull[22m,
      reusedSocket: [33mfalse[39m,
      host: [32m'gamma-api.polymarket.com'[39m,
      protocol: [32m'https:'[39m,
      _redirectable: [36m[Writable][39m,
      [32mSymbol(shapeMode)[39m: [33mfalse[39m,
      [32mSymbol(kCapture)[39m: [33mfalse[39m,
      [32mSymbol(kBytesWritten)[39m: [33m0[39m,
      [32mSymbol(kNeedDrain)[39m: [33mfalse[39m,
      [32mSymbol(corked)[39m: [33m0[39m,
      [32mSymbol(kChunkedBuffer)[39m: [],
      [32mSymbol(kChunkedLength)[39m: [33m0[39m,
      [32mSymbol(kSocket)[39m: [36m[TLSSocket][39m,
      [32mSymbol(kOutHeaders)[39m: [36m[Object: null prototype][39m,
      [32mSymbol(errored)[39m: [1mnull[22m,
      [32mSymbol(kHighWaterMark)[39m: [33m16384[39m,
      [32mSymbol(kRejectNonStandardBodyWrites)[39m: [33mfalse[39m,
      [32mSymbol(kUniqueHeaders)[39m: [1mnull[22m
    },
    data: { type: [32m'validation error'[39m, error: [32m'id is invalid'[39m }
  },
  status: [33m422[39m
}

[90mstdout[2m | src/features/betting/test/betting.services.test.ts[2m > [22m[2mBetting Services[2m > [22m[2mplaceBet[2m > [22m[2mshould throw error if market not found
[22m[39m[findOrSyncMarket] Direct fetch failed, searching markets list...

[90mstderr[2m | src/features/betting/__tests__/betting.services.test.ts[2m > [22m[2mBetting Services[2m > [22m[2mplaceBet[2m > [22m[2mshould throw error if market not found
[22m[39mError fetching market non-existent: AxiosError: Request failed with status code 422
    at settle [90m(file:///C:/Users/satui/OneDrive/Desktop/05%20GROWGAMI/01%20WIP/thisthat-v3/backend/[39mnode_modules/[4maxios[24m/lib/core/settle.js:19:12[90m)[39m
    at IncomingMessage.handleStreamEnd [90m(file:///C:/Users/satui/OneDrive/Desktop/05%20GROWGAMI/01%20WIP/thisthat-v3/backend/[39mnode_modules/[4maxios[24m/lib/adapters/http.js:793:11[90m)[39m
[90m    at IncomingMessage.emit (node:events:520:35)[39m
[90m    at endReadableNT (node:internal/streams/readable:1701:12)[39m
[90m    at processTicksAndRejections (node:internal/process/task_queues:90:21)[39m
    at Axios.request [90m(file:///C:/Users/satui/OneDrive/Desktop/05%20GROWGAMI/01%20WIP/thisthat-v3/backend/[39mnode_modules/[4maxios[24m/lib/core/Axios.js:45:41[90m)[39m
[90m    at processTicksAndRejections (node:internal/process/task_queues:105:5)[39m
    at PolymarketClient.getMarket (C:/Users/satui/OneDrive/Desktop/05 GROWGAMI/01 WIP/thisthat-v3/backend/src/lib/polymarket-client.ts:148:24)
    at findOrSyncMarket (C:/Users/satui/OneDrive/Desktop/05 GROWGAMI/01 WIP/thisthat-v3/backend/src/features/betting/betting.services.ts:90:22)
    at C:/Users/satui/OneDrive/Desktop/05 GROWGAMI/01 WIP/thisthat-v3/backend/src/features/betting/betting.services.ts:173:20 {
  code: [32m'ERR_BAD_REQUEST'[39m,
  config: {
    transitional: {
      silentJSONParsing: [33mtrue[39m,
      forcedJSONParsing: [33mtrue[39m,
      clarifyTimeoutError: [33mfalse[39m
    },
    adapter: [ [32m'xhr'[39m, [32m'http'[39m, [32m'fetch'[39m ],
    transformRequest: [ [36m[Function: transformRequest][39m ],
    transformResponse: [ [36m[Function: transformResponse][39m ],
    timeout: [33m30000[39m,
    xsrfCookieName: [32m'XSRF-TOKEN'[39m,
    xsrfHeaderName: [32m'X-XSRF-TOKEN'[39m,
    maxContentLength: [33m-1[39m,
    maxBodyLength: [33m-1[39m,
    env: { FormData: [36m[Function][39m, Blob: [36m[class Blob][39m },
    validateStatus: [36m[Function: validateStatus][39m,
    headers: Object [AxiosHeaders] {
      Accept: [32m'application/json'[39m,
      [32m'Content-Type'[39m: [32m'application/json'[39m,
      [32m'User-Agent'[39m: [32m'axios/1.13.2'[39m,
      [32m'Accept-Encoding'[39m: [32m'gzip, compress, deflate, br'[39m
    },
    baseURL: [32m'https://gamma-api.polymarket.com'[39m,
    method: [32m'get'[39m,
    url: [32m'/markets/non-existent'[39m,
    allowAbsoluteUrls: [33mtrue[39m,
    data: [90mundefined[39m
  },
  request: [36m<ref *1>[39m ClientRequest {
    _events: [Object: null prototype] {
      abort: [36m[Function (anonymous)][39m,
      aborted: [36m[Function (anonymous)][39m,
      connect: [36m[Function (anonymous)][39m,
      error: [36m[Function (anonymous)][39m,
      socket: [36m[Function (anonymous)][39m,
      timeout: [36m[Function (anonymous)][39m,
      finish: [36m[Function: requestOnFinish][39m
    },
    _eventsCount: [33m7[39m,
    _maxListeners: [90mundefined[39m,
    outputData: [],
    outputSize: [33m0[39m,
    writable: [33mtrue[39m,
    destroyed: [33mtrue[39m,
    _last: [33mtrue[39m,
    chunkedEncoding: [33mfalse[39m,
    shouldKeepAlive: [33mtrue[39m,
    maxRequestsOnConnectionReached: [33mfalse[39m,
    _defaultKeepAlive: [33mtrue[39m,
    useChunkedEncodingByDefault: [33mfalse[39m,
    sendDate: [33mfalse[39m,
    _removedConnection: [33mfalse[39m,
    _removedContLen: [33mfalse[39m,
    _removedTE: [33mfalse[39m,
    strictContentLength: [33mfalse[39m,
    _contentLength: [33m0[39m,
    _hasBody: [33mtrue[39m,
    _trailer: [32m''[39m,
    finished: [33mtrue[39m,
    _headerSent: [33mtrue[39m,
    _closed: [33mtrue[39m,
    _header: [32m'GET /markets/non-existent HTTP/1.1\r\n'[39m +
      [32m'Accept: application/json\r\n'[39m +
      [32m'Content-Type: application/json\r\n'[39m +
      [32m'User-Agent: axios/1.13.2\r\n'[39m +
      [32m'Accept-Encoding: gzip, compress, deflate, br\r\n'[39m +
      [32m'Host: gamma-api.polymarket.com\r\n'[39m +
      [32m'Connection: keep-alive\r\n'[39m +
      [32m'\r\n'[39m,
    _keepAliveTimeout: [33m0[39m,
    _onPendingData: [36m[Function: nop][39m,
    agent: Agent {
      _events: [36m[Object: null prototype][39m,
      _eventsCount: [33m2[39m,
      _maxListeners: [90mundefined[39m,
      options: [36m[Object: null prototype][39m,
      defaultPort: [33m443[39m,
      protocol: [32m'https:'[39m,
      requests: [Object: null prototype] {},
      sockets: [Object: null prototype] {},
      freeSockets: [36m[Object: null prototype][39m,
      keepAliveMsecs: [33m1000[39m,
      keepAlive: [33mtrue[39m,
      maxSockets: [33mInfinity[39m,
      maxFreeSockets: [33m256[39m,
      scheduling: [32m'lifo'[39m,
      maxTotalSockets: [33mInfinity[39m,
      totalSocketCount: [33m1[39m,
      agentKeepAliveTimeoutBuffer: [33m1000[39m,
      maxCachedSessions: [33m100[39m,
      _sessionCache: [36m[Object][39m,
      [32mSymbol(shapeMode)[39m: [33mfalse[39m,
      [32mSymbol(kCapture)[39m: [33mfalse[39m
    },
    socketPath: [90mundefined[39m,
    method: [32m'GET'[39m,
    maxHeaderSize: [90mundefined[39m,
    insecureHTTPParser: [90mundefined[39m,
    joinDuplicateHeaders: [90mundefined[39m,
    path: [32m'/markets/non-existent'[39m,
    _ended: [33mtrue[39m,
    res: IncomingMessage {
      _events: [36m[Object][39m,
      _readableState: [36m[ReadableState][39m,
      _maxListeners: [90mundefined[39m,
      socket: [1mnull[22m,
      httpVersionMajor: [33m1[39m,
      httpVersionMinor: [33m1[39m,
      httpVersion: [32m'1.1'[39m,
      complete: [33mtrue[39m,
      rawHeaders: [36m[Array][39m,
      rawTrailers: [],
      joinDuplicateHeaders: [90mundefined[39m,
      aborted: [33mfalse[39m,
      upgrade: [33mfalse[39m,
      url: [32m''[39m,
      method: [1mnull[22m,
      statusCode: [33m422[39m,
      statusMessage: [32m'Unprocessable Entity'[39m,
      client: [36m[TLSSocket][39m,
      _consuming: [33mfalse[39m,
      _dumped: [33mfalse[39m,
      req: [36m[Circular *1][39m,
      _eventsCount: [33m4[39m,
      responseUrl: [32m'https://gamma-api.polymarket.com/markets/non-existent'[39m,
      redirects: [],
      [32mSymbol(shapeMode)[39m: [33mtrue[39m,
      [32mSymbol(kCapture)[39m: [33mfalse[39m,
      [32mSymbol(kHeaders)[39m: [36m[Object][39m,
      [32mSymbol(kHeadersCount)[39m: [33m16[39m,
      [32mSymbol(kTrailers)[39m: [1mnull[22m,
      [32mSymbol(kTrailersCount)[39m: [33m0[39m
    },
    aborted: [33mfalse[39m,
    timeoutCb: [1mnull[22m,
    upgradeOrConnect: [33mfalse[39m,
    parser: [1mnull[22m,
    maxHeadersCount: [1mnull[22m,
    reusedSocket: [33mfalse[39m,
    host: [32m'gamma-api.polymarket.com'[39m,
    protocol: [32m'https:'[39m,
    _redirectable: Writable {
      _events: [36m[Object][39m,
      _writableState: [36m[WritableState][39m,
      _maxListeners: [90mundefined[39m,
      _options: [36m[Object][39m,
      _ended: [33mtrue[39m,
      _ending: [33mtrue[39m,
      _redirectCount: [33m0[39m,
      _redirects: [],
      _requestBodyLength: [33m0[39m,
      _requestBodyBuffers: [],
      _eventsCount: [33m3[39m,
      _onNativeResponse: [36m[Function (anonymous)][39m,
      _currentRequest: [36m[Circular *1][39m,
      _currentUrl: [32m'https://gamma-api.polymarket.com/markets/non-existent'[39m,
      _timeout: [1mnull[22m,
      [32mSymbol(shapeMode)[39m: [33mtrue[39m,
      [32mSymbol(kCapture)[39m: [33mfalse[39m
    },
    [32mSymbol(shapeMode)[39m: [33mfalse[39m,
    [32mSymbol(kCapture)[39m: [33mfalse[39m,
    [32mSymbol(kBytesWritten)[39m: [33m0[39m,
    [32mSymbol(kNeedDrain)[39m: [33mfalse[39m,
    [32mSymbol(corked)[39m: [33m0[39m,
    [32mSymbol(kChunkedBuffer)[39m: [],
    [32mSymbol(kChunkedLength)[39m: [33m0[39m,
    [32mSymbol(kSocket)[39m: TLSSocket {
      _tlsOptions: [36m[Object][39m,
      _secureEstablished: [33mtrue[39m,
      _securePending: [33mfalse[39m,
      _newSessionPending: [33mfalse[39m,
      _controlReleased: [33mtrue[39m,
      secureConnecting: [33mfalse[39m,
      _SNICallback: [1mnull[22m,
      servername: [32m'gamma-api.polymarket.com'[39m,
      alpnProtocol: [33mfalse[39m,
      authorized: [33mtrue[39m,
      authorizationError: [1mnull[22m,
      encrypted: [33mtrue[39m,
      _events: [36m[Object: null prototype][39m,
      _eventsCount: [33m9[39m,
      connecting: [33mfalse[39m,
      _hadError: [33mfalse[39m,
      _parent: [1mnull[22m,
      _host: [32m'gamma-api.polymarket.com'[39m,
      _closeAfterHandlingError: [33mfalse[39m,
      _readableState: [36m[ReadableState][39m,
      _writableState: [36m[WritableState][39m,
      allowHalfOpen: [33mfalse[39m,
      _maxListeners: [90mundefined[39m,
      _sockname: [1mnull[22m,
      _pendingData: [1mnull[22m,
      _pendingEncoding: [32m''[39m,
      server: [90mundefined[39m,
      _server: [1mnull[22m,
      ssl: [36m[TLSWrap][39m,
      _requestCert: [33mtrue[39m,
      _rejectUnauthorized: [33mtrue[39m,
      timeout: [33m5000[39m,
      parser: [1mnull[22m,
      _httpMessage: [1mnull[22m,
      autoSelectFamilyAttemptedAddresses: [36m[Array][39m,
      [32mSymbol(alpncallback)[39m: [1mnull[22m,
      [32mSymbol(res)[39m: [36m[TLSWrap][39m,
      [32mSymbol(verified)[39m: [33mtrue[39m,
      [32mSymbol(pendingSession)[39m: [1mnull[22m,
      [32mSymbol(async_id_symbol)[39m: [33m-1[39m,
      [32mSymbol(kHandle)[39m: [36m[TLSWrap][39m,
      [32mSymbol(lastWriteQueueSize)[39m: [33m0[39m,
      [32mSymbol(timeout)[39m: Timeout {
        _idleTimeout: [33m5000[39m,
        _idlePrev: [36m[TimersList][39m,
        _idleNext: [36m[Timeout][39m,
        _idleStart: [33m2425[39m,
        _onTimeout: [36m[Function: bound ][39m,
        _timerArgs: [90mundefined[39m,
        _repeat: [1mnull[22m,
        _destroyed: [33mfalse[39m,
        [32mSymbol(refed)[39m: [33mfalse[39m,
        [32mSymbol(kHasPrimitive)[39m: [33mfalse[39m,
        [32mSymbol(asyncId)[39m: [33m167[39m,
        [32mSymbol(triggerId)[39m: [33m165[39m,
        [32mSymbol(kAsyncContextFrame)[39m: [90mundefined[39m
      },
      [32mSymbol(kBuffer)[39m: [1mnull[22m,
      [32mSymbol(kBufferCb)[39m: [1mnull[22m,
      [32mSymbol(kBufferGen)[39m: [1mnull[22m,
      [32mSymbol(shapeMode)[39m: [33mtrue[39m,
      [32mSymbol(kCapture)[39m: [33mfalse[39m,
      [32mSymbol(kSetNoDelay)[39m: [33mfalse[39m,
      [32mSymbol(kSetKeepAlive)[39m: [33mtrue[39m,
      [32mSymbol(kSetKeepAliveInitialDelay)[39m: [33m1[39m,
      [32mSymbol(kBytesRead)[39m: [33m0[39m,
      [32mSymbol(kBytesWritten)[39m: [33m0[39m,
      [32mSymbol(connect-options)[39m: [36m[Object][39m
    },
    [32mSymbol(kOutHeaders)[39m: [Object: null prototype] {
      accept: [36m[Array][39m,
      [32m'content-type'[39m: [36m[Array][39m,
      [32m'user-agent'[39m: [36m[Array][39m,
      [32m'accept-encoding'[39m: [36m[Array][39m,
      host: [36m[Array][39m
    },
    [32mSymbol(errored)[39m: [1mnull[22m,
    [32mSymbol(kHighWaterMark)[39m: [33m16384[39m,
    [32mSymbol(kRejectNonStandardBodyWrites)[39m: [33mfalse[39m,
    [32mSymbol(kUniqueHeaders)[39m: [1mnull[22m
  },
  response: {
    status: [33m422[39m,
    statusText: [32m'Unprocessable Entity'[39m,
    headers: Object [AxiosHeaders] {
      date: [32m'Thu, 27 Nov 2025 06:23:20 GMT'[39m,
      [32m'content-type'[39m: [32m'application/json'[39m,
      [32m'content-length'[39m: [32m'52'[39m,
      connection: [32m'keep-alive'[39m,
      [32m'cf-ray'[39m: [32m'9a4f89483ce6f9ad-HKG'[39m,
      [32m'cf-cache-status'[39m: [32m'DYNAMIC'[39m,
      [32m'strict-transport-security'[39m: [32m'max-age=7776000; includeSubDomains'[39m,
      server: [32m'cloudflare'[39m
    },
    config: {
      transitional: [36m[Object][39m,
      adapter: [36m[Array][39m,
      transformRequest: [36m[Array][39m,
      transformResponse: [36m[Array][39m,
      timeout: [33m30000[39m,
      xsrfCookieName: [32m'XSRF-TOKEN'[39m,
      xsrfHeaderName: [32m'X-XSRF-TOKEN'[39m,
      maxContentLength: [33m-1[39m,
      maxBodyLength: [33m-1[39m,
      env: [36m[Object][39m,
      validateStatus: [36m[Function: validateStatus][39m,
      headers: [36m[Object [AxiosHeaders]][39m,
      baseURL: [32m'https://gamma-api.polymarket.com'[39m,
      method: [32m'get'[39m,
      url: [32m'/markets/non-existent'[39m,
      allowAbsoluteUrls: [33mtrue[39m,
      data: [90mundefined[39m
    },
    request: [36m<ref *1>[39m ClientRequest {
      _events: [36m[Object: null prototype][39m,
      _eventsCount: [33m7[39m,
      _maxListeners: [90mundefined[39m,
      outputData: [],
      outputSize: [33m0[39m,
      writable: [33mtrue[39m,
      destroyed: [33mtrue[39m,
      _last: [33mtrue[39m,
      chunkedEncoding: [33mfalse[39m,
      shouldKeepAlive: [33mtrue[39m,
      maxRequestsOnConnectionReached: [33mfalse[39m,
      _defaultKeepAlive: [33mtrue[39m,
      useChunkedEncodingByDefault: [33mfalse[39m,
      sendDate: [33mfalse[39m,
      _removedConnection: [33mfalse[39m,
      _removedContLen: [33mfalse[39m,
      _removedTE: [33mfalse[39m,
      strictContentLength: [33mfalse[39m,
      _contentLength: [33m0[39m,
      _hasBody: [33mtrue[39m,
      _trailer: [32m''[39m,
      finished: [33mtrue[39m,
      _headerSent: [33mtrue[39m,
      _closed: [33mtrue[39m,
      _header: [32m'GET /markets/non-existent HTTP/1.1\r\n'[39m +
        [32m'Accept: application/json\r\n'[39m +
        [32m'Content-Type: application/json\r\n'[39m +
        [32m'User-Agent: axios/1.13.2\r\n'[39m +
        [32m'Accept-Encoding: gzip, compress, deflate, br\r\n'[39m +
        [32m'Host: gamma-api.polymarket.com\r\n'[39m +
        [32m'Connection: keep-alive\r\n'[39m +
        [32m'\r\n'[39m,
      _keepAliveTimeout: [33m0[39m,
      _onPendingData: [36m[Function: nop][39m,
      agent: [36m[Agent][39m,
      socketPath: [90mundefined[39m,
      method: [32m'GET'[39m,
      maxHeaderSize: [90mundefined[39m,
      insecureHTTPParser: [90mundefined[39m,
      joinDuplicateHeaders: [90mundefined[39m,
      path: [32m'/markets/non-existent'[39m,
      _ended: [33mtrue[39m,
      res: [36m[IncomingMessage][39m,
      aborted: [33mfalse[39m,
      timeoutCb: [1mnull[22m,
      upgradeOrConnect: [33mfalse[39m,
      parser: [1mnull[22m,
      maxHeadersCount: [1mnull[22m,
      reusedSocket: [33mfalse[39m,
      host: [32m'gamma-api.polymarket.com'[39m,
      protocol: [32m'https:'[39m,
      _redirectable: [36m[Writable][39m,
      [32mSymbol(shapeMode)[39m: [33mfalse[39m,
      [32mSymbol(kCapture)[39m: [33mfalse[39m,
      [32mSymbol(kBytesWritten)[39m: [33m0[39m,
      [32mSymbol(kNeedDrain)[39m: [33mfalse[39m,
      [32mSymbol(corked)[39m: [33m0[39m,
      [32mSymbol(kChunkedBuffer)[39m: [],
      [32mSymbol(kChunkedLength)[39m: [33m0[39m,
      [32mSymbol(kSocket)[39m: [36m[TLSSocket][39m,
      [32mSymbol(kOutHeaders)[39m: [36m[Object: null prototype][39m,
      [32mSymbol(errored)[39m: [1mnull[22m,
      [32mSymbol(kHighWaterMark)[39m: [33m16384[39m,
      [32mSymbol(kRejectNonStandardBodyWrites)[39m: [33mfalse[39m,
      [32mSymbol(kUniqueHeaders)[39m: [1mnull[22m
    },
    data: { type: [32m'validation error'[39m, error: [32m'id is invalid'[39m }
  },
  status: [33m422[39m
}

[90mstdout[2m | src/features/betting/__tests__/betting.services.test.ts[2m > [22m[2mBetting Services[2m > [22m[2mplaceBet[2m > [22m[2mshould throw error if market not found
[22m[39m[findOrSyncMarket] Direct fetch failed, searching markets list...

 [32m✓[39m src/features/fetching/market-data/__tests__/market-data.controllers.test.ts [2m([22m[2m18 tests[22m[2m)[22m[32m 28[2mms[22m[39m
 [32m✓[39m src/features/users/__tests__/user.services.test.ts [2m([22m[2m6 tests[22m[2m)[22m[32m 16[2mms[22m[39m
 [32m✓[39m src/features/economy/test/economy.controllers.test.ts [2m([22m[2m6 tests[22m[2m)[22m[32m 18[2mms[22m[39m
 [32m✓[39m src/features/fetching/event-data/test/event-data.controllers.test.ts [2m([22m[2m18 tests[22m[2m)[22m[32m 28[2mms[22m[39m
 [32m✓[39m src/features/leaderboard/test/leaderboard.services.test.ts [2m([22m[2m7 tests[22m[2m)[22m[32m 16[2mms[22m[39m
 [32m✓[39m src/features/leaderboard/__tests__/leaderboard.services.test.ts [2m([22m[2m7 tests[22m[2m)[22m[32m 14[2mms[22m[39m
 [32m✓[39m src/features/users/test/user.controllers.test.ts [2m([22m[2m5 tests[22m[2m)[22m[32m 15[2mms[22m[39m
 [32m✓[39m src/features/transactions/__tests__/transactions.services.test.ts [2m([22m[2m4 tests[22m[2m)[22m[32m 15[2mms[22m[39m
 [32m✓[39m src/features/purchases/test/purchases.services.test.ts [2m([22m[2m3 tests[22m[2m)[22m[32m 12[2mms[22m[39m
 [32m✓[39m src/features/users/test/user.services.test.ts [2m([22m[2m6 tests[22m[2m)[22m[32m 13[2mms[22m[39m
[90mstdout[2m | src/features/sync/__tests__/sync.services.test.ts[2m > [22m[2mSync Services[2m > [22m[2msyncMarketToPostgres[2m > [22m[2mshould create new market when it does not exist
[22m[39m📊 Found 1 markets in MongoDB to sync

[90mstdout[2m | src/features/sync/__tests__/sync.services.test.ts[2m > [22m[2mSync Services[2m > [22m[2msyncMarketToPostgres[2m > [22m[2mshould create new market when it does not exist
[22m[39m✅ Synced 1 markets to PostgreSQL

[90mstdout[2m | src/features/sync/__tests__/sync.services.test.ts[2m > [22m[2mSync Services[2m > [22m[2msyncMarketToPostgres[2m > [22m[2mshould update existing market when it exists
[22m[39m📊 Found 1 markets in MongoDB to sync

[90mstdout[2m | src/features/sync/__tests__/sync.services.test.ts[2m > [22m[2mSync Services[2m > [22m[2msyncMarketToPostgres[2m > [22m[2mshould update existing market when it exists
[22m[39m✅ Synced 1 markets to PostgreSQL

[90mstdout[2m | src/features/sync/__tests__/sync.services.test.ts[2m > [22m[2mSync Services[2m > [22m[2msyncMarketToPostgres[2m > [22m[2mshould skip markets with missing required fields
[22m[39m📊 Found 1 markets in MongoDB to sync
✅ Synced 0 markets to PostgreSQL
⏭️  1 markets skipped (missing required fields)

[90mstdout[2m | src/features/sync/__tests__/sync.services.test.ts[2m > [22m[2mSync Services[2m > [22m[2msyncMarketToPostgres[2m > [22m[2mshould handle sync errors gracefully
[22m[39m📊 Found 1 markets in MongoDB to sync

[90mstderr[2m | src/features/sync/__tests__/sync.services.test.ts[2m > [22m[2mSync Services[2m > [22m[2msyncMarketToPostgres[2m > [22m[2mshould handle sync errors gracefully
[22m[39mError syncing market condition-123: Database error

[90mstdout[2m | src/features/sync/__tests__/sync.services.test.ts[2m > [22m[2mSync Services[2m > [22m[2msyncMarketToPostgres[2m > [22m[2mshould handle sync errors gracefully
[22m[39m✅ Synced 0 markets to PostgreSQL
⚠️  1 markets failed to sync

[90mstdout[2m | src/features/sync/__tests__/sync.services.test.ts[2m > [22m[2mSync Services[2m > [22m[2msyncAllMarketsToPostgres[2m > [22m[2mshould sync markets with status filter
[22m[39m📊 Found 0 markets in MongoDB to sync
✅ Synced 0 markets to PostgreSQL

[90mstdout[2m | src/features/sync/__tests__/sync.services.test.ts[2m > [22m[2mSync Services[2m > [22m[2msyncAllMarketsToPostgres[2m > [22m[2mshould sync markets with limit
[22m[39m📊 Found 0 markets in MongoDB to sync
✅ Synced 0 markets to PostgreSQL

[90mstdout[2m | src/features/sync/__tests__/sync.services.test.ts[2m > [22m[2mSync Services[2m > [22m[2msyncAllMarketsToPostgres[2m > [22m[2mshould return correct sync statistics
[22m[39m📊 Found 1 markets in MongoDB to sync

[90mstdout[2m | src/features/sync/__tests__/sync.services.test.ts[2m > [22m[2mSync Services[2m > [22m[2msyncAllMarketsToPostgres[2m > [22m[2mshould return correct sync statistics
[22m[39m✅ Synced 1 markets to PostgreSQL

[90mstdout[2m | src/features/sync/__tests__/sync.services.test.ts[2m > [22m[2mSync Services[2m > [22m[2msyncActiveMarketsToPostgres[2m > [22m[2mshould sync only active markets with limit
[22m[39m📊 Found 0 markets in MongoDB to sync
✅ Synced 0 markets to PostgreSQL

[90mstderr[2m | src/features/sync/__tests__/sync.services.test.ts[2m > [22m[2mSync Services[2m > [22m[2mgetMarketCounts[2m > [22m[2mshould handle errors when getting counts
[22m[39mError getting market counts: Error: MongoDB error
    at C:/Users/satui/OneDrive/Desktop/05 GROWGAMI/01 WIP/thisthat-v3/backend/src/features/sync/__tests__/sync.services.test.ts:268:51
    at [90mfile:///C:/Users/satui/OneDrive/Desktop/05%20GROWGAMI/01%20WIP/thisthat-v3/backend/[39mnode_modules/[4m@vitest/runner[24m/dist/index.js:157:11
    at [90mfile:///C:/Users/satui/OneDrive/Desktop/05%20GROWGAMI/01%20WIP/thisthat-v3/backend/[39mnode_modules/[4m@vitest/runner[24m/dist/index.js:753:26
    at [90mfile:///C:/Users/satui/OneDrive/Desktop/05%20GROWGAMI/01%20WIP/thisthat-v3/backend/[39mnode_modules/[4m@vitest/runner[24m/dist/index.js:1636:20
    at new Promise (<anonymous>)
    at runWithTimeout [90m(file:///C:/Users/satui/OneDrive/Desktop/05%20GROWGAMI/01%20WIP/thisthat-v3/backend/[39mnode_modules/[4m@vitest/runner[24m/dist/index.js:1602:10[90m)[39m
    at runTest [90m(file:///C:/Users/satui/OneDrive/Desktop/05%20GROWGAMI/01%20WIP/thisthat-v3/backend/[39mnode_modules/[4m@vitest/runner[24m/dist/index.js:1309:12[90m)[39m
[90m    at processTicksAndRejections (node:internal/process/task_queues:105:5)[39m
    at runSuite [90m(file:///C:/Users/satui/OneDrive/Desktop/05%20GROWGAMI/01%20WIP/thisthat-v3/backend/[39mnode_modules/[4m@vitest/runner[24m/dist/index.js:1468:8[90m)[39m
    at runSuite [90m(file:///C:/Users/satui/OneDrive/Desktop/05%20GROWGAMI/01%20WIP/thisthat-v3/backend/[39mnode_modules/[4m@vitest/runner[24m/dist/index.js:1468:8[90m)[39m

 [32m✓[39m src/features/sync/__tests__/sync.services.test.ts [2m([22m[2m10 tests[22m[2m)[22m[32m 40[2mms[22m[39m
 [32m✓[39m src/features/users/__tests__/user.controllers.test.ts [2m([22m[2m5 tests[22m[2m)[22m[32m 19[2mms[22m[39m
[90mstdout[2m | src/features/fetching/event-market-group/__tests__/event-market-group.services.test.ts[2m > [22m[2mEvent-Market Group Services[2m > [22m[2mfetchAndSaveEventMarketGroups[2m > [22m[2mshould fetch and save event-market groups successfully
[22m[39m✅ Fetched 50 events from Polymarket

 [32m✓[39m src/features/transactions/test/transactions.services.test.ts [2m([22m[2m4 tests[22m[2m)[22m[32m 16[2mms[22m[39m
 [32m✓[39m src/features/purchases/__tests__/purchases.services.test.ts [2m([22m[2m3 tests[22m[2m)[22m[32m 14[2mms[22m[39m
 [32m✓[39m src/features/market-resolution/__tests__/market-resolution.services.test.ts [2m([22m[2m7 tests[22m[2m)[22m[32m 11[2mms[22m[39m
 [32m✓[39m src/features/sync/__tests__/sync.controllers.test.ts [2m([22m[2m6 tests[22m[2m)[22m[32m 25[2mms[22m[39m
 [32m✓[39m src/features/market-resolution/test/market-resolution.services.test.ts [2m([22m[2m7 tests[22m[2m)[22m[32m 13[2mms[22m[39m
[90mstderr[2m | src/features/betting/test/betting.services.test.ts[2m > [22m[2mBetting Services[2m > [22m[2mplaceBet[2m > [22m[2mshould throw error if market not found
[22m[39m[findOrSyncMarket] Market not found in Polymarket API: non-existent

[90mstdout[2m | src/features/betting/test/betting.services.test.ts[2m > [22m[2mBetting Services[2m > [22m[2mplaceBet[2m > [22m[2mshould throw error if market is not open
[22m[39m[findOrSyncMarket] Looking for market: condition-123

[90mstdout[2m | src/features/betting/test/betting.services.test.ts[2m > [22m[2mBetting Services[2m > [22m[2mplaceBet[2m > [22m[2mshould throw error if market is not open
[22m[39m[findOrSyncMarket] Found market by polymarketId: market-123

[90mstdout[2m | src/features/betting/test/betting.services.test.ts[2m > [22m[2mBetting Services[2m > [22m[2mplaceBet[2m > [22m[2mshould throw error if bet amount below minimum
[22m[39m[findOrSyncMarket] Looking for market: condition-123

[90mstdout[2m | src/features/betting/test/betting.services.test.ts[2m > [22m[2mBetting Services[2m > [22m[2mplaceBet[2m > [22m[2mshould throw error if bet amount below minimum
[22m[39m[findOrSyncMarket] Found market by polymarketId: market-123

[90mstdout[2m | src/features/betting/test/betting.services.test.ts[2m > [22m[2mBetting Services[2m > [22m[2mplaceBet[2m > [22m[2mshould throw error if bet amount above maximum
[22m[39m[findOrSyncMarket] Looking for market: condition-123

[90mstdout[2m | src/features/betting/test/betting.services.test.ts[2m > [22m[2mBetting Services[2m > [22m[2mplaceBet[2m > [22m[2mshould throw error if bet amount above maximum
[22m[39m[findOrSyncMarket] Found market by polymarketId: market-123

[90mstdout[2m | src/features/betting/test/betting.services.test.ts[2m > [22m[2mBetting Services[2m > [22m[2mplaceBet[2m > [22m[2mshould throw error if insufficient credits
[22m[39m[findOrSyncMarket] Looking for market: condition-123

[90mstdout[2m | src/features/betting/test/betting.services.test.ts[2m > [22m[2mBetting Services[2m > [22m[2mplaceBet[2m > [22m[2mshould throw error if insufficient credits
[22m[39m[findOrSyncMarket] Found market by polymarketId: market-123

 [32m✓[39m src/features/referrals/test/referral.services.test.ts [2m([22m[2m2 tests[22m[2m)[22m[32m 10[2mms[22m[39m
[90mstdout[2m | src/features/betting/test/betting.services.test.ts[2m > [22m[2mBetting Services[2m > [22m[2mplaceBet[2m > [22m[2mshould calculate payout correctly for THIS side
[22m[39m[findOrSyncMarket] Looking for market: condition-123

[90mstdout[2m | src/features/betting/test/betting.services.test.ts[2m > [22m[2mBetting Services[2m > [22m[2mplaceBet[2m > [22m[2mshould calculate payout correctly for THIS side
[22m[39m[findOrSyncMarket] Found market by polymarketId: market-123

[90mstdout[2m | src/features/betting/test/betting.services.test.ts[2m > [22m[2mBetting Services[2m > [22m[2mplaceBet[2m > [22m[2mshould calculate payout correctly for THAT side
[22m[39m[findOrSyncMarket] Looking for market: condition-123

[90mstdout[2m | src/features/betting/test/betting.services.test.ts[2m > [22m[2mBetting Services[2m > [22m[2mplaceBet[2m > [22m[2mshould calculate payout correctly for THAT side
[22m[39m[findOrSyncMarket] Found market by polymarketId: market-123

 [32m✓[39m src/features/betting/test/betting.services.test.ts [2m([22m[2m13 tests[22m[2m)[22m[33m 1521[2mms[22m[39m
       [33m[2m✓[22m[39m should throw error if market not found [33m 1490[2mms[22m[39m
 [32m✓[39m src/features/referrals/__tests__/referral.services.test.ts [2m([22m[2m2 tests[22m[2m)[22m[32m 10[2mms[22m[39m
 [32m✓[39m src/features/transactions/__tests__/transactions.controllers.test.ts [2m([22m[2m3 tests[22m[2m)[22m[32m 16[2mms[22m[39m
 [32m✓[39m src/features/transactions/test/transactions.controllers.test.ts [2m([22m[2m3 tests[22m[2m)[22m[32m 14[2mms[22m[39m
[90mstderr[2m | src/features/betting/__tests__/betting.services.test.ts[2m > [22m[2mBetting Services[2m > [22m[2mplaceBet[2m > [22m[2mshould throw error if market not found
[22m[39m[findOrSyncMarket] Market not found in Polymarket API: non-existent

[90mstdout[2m | src/features/betting/__tests__/betting.services.test.ts[2m > [22m[2mBetting Services[2m > [22m[2mplaceBet[2m > [22m[2mshould throw error if market is not open
[22m[39m[findOrSyncMarket] Looking for market: condition-123

[90mstdout[2m | src/features/betting/__tests__/betting.services.test.ts[2m > [22m[2mBetting Services[2m > [22m[2mplaceBet[2m > [22m[2mshould throw error if market is not open
[22m[39m[findOrSyncMarket] Found market by polymarketId: market-123

[90mstdout[2m | src/features/betting/__tests__/betting.services.test.ts[2m > [22m[2mBetting Services[2m > [22m[2mplaceBet[2m > [22m[2mshould throw error if bet amount below minimum
[22m[39m[findOrSyncMarket] Looking for market: condition-123

[90mstdout[2m | src/features/betting/__tests__/betting.services.test.ts[2m > [22m[2mBetting Services[2m > [22m[2mplaceBet[2m > [22m[2mshould throw error if bet amount below minimum
[22m[39m[findOrSyncMarket] Found market by polymarketId: market-123

[90mstdout[2m | src/features/betting/__tests__/betting.services.test.ts[2m > [22m[2mBetting Services[2m > [22m[2mplaceBet[2m > [22m[2mshould throw error if bet amount above maximum
[22m[39m[findOrSyncMarket] Looking for market: condition-123

[90mstdout[2m | src/features/betting/__tests__/betting.services.test.ts[2m > [22m[2mBetting Services[2m > [22m[2mplaceBet[2m > [22m[2mshould throw error if bet amount above maximum
[22m[39m[findOrSyncMarket] Found market by polymarketId: market-123

[90mstdout[2m | src/features/betting/__tests__/betting.services.test.ts[2m > [22m[2mBetting Services[2m > [22m[2mplaceBet[2m > [22m[2mshould throw error if insufficient credits
[22m[39m[findOrSyncMarket] Looking for market: condition-123

[90mstdout[2m | src/features/betting/__tests__/betting.services.test.ts[2m > [22m[2mBetting Services[2m > [22m[2mplaceBet[2m > [22m[2mshould throw error if insufficient credits
[22m[39m[findOrSyncMarket] Found market by polymarketId: market-123

[90mstdout[2m | src/features/betting/__tests__/betting.services.test.ts[2m > [22m[2mBetting Services[2m > [22m[2mplaceBet[2m > [22m[2mshould calculate payout correctly for THIS side
[22m[39m[findOrSyncMarket] Looking for market: condition-123

[90mstdout[2m | src/features/betting/__tests__/betting.services.test.ts[2m > [22m[2mBetting Services[2m > [22m[2mplaceBet[2m > [22m[2mshould calculate payout correctly for THIS side
[22m[39m[findOrSyncMarket] Found market by polymarketId: market-123

[90mstdout[2m | src/features/betting/__tests__/betting.services.test.ts[2m > [22m[2mBetting Services[2m > [22m[2mplaceBet[2m > [22m[2mshould calculate payout correctly for THAT side
[22m[39m[findOrSyncMarket] Looking for market: condition-123

[90mstdout[2m | src/features/betting/__tests__/betting.services.test.ts[2m > [22m[2mBetting Services[2m > [22m[2mplaceBet[2m > [22m[2mshould calculate payout correctly for THAT side
[22m[39m[findOrSyncMarket] Found market by polymarketId: market-123

 [32m✓[39m src/features/betting/__tests__/betting.services.test.ts [2m([22m[2m13 tests[22m[2m)[22m[33m 1811[2mms[22m[39m
       [33m[2m✓[22m[39m should throw error if market not found [33m 1789[2mms[22m[39m
[90mstdout[2m | src/features/fetching/event-market-group/__tests__/event-market-group.services.test.ts[2m > [22m[2mEvent-Market Group Services[2m > [22m[2mfetchAndSaveEventMarketGroups[2m > [22m[2mshould fetch and save event-market groups successfully
[22m[39m✅ Saved 50 event-market groups to MongoDB

[90mstdout[2m | src/features/fetching/event-market-group/__tests__/event-market-group.services.test.ts[2m > [22m[2mEvent-Market Group Services[2m > [22m[2mfetchAndSaveEventMarketGroups[2m > [22m[2mshould skip events without markets
[22m[39m📡 Fetching events with markets from Polymarket Gamma API...

 [32m✓[39m src/features/betting/__tests__/betting.controllers.test.ts [2m([22m[2m6 tests[22m[2m)[22m[32m 7[2mms[22m[39m
 [32m✓[39m src/features/betting/test/betting.controllers.test.ts [2m([22m[2m6 tests[22m[2m)[22m[32m 8[2mms[22m[39m
 [32m✓[39m src/features/leaderboard/test/leaderboard.controllers.test.ts [2m([22m[2m4 tests[22m[2m)[22m[32m 7[2mms[22m[39m
 [32m✓[39m src/features/leaderboard/__tests__/leaderboard.controllers.test.ts [2m([22m[2m4 tests[22m[2m)[22m[32m 8[2mms[22m[39m
[90mstdout[2m | src/features/fetching/event-market-group/__tests__/event-market-group.services.test.ts[2m > [22m[2mEvent-Market Group Services[2m > [22m[2mfetchAndSaveEventMarketGroups[2m > [22m[2mshould skip events without markets
[22m[39m✅ Fetched 50 events from Polymarket

[90mstdout[2m | src/features/fetching/event-market-group/__tests__/event-market-group.services.test.ts[2m > [22m[2mEvent-Market Group Services[2m > [22m[2mfetchAndSaveEventMarketGroups[2m > [22m[2mshould skip events without markets
[22m[39m✅ Saved 50 event-market groups to MongoDB

[90mstdout[2m | src/features/fetching/event-market-group/__tests__/event-market-group.services.test.ts[2m > [22m[2mEvent-Market Group Services[2m > [22m[2mfetchAndSaveEventMarketGroups[2m > [22m[2mshould handle active filter
[22m[39m📡 Fetching events with markets from Polymarket Gamma API...

[90mstdout[2m | src/features/fetching/event-market-group/__tests__/event-market-group.services.test.ts[2m > [22m[2mEvent-Market Group Services[2m > [22m[2mfetchAndSaveEventMarketGroups[2m > [22m[2mshould handle active filter
[22m[39m✅ Fetched 50 events from Polymarket

[90mstdout[2m | src/features/fetching/event-market-group/__tests__/event-market-group.services.test.ts[2m > [22m[2mEvent-Market Group Services[2m > [22m[2mfetchAndSaveEventMarketGroups[2m > [22m[2mshould handle active filter
[22m[39m✅ Saved 50 event-market groups to MongoDB

[90mstdout[2m | src/features/fetching/event-market-group/__tests__/event-market-group.services.test.ts[2m > [22m[2mEvent-Market Group Services[2m > [22m[2mfetchAndSaveEventMarketGroups[2m > [22m[2mshould handle limit option
[22m[39m📡 Fetching events with markets from Polymarket Gamma API...

[90mstdout[2m | src/features/fetching/event-market-group/__tests__/event-market-group.services.test.ts[2m > [22m[2mEvent-Market Group Services[2m > [22m[2mfetchAndSaveEventMarketGroups[2m > [22m[2mshould handle limit option
[22m[39m✅ Fetched 10 events from Polymarket

[90mstdout[2m | src/features/fetching/event-market-group/__tests__/event-market-group.services.test.ts[2m > [22m[2mEvent-Market Group Services[2m > [22m[2mfetchAndSaveEventMarketGroups[2m > [22m[2mshould handle limit option
[22m[39m✅ Saved 10 event-market groups to MongoDB

[90mstdout[2m | src/features/fetching/event-market-group/__tests__/event-market-group.services.test.ts[2m > [22m[2mEvent-Market Group Services[2m > [22m[2mfetchAndSaveEventMarketGroups[2m > [22m[2mshould handle errors gracefully
[22m[39m📡 Fetching events with markets from Polymarket Gamma API...

[90mstdout[2m | src/features/fetching/event-market-group/__tests__/event-market-group.services.test.ts[2m > [22m[2mEvent-Market Group Services[2m > [22m[2mfetchAndSaveEventMarketGroups[2m > [22m[2mshould handle errors gracefully
[22m[39m✅ Fetched 50 events from Polymarket

[90mstdout[2m | src/features/fetching/event-market-group/__tests__/event-market-group.services.test.ts[2m > [22m[2mEvent-Market Group Services[2m > [22m[2mfetchAndSaveEventMarketGroups[2m > [22m[2mshould handle errors gracefully
[22m[39m✅ Saved 50 event-market groups to MongoDB

[90mstdout[2m | src/features/fetching/event-market-group/__tests__/event-market-group.services.test.ts[2m > [22m[2mEvent-Market Group Services[2m > [22m[2mfetchAndSaveEventMarketGroups[2m > [22m[2mshould determine event status correctly
[22m[39m📡 Fetching events with markets from Polymarket Gamma API...

[90mstdout[2m | src/features/fetching/event-market-group/__tests__/event-market-group.services.test.ts[2m > [22m[2mEvent-Market Group Services[2m > [22m[2mfetchAndSaveEventMarketGroups[2m > [22m[2mshould determine event status correctly
[22m[39m✅ Fetched 50 events from Polymarket

[90mstdout[2m | src/features/fetching/event-market-group/__tests__/event-market-group.services.test.ts[2m > [22m[2mEvent-Market Group Services[2m > [22m[2mfetchAndSaveEventMarketGroups[2m > [22m[2mshould determine event status correctly
[22m[39m✅ Saved 50 event-market groups to MongoDB

 [31m❯[39m src/features/fetching/event-market-group/__tests__/event-market-group.services.test.ts [2m([22m[2m13 tests[22m[2m | [22m[31m12 failed[39m[2m)[22m[33m 7125[2mms[22m[39m
[31m       [31m×[31m should fetch and save event-market groups successfully[39m[33m 1929[2mms[22m[39m
[31m       [31m×[31m should skip events without markets[39m[33m 1259[2mms[22m[39m
[31m       [31m×[31m should handle active filter[39m[33m 1226[2mms[22m[39m
[31m       [31m×[31m should handle limit option[39m[33m 594[2mms[22m[39m
[31m       [31m×[31m should handle errors gracefully[39m[33m 1110[2mms[22m[39m
[31m       [31m×[31m should determine event status correctly[39m[33m 909[2mms[22m[39m
[31m       [31m×[31m should return all event-market groups[39m[32m 67[2mms[22m[39m
[31m       [31m×[31m should filter by status[39m[32m 8[2mms[22m[39m
[31m       [31m×[31m should filter by category[39m[32m 3[2mms[22m[39m
[31m       [31m×[31m should apply limit and skip[39m[32m 3[2mms[22m[39m
[31m       [31m×[31m should return event-market group by ID[39m[32m 3[2mms[22m[39m
       [32m✓[39m should return null if event not found[32m 2[2mms[22m[39m
[31m       [31m×[31m should return statistics[39m[32m 10[2mms[22m[39m

[31m⎯⎯⎯⎯⎯⎯[39m[1m[41m Failed Suites 1 [49m[22m[31m⎯⎯⎯⎯⎯⎯⎯[39m

[41m[1m FAIL [22m[49m src/services/__tests__/market-janitor.service.test.ts[2m [ src/services/__tests__/market-janitor.service.test.ts ][22m
[31m[1mError[22m: Cannot find module '../features/positions/positions.services.js' imported from 'C:/Users/satui/OneDrive/Desktop/05 GROWGAMI/01 WIP/thisthat-v3/backend/src/services/market-janitor.service.ts'[39m
[36m [2m❯[22m src/services/market-janitor.service.ts:[2m13:1[22m[39m
    [90m 11| [39m[35mimport[39m { prisma } [35mfrom[39m [32m'../lib/database.js'[39m[33m;[39m
    [90m 12| [39m[35mimport[39m { getPolymarketClient } [35mfrom[39m [32m'../lib/polymarket-client.js'[39m[33m;[39m
    [90m 13| [39mimport { settlePositionsForMarket } from '../features/positions/positi…
    [90m   | [39m[31m^[39m
    [90m 14| [39m[35mimport[39m { retryWithBackoffSilent } [35mfrom[39m [32m'../lib/retry.js'[39m[33m;[39m
    [90m 15| [39m
[90m [2m❯[22m src/services/__tests__/market-janitor.service.test.ts:[2m54:1[22m[39m

[31m[2m⎯⎯⎯⎯⎯⎯⎯⎯⎯⎯⎯⎯⎯⎯⎯⎯⎯⎯⎯⎯⎯⎯⎯[1/28]⎯[22m[39m


[31m⎯⎯⎯⎯⎯⎯[39m[1m[41m Failed Tests 27 [49m[22m[31m⎯⎯⎯⎯⎯⎯⎯[39m

[41m[1m FAIL [22m[49m src/services/__tests__/market-ingestion.service.test.ts[2m > [22mMarket Ingestion Service[2m > [22mingestMarketsFromPolymarket[2m > [22mshould extract static data correctly
[31m[1mAssertionError[22m: expected "vi.fn()" to be called with arguments: [ { data: ObjectContaining{…} } ][90m

Received: 

[1m  1st vi.fn() call:

[22m[33m@@ -1,11 +1,12 @@[90m
[2m  [[22m
[2m    {[22m
[32m-     "data": ObjectContaining {[90m
[32m-       "author": "user123",[90m
[31m+     "data": {[90m
[2m        "category": "weather",[22m
[2m        "description": "Weather prediction",[22m
[31m+       "expiresAt": 2025-12-31T00:00:00.000Z,[90m
[31m+       "marketType": "polymarket",[90m
[2m        "polymarketId": "0x123",[22m
[2m        "status": "open",[22m
[2m        "thatOption": "NO",[22m
[2m        "thisOption": "YES",[22m
[2m        "title": "Will it rain tomorrow?",[22m
[31m[90m

Number of calls: [1m1[22m
[31m[39m
[36m [2m❯[22m src/services/__tests__/market-ingestion.service.test.ts:[2m158:40[22m[39m
    [90m156| [39m      [35mawait[39m ingestionService[33m.[39m[34mingestMarketsFromPolymarket[39m()[33m;[39m
    [90m157| [39m
    [90m158| [39m      [34mexpect[39m(mockPrisma[33m.[39mmarket[33m.[39mcreate)[33m.[39m[34mtoHaveBeenCalledWith[39m({
    [90m   | [39m                                       [31m^[39m
    [90m159| [39m        data[33m:[39m expect[33m.[39m[34mobjectContaining[39m({
    [90m160| [39m          polymarketId[33m:[39m [32m'0x123'[39m[33m,[39m

[31m[2m⎯⎯⎯⎯⎯⎯⎯⎯⎯⎯⎯⎯⎯⎯⎯⎯⎯⎯⎯⎯⎯⎯⎯[2/28]⎯[22m[39m

[41m[1m FAIL [22m[49m src/features/auth/__tests__/auth.services.test.ts[2m > [22mAuth Services[2m > [22mregisterUser[2m > [22mshould register a new user successfully
[31m[1mAssertionError[22m: expected "vi.fn()" to be called 2 times, but got 3 times[39m
[36m [2m❯[22m src/features/auth/__tests__/auth.services.test.ts:[2m124:42[22m[39m
    [90m122| [39m      const result = await authService.registerUser(signupInput, mockJ…
    [90m123| [39m
    [90m124| [39m      expect(mockPrisma.user.findUnique).toHaveBeenCalledTimes(2); // …
    [90m   | [39m                                         [31m^[39m
    [90m125| [39m      [34mexpect[39m(mockPrisma[33m.[39muser[33m.[39mcreate)[33m.[39m[34mtoHaveBeenCalled[39m()[33m;[39m
    [90m126| [39m      [34mexpect[39m(result[33m.[39muser[33m.[39memail)[33m.[39m[34mtoBe[39m(signupInput[33m.[39memail)[33m;[39m

[31m[2m⎯⎯⎯⎯⎯⎯⎯⎯⎯⎯⎯⎯⎯⎯⎯⎯⎯⎯⎯⎯⎯⎯⎯[3/28]⎯[22m[39m

[41m[1m FAIL [22m[49m src/features/auth/__tests__/oauth.services.test.ts[2m > [22mOAuth Services[2m > [22mhandleXCallback[2m > [22mshould reset consecutive days if login gap > 1 day
[31m[1mAssertionError[22m: expected "vi.fn()" to be called with arguments: [ Anything, ObjectContaining{…} ][90m

Received: 

[1m  1st vi.fn() call:

[22m[2m  [[22m
[32m-   Anything,[90m
[32m-   ObjectContaining {[90m
[32m-     "data": ObjectContaining {[90m
[31m+   {[90m
[31m+     "data": {[90m
[2m        "consecutiveDaysOnline": 1,[22m
[31m+       "lastLoginAt": 2025-11-27T06:23:18.428Z,[90m
[31m+       "name": "Test User",[90m
[31m+       "updatedAt": 2025-11-27T06:23:18.428Z,[90m
[31m+     },[90m
[31m+     "where": {[90m
[31m+       "id": "user-123",[90m
[2m      },[22m
[2m    },[22m
[2m  ][22m
[31m[90m

Number of calls: [1m1[22m
[31m[39m
[36m [2m❯[22m src/features/auth/__tests__/oauth.services.test.ts:[2m299:38[22m[39m
    [90m297| [39m      )[33m;[39m
    [90m298| [39m
    [90m299| [39m      [34mexpect[39m(mockPrisma[33m.[39muser[33m.[39mupdate)[33m.[39m[34mtoHaveBeenCalledWith[39m(
    [90m   | [39m                                     [31m^[39m
    [90m300| [39m        expect[33m.[39m[34manything[39m()[33m,[39m
    [90m301| [39m        expect[33m.[39m[34mobjectContaining[39m({

[31m[2m⎯⎯⎯⎯⎯⎯⎯⎯⎯⎯⎯⎯⎯⎯⎯⎯⎯⎯⎯⎯⎯⎯⎯[4/28]⎯[22m[39m

[41m[1m FAIL [22m[49m src/features/auth/test/auth.services.test.ts[2m > [22mAuth Services[2m > [22mregisterUser[2m > [22mshould register a new user successfully
[31m[1mAssertionError[22m: expected "vi.fn()" to be called 2 times, but got 3 times[39m
[36m [2m❯[22m src/features/auth/test/auth.services.test.ts:[2m125:42[22m[39m
    [90m123| [39m
    [90m124| [39m      // Check email and username (2 calls) - referral code check only…
    [90m125| [39m      [34mexpect[39m(mockPrisma[33m.[39muser[33m.[39mfindUnique)[33m.[39m[34mtoHaveBeenCalledTimes[39m([34m2[39m)[33m;[39m
    [90m   | [39m                                         [31m^[39m
    [90m126| [39m      [34mexpect[39m(mockPrisma[33m.[39muser[33m.[39mcreate)[33m.[39m[34mtoHaveBeenCalled[39m()[33m;[39m
    [90m127| [39m      [34mexpect[39m(result[33m.[39muser[33m.[39memail)[33m.[39m[34mtoBe[39m(signupInput[33m.[39memail)[33m;[39m

[31m[2m⎯⎯⎯⎯⎯⎯⎯⎯⎯⎯⎯⎯⎯⎯⎯⎯⎯⎯⎯⎯⎯⎯⎯[5/28]⎯[22m[39m

[41m[1m FAIL [22m[49m src/features/markets/__tests__/markets.controllers.test.ts[2m > [22mMarkets Controllers[2m > [22mgetRandomMarketsHandler[2m > [22mshould return random markets
[31m[1mAssertionError[22m: expected "vi.fn()" to be called with arguments: [ 200 ][90m

Number of calls: [1m0[22m
[31m[39m
[36m [2m❯[22m src/features/markets/__tests__/markets.controllers.test.ts:[2m49:32[22m[39m
    [90m 47| [39m      )[33m;[39m
    [90m 48| [39m
    [90m 49| [39m      [34mexpect[39m(mockReply[33m.[39mstatus)[33m.[39m[34mtoHaveBeenCalledWith[39m([34m200[39m)[33m;[39m
    [90m   | [39m                               [31m^[39m
    [90m 50| [39m      [34mexpect[39m(mockReply[33m.[39msend)[33m.[39m[34mtoHaveBeenCalledWith[39m({
    [90m 51| [39m        success[33m:[39m [35mtrue[39m[33m,[39m

[31m[2m⎯⎯⎯⎯⎯⎯⎯⎯⎯⎯⎯⎯⎯⎯⎯⎯⎯⎯⎯⎯⎯⎯⎯[6/28]⎯[22m[39m

[41m[1m FAIL [22m[49m src/features/markets/__tests__/markets.controllers.test.ts[2m > [22mMarkets Controllers[2m > [22mgetRandomMarketsHandler[2m > [22mshould handle errors
[31m[1mAssertionError[22m: expected "vi.fn()" to be called with arguments: [ { success: false, …(1) } ][90m

Received: 

[1m  1st vi.fn() call:

[22m[2m  [[22m
[2m    {[22m
[31m+     "details": "DB error",[90m
[2m      "error": "Failed to get random markets",[22m
[2m      "success": false,[22m
[2m    },[22m
[2m  ][22m
[31m[90m

Number of calls: [1m1[22m
[31m[39m
[36m [2m❯[22m src/features/markets/__tests__/markets.controllers.test.ts:[2m78:30[22m[39m
    [90m 76| [39m
    [90m 77| [39m      [34mexpect[39m(mockReply[33m.[39mstatus)[33m.[39m[34mtoHaveBeenCalledWith[39m([34m500[39m)[33m;[39m
    [90m 78| [39m      [34mexpect[39m(mockReply[33m.[39msend)[33m.[39m[34mtoHaveBeenCalledWith[39m({
    [90m   | [39m                             [31m^[39m
    [90m 79| [39m        success[33m:[39m [35mfalse[39m[33m,[39m
    [90m 80| [39m        error[33m:[39m [32m'Failed to get random markets'[39m[33m,[39m

[31m[2m⎯⎯⎯⎯⎯⎯⎯⎯⎯⎯⎯⎯⎯⎯⎯⎯⎯⎯⎯⎯⎯⎯⎯[7/28]⎯[22m[39m

[41m[1m FAIL [22m[49m src/features/markets/__tests__/markets.controllers.test.ts[2m > [22mMarkets Controllers[2m > [22mgetMarketLivePriceHandler[2m > [22mshould return live price data
[31m[1mTypeError[22m: __vi_import_0__.getMarketLivePriceHandler is not a function[39m
[36m [2m❯[22m src/features/markets/__tests__/markets.controllers.test.ts:[2m106:32[22m[39m
    [90m104| [39m      mockRequest[33m.[39mparams [33m=[39m { id[33m:[39m [32m'market-1'[39m }[33m;[39m
    [90m105| [39m
    [90m106| [39m      [35mawait[39m marketsControllers[33m.[39m[34mgetMarketLivePriceHandler[39m(
    [90m   | [39m                               [31m^[39m
    [90m107| [39m        mockRequest [35mas[39m [33mFastifyRequest[39m[33m,[39m
    [90m108| [39m        mockReply [35mas[39m [33mFastifyReply[39m

[31m[2m⎯⎯⎯⎯⎯⎯⎯⎯⎯⎯⎯⎯⎯⎯⎯⎯⎯⎯⎯⎯⎯⎯⎯[8/28]⎯[22m[39m

[41m[1m FAIL [22m[49m src/features/markets/__tests__/markets.controllers.test.ts[2m > [22mMarkets Controllers[2m > [22mgetMarketLivePriceHandler[2m > [22mshould return 404 if market not found
[31m[1mTypeError[22m: __vi_import_0__.getMarketLivePriceHandler is not a function[39m
[36m [2m❯[22m src/features/markets/__tests__/markets.controllers.test.ts:[2m123:32[22m[39m
    [90m121| [39m      mockRequest[33m.[39mparams [33m=[39m { id[33m:[39m [32m'invalid-id'[39m }[33m;[39m
    [90m122| [39m
    [90m123| [39m      [35mawait[39m marketsControllers[33m.[39m[34mgetMarketLivePriceHandler[39m(
    [90m   | [39m                               [31m^[39m
    [90m124| [39m        mockRequest [35mas[39m [33mFastifyRequest[39m[33m,[39m
    [90m125| [39m        mockReply [35mas[39m [33mFastifyReply[39m

[31m[2m⎯⎯⎯⎯⎯⎯⎯⎯⎯⎯⎯⎯⎯⎯⎯⎯⎯⎯⎯⎯⎯⎯⎯[9/28]⎯[22m[39m

[41m[1m FAIL [22m[49m src/features/markets/__tests__/markets.controllers.test.ts[2m > [22mMarkets Controllers[2m > [22mgetMarketLivePriceHandler[2m > [22mshould return 400 if market has no polymarketId
[31m[1mTypeError[22m: __vi_import_0__.getMarketLivePriceHandler is not a function[39m
[36m [2m❯[22m src/features/markets/__tests__/markets.controllers.test.ts:[2m140:32[22m[39m
    [90m138| [39m      mockRequest[33m.[39mparams [33m=[39m { id[33m:[39m [32m'market-1'[39m }[33m;[39m
    [90m139| [39m
    [90m140| [39m      [35mawait[39m marketsControllers[33m.[39m[34mgetMarketLivePriceHandler[39m(
    [90m   | [39m                               [31m^[39m
    [90m141| [39m        mockRequest [35mas[39m [33mFastifyRequest[39m[33m,[39m
    [90m142| [39m        mockReply [35mas[39m [33mFastifyReply[39m

[31m[2m⎯⎯⎯⎯⎯⎯⎯⎯⎯⎯⎯⎯⎯⎯⎯⎯⎯⎯⎯⎯⎯⎯[10/28]⎯[22m[39m

[41m[1m FAIL [22m[49m src/features/markets/__tests__/markets.controllers.test.ts[2m > [22mMarkets Controllers[2m > [22mgetMarketFullHandler[2m > [22mshould return market with live data
[31m[1mAssertionError[22m: expected "vi.fn()" to be called with arguments: [ 200 ][90m

Received: 

[1m  1st vi.fn() call:

[22m[2m  [[22m
[32m-   200,[90m
[31m+   500,[90m
[2m  ][22m
[31m[90m

Number of calls: [1m1[22m
[31m[39m
[36m [2m❯[22m src/features/markets/__tests__/markets.controllers.test.ts:[2m170:32[22m[39m
    [90m168| [39m      )[33m;[39m
    [90m169| [39m
    [90m170| [39m      [34mexpect[39m(mockReply[33m.[39mstatus)[33m.[39m[34mtoHaveBeenCalledWith[39m([34m200[39m)[33m;[39m
    [90m   | [39m                               [31m^[39m
    [90m171| [39m      [34mexpect[39m(mockReply[33m.[39msend)[33m.[39m[34mtoHaveBeenCalledWith[39m({
    [90m172| [39m        success[33m:[39m [35mtrue[39m[33m,[39m

[31m[2m⎯⎯⎯⎯⎯⎯⎯⎯⎯⎯⎯⎯⎯⎯⎯⎯⎯⎯⎯⎯⎯⎯[11/28]⎯[22m[39m

[41m[1m FAIL [22m[49m src/features/markets/__tests__/markets.services.test.ts[2m > [22mMarkets Service[2m > [22mgetMarketsByCategory[2m > [22mshould return markets by category
[31m[1mAssertionError[22m: expected "vi.fn()" to be called with arguments: [ { where: { …(2) }, take: 20, …(2) } ][90m

Received: 

[1m  1st vi.fn() call:

[22m[33m@@ -1,11 +1,26 @@[90m
[2m  [[22m
[2m    {[22m
[2m      "orderBy": {[22m
[2m        "updatedAt": "desc",[22m
[2m      },[22m
[32m-     "select": Any<Object>,[90m
[31m+     "select": {[90m
[31m+       "category": true,[90m
[31m+       "description": true,[90m
[31m+       "expiresAt": true,[90m
[31m+       "id": true,[90m
[31m+       "liquidity": true,[90m
[31m+       "marketType": true,[90m
[31m+       "polymarketId": true,[90m
[31m+       "status": true,[90m
[31m+       "thatOdds": true,[90m
[31m+       "thatOption": true,[90m
[31m+       "thisOdds": true,[90m
[31m+       "thisOption": true,[90m
[31m+       "title": true,[90m
[31m+     },[90m
[31m+     "skip": 0,[90m
[2m      "take": 20,[22m
[2m      "where": {[22m
[2m        "category": {[22m
[2m          "equals": "crypto",[22m
[2m          "mode": "insensitive",[22m
[31m[90m

Number of calls: [1m1[22m
[31m[39m
[36m [2m❯[22m src/features/markets/__tests__/markets.services.test.ts:[2m91:42[22m[39m
    [90m 89| [39m
    [90m 90| [39m      [34mexpect[39m(result)[33m.[39m[34mtoHaveLength[39m([34m1[39m)[33m;[39m
    [90m 91| [39m      [34mexpect[39m(mockPrisma[33m.[39mmarket[33m.[39mfindMany)[33m.[39m[34mtoHaveBeenCalledWith[39m({
    [90m   | [39m                                         [31m^[39m
    [90m 92| [39m        where[33m:[39m {
    [90m 93| [39m          status[33m:[39m [32m'open'[39m[33m,[39m

[31m[2m⎯⎯⎯⎯⎯⎯⎯⎯⎯⎯⎯⎯⎯⎯⎯⎯⎯⎯⎯⎯⎯⎯[12/28]⎯[22m[39m

[41m[1m FAIL [22m[49m src/features/markets/__tests__/markets.services.test.ts[2m > [22mMarkets Service[2m > [22mgetMarketById[2m > [22mshould return market by ID
[31m[1mAssertionError[22m: expected { id: 'market-1', …(4) } to deeply equal { id: 'market-1', …(2) }[39m

[32m- Expected[39m
[31m+ Received[39m

[2m  {[22m
[31m+   "author": null,[39m
[2m    "id": "market-1",[22m
[31m+   "imageUrl": null,[39m
[2m    "polymarketId": "0x123",[22m
[2m    "title": "Test Market",[22m
[2m  }[22m

[36m [2m❯[22m src/features/markets/__tests__/markets.services.test.ts:[2m115:22[22m[39m
    [90m113| [39m      [35mconst[39m result [33m=[39m [35mawait[39m marketsService[33m.[39m[34mgetMarketById[39m([32m'market-1'[39m)[33m;[39m
    [90m114| [39m
    [90m115| [39m      [34mexpect[39m(result)[33m.[39m[34mtoEqual[39m(mockMarket)[33m;[39m
    [90m   | [39m                     [31m^[39m
    [90m116| [39m      [34mexpect[39m(mockPrisma[33m.[39mmarket[33m.[39mfindUnique)[33m.[39m[34mtoHaveBeenCalledWith[39m({
    [90m117| [39m        where[33m:[39m { id[33m:[39m [32m'market-1'[39m }[33m,[39m

[31m[2m⎯⎯⎯⎯⎯⎯⎯⎯⎯⎯⎯⎯⎯⎯⎯⎯⎯⎯⎯⎯⎯⎯[13/28]⎯[22m[39m

[41m[1m FAIL [22m[49m src/features/fetching/event-market-group/__tests__/event-market-group.services.test.ts[2m > [22mEvent-Market Group Services[2m > [22mfetchAndSaveEventMarketGroups[2m > [22mshould fetch and save event-market groups successfully
[31m[1mAssertionError[22m: expected 50 to be 1 // Object.is equality[39m

[32m- Expected[39m
[31m+ Received[39m

[32m- 1[39m
[31m+ 50[39m

[36m [2m❯[22m src/features/fetching/event-market-group/__tests__/event-market-group.services.test.ts:[2m84:28[22m[39m
    [90m 82| [39m      const result = await eventMarketGroupService.fetchAndSaveEventMa…
    [90m 83| [39m
    [90m 84| [39m      [34mexpect[39m(result[33m.[39msaved)[33m.[39m[34mtoBe[39m([34m1[39m)[33m;[39m
    [90m   | [39m                           [31m^[39m
    [90m 85| [39m      [34mexpect[39m(result[33m.[39merrors)[33m.[39m[34mtoBe[39m([34m0[39m)[33m;[39m
    [90m 86| [39m      [34mexpect[39m(eventsCollection[33m.[39mupdateOne)[33m.[39m[34mtoHaveBeenCalled[39m()[33m;[39m

[31m[2m⎯⎯⎯⎯⎯⎯⎯⎯⎯⎯⎯⎯⎯⎯⎯⎯⎯⎯⎯⎯⎯⎯[14/28]⎯[22m[39m

[41m[1m FAIL [22m[49m src/features/fetching/event-market-group/__tests__/event-market-group.services.test.ts[2m > [22mEvent-Market Group Services[2m > [22mfetchAndSaveEventMarketGroups[2m > [22mshould skip events without markets
[31m[1mAssertionError[22m: expected 50 to be +0 // Object.is equality[39m

[32m- Expected[39m
[31m+ Received[39m

[32m- 0[39m
[31m+ 50[39m

[36m [2m❯[22m src/features/fetching/event-market-group/__tests__/event-market-group.services.test.ts:[2m110:28[22m[39m
    [90m108| [39m      const result = await eventMarketGroupService.fetchAndSaveEventMa…
    [90m109| [39m
    [90m110| [39m      [34mexpect[39m(result[33m.[39msaved)[33m.[39m[34mtoBe[39m([34m0[39m)[33m;[39m
    [90m   | [39m                           [31m^[39m
    [90m111| [39m      [34mexpect[39m(result[33m.[39merrors)[33m.[39m[34mtoBe[39m([34m0[39m)[33m;[39m
    [90m112| [39m    })[33m;[39m

[31m[2m⎯⎯⎯⎯⎯⎯⎯⎯⎯⎯⎯⎯⎯⎯⎯⎯⎯⎯⎯⎯⎯⎯[15/28]⎯[22m[39m

[41m[1m FAIL [22m[49m src/features/fetching/event-market-group/__tests__/event-market-group.services.test.ts[2m > [22mEvent-Market Group Services[2m > [22mfetchAndSaveEventMarketGroups[2m > [22mshould handle active filter
[31m[1mAssertionError[22m: expected "vi.fn()" to be called with arguments: [ { closed: false, limit: 50 } ][90m

Number of calls: [1m0[22m
[31m[39m
[36m [2m❯[22m src/features/fetching/event-market-group/__tests__/event-market-group.services.test.ts:[2m119:46[22m[39m
    [90m117| [39m      await eventMarketGroupService.fetchAndSaveEventMarketGroups({ ac…
    [90m118| [39m
    [90m119| [39m      [34mexpect[39m(mockPolymarketClient[33m.[39mgetEvents)[33m.[39m[34mtoHaveBeenCalledWith[39m({
    [90m   | [39m                                             [31m^[39m
    [90m120| [39m        closed[33m:[39m [35mfalse[39m[33m,[39m
    [90m121| [39m        limit[33m:[39m [34m50[39m[33m,[39m

[31m[2m⎯⎯⎯⎯⎯⎯⎯⎯⎯⎯⎯⎯⎯⎯⎯⎯⎯⎯⎯⎯⎯⎯[16/28]⎯[22m[39m

[41m[1m FAIL [22m[49m src/features/fetching/event-market-group/__tests__/event-market-group.services.test.ts[2m > [22mEvent-Market Group Services[2m > [22mfetchAndSaveEventMarketGroups[2m > [22mshould handle limit option
[31m[1mAssertionError[22m: expected "vi.fn()" to be called with arguments: [ { closed: undefined, limit: 10 } ][90m

Number of calls: [1m0[22m
[31m[39m
[36m [2m❯[22m src/features/fetching/event-market-group/__tests__/event-market-group.services.test.ts:[2m130:46[22m[39m
    [90m128| [39m      await eventMarketGroupService.fetchAndSaveEventMarketGroups({ li…
    [90m129| [39m
    [90m130| [39m      [34mexpect[39m(mockPolymarketClient[33m.[39mgetEvents)[33m.[39m[34mtoHaveBeenCalledWith[39m({
    [90m   | [39m                                             [31m^[39m
    [90m131| [39m        closed[33m:[39m undefined[33m,[39m
    [90m132| [39m        limit[33m:[39m [34m10[39m[33m,[39m

[31m[2m⎯⎯⎯⎯⎯⎯⎯⎯⎯⎯⎯⎯⎯⎯⎯⎯⎯⎯⎯⎯⎯⎯[17/28]⎯[22m[39m

[41m[1m FAIL [22m[49m src/features/fetching/event-market-group/__tests__/event-market-group.services.test.ts[2m > [22mEvent-Market Group Services[2m > [22mfetchAndSaveEventMarketGroups[2m > [22mshould handle errors gracefully
[31m[1mAssertionError[22m: expected +0 to be 1 // Object.is equality[39m

[32m- Expected[39m
[31m+ Received[39m

[32m- 1[39m
[31m+ 0[39m

[36m [2m❯[22m src/features/fetching/event-market-group/__tests__/event-market-group.services.test.ts:[2m160:29[22m[39m
    [90m158| [39m      const result = await eventMarketGroupService.fetchAndSaveEventMa…
    [90m159| [39m
    [90m160| [39m      [34mexpect[39m(result[33m.[39merrors)[33m.[39m[34mtoBe[39m([34m1[39m)[33m;[39m
    [90m   | [39m                            [31m^[39m
    [90m161| [39m      [34mexpect[39m(result[33m.[39msaved)[33m.[39m[34mtoBe[39m([34m0[39m)[33m;[39m
    [90m162| [39m    })[33m;[39m

[31m[2m⎯⎯⎯⎯⎯⎯⎯⎯⎯⎯⎯⎯⎯⎯⎯⎯⎯⎯⎯⎯⎯⎯[18/28]⎯[22m[39m

[41m[1m FAIL [22m[49m src/features/fetching/event-market-group/__tests__/event-market-group.services.test.ts[2m > [22mEvent-Market Group Services[2m > [22mfetchAndSaveEventMarketGroups[2m > [22mshould determine event status correctly
[31m[1mAssertionError[22m: expected "vi.fn()" to be called with arguments: [ { eventId: 'event-123' }, …(2) ][90m

Number of calls: [1m0[22m
[31m[39m
[36m [2m❯[22m src/features/fetching/event-market-group/__tests__/event-market-group.services.test.ts:[2m182:42[22m[39m
    [90m180| [39m      [35mawait[39m eventMarketGroupService[33m.[39m[34mfetchAndSaveEventMarketGroups[39m()[33m;[39m
    [90m181| [39m
    [90m182| [39m      [34mexpect[39m(eventsCollection[33m.[39mupdateOne)[33m.[39m[34mtoHaveBeenCalledWith[39m(
    [90m   | [39m                                         [31m^[39m
    [90m183| [39m        { eventId[33m:[39m [32m'event-123'[39m }[33m,[39m
    [90m184| [39m        expect[33m.[39m[34mobjectContaining[39m({

[31m[2m⎯⎯⎯⎯⎯⎯⎯⎯⎯⎯⎯⎯⎯⎯⎯⎯⎯⎯⎯⎯⎯⎯[19/28]⎯[22m[39m

[41m[1m FAIL [22m[49m src/features/fetching/event-market-group/__tests__/event-market-group.services.test.ts[2m > [22mEvent-Market Group Services[2m > [22mgetAllEventMarketGroups[2m > [22mshould return all event-market groups
[31m[1mAssertionError[22m: expected [ { …(14) }, { …(14) }, …(48) ] to deeply equal [ { eventId: 'event-1', …(2) } ][39m

[32m- Expected[39m
[31m+ Received[39m

[2m  [[22m
[2m    {[22m
[32m-     "eventId": "event-1",[39m
[32m-     "eventTitle": "Event 1",[39m
[32m-     "markets": [],[39m
[31m+     "_id": "6927db32f2bec3838f4c01a2",[39m
[31m+     "category": null,[39m
[31m+     "createdAt": 2025-11-27T06:23:26.312Z,[39m
[31m+     "eventDescription": "This market will resolve to \"Yes\" if the combined weight of the Magnificent Seven stocks (Apple, Microsoft, Amazon, Google (Alphabet Class A and C), Meta, Tesla, and Nvidia) in the S&P 500 index, calculated using the official S&P 500 index weighting formula, falls below 25% on any trading day (using market close prices) by the last day of trading in 2025. Otherwise, this market will resolve to \"No.\"[39m
[31m+[39m
[31m+ The resolution source for this market will be daily closes prices applied to the weighting formula for the S&P 500. ",[39m
[31m+     "eventIcon": "https://polymarket-upload.s3.us-east-2.amazonaws.com/magnificent-7-less-than-25-of-sp-500-in-2025-r-WEpFn654QB.jpg",[39m
[31m+     "eventId": "16388",[39m
[31m+     "eventImage": "https://polymarket-upload.s3.us-east-2.amazonaws.com/magnificent-7-less-than-25-of-sp-500-in-2025-r-WEpFn654QB.jpg",[39m
[31m+     "eventSlug": "magnificent-7-less-than-25-of-sp-500-in-2025",[39m
[31m+     "eventTitle": "Magnificent 7 shrinks below 25% of S&P 500 in 2025?",[39m
[31m+     "markets": [[39m
[31m+       {[39m
[31m+         "author": "0x91430CaD2d3975766499717fA0D66A78D814E5c5",[39m
[31m+         "category": null,[39m
[31m+         "conditionId": "0x8c4d767c9d60888259b704510bf688d8bce4180610762d23b9e7a363994c74fe",[39m
[31m+         "createdAt": 2025-11-27T06:23:26.311Z,[39m
[31m+         "description": "This market will resolve to \"Yes\" if the combined weight of the Magnificent Seven stocks (Apple, Microsoft, Amazon, Google (Alphabet Class A and C), Meta, Tesla, and Nvidia) in the S&P 500 index, calculated using the official S&P 500 index weighting formula, falls below 25% on any trading day (using market close prices) by the last day of trading in 2025. Otherwise, this market will resolve to \"No.\"[39m
[31m+[39m
[31m+ The resolution source for this market will be daily closes prices applied to the weighting formula for the S&P 500. ",[39m
[31m+         "endDate": "2025-12-31",[39m
[31m+         "featured": false,[39m
[31m+         "liquidity": null,[39m
[31m+         "marketSlug": null,[39m
[31m+         "question": "Magnificent 7 shrinks below 25% of S&P 500 in 2025?",[39m
[31m+         "questionId": "0x320846d92c5209e27488b6ad58df002fbb28b061957aa8dcac0f4bddbb7c7e19",[39m
[31m+         "source": "polymarket",[39m
[31m+         "startDate": null,[39m
[31m+         "status": "active",[39m
[31m+         "tags": null,[39m
[31m+         "thatOdds": null,[39m
[31m+         "thatOption": "No",[39m
[31m+         "thisOdds": null,[39m
[31m+         "thisOption": "Yes",[39m
[31m+         "updatedAt": 2025-11-27T06:23:26.311Z,[39m
[31m+         "volume": null,[39m
[31m+         "volume24hr": null,[39m
[31m+       },[39m
[31m+     ],[39m
[31m+     "status": "active",[39m
[31m+     "totalLiquidity": 0,[39m
[31m+     "totalVolume": 0,[39m
[31m+     "updatedAt": 2025-11-27T06:23:26.312Z,[39m
[31m+   },[39m
[31m+   {[39m
[31m+     "_id": "6927db32f2bec3838f4c01a1",[39m
[31m+     "category": null,[39m
[31m+     "createdAt": 2025-11-27T06:23:26.310Z,[39m
[31m+     "eventDescription": "During the 2024 FY ICE removed 271,484 non citizens (see: https://www.ice.gov/doclib/eoy/iceAnnualReportFY2024.pdf).[39m
[31m+[39m
[31m+ This market will resolve to \"Yes\" if U.S. Immigration and Customs Enforcement (ICE) removes 750,000 or more non citizens in the 2025 fiscal year. Otherwise, this market ill resolve to \"No\".[39m
[31m+[39m
[31m+ The resolution source will be the FY 2025 ICE Annual Report. If the FY 2025 ICE Annual Report is not published by February 28, 2026, 11:59 PM ET, another credible resolution source will be used. ",[39m
[31m+     "eventIcon": "https://polymarket-upload.s3.us-east-2.amazonaws.com/will-trump-deport-750000-or-more-people-in-2025-xhG2x_HIG7ZG.jpg",[39m
[31m+     "eventId": "16284",[39m
[31m+     "eventImage": "https://polymarket-upload.s3.us-east-2.amazonaws.com/will-trump-deport-750000-or-more-people-in-2025-xhG2x_HIG7ZG.jpg",[39m
[31m+     "eventSlug": "will-trump-deport-750000-or-more-people-in-2025",[39m
[31m+     "eventTitle": "Will Trump deport 750,000 or more people in 2025?",[39m
[31m+     "markets": [[39m
[31m+       {[39m
[31m+         "author": "0x91430CaD2d3975766499717fA0D66A78D814E5c5",[39m
[31m+         "category": null,[39m
[31m+         "conditionId": "0x22ac5f75af18fdb453497fbf7ac0606a09a6fd55b78b2d08aace6b946ad62038",[39m
[31m+         "createdAt": 2025-11-27T06:23:26.309Z,[39m
[31m+         "description": "During the 2024 FY ICE removed 271,484 non citizens (see: https://www.ice.gov/doclib/eoy/iceAnnualReportFY2024.pdf).[39m
[31m+[39m
[31m+ This market will resolve to \"Yes\" if U.S. Immigration and Customs Enforcement (ICE) removes 750,000 or more non citizens in the 2025 fiscal year. Otherwise, this market ill resolve to \"No\".[39m
[31m+[39m
[31m+ The resolution source will be the FY 2025 ICE Annual Report. If the FY 2025 ICE Annual Report is not published by February 28, 2026, 11:59 PM ET, another credible resolution source will be used. ",[39m
[31m+         "endDate": "2025-12-31",[39m
[31m+         "featured": false,[39m
[31m+         "liquidity": null,[39m
[31m+         "marketSlug": null,[39m
[31m+         "question": "Will Trump deport 750,000 or more people in 2025?",[39m
[31m+         "questionId": "0x7b5cda8550767ca9c93b25352e94fb53d17f8f54468a112320b7013ff4a3424e",[39m
[31m+         "source": "polymarket",[39m
[31m+         "startDate": null,[39m
[31m+         "status": "active",[39m
[31m+         "tags": null,[39m
[31m+         "thatOdds": null,[39m
[31m+         "thatOption": "No",[39m
[31m+         "thisOdds": null,[39m
[31m+         "thisOption": "Yes",[39m
[31m+         "updatedAt": 2025-11-27T06:23:26.309Z,[39m
[31m+         "volume": null,[39m
[31m+         "volume24hr": null,[39m
[31m+       },[39m
[31m+     ],[39m
[31m+     "status": "active",[39m
[31m+     "totalLiquidity": 0,[39m
[31m+     "totalVolume": 0,[39m
[31m+     "updatedAt": 2025-11-27T06:23:26.310Z,[39m
[31m+   },[39m
[31m+   {[39m
[31m+     "_id": "6927db32f2bec3838f4c01a0",[39m
[31m+     "category": null,[39m
[31m+     "createdAt": 2025-11-27T06:23:26.308Z,[39m
[31m+     "eventDescription": "This is a market on the prediction of the number of people Trump will deport in 2025.",[39m
[31m+     "eventIcon": "https://polymarket-upload.s3.us-east-2.amazonaws.com/how-many-people-will-trump-deport-in-2025-0f3mpbc_YDbk.jpg",[39m
[31m+     "eventId": "16282",[39m
[31m+     "eventImage": "https://polymarket-upload.s3.us-east-2.amazonaws.com/how-many-people-will-trump-deport-in-2025-0f3mpbc_YDbk.jpg",[39m
[31m+     "eventSlug": "how-many-people-will-trump-deport-in-2025",[39m
[31m+     "eventTitle": "How many people will Trump deport in 2025?",[39m
[31m+     "markets": [[39m
[31m+       {[39m
[31m+         "author": "0x91430CaD2d3975766499717fA0D66A78D814E5c5",[39m
[31m+         "category": null,[39m
[31m+         "conditionId": "0xaf9d0e448129a9f657f851d49495ba4742055d80e0ef1166ba0ee81d4d594214",[39m
[31m+         "createdAt": 2025-11-27T06:23:26.299Z,[39m
[31m+         "description": "During the 2024 FY ICE removed 271,484 non citizens (see: https://www.ice.gov/doclib/eoy/iceAnnualReportFY2024.pdf).[39m
[31m+[39m
[31m+ This market will resolve to \"Yes\" if U.S. Immigration and Customs Enforcement (ICE) removes less than 250,000 non citizens in the 2025 fiscal year. Otherwise, this market ill resolve to \"No\".[39m
[31m+[39m
[31m+ The resolution source will be the FY 2025 ICE Annual Report. If the FY 2025 ICE Annual Report is not published by February 28, 2026, 11:59 PM ET, another credible resolution source will be used. ",[39m
[31m+         "endDate": "2025-12-31",[39m
[31m+         "featured": false,[39m
[31m+         "liquidity": null,[39m
[31m+         "marketSlug": null,[39m
[31m+         "question": "Will Trump deport less than 250,000?",[39m
[31m+         "questionId": "0xa69729ae3d9838ec5754e0f74bf57dedd5ddbecd9e31b15a04f48f081168ba00",[39m
[31m+         "source": "polymarket",[39m
[31m+         "startDate": null,[39m
[31m+         "status": "active",[39m
[31m+         "tags": null,[39m
[31m+         "thatOdds": null,[39m
[31m+         "thatOption": "No",[39m
[31m+         "thisOdds": null,[39m
[31m+         "thisOption": "Yes",[39m
[31m+         "updatedAt": 2025-11-27T06:23:26.299Z,[39m
[31m+         "volume": null,[39m
[31m+         "volume24hr": null,[39m
[31m+       },[39m
[31m+       {[39m
[31m+         "author": "0x91430CaD2d3975766499717fA0D66A78D814E5c5",[39m
[31m+         "category": null,[39m
[31m+         "conditionId": "0x49686d26fb712515cd5e12c23f0a1c7e10214c7faa3cb0a730aabe0c33694082",[39m
[31m+         "createdAt": 2025-11-27T06:23:26.300Z,[39m
[31m+         "description": "During the 2024 FY ICE removed 271,484 non citizens (see: https://www.ice.gov/doclib/eoy/iceAnnualReportFY2024.pdf).[39m
[31m+[39m
[31m+ This market will resolve to \"Yes\" if U.S. Immigration and Customs Enforcement (ICE) removes between 250,000 (inclusive) and 500,000 (exclusive) non citizens in the 2025 fiscal year. Otherwise, this market ill resolve to \"No\".[39m
[31m+[39m
[31m+ The resolution source will be the FY 2025 ICE Annual Report. If the FY 2025 ICE Annual Report is not published by February 28, 2026, 11:59 PM ET, another credible resolution source will be used. ",[39m
[31m+         "endDate": "2025-12-31",[39m
[31m+         "featured": false,[39m
[31m+         "liquidity": null,[39m
[31m+         "marketSlug": null,[39m
[31m+         "question": "Will Trump deport 250,000-500,000 people?",[39m
[31m+         "questionId": "0xa69729ae3d9838ec5754e0f74bf57dedd5ddbecd9e31b15a04f48f081168ba01",[39m
[31m+         "source": "polymarket",[39m
[31m+         "startDate": null,[39m
[31m+         "status": "active",[39m
[31m+         "tags": null,[39m
[31m+         "thatOdds": null,[39m
[31m+         "thatOption": "No",[39m
[31m+         "thisOdds": null,[39m
[31m+         "thisOption": "Yes",[39m
[31m+         "updatedAt": 2025-11-27T06:23:26.300Z,[39m
[31m+         "volume": null,[39m
[31m+         "volume24hr": null,[39m
[31m+       },[39m
[31m+       {[39m
[31m+         "author": "0x91430CaD2d3975766499717fA0D66A78D814E5c5",[39m
[31m+         "category": null,[39m
[31m+         "conditionId": "0x2393ed0b0fdc450054c7b9071907eca75cf4fc36e385adf4a0a5f99ee62243e8",[39m
[31m+         "createdAt": 2025-11-27T06:23:26.301Z,[39m
[31m+         "description": "During the 2024 FY ICE removed 271,484 non citizens (see: https://www.ice.gov/doclib/eoy/iceAnnualReportFY2024.pdf).[39m
[31m+[39m
[31m+ This market will resolve to \"Yes\" if U.S. Immigration and Customs Enforcement (ICE) removes between 500,000 (inclusive) and 750,000 (exclusive) non citizens in the 2025 fiscal year. Otherwise, this market ill resolve to \"No\".[39m
[31m+[39m
[31m+ The resolution source will be the FY 2025 ICE Annual Report. If the FY 2025 ICE Annual Report is not published by February 28, 2026, 11:59 PM ET, another credible resolution source will be used. ",[39m
[31m+         "endDate": "2025-12-31",[39m
[31m+         "featured": false,[39m
[31m+         "liquidity": null,[39m
[31m+         "marketSlug": null,[39m
[31m+         "question": "Will Trump deport 500,000-750,000- people?",[39m
[31m+         "questionId": "0xa69729ae3d9838ec5754e0f74bf57dedd5ddbecd9e31b15a04f48f081168ba02",[39m
[31m+         "source": "polymarket",[39m
[31m+         "startDate": null,[39m
[31m+         "status": "active",[39m
[31m+         "tags": null,[39m
[31m+         "thatOdds": null,[39m
[31m+         "thatOption": "No",[39m
[31m+         "thisOdds": null,[39m
[31m+         "thisOption": "Yes",[39m
[31m+         "updatedAt": 2025-11-27T06:23:26.301Z,[39m
[31m+         "volume": null,[39m
[31m+         "volume24hr": null,[39m
[31m+       },[39m
[31m+       {[39m
[31m+         "author": "0x91430CaD2d3975766499717fA0D66A78D814E5c5",[39m
[31m+         "category": null,[39m
[31m+         "conditionId": "0x44f08744458b8896620cd3330bc5e1ea69df4199b02d4fc583b3fc96e5d314ce",[39m
[31m+         "createdAt": 2025-11-27T06:23:26.303Z,[39m
[31m+         "description": "During the 2024 FY ICE removed 271,484 non citizens (see: https://www.ice.gov/doclib/eoy/iceAnnualReportFY2024.pdf).[39m
[31m+[39m
[31m+ This market will resolve to \"Yes\" if U.S. Immigration and Customs Enforcement (ICE) removes between 750,000 (inclusive) and 1,000,000 (exclusive) non citizens in the 2025 fiscal year. Otherwise, this market ill resolve to \"No\".[39m
[31m+[39m
[31m+ The resolution source will be the FY 2025 ICE Annual Report. If the FY 2025 ICE Annual Report is not published by February 28, 2026, 11:59 PM ET, another credible resolution source will be used. ",[39m
[31m+         "endDate": "2025-12-31",[39m
[31m+         "featured": false,[39m
[31m+         "liquidity": null,[39m
[31m+         "marketSlug": null,[39m
[31m+         "question": "Will Trump deport 750,000-1,000,000 people?",[39m
[31m+         "questionId": "0xa69729ae3d9838ec5754e0f74bf57dedd5ddbecd9e31b15a04f48f081168ba03",[39m
[31m+         "source": "polymarket",[39m
[31m+         "startDate": null,[39m
[31m+         "status": "active",[39m
[31m+         "tags": null,[39m
[31m+         "thatOdds": null,[39m
[31m+         "thatOption": "No",[39m
[31m+         "thisOdds": null,[39m
[31m+         "thisOption": "Yes",[39m
[31m+         "updatedAt": 2025-11-27T06:23:26.303Z,[39m
[31m+         "volume": null,[39m
[31m+         "volume24hr": null,[39m
[31m+       },[39m
[31m+       {[39m
[31m+         "author": "0x91430CaD2d3975766499717fA0D66A78D814E5c5",[39m
[31m+         "category": null,[39m
[31m+         "conditionId": "0x49a20c7523c271099008f3ef9a31521263b24d637959852a391e6b4697b1a437",[39m
[31m+         "createdAt": 2025-11-27T06:23:26.303Z,[39m
[31m+         "description": "During the 2024 FY ICE removed 271,484 non citizens (see: https://www.ice.gov/doclib/eoy/iceAnnualReportFY2024.pdf).[39m
[31m+[39m
[31m+ This market will resolve to \"Yes\" if U.S. Immigration and Customs Enforcement (ICE) removes between 1,00,000 (inclusive) and 1,250,000 (exclusive) non citizens in the 2025 fiscal year. Otherwise, this market ill resolve to \"No\".[39m
[31m+[39m
[31m+ The resolution source will be the FY 2025 ICE Annual Report. If the FY 2025 ICE Annual Report is not published by February 28, 2026, 11:59 PM ET, another credible resolution source will be used. ",[39m
[31m+         "endDate": "2025-12-31",[39m
[31m+         "featured": false,[39m
[31m+         "liquidity": null,[39m
[31m+         "marketSlug": null,[39m
[31m+         "question": "Will Trump deport 1,000,000-1,250,000 people?",[39m
[31m+         "questionId": "0xa69729ae3d9838ec5754e0f74bf57dedd5ddbecd9e31b15a04f48f081168ba04",[39m
[31m+         "source": "polymarket",[39m
[31m+         "startDate": null,[39m
[31m+         "status": "active",[39m
[31m+         "tags": null,[39m
[31m+         "thatOdds": null,[39m
[31m+         "thatOption": "No",[39m
[31m+         "thisOdds": null,[39m
[31m+         "thisOption": "Yes",[39m
[31m+         "updatedAt": 2025-11-27T06:23:26.303Z,[39m
[31m+         "volume": null,[39m
[31m+         "volume24hr": null,[39m
[31m+       },[39m
[31m+       {[39m
[31m+         "author": "0x91430CaD2d3975766499717fA0D66A78D814E5c5",[39m
[31m+         "category": null,[39m
[31m+         "conditionId": "0x50c669f178da4e5bbea7f1be25041fd278914712fa87a6a6f8e57d5923d88dee",[39m
[31m+         "createdAt": 2025-11-27T06:23:26.304Z,[39m
[31m+         "description": "During the 2024 FY ICE removed 271,484 non citizens (see: https://www.ice.gov/doclib/eoy/iceAnnualReportFY2024.pdf).[39m
[31m+[39m
[31m+ This market will resolve to \"Yes\" if U.S. Immigration and Customs Enforcement (ICE) removes between 1,750,000 (inclusive) and 2,000,000 (exclusive) non citizens in the 2025 fiscal year. Otherwise, this market ill resolve to \"No\".[39m
[31m+[39m
[31m+ The resolution source will be the FY 2025 ICE Annual Report. If the FY 2025 ICE Annual Report is not published by February 28, 2026, 11:59 PM ET, another credible resolution source will be used. ",[39m
[31m+         "endDate": "2025-12-31",[39m
[31m+         "featured": false,[39m
[31m+         "liquidity": null,[39m
[31m+         "marketSlug": null,[39m
[31m+         "question": "Will Trump deport 1,750,000-2,000,000 people?",[39m
[31m+         "questionId": "0xa69729ae3d9838ec5754e0f74bf57dedd5ddbecd9e31b15a04f48f081168ba07",[39m
[31m+         "source": "polymarket",[39m
[31m+         "startDate": null,[39m
[31m+         "status": "active",[39m
[31m+         "tags": null,[39m
[31m+         "thatOdds": null,[39m
[31m+         "thatOption": "No",[39m
[31m+         "thisOdds": null,[39m
[31m+         "thisOption": "Yes",[39m
[31m+         "updatedAt": 2025-11-27T06:23:26.304Z,[39m
[31m+         "volume": null,[39m
[31m+         "volume24hr": null,[39m
[31m+       },[39m
[31m+       {[39m
[31m+         "author": "0x91430CaD2d3975766499717fA0D66A78D814E5c5",[39m
[31m+         "category": null,[39m
[31m+         "conditionId": "0x9472be65457510b7fc3477b20ba90910e99d92eac8421a14bf4b7b7a08ef31dc",[39m
[31m+         "createdAt": 2025-11-27T06:23:26.305Z,[39m
[31m+         "description": "During the 2024 FY ICE removed 271,484 non citizens (see: https://www.ice.gov/doclib/eoy/iceAnnualReportFY2024.pdf).[39m
[31m+[39m
[31m+ This market will resolve to \"Yes\" if U.S. Immigration and Customs Enforcement (ICE) removes between 1,250,000 (inclusive) and 1,500,000 (exclusive) non citizens in the 2025 fiscal year. Otherwise, this market ill resolve to \"No\".[39m
[31m+[39m
[31m+ The resolution source will be the FY 2025 ICE Annual Report. If the FY 2025 ICE Annual Report is not published by February 28, 2026, 11:59 PM ET, another credible resolution source will be used. ",[39m
[31m+         "endDate": "2025-12-31",[39m
[31m+         "featured": false,[39m
[31m+         "liquidity": null,[39m
[31m+         "marketSlug": null,[39m
[31m+         "question": "Will Trump deport 1,250,000-1,500,000 people?",[39m
[31m+         "questionId": "0xa69729ae3d9838ec5754e0f74bf57dedd5ddbecd9e31b15a04f48f081168ba05",[39m
[31m+         "source": "polymarket",[39m
[31m+         "startDate": null,[39m
[31m+         "status": "active",[39m
[31m+         "tags": null,[39m
[31m+         "thatOdds": null,[39m
[31m+         "thatOption": "No",[39m
[31m+         "thisOdds": null,[39m
[31m+         "thisOption": "Yes",[39m
[31m+         "updatedAt": 2025-11-27T06:23:26.305Z,[39m
[31m+         "volume": null,[39m
[31m+         "volume24hr": null,[39m
[31m+       },[39m
[31m+       {[39m
[31m+         "author": "0x91430CaD2d3975766499717fA0D66A78D814E5c5",[39m
[31m+         "category": null,[39m
[31m+         "conditionId": "0xc55db914f0fd1fee18997706712c0dfd8d0369cdbef93a9fef12bd001914ca77",[39m
[31m+         "createdAt": 2025-11-27T06:23:26.307Z,[39m
[31m+         "description": "During the 2024 FY ICE removed 271,484 non citizens (see: https://www.ice.gov/doclib/eoy/iceAnnualReportFY2024.pdf).[39m
[31m+[39m
[31m+ This market will resolve to \"Yes\" if U.S. Immigration and Customs Enforcement (ICE) removes between 1,500,000 (inclusive) and 1,750,000 (exclusive) non citizens in the 2025 fiscal year. Otherwise, this market ill resolve to \"No\".[39m
[31m+[39m
[31m+ The resolution source will be the FY 2025 ICE Annual Report. If the FY 2025 ICE Annual Report is not published by February 28, 2026, 11:59 PM ET, another credible resolution source will be used. ",[39m
[31m+         "endDate": "2025-12-31",[39m
[31m+         "featured": false,[39m
[31m+         "liquidity": null,[39m
[31m+         "marketSlug": null,[39m
[31m+         "question": "Will Trump deport 1,500,000-1,750,000 people?",[39m
[31m+         "questionId": "0xa69729ae3d9838ec5754e0f74bf57dedd5ddbecd9e31b15a04f48f081168ba06",[39m
[31m+         "source": "polymarket",[39m
[31m+         "startDate": null,[39m
[31m+         "status": "active",[39m
[31m+         "tags": null,[39m
[31m+         "thatOdds": null,[39m
[31m+         "thatOption": "No",[39m
[31m+         "thisOdds": null,[39m
[31m+         "thisOption": "Yes",[39m
[31m+         "updatedAt": 2025-11-27T06:23:26.307Z,[39m
[31m+         "volume": null,[39m
[31m+         "volume24hr": null,[39m
[31m+       },[39m
[31m+       {[39m
[31m+         "author": "0x91430CaD2d3975766499717fA0D66A78D814E5c5",[39m
[31m+         "category": null,[39m
[31m+         "conditionId": "0xb9bbdd34304344dcc45803780a34c97d73a00133a5ecf70f63e1008b8abb2fca",[39m
[31m+         "createdAt": 2025-11-27T06:23:26.307Z,[39m
[31m+         "description": "During the 2024 FY ICE removed 271,484 non citizens (see: https://www.ice.gov/doclib/eoy/iceAnnualReportFY2024.pdf).[39m
[31m+[39m
[31m+ This market will resolve to \"Yes\" if U.S. Immigration and Customs Enforcement (ICE) removes 2,000,000 or more non citizens in the 2025 fiscal year. Otherwise, this market ill resolve to \"No\".[39m
[31m+[39m
[31m+ The resolution source will be the FY 2025 ICE Annual Report. If the FY 2025 ICE Annual Report is not published by February 28, 2026, 11:59 PM ET, another credible resolution source will be used. ",[39m
[31m+         "endDate": "2025-12-31",[39m
[31m+         "featured": false,[39m
[31m+         "liquidity": null,[39m
[31m+         "marketSlug": null,[39m
[31m+         "question": "Will Trump deport 2,000,000 or more people?",[39m
[31m+         "questionId": "0xa69729ae3d9838ec5754e0f74bf57dedd5ddbecd9e31b15a04f48f081168ba08",[39m
[31m+         "source": "polymarket",[39m
[31m+         "startDate": null,[39m
[31m+         "status": "active",[39m
[31m+         "tags": null,[39m
[31m+         "thatOdds": null,[39m
[31m+         "thatOption": "No",[39m
[31m+         "thisOdds": null,[39m
[31m+         "thisOption": "Yes",[39m
[31m+         "updatedAt": 2025-11-27T06:23:26.307Z,[39m
[31m+         "volume": null,[39m
[31m+         "volume24hr": null,[39m
[31m+       },[39m
[31m+     ],[39m
[31m+     "status": "active",[39m
[31m+     "totalLiquidity": 0,[39m
[31m+     "totalVolume": 0,[39m
[31m+     "updatedAt": 2025-11-27T06:23:26.308Z,[39m
[31m+   },[39m
[31m+   {[39m
[31m+     "_id": "6927db32f2bec3838f4c019f",[39m
[31m+     "category": null,[39m
[31m+     "createdAt": 2025-11-27T06:23:26.297Z,[39m
[31m+     "eventDescription": "This market will resolve to \"Yes\" if Emmanuel Macron ceases to be President of France for any length of time between January 2 and December 31, 2025, 11:59 PM ET (inclusive). Otherwise, this market will resolve to \"No\".[39m
[31m+[39m
[31m+ If Macron departs from office before the expiry date, the market should resolve immediately.[39m
[31m+[39m
[31m+ The primary resolution source for this market will be information from the government of France, however a consensus of credible reporting will also be used.",[39m
[31m+     "eventIcon": "https://polymarket-upload.s3.us-east-2.amazonaws.com/macron+tight+lip.png",[39m
[31m+     "eventId": "16263",[39m
[31m+     "eventImage": "https://polymarket-upload.s3.us-east-2.amazonaws.com/macron+tight+lip.png",[39m
[31m+     "eventSlug": "macron-out-in-2025",[39m
[31m+     "eventTitle": "Macron out by...?",[39m
[31m+     "markets": [[39m
[31m+       {[39m
[31m+         "author": "0x91430CaD2d3975766499717fA0D66A78D814E5c5",[39m
[31m+         "category": null,[39m
[31m+         "conditionId": "0x6301809524e73edb9ab1bd180101ae6d9588ba78075a64c479f334a6d2a12975",[39m
[31m+         "createdAt": 2025-11-27T06:23:26.295Z,[39m
[31m+         "description": "This market will resolve to \"Yes\" if Emmanuel Macron ceases to be President of France for any length of time between January 2 and December 31, 2025, 11:59 PM ET (inclusive). Otherwise, this market will resolve to \"No\".[39m
[31m+[39m
[31m+ If Macron departs from office before the expiry date, the market should resolve immediately.[39m
[31m+[39m
[31m+ The primary resolution source for this market will be information from the government of France, however a consensus of credible reporting will also be used.",[39m
[31m+         "endDate": "2025-12-31",[39m
[31m+         "featured": false,[39m
[31m+         "liquidity": null,[39m
[31m+         "marketSlug": null,[39m
[31m+         "question": "Macron out in 2025?",[39m
[31m+         "questionId": "0x18820cef6039c99d7224dfeed8874687db7e2f43ae5e0145f68037586ccf8c14",[39m
[31m+         "source": "polymarket",[39m
[31m+         "startDate": null,[39m
[31m+         "status": "active",[39m
[31m+         "tags": null,[39m
[31m+         "thatOdds": null,[39m
[31m+         "thatOption": "No",[39m
[31m+         "thisOdds": null,[39m
[31m+         "thisOption": "Yes",[39m
[31m+         "updatedAt": 2025-11-27T06:23:26.295Z,[39m
[31m+         "volume": null,[39m
[31m+         "volume24hr": null,[39m
[31m+       },[39m
[31m+       {[39m
[31m+         "author": "0x91430CaD2d3975766499717fA0D66A78D814E5c5",[39m
[31m+         "category": null,[39m
[31m+         "conditionId": "0xda5c517dd5b78c80dec8ceb08ca4f466317633487827d7290332b4851cc4a4fa",[39m
[31m+         "createdAt": 2025-11-27T06:23:26.295Z,[39m
[31m+         "description": "This market will resolve to \"Yes\" if Emmanuel Macron ceases to be President of France for any length of time between September 14, 2025, and June 30, 2026, 11:59 PM ET (inclusive). Otherwise, this market will resolve to \"No\".[39m
[31m+[39m
[31m+ If Macron departs from office before the expiry date, the market should resolve immediately.[39m
[31m+[39m
[31m+ The primary resolution source for this market will be information from the government of France, however a consensus of credible reporting will also be used.",[39m
[31m+         "endDate": "2026-06-30",[39m
[31m+         "featured": false,[39m
[31m+         "liquidity": null,[39m
[31m+         "marketSlug": null,[39m
[31m+         "question": "Macron out by June 30, 2026?",[39m
[31m+         "questionId": "0xadaa1a42dd3cfc0037b06a4cee903c3937092015864dde0a60c1133800c21b94",[39m
[31m+         "source": "polymarket",[39m
[31m+         "startDate": null,[39m
[31m+         "status": "active",[39m
[31m+         "tags": null,[39m
[31m+         "thatOdds": null,[39m
[31m+         "thatOption": "No",[39m
[31m+         "thisOdds": null,[39m
[31m+         "thisOption": "Yes",[39m
[31m+         "updatedAt": 2025-11-27T06:23:26.295Z,[39m
[31m+         "volume": null,[39m
[31m+         "volume24hr": null,[39m
[31m+       },[39m
[31m+       {[39m
[31m+         "author": "0x91430CaD2d3975766499717fA0D66A78D814E5c5",[39m
[31m+         "category": null,[39m
[31m+         "conditionId": "0xdc7ff8e7d1bf22e6b9f372b3122bf553ed7bfedebc500e76e61aab35d9ebdb8e",[39m
[31m+         "createdAt": 2025-11-27T06:23:26.296Z,[39m
[31m+         "description": "This market will resolve to \"Yes\" if Emmanuel Macron ceases to be President of France for any length of time between October 6, and October 31, 2025, 11:59 PM ET (inclusive). Otherwise, this market will resolve to \"No\".[39m
[31m+[39m
[31m+ If Macron departs from office before the expiry date, the market should resolve immediately.[39m
[31m+[39m
[31m+ The primary resolution source for this market will be information from the government of France, however a consensus of credible reporting will also be used.",[39m
[31m+         "endDate": "2025-10-31",[39m
[31m+         "featured": false,[39m
[31m+         "liquidity": null,[39m
[31m+         "marketSlug": null,[39m
[31m+         "question": "Macron out by October 31, 2025?",[39m
[31m+         "questionId": "0xf90654d417e4581fb73cf2a93e3a4381ec7b0afa06dc1db911cd3ffd015c1a15",[39m
[31m+         "source": "polymarket",[39m
[31m+         "startDate": null,[39m
[31m+         "status": "closed",[39m
[31m+         "tags": null,[39m
[31m+         "thatOdds": null,[39m
[31m+         "thatOption": "No",[39m
[31m+         "thisOdds": null,[39m
[31m+         "thisOption": "Yes",[39m
[31m+         "updatedAt": 2025-11-27T06:23:26.296Z,[39m
[31m+         "volume": null,[39m
[31m+         "volume24hr": null,[39m
[31m+       },[39m
[31m+     ],[39m
[31m+     "status": "active",[39m
[31m+     "totalLiquidity": 0,[39m
[31m+     "totalVolume": 0,[39m
[31m+     "updatedAt": 2025-11-27T06:23:26.297Z,[39m
[31m+   },[39m
[31m+   {[39m
[31m+     "_id": "6927db32f2bec3838f4c019c",[39m
[31m+     "category": null,[39m
[31m+     "createdAt": 2025-11-27T06:23:26.294Z,[39m
[31m+     "eventDescription": "This market will resolve to \"Yes\" if any spot Pepe (https://etherscan.io/token/0x6982508145454ce325ddbe47a25d4ec3d2311933) ETF receives approval from the SEC by December 31, 2025, 11:59 PM ET. Otherwise, this market will resolve to \"No\".[39m
[31m+[39m
[31m+ Approval under Rule 19-4b will qualify for a \"Yes\" resolution, even if there has not been an S-1 approval. Similarly, an S-1 approval without a 19-4b approval will also qualify for a \"Yes\" resolution.[39m
[31m+[39m
[31m+ The primary resolution source for this market will be information from the SEC, however a consensus of credible reporting may also be used.",[39m
[31m+     "eventIcon": "https://polymarket-upload.s3.us-east-2.amazonaws.com/pepe-etf-in-2025-_q3CBc6kqPyr.png",[39m
[31m+     "eventId": "16249",[39m
[31m+     "eventImage": "https://polymarket-upload.s3.us-east-2.amazonaws.com/pepe-etf-in-2025-_q3CBc6kqPyr.png",[39m
[31m+     "eventSlug": "pepe-etf-in-2025",[39m
[31m+     "eventTitle": "Pepe ETF in 2025?",[39m
[31m+     "markets": [[39m
[31m+       {[39m
[31m+         "author": "0x91430CaD2d3975766499717fA0D66A78D814E5c5",[39m
[31m+         "category": null,[39m
[31m+         "conditionId": "0xc8f7efe4f5cf3c6d5b51cdd87cbd360e7f2a3b9999f6b8fa96d2dcd96e287141",[39m
[31m+         "createdAt": 2025-11-27T06:23:26.294Z,[39m
[31m+         "description": "This market will resolve to \"Yes\" if any spot Pepe (https://etherscan.io/token/0x6982508145454ce325ddbe47a25d4ec3d2311933) ETF receives approval from the SEC by December 31, 2025, 11:59 PM ET. Otherwise, this market will resolve to \"No\".[39m
[31m+[39m
[31m+ Approval under Rule 19-4b will qualify for a \"Yes\" resolution, even if there has not been an S-1 approval. Similarly, an S-1 approval without a 19-4b approval will also qualify for a \"Yes\" resolution.[39m
[31m+[39m
[31m+ The primary resolution source for this market will be information from the SEC, however a consensus of credible reporting may also be used.",[39m
[31m+         "endDate": "2025-12-31",[39m
[31m+         "featured": false,[39m
[31m+         "liquidity": null,[39m
[31m+         "marketSlug": null,[39m
[31m+         "question": "Pepe ETF in 2025?",[39m
[31m+         "questionId": "0x5d30e8c050b2e119d282e47d0272405d9a07a5f6a5c83d8c2fa181457ea00633",[39m
[31m+         "source": "polymarket",[39m
[31m+         "startDate": "2025-06-30 22:50:00+00",[39m
[31m+         "status": "active",[39m
[31m+         "tags": null,[39m
[31m+         "thatOdds": null,[39m
[31m+         "thatOption": "No",[39m
[31m+         "thisOdds": null,[39m
[31m+         "thisOption": "Yes",[39m
[31m+         "updatedAt": 2025-11-27T06:23:26.294Z,[39m
[31m+         "volume": null,[39m
[31m+         "volume24hr": null,[39m
[31m+       },[39m
[31m+     ],[39m
[31m+     "status": "active",[39m
[31m+     "totalLiquidity": 0,[39m
[31m+     "totalVolume": 0,[39m
[31m+     "updatedAt": 2025-11-27T06:23:26.294Z,[39m
[31m+   },[39m
[31m+   {[39m
[31m+     "_id": "6927db32f2bec3838f4c019b",[39m
[31m+     "category": null,[39m
[31m+     "createdAt": 2025-11-27T06:23:26.293Z,[39m
[31m+     "eventDescription": "This market will resolve to \"Yes\" if any spot Cardano (ADA) ETF receives approval from the SEC by December 31, 2025, 11:59 PM ET. Otherwise, this market will resolve to \"No\".[39m
[31m+[39m
[31m+ Approval under Rule 19-4b will qualify for a \"Yes\" resolution, even if there has not been an S-1 approval. Similarly, an S-1 approval without a 19-4b approval will also qualify for a \"Yes\" resolution.[39m
[31m+[39m
[31m+ The primary resolution source for this market will be information from the SEC, however a consensus of credible reporting may also be used.",[39m
[31m+     "eventIcon": "https://polymarket-upload.s3.us-east-2.amazonaws.com/cardano-etf-in-2025-TupyECM3Z7jS.jpg",[39m
[31m+     "eventId": "16248",[39m
[31m+     "eventImage": "https://polymarket-upload.s3.us-east-2.amazonaws.com/cardano-etf-in-2025-TupyECM3Z7jS.jpg",[39m
[31m+     "eventSlug": "cardano-etf-in-2025",[39m
[31m+     "eventTitle": "Cardano ETF in 2025?",[39m
[31m+     "markets": [[39m
[31m+       {[39m
[31m+         "author": "0x91430CaD2d3975766499717fA0D66A78D814E5c5",[39m
[31m+         "category": null,[39m
[31m+         "conditionId": "0xda2699840a84b3388cf1162df4b8d4e249a22c44380e55d7820e25c1513121b0",[39m
[31m+         "createdAt": 2025-11-27T06:23:26.292Z,[39m
[31m+         "description": "This market will resolve to \"Yes\" if any spot Cardano (ADA) ETF receives approval from the SEC by December 31, 2025, 11:59 PM ET. Otherwise, this market will resolve to \"No\".[39m
[31m+[39m
[31m+ Approval under Rule 19-4b will qualify for a \"Yes\" resolution, even if there has not been an S-1 approval. Similarly, an S-1 approval without a 19-4b approval will also qualify for a \"Yes\" resolution.[39m
[31m+[39m
[31m+ The primary resolution source for this market will be information from the SEC, however a consensus of credible reporting may also be used.",[39m
[31m+         "endDate": "2025-12-31",[39m
[31m+         "featured": false,[39m
[31m+         "liquidity": null,[39m
[31m+         "marketSlug": null,[39m
[31m+         "question": "Cardano ETF in 2025?",[39m
[31m+         "questionId": "0xca2566b640885fc78f46b1acb02cd7699aa3023f4ea8d251277fbdc574088b3b",[39m
[31m+         "source": "polymarket",[39m
[31m+         "startDate": "2025-06-30 22:50:00+00",[39m
[31m+         "status": "active",[39m
[31m+         "tags": null,[39m
[31m+         "thatOdds": null,[39m
[31m+         "thatOption": "No",[39m
[31m+         "thisOdds": null,[39m
[31m+         "thisOption": "Yes",[39m
[31m+         "updatedAt": 2025-11-27T06:23:26.292Z,[39m
[31m+         "volume": null,[39m
[31m+         "volume24hr": null,[39m
[31m+       },[39m
[31m+     ],[39m
[31m+     "status": "active",[39m
[31m+     "totalLiquidity": 0,[39m
[31m+     "totalVolume": 0,[39m
[31m+     "updatedAt": 2025-11-27T06:23:26.293Z,[39m
[31m+   },[39m
[31m+   {[39m
[31m+     "_id": "6927db32f2bec3838f4c019a",[39m
[31m+     "category": null,[39m
[31m+     "createdAt": 2025-11-27T06:23:26.290Z,[39m
[31m+     "eventDescription": "This market will resolve to \"Yes\" if any AI gets a gold medal in the International Math Olympiad by December 31, 2025, 11:59 PM ET. Otherwise this market will resolve to \"No.\"[39m
[31m+[39m
[31m+ The resolution source is the IMO Grand Challenge (https://imo-grand-challenge.github.io/) and the Artificial Intelligence Math Olympiad (AIMO, https://aimoprize.com/). If either source demonstrates that an AI has won the challenge/prize before the resolution date, this market will resolve to \"Yes\".",[39m
[31m+     "eventIcon": "https://polymarket-upload.s3.us-east-2.amazonaws.com/ai-wins-math-olympiad-in-2025-4DTQg_awNAxY.jpg",[39m
[31m+     "eventId": "16228",[39m
[31m+     "eventImage": "https://polymarket-upload.s3.us-east-2.amazonaws.com/ai-wins-math-olympiad-in-2025-4DTQg_awNAxY.jpg",[39m
[31m+     "eventSlug": "ai-wins-math-olympiad-in-2025",[39m
[31m+     "eventTitle": "AI wins IMO gold medal in 2025?",[39m
[31m+     "markets": [[39m
[31m+       {[39m
[31m+         "author": "0x91430CaD2d3975766499717fA0D66A78D814E5c5",[39m
[31m+         "category": null,[39m
[31m+         "conditionId": "0x8904b9db5aff6b1b84f9daaa0f8038b661be40d883050553b5675d30002c7abc",[39m
[31m+         "createdAt": 2025-11-27T06:23:26.289Z,[39m
[31m+         "description": "This market will resolve to \"Yes\" if any AI gets a gold medal in the International Math Olympiad by December 31, 2025, 11:59 PM ET. Otherwise this market will resolve to \"No.\"[39m
[31m+[39m
[31m+ The resolution source is the IMO Grand Challenge (https://imo-grand-challenge.github.io/) and the Artificial Intelligence Math Olympiad (AIMO, https://aimoprize.com/). If either source demonstrates that an AI has won the challenge/prize before the resolution date, this market will resolve to \"Yes\".",[39m
[31m+         "endDate": "2025-12-31",[39m
[31m+         "featured": false,[39m
[31m+         "liquidity": null,[39m
[31m+         "marketSlug": null,[39m
[31m+         "question": "AI wins IMO gold medal in 2025?",[39m
[31m+         "questionId": "0xb0880a48614badaf8ed4838f44a4fb59373e46e428f9c2767251cadc3f1269dc",[39m
[31m+         "source": "polymarket",[39m
[31m+         "startDate": null,[39m
[31m+         "status": "active",[39m
[31m+         "tags": null,[39m
[31m+         "thatOdds": null,[39m
[31m+         "thatOption": "No",[39m
[31m+         "thisOdds": null,[39m
[31m+         "thisOption": "Yes",[39m
[31m+         "updatedAt": 2025-11-27T06:23:26.289Z,[39m
[31m+         "volume": null,[39m
[31m+         "volume24hr": null,[39m
[31m+       },[39m
[31m+     ],[39m
[31m+     "status": "active",[39m
[31m+     "totalLiquidity": 0,[39m
[31m+     "totalVolume": 0,[39m
[31m+     "updatedAt": 2025-11-27T06:23:26.290Z,[39m
[31m+   },[39m
[31m+   {[39m
[31m+     "_id": "6927db32f2bec3838f4c0199",[39m
[31m+     "category": null,[39m
[31m+     "createdAt": 2025-11-27T06:23:26.288Z,[39m
[31m+     "eventDescription": "This market will resolve to \"Yes\" if it is confirmed that Bashar al-Assad has left Russia for any length of time between January 2, 2025, and December 31, 2025, 11:59 PM ET. Otherwise, this market will resolve to \"No\".[39m
[31m+[39m
[31m+ In cases where Assad may have exited Russian airspace on a plane, he must be confirmed to have exited the plane in a country other than Russia for this market to resolve to \"Yes\".[39m
[31m+[39m
[31m+ If Assad exits Russia maritime territory on a boat to international waters, this market may resolve to \"Yes\".[39m
[31m+[39m
[31m+ If it is not confirmed by the resolution date that Assad left Russia, this market will resolve to \"No\".[39m
[31m+[39m
[31m+ The resolution source for this market will be a consensus of credible reporting.",[39m
[31m+     "eventIcon": "https://polymarket-upload.s3.us-east-2.amazonaws.com/assad-leaves-russia-before-2026-a-RLkG9H1Jyd.jpg",[39m
[31m+     "eventId": "16215",[39m
[31m+     "eventImage": "https://polymarket-upload.s3.us-east-2.amazonaws.com/assad-leaves-russia-before-2026-a-RLkG9H1Jyd.jpg",[39m
[31m+     "eventSlug": "assad-leaves-russia-before-2026",[39m
[31m+     "eventTitle": "Assad leaves Russia before 2026?",[39m
[31m+     "markets": [[39m
[31m+       {[39m
[31m+         "author": "0x91430CaD2d3975766499717fA0D66A78D814E5c5",[39m
[31m+         "category": null,[39m
[31m+         "conditionId": "0x949052e68f38931266d5d755f89a8cffab18b7837891d018a550457feec2e754",[39m
[31m+         "createdAt": 2025-11-27T06:23:26.288Z,[39m
[31m+         "description": "This market will resolve to \"Yes\" if it is confirmed that Bashar al-Assad has left Russia for any length of time between January 2, 2025, and December 31, 2025, 11:59 PM ET. Otherwise, this market will resolve to \"No\".[39m
[31m+[39m
[31m+ In cases where Assad may have exited Russian airspace on a plane, he must be confirmed to have exited the plane in a country other than Russia for this market to resolve to \"Yes\".[39m
[31m+[39m
[31m+ If Assad exits Russia maritime territory on a boat to international waters, this market may resolve to \"Yes\".[39m
[31m+[39m
[31m+ If it is not confirmed by the resolution date that Assad left Russia, this market will resolve to \"No\".[39m
[31m+[39m
[31m+ The resolution source for this market will be a consensus of credible reporting.",[39m
[31m+         "endDate": "2025-12-31",[39m
[31m+         "featured": false,[39m
[31m+         "liquidity": null,[39m
[31m+         "marketSlug": null,[39m
[31m+         "question": "Assad leaves Russia before 2026?",[39m
[31m+         "questionId": "0xca83b8a2c984be3d4b0c8e51b0c8ffda3b67fe8126fb3465cc44b8a84e1e8f6e",[39m
[31m+         "source": "polymarket",[39m
[31m+         "startDate": null,[39m
[31m+         "status": "active",[39m
[31m+         "tags": null,[39m
[31m+         "thatOdds": null,[39m
[31m+         "thatOption": "No",[39m
[31m+         "thisOdds": null,[39m
[31m+         "thisOption": "Yes",[39m
[31m+         "updatedAt": 2025-11-27T06:23:26.288Z,[39m
[31m+         "volume": null,[39m
[31m+         "volume24hr": null,[39m
[31m+       },[39m
[31m+     ],[39m
[31m+     "status": "active",[39m
[31m+     "totalLiquidity": 0,[39m
[31m+     "totalVolume": 0,[39m
[31m+     "updatedAt": 2025-11-27T06:23:26.288Z,[39m
[31m+   },[39m
[31m+   {[39m
[31m+     "_id": "6927db32f2bec3838f4c0198",[39m
[31m+     "category": null,[39m
[31m+     "createdAt": 2025-11-27T06:23:26.287Z,[39m
[31m+     "eventDescription": "This is a market on the number of SpaceX Starship launches that successfully reach space in the year 2025.",[39m
[31m+     "eventIcon": "https://polymarket-upload.s3.us-east-2.amazonaws.com/how-many-spacex-starship-launches-reach-space-in-2025-tjnLOs2vfvOH.jpg",[39m
[31m+     "eventId": "16205",[39m
[31m+     "eventImage": "https://polymarket-upload.s3.us-east-2.amazonaws.com/how-many-spacex-starship-launches-reach-space-in-2025-tjnLOs2vfvOH.jpg",[39m
[31m+     "eventSlug": "how-many-spacex-starship-launches-reach-space-in-2025",[39m
[31m+     "eventTitle": "How many SpaceX Starship launches reach space in 2025?",[39m
[31m+     "markets": [[39m
[31m+       {[39m
[31m+         "author": "0x91430CaD2d3975766499717fA0D66A78D814E5c5",[39m
[31m+         "category": null,[39m
[31m+         "conditionId": "0x1f38aae0a8492fbe49aa93931993f23f7159d89f2aa827bb2c5e78ebc21e3be8",[39m
[31m+         "createdAt": 2025-11-27T06:23:26.279Z,[39m
[31m+         "description": "This market will resolve to \"Yes\" if less than 4 SpaceX Starship launches successfully reach an altitude of 62 miles above sea level between January 1, 2025 and December 31, 2025, 11:59 PM ET. Otherwise, this market will resolve to \"No\".[39m
[31m+[39m
[31m+ A successful launch is defined as the Starship taking off from its launchpad and reaching a minimum altitude of 62 miles above sea level. Any subsequent anomaly (e.g. an explosion) after the vehicle reaches 62 miles will have no bearing on the outcome.[39m
[31m+[39m
[31m+ The primary resolution source for this market will be SpaceX’s official video feed of the launches (e.g. via SpaceX YouTube Channel), as well as secondary video feeds or written reports if necessary. However, a consensus of credible reporting may also be used.",[39m
[31m+         "endDate": "2025-12-31",[39m
[31m+         "featured": false,[39m
[31m+         "liquidity": null,[39m
[31m+         "marketSlug": null,[39m
[31m+         "question": "Will less than 4 SpaceX Starship launches successfully reach Space in 2025?",[39m
[31m+         "questionId": "0xd9f83e6c580eb55537bc4e59ab5883c3c651401b5744eed609a234df1e08b800",[39m
[31m+         "source": "polymarket",[39m
[31m+         "startDate": null,[39m
[31m+         "status": "closed",[39m
[31m+         "tags": null,[39m
[31m+         "thatOdds": null,[39m
[31m+         "thatOption": "No",[39m
[31m+         "thisOdds": null,[39m
[31m+         "thisOption": "Yes",[39m
[31m+         "updatedAt": 2025-11-27T06:23:26.279Z,[39m
[31m+         "volume": null,[39m
[31m+         "volume24hr": null,[39m
[31m+       },[39m
[31m+       {[39m
[31m+         "author": "0x91430CaD2d3975766499717fA0D66A78D814E5c5",[39m
[31m+         "category": null,[39m
[31m+         "conditionId": "0x28c29d67cfc9f03e71a8fcf743718de60ffceaab2198f0b1c4dc0af9ddb87157",[39m
[31m+         "createdAt": 2025-11-27T06:23:26.280Z,[39m
[31m+         "description": "This market will resolve to \"Yes\" if between 4 (inclusive) and 6 (inclusive) SpaceX Starship launches successfully reach an altitude of 62 miles above sea level between January 1, 2025 and December 31, 2025, 11:59 PM ET. Otherwise, this market will resolve to \"No\".[39m
[31m+[39m
[31m+ A successful launch is defined as the Starship taking off from its launchpad and reaching a minimum altitude of 62 miles above sea level. Any subsequent anomaly (e.g. an explosion) after the vehicle reaches 62 miles will have no bearing on the outcome.[39m
[31m+[39m
[31m+ The primary resolution source for this market will be SpaceX’s official video feed of the launches (e.g. via SpaceX YouTube Channel), as well as secondary video feeds or written reports if necessary. However, a consensus of credible reporting may also be used.",[39m
[31m+         "endDate": "2025-12-31",[39m
[31m+         "featured": false,[39m
[31m+         "liquidity": null,[39m
[31m+         "marketSlug": null,[39m
[31m+         "question": "Will 4-6 SpaceX Starship launches successfully reach Space in 2025?",[39m
[31m+         "questionId": "0xd9f83e6c580eb55537bc4e59ab5883c3c651401b5744eed609a234df1e08b801",[39m
[31m+         "source": "polymarket",[39m
[31m+         "startDate": null,[39m
[31m+         "status": "active",[39m
[31m+         "tags": null,[39m
[31m+         "thatOdds": null,[39m
[31m+         "thatOption": "No",[39m
[31m+         "thisOdds": null,[39m
[31m+         "thisOption": "Yes",[39m
[31m+         "updatedAt": 2025-11-27T06:23:26.280Z,[39m
[31m+         "volume": null,[39m
[31m+         "volume24hr": null,[39m
[31m+       },[39m
[31m+       {[39m
[31m+         "author": "0x91430CaD2d3975766499717fA0D66A78D814E5c5",[39m
[31m+         "category": null,[39m
[31m+         "conditionId": "0xf6d816c45442cb09d87c2fc16fa2ca460ad3a38c59a2ec8e31352ddc574492f0",[39m
[31m+         "createdAt": 2025-11-27T06:23:26.281Z,[39m
[31m+         "description": "This market will resolve to \"Yes\" if between 7 (inclusive) and 9 (inclusive) SpaceX Starship launches successfully reach an altitude of 62 miles above sea level between January 1, 2025 and December 31, 2025, 11:59 PM ET. Otherwise, this market will resolve to \"No\".[39m
[31m+[39m
[31m+ A successful launch is defined as the Starship taking off from its launchpad and reaching a minimum altitude of 62 miles above sea level. Any subsequent anomaly (e.g. an explosion) after the vehicle reaches 62 miles will have no bearing on the outcome.[39m
[31m+[39m
[31m+ The primary resolution source for this market will be SpaceX’s official video feed of the launches (e.g. via SpaceX YouTube Channel), as well as secondary video feeds or written reports if necessary. However, a consensus of credible reporting may also be used.",[39m
[31m+         "endDate": "2025-12-31",[39m
[31m+         "featured": false,[39m
[31m+         "liquidity": null,[39m
[31m+         "marketSlug": null,[39m
[31m+         "question": "Will 7-9 SpaceX Starship launches successfully reach Space in 2025?",[39m
[31m+         "questionId": "0xd9f83e6c580eb55537bc4e59ab5883c3c651401b5744eed609a234df1e08b802",[39m
[31m+         "source": "polymarket",[39m
[31m+         "startDate": null,[39m
[31m+         "status": "active",[39m
[31m+         "tags": null,[39m
[31m+         "thatOdds": null,[39m
[31m+         "thatOption": "No",[39m
[31m+         "thisOdds": null,[39m
[31m+         "thisOption": "Yes",[39m
[31m+         "updatedAt": 2025-11-27T06:23:26.281Z,[39m
[31m+         "volume": null,[39m
[31m+         "volume24hr": null,[39m
[31m+       },[39m
[31m+       {[39m
[31m+         "author": "0x91430CaD2d3975766499717fA0D66A78D814E5c5",[39m
[31m+         "category": null,[39m
[31m+         "conditionId": "0x712015ce8ac2c87d89bfacff5610f225c147a147441a78654846d1462921ede7",[39m
[31m+         "createdAt": 2025-11-27T06:23:26.282Z,[39m
[31m+         "description": "This market will resolve to \"Yes\" if between 10 (inclusive) and 12 (inclusive) SpaceX Starship launches successfully reach an altitude of 62 miles above sea level between January 1, 2025 and December 31, 2025, 11:59 PM ET. Otherwise, this market will resolve to \"No\".[39m
[31m+[39m
[31m+ A successful launch is defined as the Starship taking off from its launchpad and reaching a minimum altitude of 62 miles above sea level. Any subsequent anomaly (e.g. an explosion) after the vehicle reaches 62 miles will have no bearing on the outcome.[39m
[31m+[39m
[31m+ The primary resolution source for this market will be SpaceX’s official video feed of the launches (e.g. via SpaceX YouTube Channel), as well as secondary video feeds or written reports if necessary. However, a consensus of credible reporting may also be used.",[39m
[31m+         "endDate": "2025-12-31",[39m
[31m+         "featured": false,[39m
[31m+         "liquidity": null,[39m
[31m+         "marketSlug": null,[39m
[31m+         "question": "Will 10-12 SpaceX Starship launches successfully reach Space in 2025?",[39m
[31m+         "questionId": "0xd9f83e6c580eb55537bc4e59ab5883c3c651401b5744eed609a234df1e08b803",[39m
[31m+         "source": "polymarket",[39m
[31m+         "startDate": null,[39m
[31m+         "status": "active",[39m
[31m+         "tags": null,[39m
[31m+         "thatOdds": null,[39m
[31m+         "thatOption": "No",[39m
[31m+         "thisOdds": null,[39m
[31m+         "thisOption": "Yes",[39m
[31m+         "updatedAt": 2025-11-27T06:23:26.282Z,[39m
[31m+         "volume": null,[39m
[31m+         "volume24hr": null,[39m
[31m+       },[39m
[31m+       {[39m
[31m+         "author": "0x91430CaD2d3975766499717fA0D66A78D814E5c5",[39m
[31m+         "category": null,[39m
[31m+         "conditionId": "0xce10d06e7a223dd0cf7ca71c788e7fb3e988a0344b202942af81f712e020e286",[39m
[31m+         "createdAt": 2025-11-27T06:23:26.282Z,[39m
[31m+         "description": "This market will resolve to \"Yes\" if between 13 (inclusive) and 15 (inclusive) SpaceX Starship launches successfully reach an altitude of 62 miles above sea level between January 1, 2025 and December 31, 2025, 11:59 PM ET. Otherwise, this market will resolve to \"No\".[39m
[31m+[39m
[31m+ A successful launch is defined as the Starship taking off from its launchpad and reaching a minimum altitude of 62 miles above sea level. Any subsequent anomaly (e.g. an explosion) after the vehicle reaches 62 miles will have no bearing on the outcome.[39m
[31m+[39m
[31m+ The primary resolution source for this market will be SpaceX’s official video feed of the launches (e.g. via SpaceX YouTube Channel), as well as secondary video feeds or written reports if necessary. However, a consensus of credible reporting may also be used.",[39m
[31m+         "endDate": "2025-12-31",[39m
[31m+         "featured": false,[39m
[31m+         "liquidity": null,[39m
[31m+         "marketSlug": null,[39m
[31m+         "question": "Will 13-15 SpaceX Starship launches successfully reach Space in 2025?",[39m
[31m+         "questionId": "0xd9f83e6c580eb55537bc4e59ab5883c3c651401b5744eed609a234df1e08b804",[39m
[31m+         "source": "polymarket",[39m
[31m+         "startDate": null,[39m
[31m+         "status": "active",[39m
[31m+         "tags": null,[39m
[31m+         "thatOdds": null,[39m
[31m+         "thatOption": "No",[39m
[31m+         "thisOdds": null,[39m
[31m+         "thisOption": "Yes",[39m
[31m+         "updatedAt": 2025-11-27T06:23:26.282Z,[39m
[31m+         "volume": null,[39m
[31m+         "volume24hr": null,[39m
[31m+       },[39m
[31m+       {[39m
[31m+         "author": "0x91430CaD2d3975766499717fA0D66A78D814E5c5",[39m
[31m+         "category": null,[39m
[31m+         "conditionId": "0x527d35da63a0a5038e989154b292f6a7da5d4c18386c9ce44fcca98d6b5acc03",[39m
[31m+         "createdAt": 2025-11-27T06:23:26.283Z,[39m
[31m+         "description": "This market will resolve to \"Yes\" if between 16 (inclusive) and 18 (inclusive) SpaceX Starship launches successfully reach an altitude of 62 miles above sea level between January 1, 2025 and December 31, 2025, 11:59 PM ET. Otherwise, this market will resolve to \"No\".[39m
[31m+[39m
[31m+ A successful launch is defined as the Starship taking off from its launchpad and reaching a minimum altitude of 62 miles above sea level. Any subsequent anomaly (e.g. an explosion) after the vehicle reaches 62 miles will have no bearing on the outcome.[39m
[31m+[39m
[31m+ The primary resolution source for this market will be SpaceX’s official video feed of the launches (e.g. via SpaceX YouTube Channel), as well as secondary video feeds or written reports if necessary. However, a consensus of credible reporting may also be used.",[39m
[31m+         "endDate": "2025-12-31",[39m
[31m+         "featured": false,[39m
[31m+         "liquidity": null,[39m
[31m+         "marketSlug": null,[39m
[31m+         "question": "Will 16-18 SpaceX Starship launches successfully reach Space in 2025?",[39m
[31m+         "questionId": "0xd9f83e6c580eb55537bc4e59ab5883c3c651401b5744eed609a234df1e08b805",[39m
[31m+         "source": "polymarket",[39m
[31m+         "startDate": null,[39m
[31m+         "status": "active",[39m
[31m+         "tags": null,[39m
[31m+         "thatOdds": null,[39m
[31m+         "thatOption": "No",[39m
[31m+         "thisOdds": null,[39m
[31m+         "thisOption": "Yes",[39m
[31m+         "updatedAt": 2025-11-27T06:23:26.283Z,[39m
[31m+         "volume": null,[39m
[31m+         "volume24hr": null,[39m
[31m+       },[39m
[31m+       {[39m
[31m+         "author": "0x91430CaD2d3975766499717fA0D66A78D814E5c5",[39m
[31m+         "category": null,[39m
[31m+         "conditionId": "0xf3d97d4c31944f8e407b033c79e2875a4cea2ddc3b173ce018450263f9f168af",[39m
[31m+         "createdAt": 2025-11-27T06:23:26.285Z,[39m
[31m+         "description": "This market will resolve to \"Yes\" if between 19 (inclusive) and 21 (inclusive) SpaceX Starship launches successfully reach an altitude of 62 miles above sea level between January 1, 2025 and December 31, 2025, 11:59 PM ET. Otherwise, this market will resolve to \"No\".[39m
[31m+[39m
[31m+ A successful launch is defined as the Starship taking off from its launchpad and reaching a minimum altitude of 62 miles above sea level. Any subsequent anomaly (e.g. an explosion) after the vehicle reaches 62 miles will have no bearing on the outcome.[39m
[31m+[39m
[31m+ The primary resolution source for this market will be SpaceX’s official video feed of the launches (e.g. via SpaceX YouTube Channel), as well as secondary video feeds or written reports if necessary. However, a consensus of credible reporting may also be used.",[39m
[31m+         "endDate": "2025-12-31",[39m
[31m+         "featured": false,[39m
[31m+         "liquidity": null,[39m
[31m+         "marketSlug": null,[39m
[31m+         "question": "Will 19-21 SpaceX Starship launches successfully reach Space in 2025?",[39m
[31m+         "questionId": "0xd9f83e6c580eb55537bc4e59ab5883c3c651401b5744eed609a234df1e08b806",[39m
[31m+         "source": "polymarket",[39m
[31m+         "startDate": null,[39m
[31m+         "status": "active",[39m
[31m+         "tags": null,[39m
[31m+         "thatOdds": null,[39m
[31m+         "thatOption": "No",[39m
[31m+         "thisOdds": null,[39m
[31m+         "thisOption": "Yes",[39m
[31m+         "updatedAt": 2025-11-27T06:23:26.285Z,[39m
[31m+         "volume": null,[39m
[31m+         "volume24hr": null,[39m
[31m+       },[39m
[31m+       {[39m
[31m+         "author": "0x91430CaD2d3975766499717fA0D66A78D814E5c5",[39m
[31m+         "category": null,[39m
[31m+         "conditionId": "0x9e4d6707fcb0a91a80f4532b85ae9d7f6dded44ba6d2bf9259746a35d933193f",[39m
[31m+         "createdAt": 2025-11-27T06:23:26.285Z,[39m
[31m+         "description": "This market will resolve to \"Yes\" if between 22 (inclusive) and 24 (inclusive) SpaceX Starship launches successfully reach an altitude of 62 miles above sea level between January 1, 2025 and December 31, 2025, 11:59 PM ET. Otherwise, this market will resolve to \"No\".[39m
[31m+[39m
[31m+ A successful launch is defined as the Starship taking off from its launchpad and reaching a minimum altitude of 62 miles above sea level. Any subsequent anomaly (e.g. an explosion) after the vehicle reaches 62 miles will have no bearing on the outcome.[39m
[31m+[39m
[31m+ The primary resolution source for this market will be SpaceX’s official video feed of the launches (e.g. via SpaceX YouTube Channel), as well as secondary video feeds or written reports if necessary. However, a consensus of credible reporting may also be used.",[39m
[31m+         "endDate": "2025-12-31",[39m
[31m+         "featured": false,[39m
[31m+         "liquidity": null,[39m
[31m+         "marketSlug": null,[39m
[31m+         "question": "Will 22-24 SpaceX Starship launches successfully reach Space in 2025?",[39m
[31m+         "questionId": "0xd9f83e6c580eb55537bc4e59ab5883c3c651401b5744eed609a234df1e08b807",[39m
[31m+         "source": "polymarket",[39m
[31m+         "startDate": null,[39m
[31m+         "status": "active",[39m
[31m+         "tags": null,[39m
[31m+         "thatOdds": null,[39m
[31m+         "thatOption": "No",[39m
[31m+         "thisOdds": null,[39m
[31m+         "thisOption": "Yes",[39m
[31m+         "updatedAt": 2025-11-27T06:23:26.285Z,[39m
[31m+         "volume": null,[39m
[31m+         "volume24hr": null,[39m
[31m+       },[39m
[31m+       {[39m
[31m+         "author": "0x91430CaD2d3975766499717fA0D66A78D814E5c5",[39m
[31m+         "category": null,[39m
[31m+         "conditionId": "0xf482e2f3e12cb183c521de009d4c6c984e4a15bbd31c20877c03fc8c63392df3",[39m
[31m+         "createdAt": 2025-11-27T06:23:26.286Z,[39m
[31m+         "description": "This market will resolve to \"Yes\" if 25 or more SpaceX Starship launches successfully reach an altitude of 62 miles above sea level between January 1, 2025 and December 31, 2025, 11:59 PM ET. Otherwise, this market will resolve to \"No\".[39m
[31m+[39m
[31m+ A successful launch is defined as the Starship taking off from its launchpad and reaching a minimum altitude of 62 miles above sea level. Any subsequent anomaly (e.g. an explosion) after the vehicle reaches 62 miles will have no bearing on the outcome.[39m
[31m+[39m
[31m+ The primary resolution source for this market will be SpaceX’s official video feed of the launches (e.g. via SpaceX YouTube Channel), as well as secondary video feeds or written reports if necessary. However, a consensus of credible reporting may also be used.",[39m
[31m+         "endDate": "2025-12-31",[39m
[31m+         "featured": false,[39m
[31m+         "liquidity": null,[39m
[31m+         "marketSlug": null,[39m
[31m+         "question": "Will 25 or more SpaceX Starship launches successfully reach Space in 2025?",[39m
[31m+         "questionId": "0xd9f83e6c580eb55537bc4e59ab5883c3c651401b5744eed609a234df1e08b808",[39m
[31m+         "source": "polymarket",[39m
[31m+         "startDate": null,[39m
[31m+         "status": "active",[39m
[31m+         "tags": null,[39m
[31m+         "thatOdds": null,[39m
[31m+         "thatOption": "No",[39m
[31m+         "thisOdds": null,[39m
[31m+         "thisOption": "Yes",[39m
[31m+         "updatedAt": 2025-11-27T06:23:26.286Z,[39m
[31m+         "volume": null,[39m
[31m+         "volume24hr": null,[39m
[31m+       },[39m
[31m+     ],[39m
[31m+     "status": "active",[39m
[31m+     "totalLiquidity": 0,[39m
[31m+     "totalVolume": 0,[39m
[31m+     "updatedAt": 2025-11-27T06:23:26.287Z,[39m
[31m+   },[39m
[31m+   {[39m
[31m+     "_id": "6927db32f2bec3838f4c0196",[39m
[31m+     "category": null,[39m
[31m+     "createdAt": 2025-11-27T06:23:26.278Z,[39m
[31m+     "eventDescription": "This market will resolve to \"Yes\" if a marketwide circuit breaker is triggered on the New York Stock Exchange (NYSE) at any time between January 1 and market close on December 31, 2025. Otherwise, this market will resolve to “No”.[39m
[31m+[39m
[31m+ A marketwide circuit breaker is defined as a trading halt that is initiated due to significant declines in the S&P 500 Index, specifically a Level 1, Level 2, or Level 3 halt as per NYSE rules.[39m
[31m+[39m
[31m+ The primary resolution source for this market will be official information from the NYSE, however a consensus of credible reporting will also be used.",[39m
[31m+     "eventIcon": "https://polymarket-upload.s3.us-east-2.amazonaws.com/nyse-circuit-breaker-in-august-KM7kqMxTE63a.jpg",[39m
[31m+     "eventId": "16194",[39m
[31m+     "eventImage": "https://polymarket-upload.s3.us-east-2.amazonaws.com/nyse-circuit-breaker-in-august-KM7kqMxTE63a.jpg",[39m
[31m+     "eventSlug": "nyse-marketwide-circuit-breaker-in-2025",[39m
[31m+     "eventTitle": "NYSE marketwide circuit breaker in 2025?",[39m
[31m+     "markets": [[39m
[31m+       {[39m
[31m+         "author": "0x91430CaD2d3975766499717fA0D66A78D814E5c5",[39m
[31m+         "category": null,[39m
[31m+         "conditionId": "0x88fad6af135ca7cbd55a8bda5a1243125ded68b1e521066009cc990b13960b88",[39m
[31m+         "createdAt": 2025-11-27T06:23:26.277Z,[39m
[31m+         "description": "This market will resolve to \"Yes\" if a marketwide circuit breaker is triggered on the New York Stock Exchange (NYSE) at any time between January 1 and market close on December 31, 2025. Otherwise, this market will resolve to “No”.[39m
[31m+[39m
[31m+ A marketwide circuit breaker is defined as a trading halt that is initiated due to significant declines in the S&P 500 Index, specifically a Level 1, Level 2, or Level 3 halt as per NYSE rules.[39m
[31m+[39m
[31m+ The primary resolution source for this market will be official information from the NYSE, however a consensus of credible reporting will also be used.",[39m
[31m+         "endDate": "2025-12-31",[39m
[31m+         "featured": false,[39m
[31m+         "liquidity": null,[39m
[31m+         "marketSlug": null,[39m
[31m+         "question": "NYSE marketwide circuit breaker in 2025?",[39m
[31m+         "questionId": "0x257f343ab11c26ddf7cc188acd680d783ef2b0453cb476466811778fb61cb6b0",[39m
[31m+         "source": "polymarket",[39m
[31m+         "startDate": null,[39m
[31m+         "status": "active",[39m
[31m+         "tags": null,[39m
[31m+         "thatOdds": null,[39m
[31m+         "thatOption": "No",[39m
[31m+         "thisOdds": null,[39m
[31m+         "thisOption": "Yes",[39m
[31m+         "updatedAt": 2025-11-27T06:23:26.277Z,[39m
[31m+         "volume": null,[39m
[31m+         "volume24hr": null,[39m
[31m+       },[39m
[31m+     ],[39m
[31m+     "status": "active",[39m
[31m+     "totalLiquidity": 0,[39m
[31m+     "totalVolume": 0,[39m
[31m+     "updatedAt": 2025-11-27T06:23:26.278Z,[39m
[31m+   },[39m
[31m+   {[39m
[31m+     "_id": "6927db32f2bec3838f4c0195",[39m
[31m+     "category": null,[39m
[31m+     "createdAt": 2025-11-27T06:23:26.276Z,[39m
[31m+     "eventDescription": "This market will resolve to \"Yes\" if at least one seat on the United States Supreme Court becomes vacant between January 1 and December 31, 2025, 11:59 PM ET. Otherwise, this market will resolve to \"No\".[39m
[31m+[39m
[31m+ The primary resolution source for this market will be official announcements from the U.S. Government. However, a consensus of credible reporting may also be used.  ",[39m
[31m+     "eventIcon": "https://polymarket-upload.s3.us-east-2.amazonaws.com/supreme-court-vacancy-in-2024-435ea730-e695-4276-93f4-5cec83e28a39.png",[39m
[31m+     "eventId": "16186",[39m
[31m+     "eventImage": "https://polymarket-upload.s3.us-east-2.amazonaws.com/supreme-court-vacancy-in-2024-435ea730-e695-4276-93f4-5cec83e28a39.png",[39m
[31m+     "eventSlug": "supreme-court-vacancy-2025",[39m
[31m+     "eventTitle": "Supreme Court vacancy in 2025?",[39m
[31m+     "markets": [[39m
[31m+       {[39m
[31m+         "author": "0x91430CaD2d3975766499717fA0D66A78D814E5c5",[39m
[31m+         "category": null,[39m
[31m+         "conditionId": "0xb09e22aadc33b6747756ff9248475e356adcf3b99fbd9d70217e0de350385470",[39m
[31m+         "createdAt": 2025-11-27T06:23:26.275Z,[39m
[31m+         "description": "This market will resolve to \"Yes\" if at least one seat on the United States Supreme Court becomes vacant between January 1 and December 31, 2025, 11:59 PM ET. Otherwise, this market will resolve to \"No\".[39m
[31m+[39m
[31m+ The primary resolution source for this market will be official announcements from the U.S. Government. However, a consensus of credible reporting may also be used.  ",[39m
[31m+         "endDate": "2025-12-31",[39m
[31m+         "featured": false,[39m
[31m+         "liquidity": null,[39m
[31m+         "marketSlug": null,[39m
[31m+         "question": "Supreme Court vacancy in 2025?",[39m
[31m+         "questionId": "0x69b24f2b160fd2fa6e7eca8b904961215937c5225e679e90c10e0a05854af3eb",[39m
[31m+         "source": "polymarket",[39m
[31m+         "startDate": null,[39m
[31m+         "status": "active",[39m
[31m+         "tags": null,[39m
[31m+         "thatOdds": null,[39m
[31m+         "thatOption": "No",[39m
[31m+         "thisOdds": null,[39m
[31m+         "thisOption": "Yes",[39m
[31m+         "updatedAt": 2025-11-27T06:23:26.275Z,[39m
[31m+         "volume": null,[39m
[31m+         "volume24hr": null,[39m
[31m+       },[39m
[31m+     ],[39m
[31m+     "status": "active",[39m
[31m+     "totalLiquidity": 0,[39m
[31m+     "totalVolume": 0,[39m
[31m+     "updatedAt": 2025-11-27T06:23:26.276Z,[39m
[31m+   },[39m
[31m+   {[39m
[31m+     "_id": "6927db32f2bec3838f4c0194",[39m
[31m+     "category": null,[39m
[31m+     "createdAt": 2025-11-27T06:23:26.274Z,[39m
[31m+     "eventDescription": "This market will resolve to \"Yes\" if Kraken (US-based cryptocurrency exchange) completes an Initial Public Offering (IPO) by December 31, 2025, 11:59 PM ET, as confirmed by official company announcements or credible news sources. The IPO refers to the first sale of stock by Kraken to the public on any recognized stock exchange.[39m
[31m+[39m
[31m+ If Kraken merges with another entity, is acquired, or ceases to exist before the market resolves, the market will also resolve to \"No\".[39m
[31m+[39m
[31m+ This market will resolve early if Kraken completes an IPO by December 31, 2025, 11:59 PM ET.[39m
[31m+[39m
[31m+ The resolution source for this market is a consensus of credible reporting.",[39m
[31m+     "eventIcon": "https://polymarket-upload.s3.us-east-2.amazonaws.com/will-kraken-ipo-in-2024--_GT-GzKWtUW.jpg",[39m
[31m+     "eventId": "16183",[39m
[31m+     "eventImage": "https://polymarket-upload.s3.us-east-2.amazonaws.com/will-kraken-ipo-in-2024--_GT-GzKWtUW.jpg",[39m
[31m+     "eventSlug": "kraken-ipo-in-2025",[39m
[31m+     "eventTitle": "Kraken IPO by ___ ?",[39m
[31m+     "markets": [[39m
[31m+       {[39m
[31m+         "author": "0x91430CaD2d3975766499717fA0D66A78D814E5c5",[39m
[31m+         "category": null,[39m
[31m+         "conditionId": "0x5b70123b2c37355840b38bc60752919dae7ca5fe11d5e5184aa69be01b9db458",[39m
[31m+         "createdAt": 2025-11-27T06:23:26.270Z,[39m
[31m+         "description": "This market will resolve to \"Yes\" if Kraken (US-based cryptocurrency exchange) completes an Initial Public Offering (IPO) by December 31, 2025, 11:59 PM ET, as confirmed by official company announcements or credible news sources. The IPO refers to the first sale of stock by Kraken to the public on any recognized stock exchange.[39m
[31m+[39m
[31m+ If Kraken merges with another entity, is acquired, or ceases to exist before the market resolves, the market will also resolve to \"No\".[39m
[31m+[39m
[31m+ This market will resolve early if Kraken completes an IPO by December 31, 2025, 11:59 PM ET.[39m
[31m+[39m
[31m+ The resolution source for this market is a consensus of credible reporting.",[39m
[31m+         "endDate": "2025-12-31",[39m
[31m+         "featured": false,[39m
[31m+         "liquidity": null,[39m
[31m+         "marketSlug": null,[39m
[31m+         "question": "Kraken IPO in 2025?",[39m
[31m+         "questionId": "0x90c45939ee51f61d0c19d912e982aedc20a881ac43fda288f9141b33dbfac481",[39m
[31m+         "source": "polymarket",[39m
[31m+         "startDate": null,[39m
[31m+         "status": "active",[39m
[31m+         "tags": null,[39m
[31m+         "thatOdds": null,[39m
[31m+         "thatOption": "No",[39m
[31m+         "thisOdds": null,[39m
[31m+         "thisOption": "Yes",[39m
[31m+         "updatedAt": 2025-11-27T06:23:26.270Z,[39m
[31m+         "volume": null,[39m
[31m+         "volume24hr": null,[39m
[31m+       },[39m
[31m+       {[39m
[31m+         "author": "0x91430CaD2d3975766499717fA0D66A78D814E5c5",[39m
[31m+         "category": null,[39m
[31m+         "conditionId": "0x9b3c3177fe473124c756b01e123b4b03e3a99880844ed8dea21b0a7879ca04aa",[39m
[31m+         "createdAt": 2025-11-27T06:23:26.272Z,[39m
[31m+         "description": "This market will resolve to \"Yes\" if Kraken completes an Initial Public Offering (IPO) by the listed date ET, as confirmed by official company announcements and credible news sources. Otherwise, this market will resolve to \"No.\"[39m
[31m+[39m
[31m+ The IPO refers to the first sale of stock by the listed company to the public on any recognized stock exchange.[39m
[31m+[39m
[31m+ If Kraken is acquired by another company that is already public, this market will immediately resolve to \"No.\"[39m
[31m+[39m
[31m+ The resolution source for this market is a consensus of credible reporting.",[39m
[31m+         "endDate": "2026-04-01",[39m
[31m+         "featured": false,[39m
[31m+         "liquidity": null,[39m
[31m+         "marketSlug": null,[39m
[31m+         "question": "Kraken IPO by March 31, 2026?",[39m
[31m+         "questionId": "0x47fcdd597ecb28eedd232bd26886b902f9a49b77d563c028867032905f7974f5",[39m
[31m+         "source": "polymarket",[39m
[31m+         "startDate": null,[39m
[31m+         "status": "active",[39m
[31m+         "tags": null,[39m
[31m+         "thatOdds": null,[39m
[31m+         "thatOption": "No",[39m
[31m+         "thisOdds": null,[39m
[31m+         "thisOption": "Yes",[39m
[31m+         "updatedAt": 2025-11-27T06:23:26.272Z,[39m
[31m+         "volume": null,[39m
[31m+         "volume24hr": null,[39m
[31m+       },[39m
[31m+       {[39m
[31m+         "author": "0x91430CaD2d3975766499717fA0D66A78D814E5c5",[39m
[31m+         "category": null,[39m
[31m+         "conditionId": "0xced0cb8725bad43d78fda0cd0e5fa9e31804625cb3502b2c7897f8e8f7fa9e1f",[39m
[31m+         "createdAt": 2025-11-27T06:23:26.273Z,[39m
[31m+         "description": "This market will resolve to \"Yes\" if Kraken completes an Initial Public Offering (IPO) by the listed date ET, as confirmed by official company announcements and credible news sources. Otherwise, this market will resolve to \"No.\"[39m
[31m+[39m
[31m+ The IPO refers to the first sale of stock by the listed company to the public on any recognized stock exchange.[39m
[31m+[39m
[31m+ If Kraken is acquired by another company that is already public, this market will immediately resolve to \"No.\"[39m
[31m+[39m
[31m+ The resolution source for this market is a consensus of credible reporting.",[39m
[31m+         "endDate": "2027-01-01",[39m
[31m+         "featured": false,[39m
[31m+         "liquidity": null,[39m
[31m+         "marketSlug": null,[39m
[31m+         "question": "Kraken IPO by December 31, 2026?",[39m
[31m+         "questionId": "0xb6cc06fbb46f67a90062d501b29778c2bf41b0fac19a8647039ba21e884d7f1e",[39m
[31m+         "source": "polymarket",[39m
[31m+         "startDate": null,[39m
[31m+         "status": "active",[39m
[31m+         "tags": null,[39m
[31m+         "thatOdds": null,[39m
[31m+         "thatOption": "No",[39m
[31m+         "thisOdds": null,[39m
[31m+         "thisOption": "Yes",[39m
[31m+         "updatedAt": 2025-11-27T06:23:26.273Z,[39m
[31m+         "volume": null,[39m
[31m+         "volume24hr": null,[39m
[31m+       },[39m
[31m+     ],[39m
[31m+     "status": "active",[39m
[31m+     "totalLiquidity": 0,[39m
[31m+     "totalVolume": 0,[39m
[31m+     "updatedAt": 2025-11-27T06:23:26.274Z,[39m
[31m+   },[39m
[31m+   {[39m
[31m+     "_id": "6927db32f2bec3838f4c0191",[39m
[31m+     "category": null,[39m
[31m+     "createdAt": 2025-11-27T06:23:26.269Z,[39m
[31m+     "eventDescription": "This market will resolve to \"Yes\" if Israel announces it has ceased all ground operations within and has withdrawn all ground forces from Gaza between January 1 and December 31, 2025, 11:59 PM ET. Otherwise, this market will resolve to \"No\".[39m
[31m+[39m
[31m+ For this market to resolve to \"Yes\" it is sufficient that Israel announces its ground forces have withdrawn into or behind intended buffer zones, even if that zone is established on internationally recognized Palestinian territory.[39m
[31m+[39m
[31m+ The primary resolution source for this market will be information from the Israeli government, however a consensus of credible reporting will also be used.",[39m
[31m+     "eventIcon": "https://polymarket-upload.s3.us-east-2.amazonaws.com/israel-withdraws-from-gaza-in-2024-OAOdK6uvC37v.jpg",[39m
[31m+     "eventId": "16181",[39m
[31m+     "eventImage": "https://polymarket-upload.s3.us-east-2.amazonaws.com/israel-withdraws-from-gaza-in-2024-OAOdK6uvC37v.jpg",[39m
[31m+     "eventSlug": "israel-withdraws-from-gaza-in-2025",[39m
[31m+     "eventTitle": "Israel withdraws from Gaza in 2025?",[39m
[31m+     "markets": [[39m
[31m+       {[39m
[31m+         "author": "0x91430CaD2d3975766499717fA0D66A78D814E5c5",[39m
[31m+         "category": null,[39m
[31m+         "conditionId": "0x4f6be3a3a4d10c128211a0a430e44de4b66e7e9f7ab02a0393f1f4ad924ad980",[39m
[31m+         "createdAt": 2025-11-27T06:23:26.268Z,[39m
[31m+         "description": "This market will resolve to \"Yes\" if Israel announces it has ceased all ground operations within and has withdrawn all ground forces from Gaza between January 1 and December 31, 2025, 11:59 PM ET. Otherwise, this market will resolve to \"No\".[39m
[31m+[39m
[31m+ For this market to resolve to \"Yes\" it is sufficient that Israel announces its ground forces have withdrawn into or behind intended buffer zones, even if that zone is established on internationally recognized Palestinian territory.[39m
[31m+[39m
[31m+ The primary resolution source for this market will be information from the Israeli government, however a consensus of credible reporting will also be used.",[39m
[31m+         "endDate": "2025-12-31",[39m
[31m+         "featured": false,[39m
[31m+         "liquidity": null,[39m
[31m+         "marketSlug": null,[39m
[31m+         "question": "Israel withdraws from Gaza in 2025?",[39m
[31m+         "questionId": "0xc329ed0a89325fbfcf61000704f984dbb324bc75d43db1882fd6d908668297f0",[39m
[31m+         "source": "polymarket",[39m
[31m+         "startDate": "2025-09-12 22:21:00+00",[39m
[31m+         "status": "active",[39m
[31m+         "tags": null,[39m
[31m+         "thatOdds": null,[39m
[31m+         "thatOption": "No",[39m
[31m+         "thisOdds": null,[39m
[31m+         "thisOption": "Yes",[39m
[31m+         "updatedAt": 2025-11-27T06:23:26.268Z,[39m
[31m+         "volume": null,[39m
[31m+         "volume24hr": null,[39m
[31m+       },[39m
[31m+     ],[39m
[31m+     "status": "active",[39m
[31m+     "totalLiquidity": 0,[39m
[31m+     "totalVolume": 0,[39m
[31m+     "updatedAt": 2025-11-27T06:23:26.269Z,[39m
[31m+   },[39m
[31m+   {[39m
[31m+     "_id": "6927db32f2bec3838f4c0190",[39m
[31m+     "category": null,[39m
[31m+     "createdAt": 2025-11-27T06:23:26.267Z,[39m
[31m+     "eventDescription": "This market will resolve to \"Yes\" if Venezuela's president, Nicolás Maduro, is removed from power for any length of time between January 1, and December 31, 2025, 11:59 PM ET. Otherwise, this market will resolve to \"No\".[39m
[31m+[39m
[31m+ President Nicolás Maduro will be considered to be removed from power if he resigns, is detained, or otherwise loses his position or is prevented from fulfilling his duties as President of Venezuela within this market's timeframe.[39m
[31m+[39m
[31m+ The primary resolution source for this market will be a consensus of credible reporting.",[39m
[31m+     "eventIcon": "https://polymarket-upload.s3.us-east-2.amazonaws.com/maduro-out-in-2024-IioUZQNiyLYz.jpg",[39m
[31m+     "eventId": "16180",[39m
[31m+     "eventImage": "https://polymarket-upload.s3.us-east-2.amazonaws.com/maduro-out-in-2024-IioUZQNiyLYz.jpg",[39m
[31m+     "eventSlug": "maduro-out-in-2025",[39m
[31m+     "eventTitle": "Maduro out by...?",[39m
[31m+     "markets": [[39m
[31m+       {[39m
[31m+         "author": "0x91430CaD2d3975766499717fA0D66A78D814E5c5",[39m
[31m+         "category": null,[39m
[31m+         "conditionId": "0xafc235557ace53ff0b0d2e93392314a7c3f3daab26a79050e985c11282f66df7",[39m
[31m+         "createdAt": 2025-11-27T06:23:26.264Z,[39m
[31m+         "description": "This market will resolve to \"Yes\" if Venezuela's president, Nicolás Maduro, is removed from power for any length of time between January 1, and December 31, 2025, 11:59 PM ET. Otherwise, this market will resolve to \"No\".[39m
[31m+[39m
[31m+ President Nicolás Maduro will be considered to be removed from power if he resigns, is detained, or otherwise loses his position or is prevented from fulfilling his duties as President of Venezuela within this market's timeframe.[39m
[31m+[39m
[31m+ The primary resolution source for this market will be a consensus of credible reporting.",[39m
[31m+         "endDate": "2025-12-31",[39m
[31m+         "featured": false,[39m
[31m+         "liquidity": null,[39m
[31m+         "marketSlug": null,[39m
[31m+         "question": "Maduro out in 2025?",[39m
[31m+         "questionId": "0x6ace66b818aea614676a28bf381c66bf7483a86b1ae39261825a3be271b0f049",[39m
[31m+         "source": "polymarket",[39m
[31m+         "startDate": null,[39m
[31m+         "status": "active",[39m
[31m+         "tags": null,[39m
[31m+         "thatOdds": null,[39m
[31m+         "thatOption": "No",[39m
[31m+         "thisOdds": null,[39m
[31m+         "thisOption": "Yes",[39m
[31m+         "updatedAt": 2025-11-27T06:23:26.264Z,[39m
[31m+         "volume": null,[39m
[31m+         "volume24hr": null,[39m
[31m+       },[39m
[31m+       {[39m
[31m+         "author": "0x91430CaD2d3975766499717fA0D66A78D814E5c5",[39m
[31m+         "category": null,[39m
[31m+         "conditionId": "0xa953bea944d7264285c0a2cc1f92809a7d9db78138b1c3de9cc23d8917f14d6a",[39m
[31m+         "createdAt": 2025-11-27T06:23:26.265Z,[39m
[31m+         "description": "This market will resolve to \"Yes\" if Venezuela's president, Nicolás Maduro, is removed from power for any length of time between November 3, and November 30, 2025, 11:59 PM ET. Otherwise, this market will resolve to \"No\".[39m
[31m+[39m
[31m+ President Nicolás Maduro will be considered to be removed from power if he resigns, is detained, or otherwise loses his position or is prevented from fulfilling his duties as President of Venezuela within this market's timeframe.[39m
[31m+[39m
[31m+ The primary resolution source for this market will be a consensus of credible reporting.",[39m
[31m+         "endDate": "2025-11-30",[39m
[31m+         "featured": false,[39m
[31m+         "liquidity": null,[39m
[31m+         "marketSlug": null,[39m
[31m+         "question": "Maduro out by November 30, 2025?",[39m
[31m+         "questionId": "0xd716e71ea969c82765acb40ae284715cc6a60770cb9bb3cd1ff8ad0cbe4c65f5",[39m
[31m+         "source": "polymarket",[39m
[31m+         "startDate": null,[39m
[31m+         "status": "active",[39m
[31m+         "tags": null,[39m
[31m+         "thatOdds": null,[39m
[31m+         "thatOption": "No",[39m
[31m+         "thisOdds": null,[39m
[31m+         "thisOption": "Yes",[39m
[31m+         "updatedAt": 2025-11-27T06:23:26.265Z,[39m
[31m+         "volume": null,[39m
[31m+         "volume24hr": null,[39m
[31m+       },[39m
[31m+       {[39m
[31m+         "author": "0x91430CaD2d3975766499717fA0D66A78D814E5c5",[39m
[31m+         "category": null,[39m
[31m+         "conditionId": "0x18d8c59309811ce5618ea941f9bde2a96afa5d876a69c42fba2da4bcc56d3c5e",[39m
[31m+         "createdAt": 2025-11-27T06:23:26.266Z,[39m
[31m+         "description": "This market will resolve to \"Yes\" if Venezuela's president, Nicolás Maduro, is removed from power for any length of time between November 3, 2025, and March 31, 2026, 11:59 PM ET. Otherwise, this market will resolve to \"No\".[39m
[31m+[39m
[31m+ President Nicolás Maduro will be considered to be removed from power if he resigns, is detained, or otherwise loses his position or is prevented from fulfilling his duties as President of Venezuela within this market's timeframe.[39m
[31m+[39m
[31m+ The primary resolution source for this market will be a consensus of credible reporting.",[39m
[31m+         "endDate": "2026-03-31",[39m
[31m+         "featured": false,[39m
[31m+         "liquidity": null,[39m
[31m+         "marketSlug": null,[39m
[31m+         "question": "Maduro out by March 31, 2026?",[39m
[31m+         "questionId": "0x86a2e0d972d94cddd99677a02ee7c99af5293c3ba47c90f26c269aaff8e51caf",[39m
[31m+         "source": "polymarket",[39m
[31m+         "startDate": null,[39m
[31m+         "status": "active",[39m
[31m+         "tags": null,[39m
[31m+         "thatOdds": null,[39m
[31m+         "thatOption": "No",[39m
[31m+         "thisOdds": null,[39m
[31m+         "thisOption": "Yes",[39m
[31m+         "updatedAt": 2025-11-27T06:23:26.266Z,[39m
[31m+         "volume": null,[39m
[31m+         "volume24hr": null,[39m
[31m+       },[39m
[31m+     ],[39m
[31m+     "status": "active",[39m
[31m+     "totalLiquidity": 0,[39m
[31m+     "totalVolume": 0,[39m
[31m+     "updatedAt": 2025-11-27T06:23:26.267Z,[39m
[31m+   },[39m
[31m+   {[39m
[31m+     "_id": "6927db32f2bec3838f4c018d",[39m
[31m+     "category": null,[39m
[31m+     "createdAt": 2025-11-27T06:23:26.263Z,[39m
[31m+     "eventDescription": "This market will resolve to \"Yes\" if Beyoncé and/or Jay-Z announce their intention to divorce between January 1 and December 31, 2025, 11:59 PM ET. Otherwise, this market will resolve to \"No\".[39m
[31m+[39m
[31m+ An announcement by December 31 of their intention to divorce will be sufficient for a \"Yes\" resolution, regardless of whether the divorce later actually occurs, or whether the actual divorce occurs outside of the timeframe of this market.[39m
[31m+[39m
[31m+ The resolution source will be statements from Beyoncé and/or Jay-Z, and their representatives, however a definitive consensus of credible media reporting may be considered.",[39m
[31m+     "eventIcon": "https://polymarket-upload.s3.us-east-2.amazonaws.com/jay-z-beyonc-divorce-in-2025-_Yqjop7qvntD.jpg",[39m
[31m+     "eventId": "16176",[39m
[31m+     "eventImage": "https://polymarket-upload.s3.us-east-2.amazonaws.com/jay-z-beyonc-divorce-in-2025-_Yqjop7qvntD.jpg",[39m
[31m+     "eventSlug": "jay-z-beyonc-divorce-in-2025",[39m
[31m+     "eventTitle": "Jay-Z & Beyoncé divorce in 2025?",[39m
[31m+     "markets": [[39m
[31m+       {[39m
[31m+         "author": "0x91430CaD2d3975766499717fA0D66A78D814E5c5",[39m
[31m+         "category": null,[39m
[31m+         "conditionId": "0x705a52e7a17eba05f3cfef9b28b0f4a9f737d9110bad59301852228b4fe377f7",[39m
[31m+         "createdAt": 2025-11-27T06:23:26.262Z,[39m
[31m+         "description": "This market will resolve to \"Yes\" if Beyoncé and/or Jay-Z announce their intention to divorce between January 1 and December 31, 2025, 11:59 PM ET. Otherwise, this market will resolve to \"No\".[39m
[31m+[39m
[31m+ An announcement by December 31 of their intention to divorce will be sufficient for a \"Yes\" resolution, regardless of whether the divorce later actually occurs, or whether the actual divorce occurs outside of the timeframe of this market.[39m
[31m+[39m
[31m+ The resolution source will be statements from Beyoncé and/or Jay-Z, and their representatives, however a definitive consensus of credible media reporting may be considered.",[39m
[31m+         "endDate": "2025-12-31",[39m
[31m+         "featured": false,[39m
[31m+         "liquidity": null,[39m
[31m+         "marketSlug": null,[39m
[31m+         "question": "Jay-Z & Beyoncé divorce in 2025?",[39m
[31m+         "questionId": "0xb0b9c60bceca786465a2d576e738173f5a6daa93b4924677d49a103c71026ab3",[39m
[31m+         "source": "polymarket",[39m
[31m+         "startDate": null,[39m
[31m+         "status": "active",[39m
[31m+         "tags": null,[39m
[31m+         "thatOdds": null,[39m
[31m+         "thatOption": "No",[39m
[31m+         "thisOdds": null,[39m
[31m+         "thisOption": "Yes",[39m
[31m+         "updatedAt": 2025-11-27T06:23:26.262Z,[39m
[31m+         "volume": null,[39m
[31m+         "volume24hr": null,[39m
[31m+       },[39m
[31m+     ],[39m
[31m+     "status": "active",[39m
[31m+     "totalLiquidity": 0,[39m
[31m+     "totalVolume": 0,[39m
[31m+     "updatedAt": 2025-11-27T06:23:26.263Z,[39m
[31m+   },[39m
[31m+   {[39m
[31m+     "_id": "6927db32f2bec3838f4c018c",[39m
[31m+     "category": null,[39m
[31m+     "createdAt": 2025-11-27T06:23:26.261Z,[39m
[31m+     "eventDescription": "This market will resolve to \"Yes\" if any vaccine intended for humans and inoculating against H5N1 receives full FDA approval between January 1, and December 31, 2025, 11:59 PM ET. Otherwise, this market will resolve to \"No\".[39m
[31m+[39m
[31m+ The primary resolution source for this market will be information from the FDA, including their official list of approved vaccines (https://www.fda.gov/vaccines-blood-biologics/vaccines/vaccines-licensed-use-united-states).",[39m
[31m+     "eventIcon": "https://polymarket-upload.s3.us-east-2.amazonaws.com/bird-flu-vaccine-in-2025-uz6keat1Zj37.jpg",[39m
[31m+     "eventId": "16175",[39m
[31m+     "eventImage": "https://polymarket-upload.s3.us-east-2.amazonaws.com/bird-flu-vaccine-in-2025-uz6keat1Zj37.jpg",[39m
[31m+     "eventSlug": "bird-flu-vaccine-in-2025",[39m
[31m+     "eventTitle": "Bird flu vaccine in 2025?",[39m
[31m+     "markets": [[39m
[31m+       {[39m
[31m+         "author": "0x91430CaD2d3975766499717fA0D66A78D814E5c5",[39m
[31m+         "category": null,[39m
[31m+         "conditionId": "0x0f416235a6d63a19f2779906242ce173aec3e49bbdcdf60247b994f132ab79bb",[39m
[31m+         "createdAt": 2025-11-27T06:23:26.261Z,[39m
[31m+         "description": "This market will resolve to \"Yes\" if any vaccine intended for humans and inoculating against H5N1 receives full FDA approval between January 1, and December 31, 2025, 11:59 PM ET. Otherwise, this market will resolve to \"No\".[39m
[31m+[39m
[31m+ The primary resolution source for this market will be information from the FDA, including their official list of approved vaccines (https://www.fda.gov/vaccines-blood-biologics/vaccines/vaccines-licensed-use-united-states).",[39m
[31m+         "endDate": "2025-12-31",[39m
[31m+         "featured": false,[39m
[31m+         "liquidity": null,[39m
[31m+         "marketSlug": null,[39m
[31m+         "question": "Bird flu vaccine in 2025?",[39m
[31m+         "questionId": "0x859f7f0620dd09ce8e775a9cf81e68574038dc156bb4535400c5c37834b0a6a2",[39m
[31m+         "source": "polymarket",[39m
[31m+         "startDate": null,[39m
[31m+         "status": "active",[39m
[31m+         "tags": null,[39m
[31m+         "thatOdds": null,[39m
[31m+         "thatOption": "No",[39m
[31m+         "thisOdds": null,[39m
[31m+         "thisOption": "Yes",[39m
[31m+         "updatedAt": 2025-11-27T06:23:26.261Z,[39m
[31m+         "volume": null,[39m
[31m+         "volume24hr": null,[39m
[31m+       },[39m
[31m+     ],[39m
[31m+     "status": "active",[39m
[31m+     "totalLiquidity": 0,[39m
[31m+     "totalVolume": 0,[39m
[31m+     "updatedAt": 2025-11-27T06:23:26.261Z,[39m
[31m+   },[39m
[31m+   {[39m
[31m+     "_id": "6927db32f2bec3838f4c018b",[39m
[31m+     "category": null,[39m
[31m+     "createdAt": 2025-11-27T06:23:26.260Z,[39m
[31m+     "eventDescription": "This market will resolve to \"Yes\" if Donald Trump and/or Melania Trump announce their intention to divorce between December 31, 2024 and December 31, 2025, 11:59 PM ET. Otherwise, this market will resolve to \"No\".[39m
[31m+[39m
[31m+ An announcement by December 31, 2025 of their intention to divorce will be sufficient for a \"Yes\" resolution, regardless of whether the divorce later actually occurs, or whether the actual divorce occurs outside of the timeframe of this market.[39m
[31m+[39m
[31m+ The resolution source will be statements from Donald Trump and/or Melania Trump , and their representatives, however a definitive consensus of credible media reporting may be considered.",[39m
[31m+     "eventIcon": "https://polymarket-upload.s3.us-east-2.amazonaws.com/donald-melania-trump-divorce-in-2025-VNEoIt1FbQgb.jpg",[39m
[31m+     "eventId": "16174",[39m
[31m+     "eventImage": "https://polymarket-upload.s3.us-east-2.amazonaws.com/donald-melania-trump-divorce-in-2025-VNEoIt1FbQgb.jpg",[39m
[31m+     "eventSlug": "trump-divorce-in-2025",[39m
[31m+     "eventTitle": "Trump divorce in 2025?",[39m
[31m+     "markets": [[39m
[31m+       {[39m
[31m+         "author": "0x91430CaD2d3975766499717fA0D66A78D814E5c5",[39m
[31m+         "category": null,[39m
[31m+         "conditionId": "0xd56c9ee002e2ae2766bb390373a18ecf78201df41533f2d7470f9440cbba18d7",[39m
[31m+         "createdAt": 2025-11-27T06:23:26.259Z,[39m
[31m+         "description": "This market will resolve to \"Yes\" if Donald Trump and/or Melania Trump announce their intention to divorce between December 31, 2024 and December 31, 2025, 11:59 PM ET. Otherwise, this market will resolve to \"No\".[39m
[31m+[39m
[31m+ An announcement by December 31, 2025 of their intention to divorce will be sufficient for a \"Yes\" resolution, regardless of whether the divorce later actually occurs, or whether the actual divorce occurs outside of the timeframe of this market.[39m
[31m+[39m
[31m+ The resolution source will be statements from Donald Trump and/or Melania Trump , and their representatives, however a definitive consensus of credible media reporting may be considered.",[39m
[31m+         "endDate": "2025-12-31",[39m
[31m+         "featured": false,[39m
[31m+         "liquidity": null,[39m
[31m+         "marketSlug": null,[39m
[31m+         "question": "Trump divorce in 2025?",[39m
[31m+         "questionId": "0x9addb1d0ef855670489bfd7fce5c22c46a1b1906e96ebe13df93adfdbd08286f",[39m
[31m+         "source": "polymarket",[39m
[31m+         "startDate": null,[39m
[31m+         "status": "active",[39m
[31m+         "tags": null,[39m
[31m+         "thatOdds": null,[39m
[31m+         "thatOption": "No",[39m
[31m+         "thisOdds": null,[39m
[31m+         "thisOption": "Yes",[39m
[31m+         "updatedAt": 2025-11-27T06:23:26.259Z,[39m
[31m+         "volume": null,[39m
[31m+         "volume24hr": null,[39m
[31m+       },[39m
[31m+     ],[39m
[31m+     "status": "active",[39m
[31m+     "totalLiquidity": 0,[39m
[31m+     "totalVolume": 0,[39m
[31m+     "updatedAt": 2025-11-27T06:23:26.260Z,[39m
[31m+   },[39m
[31m+   {[39m
[31m+     "_id": "6927db32f2bec3838f4c018a",[39m
[31m+     "category": null,[39m
[31m+     "createdAt": 2025-11-27T06:23:26.257Z,[39m
[31m+     "eventDescription": "This market will resolve to \"Yes\" if Prince Harry, Duke of Sussex and/or Meghan, Duchess of Sussex announce their intention to divorce between December 30, 2024 and December 31, 2025, 11:59 PM ET. Otherwise, this market will resolve to \"No\".[39m
[31m+[39m
[31m+ An announcement by December 31, 2025 of their intention to divorce will be sufficient for a \"Yes\" resolution, regardless of whether the divorce later actually occurs, or whether the actual divorce occurs outside of the timeframe of this market.[39m
[31m+[39m
[31m+ The resolution source will be statements from Harry and/or Meghan, and their representatives, however a definitive consensus of credible media reporting may be considered.",[39m
[31m+     "eventIcon": "https://polymarket-upload.s3.us-east-2.amazonaws.com/harry-meghan-divorce-in-2025-rXbxdoNhahkb.jpg",[39m
[31m+     "eventId": "16173",[39m
[31m+     "eventImage": "https://polymarket-upload.s3.us-east-2.amazonaws.com/harry-meghan-divorce-in-2025-rXbxdoNhahkb.jpg",[39m
[31m+     "eventSlug": "harry-meghan-divorce-in-2025",[39m
[31m+     "eventTitle": "Harry & Meghan divorce in 2025?",[39m
[31m+     "markets": [[39m
[31m+       {[39m
[31m+         "author": "0x91430CaD2d3975766499717fA0D66A78D814E5c5",[39m
[31m+         "category": null,[39m
[31m+         "conditionId": "0x222089eb812cba145be42b545f6dfc9ba13743326a1c48720514114f8553610d",[39m
[31m+         "createdAt": 2025-11-27T06:23:26.256Z,[39m
[31m+         "description": "This market will resolve to \"Yes\" if Prince Harry, Duke of Sussex and/or Meghan, Duchess of Sussex announce their intention to divorce between December 30, 2024 and December 31, 2025, 11:59 PM ET. Otherwise, this market will resolve to \"No\".[39m
[31m+[39m
[31m+ An announcement by December 31, 2025 of their intention to divorce will be sufficient for a \"Yes\" resolution, regardless of whether the divorce later actually occurs, or whether the actual divorce occurs outside of the timeframe of this market.[39m
[31m+[39m
[31m+ The resolution source will be statements from Harry and/or Meghan, and their representatives, however a definitive consensus of credible media reporting may be considered.",[39m
[31m+         "endDate": "2025-12-31",[39m
[31m+         "featured": false,[39m
[31m+         "liquidity": null,[39m
[31m+         "marketSlug": null,[39m
[31m+         "question": "Harry & Meghan divorce in 2025?",[39m
[31m+         "questionId": "0xa78121a8507d53e4966016a6eb4f532e7769fe3d1a92f611d283ce1565efac3a",[39m
[31m+         "source": "polymarket",[39m
[31m+         "startDate": null,[39m
[31m+         "status": "active",[39m
[31m+         "tags": null,[39m
[31m+         "thatOdds": null,[39m
[31m+         "thatOption": "No",[39m
[31m+         "thisOdds": null,[39m
[31m+         "thisOption": "Yes",[39m
[31m+         "updatedAt": 2025-11-27T06:23:26.256Z,[39m
[31m+         "volume": null,[39m
[31m+         "volume24hr": null,[39m
[31m+       },[39m
[31m+     ],[39m
[31m+     "status": "active",[39m
[31m+     "totalLiquidity": 0,[39m
[31m+     "totalVolume": 0,[39m
[31m+     "updatedAt": 2025-11-27T06:23:26.257Z,[39m
[31m+   },[39m
[31m+   {[39m
[31m+     "_id": "6927db32f2bec3838f4c0189",[39m
[31m+     "category": null,[39m
[31m+     "createdAt": 2025-11-27T06:23:26.254Z,[39m
[31m+     "eventDescription": "If Supreme Leader of North Korea Kim Jong Un visits the United States between January 1 and December 31, 2025, 11:59 PM ET, this market will resolve to \"Yes\". Otherwise, this market will resolve to \"No\".[39m
[31m+[39m
[31m+ For the purpose of this market, a \"visit\" is defined as Kim Jong Un physically entering the terrestrial or maritime territory of the United States. Whether or not Kim Jong Un enters US airspace during the timeframe of this market will have no bearing on a positive resolution.[39m
[31m+[39m
[31m+ The primary resolution source for this information will be official information from the US or North Korea, however a consensus of credible reporting will also be used.",[39m
[31m+     "eventIcon": "https://polymarket-upload.s3.us-east-2.amazonaws.com/will-kim-jong-un-visit-us-in-2025-l8M7jKJ2TRLy.jpg",[39m
[31m+     "eventId": "16172",[39m
[31m+     "eventImage": "https://polymarket-upload.s3.us-east-2.amazonaws.com/will-kim-jong-un-visit-us-in-2025-l8M7jKJ2TRLy.jpg",[39m
[31m+     "eventSlug": "will-kim-jong-un-visit-us-in-2025",[39m
[31m+     "eventTitle": "Will Kim Jong Un visit US in 2025?",[39m
[31m+     "markets": [[39m
[31m+       {[39m
[31m+         "author": "0x91430CaD2d3975766499717fA0D66A78D814E5c5",[39m
[31m+         "category": null,[39m
[31m+         "conditionId": "0x3694d359186f0688246045a29a3143bd93ee6df053df2341c441fe7b83458c7c",[39m
[31m+         "createdAt": 2025-11-27T06:23:26.253Z,[39m
[31m+         "description": "If Supreme Leader of North Korea Kim Jong Un visits the United States between January 1 and December 31, 2025, 11:59 PM ET, this market will resolve to \"Yes\". Otherwise, this market will resolve to \"No\".[39m
[31m+[39m
[31m+ For the purpose of this market, a \"visit\" is defined as Kim Jong Un physically entering the terrestrial or maritime territory of the United States. Whether or not Kim Jong Un enters US airspace during the timeframe of this market will have no bearing on a positive resolution.[39m
[31m+[39m
[31m+ The primary resolution source for this information will be official information from the US or North Korea, however a consensus of credible reporting will also be used.",[39m
[31m+         "endDate": "2025-12-31",[39m
[31m+         "featured": false,[39m
[31m+         "liquidity": null,[39m
[31m+         "marketSlug": null,[39m
[31m+         "question": "Will Kim Jong Un visit US in 2025?",[39m
[31m+         "questionId": "0xed67d2fb84a832107719d56781d52a2b4efbb2e5925f012c147f3025b2ab533d",[39m
[31m+         "source": "polymarket",[39m
[31m+         "startDate": null,[39m
[31m+         "status": "active",[39m
[31m+         "tags": null,[39m
[31m+         "thatOdds": null,[39m
[31m+         "thatOption": "No",[39m
[31m+         "thisOdds": null,[39m
[31m+         "thisOption": "Yes",[39m
[31m+         "updatedAt": 2025-11-27T06:23:26.253Z,[39m
[31m+         "volume": null,[39m
[31m+         "volume24hr": null,[39m
[31m+       },[39m
[31m+     ],[39m
[31m+     "status": "active",[39m
[31m+     "totalLiquidity": 0,[39m
[31m+     "totalVolume": 0,[39m
[31m+     "updatedAt": 2025-11-27T06:23:26.254Z,[39m
[31m+   },[39m
[31m+   {[39m
[31m+     "_id": "6927db32f2bec3838f4c0188",[39m
[31m+     "category": null,[39m
[31m+     "createdAt": 2025-11-27T06:23:26.251Z,[39m
[31m+     "eventDescription": "This market will resolve to \"Yes\" if the data for the Global Land-Ocean Temperature Index for 2025 shows an increase greater than that of any previously recorded year when it is released. Otherwise, this market will resolve to \"No\".[39m
[31m+[39m
[31m+ An anomaly greater than that of any previously recorded year for 2025 is necessary and sufficient to resolve this market to \"Yes\" immediately once the data becomes available, regardless of whether the figure for 2024 and/or 2025 is later revised.[39m
[31m+[39m
[31m+ The primary resolution source for this market will be the figure found in the table titled \"Land-Ocean Temperature Index (C)\" under the column \"No_Smoothing\" in the row \"2025\" (https://data.giss.nasa.gov/gistemp/graphs/graph_data/Global_Mean_Estimates_based_on_Land_and_Ocean_Data/graph.txt). If NASA's \"Global Temperature Index\" is rendered permanently unavailable, other information from NASA may be used. If no information for 2025 is provided by NASA by March 1, 2026, 11:59 PM ET, this market will resolve based on a consensus of credible reporting.",[39m
[31m+     "eventIcon": "https://polymarket-upload.s3.us-east-2.amazonaws.com/earth+on+fire.png",[39m
[31m+     "eventId": "16171",[39m
[31m+     "eventImage": "https://polymarket-upload.s3.us-east-2.amazonaws.com/earth+on+fire.png",[39m
[31m+     "eventSlug": "will-2025-be-the-hottest-year-on-record",[39m
[31m+     "eventTitle": "Will 2025 be the hottest year on record?",[39m
[31m+     "markets": [[39m
[31m+       {[39m
[31m+         "author": "0x91430CaD2d3975766499717fA0D66A78D814E5c5",[39m
[31m+         "category": null,[39m
[31m+         "conditionId": "0xe6508d867d153a268bdab732aa8abc8cc57e652d28a23aa042da40895bf031b2",[39m
[31m+         "createdAt": 2025-11-27T06:23:26.250Z,[39m
[31m+         "description": "This market will resolve to \"Yes\" if the data for the Global Land-Ocean Temperature Index for 2025 shows an increase greater than that of any previously recorded year when it is released. Otherwise, this market will resolve to \"No\".[39m
[31m+[39m
[31m+ An anomaly greater than that of any previously recorded year for 2025 is necessary and sufficient to resolve this market to \"Yes\" immediately once the data becomes available, regardless of whether the figure for 2024 and/or 2025 is later revised.[39m
[31m+[39m
[31m+ The primary resolution source for this market will be the figure found in the table titled \"Land-Ocean Temperature Index (C)\" under the column \"No_Smoothing\" in the row \"2025\" (https://data.giss.nasa.gov/gistemp/graphs/graph_data/Global_Mean_Estimates_based_on_Land_and_Ocean_Data/graph.txt). If NASA's \"Global Temperature Index\" is rendered permanently unavailable, other information from NASA may be used. If no information for 2025 is provided by NASA by March 1, 2026, 11:59 PM ET, this market will resolve based on a consensus of credible reporting.",[39m
[31m+         "endDate": "2025-12-31",[39m
[31m+         "featured": false,[39m
[31m+         "liquidity": null,[39m
[31m+         "marketSlug": null,[39m
[31m+         "question": "Will 2025 be the hottest year on record?",[39m
[31m+         "questionId": "0x87e758aa008b6f51d1e23ad82a9d6b32e19f8669c1f55385873d34612cd58aaf",[39m
[31m+         "source": "polymarket",[39m
[31m+         "startDate": "2025-08-21 19:44:00+00",[39m
[31m+         "status": "active",[39m
[31m+         "tags": null,[39m
[31m+         "thatOdds": null,[39m
[31m+         "thatOption": "No",[39m
[31m+         "thisOdds": null,[39m
[31m+         "thisOption": "Yes",[39m
[31m+         "updatedAt": 2025-11-27T06:23:26.250Z,[39m
[31m+         "volume": null,[39m
[31m+         "volume24hr": null,[39m
[31m+       },[39m
[31m+     ],[39m
[31m+     "status": "active",[39m
[31m+     "totalLiquidity": 0,[39m
[31m+     "totalVolume": 0,[39m
[31m+     "updatedAt": 2025-11-27T06:23:26.251Z,[39m
[31m+   },[39m
[31m+   {[39m
[31m+     "_id": "6927db32f2bec3838f4c0187",[39m
[31m+     "category": null,[39m
[31m+     "createdAt": 2025-11-27T06:23:26.249Z,[39m
[31m+     "eventDescription": "This market will resolve to \"Yes\" if the US government holds any amount of Bitcoin in its reserves at any point between January 1, 2025, ET and December 31, 2025, 11:59 PM ET. Otherwise, this market will resolve to \"No\".[39m
[31m+[39m
[31m+ Note that the US government confiscating Bitcoin does not count as holding Bitcoin reserves.[39m
[31m+[39m
[31m+ The primary resolution source for this market will be official information from the US government and/or the US federal reserve, however a consensus of credible reporting will also be used.",[39m
[31m+     "eventIcon": "https://polymarket-upload.s3.us-east-2.amazonaws.com/us-national-bitcoin-reserve-in-2025-zDcUaQ5HLS7F.jpg",[39m
[31m+     "eventId": "16170",[39m
[31m+     "eventImage": "https://polymarket-upload.s3.us-east-2.amazonaws.com/us-national-bitcoin-reserve-in-2025-zDcUaQ5HLS7F.jpg",[39m
[31m+     "eventSlug": "us-national-bitcoin-reserve-in-2025",[39m
[31m+     "eventTitle": "US national Bitcoin reserve in 2025?",[39m
[31m+     "markets": [[39m
[31m+       {[39m
[31m+         "author": "0x91430CaD2d3975766499717fA0D66A78D814E5c5",[39m
[31m+         "category": null,[39m
[31m+         "conditionId": "0x80026f98f9de40aea8dba02798c4f0067942bba401fa3715209ee7c27482640b",[39m
[31m+         "createdAt": 2025-11-27T06:23:26.248Z,[39m
[31m+         "description": "This market will resolve to \"Yes\" if the US government holds any amount of Bitcoin in its reserves at any point between January 1, 2025, ET and December 31, 2025, 11:59 PM ET. Otherwise, this market will resolve to \"No\".[39m
[31m+[39m
[31m+ Note that the US government confiscating Bitcoin does not count as holding Bitcoin reserves.[39m
[31m+[39m
[31m+ The primary resolution source for this market will be official information from the US government and/or the US federal reserve, however a consensus of credible reporting will also be used.",[39m
[31m+         "endDate": "2025-12-31",[39m
[31m+         "featured": false,[39m
[31m+         "liquidity": null,[39m
[31m+         "marketSlug": null,[39m
[31m+         "question": "US national Bitcoin reserve in 2025?",[39m
[31m+         "questionId": "0x063ecde4dd7539a2b811db00d9b97d02a93b33a1541d34d20f1953106754a627",[39m
[31m+         "source": "polymarket",[39m
[31m+         "startDate": null,[39m
[31m+         "status": "active",[39m
[31m+         "tags": null,[39m
[31m+         "thatOdds": null,[39m
[31m+         "thatOption": "No",[39m
[31m+         "thisOdds": null,[39m
[31m+         "thisOption": "Yes",[39m
[31m+         "updatedAt": 2025-11-27T06:23:26.248Z,[39m
[31m+         "volume": null,[39m
[31m+         "volume24hr": null,[39m
[31m+       },[39m
[31m+     ],[39m
[31m+     "status": "active",[39m
[31m+     "totalLiquidity": 0,[39m
[31m+     "totalVolume": 0,[39m
[31m+     "updatedAt": 2025-11-27T06:23:26.249Z,[39m
[31m+   },[39m
[31m+   {[39m
[31m+     "_id": "6927db32f2bec3838f4c0186",[39m
[31m+     "category": null,[39m
[31m+     "createdAt": 2025-11-27T06:23:26.247Z,[39m
[31m+     "eventDescription": "This is a market group over gold prices at the end of 2025.",[39m
[31m+     "eventIcon": "https://polymarket-upload.s3.us-east-2.amazonaws.com/what-price-will-gold-close-at-in-2025-DzZIsuy0XZEH.png",[39m
[31m+     "eventId": "16168",[39m
[31m+     "eventImage": "https://polymarket-upload.s3.us-east-2.amazonaws.com/what-price-will-gold-close-at-in-2025-DzZIsuy0XZEH.png",[39m
[31m+     "eventSlug": "what-price-will-gold-close-at-in-2025",[39m
[31m+     "eventTitle": "What price will gold close at in 2025? ($2500-3200)",[39m
[31m+     "markets": [[39m
[31m+       {[39m
[31m+         "author": "0x91430CaD2d3975766499717fA0D66A78D814E5c5",[39m
[31m+         "category": null,[39m
[31m+         "conditionId": "0x90e47edd9b0125997afc73881f43c195c777f99f28f0d82196a5fc561faae088",[39m
[31m+         "createdAt": 2025-11-27T06:23:26.238Z,[39m
[31m+         "description": "This market will resolve to \"Yes\" if the price of the COMEX Gold Continuous Contract (GC00) is less than $2,500.00 per troy ounce as of the final market close price in 2025. Otherwise, this market will resolve to \"No\".[39m
[31m+[39m
[31m+ The resolution source will be COMEX trading data for the Gold Continuous Contract (https://www.google.com/finance/quote/GCW00:COMEX).",[39m
[31m+         "endDate": "2025-12-31",[39m
[31m+         "featured": false,[39m
[31m+         "liquidity": null,[39m
[31m+         "marketSlug": null,[39m
[31m+         "question": "Will Gold close under $2,500 at the end of 2025?",[39m
[31m+         "questionId": "0x469e0568af391cf4079fa0c487da4c2817bb5446b457b67439a33de3b841fe00",[39m
[31m+         "source": "polymarket",[39m
[31m+         "startDate": null,[39m
[31m+         "status": "active",[39m
[31m+         "tags": null,[39m
[31m+         "thatOdds": null,[39m
[31m+         "thatOption": "No",[39m
[31m+         "thisOdds": null,[39m
[31m+         "thisOption": "Yes",[39m
[31m+         "updatedAt": 2025-11-27T06:23:26.238Z,[39m
[31m+         "volume": null,[39m
[31m+         "volume24hr": null,[39m
[31m+       },[39m
[31m+       {[39m
[31m+         "author": "0x91430CaD2d3975766499717fA0D66A78D814E5c5",[39m
[31m+         "category": null,[39m
[31m+         "conditionId": "0x8fcf00b13e188a4089851b6cc708cac28cc9bfe3b326bea24151e1877de99710",[39m
[31m+         "createdAt": 2025-11-27T06:23:26.239Z,[39m
[31m+         "description": "This market will resolve to \"Yes\" if the price of the COMEX Gold Continuous Contract (GC00) is between $2,500.00 (inclusive) and $2,600.00 (exclusive) per troy ounce as of the final market close price in 2025. Otherwise, this market will resolve to \"No\".[39m
[31m+[39m
[31m+ The resolution source will be COMEX trading data for the Gold Continuous Contract (https://www.google.com/finance/quote/GCW00:COMEX).",[39m
[31m+         "endDate": "2025-12-31",[39m
[31m+         "featured": false,[39m
[31m+         "liquidity": null,[39m
[31m+         "marketSlug": null,[39m
[31m+         "question": "Will Gold close at $2,500-2,600 at the end of 2025?",[39m
[31m+         "questionId": "0x469e0568af391cf4079fa0c487da4c2817bb5446b457b67439a33de3b841fe01",[39m
[31m+         "source": "polymarket",[39m
[31m+         "startDate": null,[39m
[31m+         "status": "active",[39m
[31m+         "tags": null,[39m
[31m+         "thatOdds": null,[39m
[31m+         "thatOption": "No",[39m
[31m+         "thisOdds": null,[39m
[31m+         "thisOption": "Yes",[39m
[31m+         "updatedAt": 2025-11-27T06:23:26.239Z,[39m
[31m+         "volume": null,[39m
[31m+         "volume24hr": null,[39m
[31m+       },[39m
[31m+       {[39m
[31m+         "author": "0x91430CaD2d3975766499717fA0D66A78D814E5c5",[39m
[31m+         "category": null,[39m
[31m+         "conditionId": "0x5cf1d973f87bd223deffdbd2905dbc8292722c4682f17146a8a5b79daa6c3ccb",[39m
[31m+         "createdAt": 2025-11-27T06:23:26.241Z,[39m
[31m+         "description": "This market will resolve to \"Yes\" if the price of the COMEX Gold Continuous Contract (GC00) is between $2,600.00 (inclusive) and $2,700.00 (exclusive) per troy ounce as of the final market close price in 2025. Otherwise, this market will resolve to \"No\".[39m
[31m+[39m
[31m+ The resolution source will be COMEX trading data for the Gold Continuous Contract (https://www.google.com/finance/quote/GCW00:COMEX).",[39m
[31m+         "endDate": "2025-12-31",[39m
[31m+         "featured": false,[39m
[31m+         "liquidity": null,[39m
[31m+         "marketSlug": null,[39m
[31m+         "question": "Will Gold close at $2,600-2,700 at the end of 2025?",[39m
[31m+         "questionId": "0x469e0568af391cf4079fa0c487da4c2817bb5446b457b67439a33de3b841fe02",[39m
[31m+         "source": "polymarket",[39m
[31m+         "startDate": null,[39m
[31m+         "status": "active",[39m
[31m+         "tags": null,[39m
[31m+         "thatOdds": null,[39m
[31m+         "thatOption": "No",[39m
[31m+         "thisOdds": null,[39m
[31m+         "thisOption": "Yes",[39m
[31m+         "updatedAt": 2025-11-27T06:23:26.241Z,[39m
[31m+         "volume": null,[39m
[31m+         "volume24hr": null,[39m
[31m+       },[39m
[31m+       {[39m
[31m+         "author": "0x91430CaD2d3975766499717fA0D66A78D814E5c5",[39m
[31m+         "category": null,[39m
[31m+         "conditionId": "0x21438bc81e26319ae40a23e64637e7ce7e25faaa1904039e2a4fd3587f222fa4",[39m
[31m+         "createdAt": 2025-11-27T06:23:26.241Z,[39m
[31m+         "description": "This market will resolve to \"Yes\" if the price of the COMEX Gold Continuous Contract (GC00) is between $2,800.00 (inclusive) and $2,900.00 (exclusive) per troy ounce as of the final market close price in 2025. Otherwise, this market will resolve to \"No\".[39m
[31m+[39m
[31m+ The resolution source will be COMEX trading data for the Gold Continuous Contract (https://www.google.com/finance/quote/GCW00:COMEX).",[39m
[31m+         "endDate": "2025-12-31",[39m
[31m+         "featured": false,[39m
[31m+         "liquidity": null,[39m
[31m+         "marketSlug": null,[39m
[31m+         "question": "Will Gold close at $2,800-2,900 at the end of 2025?",[39m
[31m+         "questionId": "0x469e0568af391cf4079fa0c487da4c2817bb5446b457b67439a33de3b841fe04",[39m
[31m+         "source": "polymarket",[39m
[31m+         "startDate": null,[39m
[31m+         "status": "active",[39m
[31m+         "tags": null,[39m
[31m+         "thatOdds": null,[39m
[31m+         "thatOption": "No",[39m
[31m+         "thisOdds": null,[39m
[31m+         "thisOption": "Yes",[39m
[31m+         "updatedAt": 2025-11-27T06:23:26.241Z,[39m
[31m+         "volume": null,[39m
[31m+         "volume24hr": null,[39m
[31m+       },[39m
[31m+       {[39m
[31m+         "author": "0x91430CaD2d3975766499717fA0D66A78D814E5c5",[39m
[31m+         "category": null,[39m
[31m+         "conditionId": "0x12993004a50c8a25454afbc8ccea7a52f9e6f5ddfaa218feea52a4e95cd874bb",[39m
[31m+         "createdAt": 2025-11-27T06:23:26.243Z,[39m
[31m+         "description": "This market will resolve to \"Yes\" if the price of the COMEX Gold Continuous Contract (GC00) is between $2,700.00 (inclusive) and $2,800.00 (exclusive) per troy ounce as of the final market close price in 2025. Otherwise, this market will resolve to \"No\".[39m
[31m+[39m
[31m+ The resolution source will be COMEX trading data for the Gold Continuous Contract (https://www.google.com/finance/quote/GCW00:COMEX).",[39m
[31m+         "endDate": "2025-12-31",[39m
[31m+         "featured": false,[39m
[31m+         "liquidity": null,[39m
[31m+         "marketSlug": null,[39m
[31m+         "question": "Will Gold close at $2,700-2,800 at the end of 2025?",[39m
[31m+         "questionId": "0x469e0568af391cf4079fa0c487da4c2817bb5446b457b67439a33de3b841fe03",[39m
[31m+         "source": "polymarket",[39m
[31m+         "startDate": null,[39m
[31m+         "status": "active",[39m
[31m+         "tags": null,[39m
[31m+         "thatOdds": null,[39m
[31m+         "thatOption": "No",[39m
[31m+         "thisOdds": null,[39m
[31m+         "thisOption": "Yes",[39m
[31m+         "updatedAt": 2025-11-27T06:23:26.243Z,[39m
[31m+         "volume": null,[39m
[31m+         "volume24hr": null,[39m
[31m+       },[39m
[31m+       {[39m
[31m+         "author": "0x91430CaD2d3975766499717fA0D66A78D814E5c5",[39m
[31m+         "category": null,[39m
[31m+         "conditionId": "0xa850d2fa2c6bd79d10ebf8403eb0962af26533cc2fbb77d7d38704fc8dabe145",[39m
[31m+         "createdAt": 2025-11-27T06:23:26.244Z,[39m
[31m+         "description": "This market will resolve to \"Yes\" if the price of the COMEX Gold Continuous Contract (GC00) is between $2,900.00 (inclusive) and $3,000.00 (exclusive) per troy ounce as of the final market close price in 2025. Otherwise, this market will resolve to \"No\".[39m
[31m+[39m
[31m+ The resolution source will be COMEX trading data for the Gold Continuous Contract (https://www.google.com/finance/quote/GCW00:COMEX).",[39m
[31m+         "endDate": "2025-12-31",[39m
[31m+         "featured": false,[39m
[31m+         "liquidity": null,[39m
[31m+         "marketSlug": null,[39m
[31m+         "question": "Will Gold close at $2,900-3,000 at the end of 2025?",[39m
[31m+         "questionId": "0x469e0568af391cf4079fa0c487da4c2817bb5446b457b67439a33de3b841fe05",[39m
[31m+         "source": "polymarket",[39m
[31m+         "startDate": null,[39m
[31m+         "status": "active",[39m
[31m+         "tags": null,[39m
[31m+         "thatOdds": null,[39m
[31m+         "thatOption": "No",[39m
[31m+         "thisOdds": null,[39m
[31m+         "thisOption": "Yes",[39m
[31m+         "updatedAt": 2025-11-27T06:23:26.244Z,[39m
[31m+         "volume": null,[39m
[31m+         "volume24hr": null,[39m
[31m+       },[39m
[31m+       {[39m
[31m+         "author": "0x91430CaD2d3975766499717fA0D66A78D814E5c5",[39m
[31m+         "category": null,[39m
[31m+         "conditionId": "0x74932644b8a73ada7a07180157ae32a26a1269058ebac758fb8ac0ab2d863b76",[39m
[31m+         "createdAt": 2025-11-27T06:23:26.244Z,[39m
[31m+         "description": "This market will resolve to \"Yes\" if the price of the COMEX Gold Continuous Contract (GC00) is between $3,000.00 (inclusive) and $3,100.00 (exclusive) per troy ounce as of the final market close price in 2025. Otherwise, this market will resolve to \"No\".[39m
[31m+[39m
[31m+ The resolution source will be COMEX trading data for the Gold Continuous Contract (https://www.google.com/finance/quote/GCW00:COMEX).",[39m
[31m+         "endDate": "2025-12-31",[39m
[31m+         "featured": false,[39m
[31m+         "liquidity": null,[39m
[31m+         "marketSlug": null,[39m
[31m+         "question": "Will Gold close at $3,000-3,100 at the end of 2025?",[39m
[31m+         "questionId": "0x469e0568af391cf4079fa0c487da4c2817bb5446b457b67439a33de3b841fe06",[39m
[31m+         "source": "polymarket",[39m
[31m+         "startDate": null,[39m
[31m+         "status": "active",[39m
[31m+         "tags": null,[39m
[31m+         "thatOdds": null,[39m
[31m+         "thatOption": "No",[39m
[31m+         "thisOdds": null,[39m
[31m+         "thisOption": "Yes",[39m
[31m+         "updatedAt": 2025-11-27T06:23:26.244Z,[39m
[31m+         "volume": null,[39m
[31m+         "volume24hr": null,[39m
[31m+       },[39m
[31m+       {[39m
[31m+         "author": "0x91430CaD2d3975766499717fA0D66A78D814E5c5",[39m
[31m+         "category": null,[39m
[31m+         "conditionId": "0x478cd903fe1b6e5449e810856111b83748229ebc996ae18a9d14f4d37077c5fd",[39m
[31m+         "createdAt": 2025-11-27T06:23:26.246Z,[39m
[31m+         "description": "This market will resolve to \"Yes\" if the price of the COMEX Gold Continuous Contract (GC00) is between $3,100.00 (inclusive) and $3,200.00 (exclusive) per troy ounce as of the final market close price in 2025. Otherwise, this market will resolve to \"No\".[39m
[31m+[39m
[31m+ The resolution source will be COMEX trading data for the Gold Continuous Contract (https://www.google.com/finance/quote/GCW00:COMEX).",[39m
[31m+         "endDate": "2025-12-31",[39m
[31m+         "featured": false,[39m
[31m+         "liquidity": null,[39m
[31m+         "marketSlug": null,[39m
[31m+         "question": "Will Gold close at $3,100-3,200 at the end of 2025?",[39m
[31m+         "questionId": "0x469e0568af391cf4079fa0c487da4c2817bb5446b457b67439a33de3b841fe07",[39m
[31m+         "source": "polymarket",[39m
[31m+         "startDate": null,[39m
[31m+         "status": "active",[39m
[31m+         "tags": null,[39m
[31m+         "thatOdds": null,[39m
[31m+         "thatOption": "No",[39m
[31m+         "thisOdds": null,[39m
[31m+         "thisOption": "Yes",[39m
[31m+         "updatedAt": 2025-11-27T06:23:26.246Z,[39m
[31m+         "volume": null,[39m
[31m+         "volume24hr": null,[39m
[31m+       },[39m
[31m+       {[39m
[31m+         "author": "0x91430CaD2d3975766499717fA0D66A78D814E5c5",[39m
[31m+         "category": null,[39m
[31m+         "conditionId": "0xee3898d16e04818aa853e39e1533b368ad57ca092ec0e6298ccdf41b62786ab9",[39m
[31m+         "createdAt": 2025-11-27T06:23:26.247Z,[39m
[31m+         "description": "This market will resolve to \"Yes\" if the price of the COMEX Gold Continuous Contract (GC00) is $3,200.00 per troy ounce or greater as of the final market close price in 2025. Otherwise, this market will resolve to \"No\".[39m
[31m+[39m
[31m+ The resolution source will be COMEX trading data for the Gold Continuous Contract (https://www.google.com/finance/quote/GCW00:COMEX).",[39m
[31m+         "endDate": "2025-12-31",[39m
[31m+         "featured": false,[39m
[31m+         "liquidity": null,[39m
[31m+         "marketSlug": null,[39m
[31m+         "question": "Will Gold close at $3,200 or more at the end of 2025?",[39m
[31m+         "questionId": "0x469e0568af391cf4079fa0c487da4c2817bb5446b457b67439a33de3b841fe08",[39m
[31m+         "source": "polymarket",[39m
[31m+         "startDate": null,[39m
[31m+         "status": "active",[39m
[31m+         "tags": null,[39m
[31m+         "thatOdds": null,[39m
[31m+         "thatOption": "No",[39m
[31m+         "thisOdds": null,[39m
[31m+         "thisOption": "Yes",[39m
[31m+         "updatedAt": 2025-11-27T06:23:26.247Z,[39m
[31m+         "volume": null,[39m
[31m+         "volume24hr": null,[39m
[31m+       },[39m
[31m+     ],[39m
[31m+     "status": "active",[39m
[31m+     "totalLiquidity": 0,[39m
[31m+     "totalVolume": 0,[39m
[31m+     "updatedAt": 2025-11-27T06:23:26.247Z,[39m
[31m+   },[39m
[31m+   {[39m
[31m+     "_id": "6927db32f2bec3838f4c0185",[39m
[31m+     "category": null,[39m
[31m+     "createdAt": 2025-11-27T06:23:26.237Z,[39m
[31m+     "eventDescription": "This market will resolve to \"Yes\" if MicroStrategy sells any of its Bitcoin by December 31, 2025, 11:59 PM ET. Otherwise, this market will resolve to \"No\".[39m
[31m+[39m
[31m+ The primary resolution source for this market will be information from MSTR and on-chain data, however a consensus of credible reporting will also be used.",[39m
[31m+     "eventIcon": "https://polymarket-upload.s3.us-east-2.amazonaws.com/will-microstrategy-purchase-bitcoin-july-1-7-mzoE5TYk_cCI.jpg",[39m
[31m+     "eventId": "16167",[39m
[31m+     "eventImage": "https://polymarket-upload.s3.us-east-2.amazonaws.com/will-microstrategy-purchase-bitcoin-july-1-7-mzoE5TYk_cCI.jpg",[39m
[31m+     "eventSlug": "microstrategy-sell-any-bitcoin-in-2025",[39m
[31m+     "eventTitle": "MicroStrategy sells any Bitcoin by ___ ?",[39m
[31m+     "markets": [[39m
[31m+       {[39m
[31m+         "author": "0x91430CaD2d3975766499717fA0D66A78D814E5c5",[39m
[31m+         "category": null,[39m
[31m+         "conditionId": "0x19ee98e348c0ccb341d1b9566fa14521566e9b2ea7aed34dc407a0ec56be36a2",[39m
[31m+         "createdAt": 2025-11-27T06:23:26.233Z,[39m
[31m+         "description": "This market will resolve to \"Yes\" if MicroStrategy sells any of its Bitcoin by December 31, 2025, 11:59 PM ET. Otherwise, this market will resolve to \"No\".[39m
[31m+[39m
[31m+ The primary resolution source for this market will be information from MSTR and on-chain data, however a consensus of credible reporting will also be used.",[39m
[31m+         "endDate": "2025-12-31",[39m
[31m+         "featured": false,[39m
[31m+         "liquidity": null,[39m
[31m+         "marketSlug": null,[39m
[31m+         "question": "MicroStrategy sells any Bitcoin in 2025?",[39m
[31m+         "questionId": "0xd5bc605ed30b62d5bba74174a7c59fc2b6716a9d7327be9158a70c08011d41c6",[39m
[31m+         "source": "polymarket",[39m
[31m+         "startDate": null,[39m
[31m+         "status": "active",[39m
[31m+         "tags": null,[39m
[31m+         "thatOdds": null,[39m
[31m+         "thatOption": "No",[39m
[31m+         "thisOdds": null,[39m
[31m+         "thisOption": "Yes",[39m
[31m+         "updatedAt": 2025-11-27T06:23:26.233Z,[39m
[31m+         "volume": null,[39m
[31m+         "volume24hr": null,[39m
[31m+       },[39m
[31m+       {[39m
[31m+         "author": "0x91430CaD2d3975766499717fA0D66A78D814E5c5",[39m
[31m+         "category": null,[39m
[31m+         "conditionId": "0x9a4db724246b51cbfbc8000dbbd6b54d72b057767c3690e63d940b26d78c6cb0",[39m
[31m+         "createdAt": 2025-11-27T06:23:26.233Z,[39m
[31m+         "description": "This market will resolve to \"Yes\" if MicroStrategy sells any of its Bitcoin by 11:59 PM ET on the date specified in the title. Otherwise, this market will resolve to \"No\".[39m
[31m+[39m
[31m+ The primary resolution source for this market will be information from MSTR and on-chain data, however a consensus of credible reporting will also be used.",[39m
[31m+         "endDate": null,[39m
[31m+         "featured": false,[39m
[31m+         "liquidity": null,[39m
[31m+         "marketSlug": null,[39m
[31m+         "question": "MicroStrategy sells any Bitcoin by March 31, 2026?",[39m
[31m+         "questionId": "0x314dbcacc98d0315f54d7bb6682e24f157aef33f9898582c0b4cbb12df7a5ad6",[39m
[31m+         "source": "polymarket",[39m
[31m+         "startDate": null,[39m
[31m+         "status": "active",[39m
[31m+         "tags": null,[39m
[31m+         "thatOdds": null,[39m
[31m+         "thatOption": "No",[39m
[31m+         "thisOdds": null,[39m
[31m+         "thisOption": "Yes",[39m
[31m+         "updatedAt": 2025-11-27T06:23:26.233Z,[39m
[31m+         "volume": null,[39m
[31m+         "volume24hr": null,[39m
[31m+       },[39m
[31m+       {[39m
[31m+         "author": "0x91430CaD2d3975766499717fA0D66A78D814E5c5",[39m
[31m+         "category": null,[39m
[31m+         "conditionId": "0x8e7a03cb1970e2ad6533b01892403516b6b3f5b5fa90ed7d104c28b27e40ba00",[39m
[31m+         "createdAt": 2025-11-27T06:23:26.236Z,[39m
[31m+         "description": "This market will resolve to \"Yes\" if MicroStrategy sells any of its Bitcoin by 11:59 PM ET on the date specified in the title. Otherwise, this market will resolve to \"No\".[39m
[31m+[39m
[31m+ The primary resolution source for this market will be information from MSTR and on-chain data, however a consensus of credible reporting will also be used.",[39m
[31m+         "endDate": "2026-07-01",[39m
[31m+         "featured": false,[39m
[31m+         "liquidity": null,[39m
[31m+         "marketSlug": null,[39m
[31m+         "question": "MicroStrategy sells any Bitcoin by June 30, 2026?",[39m
[31m+         "questionId": "0x83f73856c2c2982dd3f3aba8a7d1e3f494d1b76919b725dc51aceefa82218162",[39m
[31m+         "source": "polymarket",[39m
[31m+         "startDate": null,[39m
[31m+         "status": "active",[39m
[31m+         "tags": null,[39m
[31m+         "thatOdds": null,[39m
[31m+         "thatOption": "No",[39m
[31m+         "thisOdds": null,[39m
[31m+         "thisOption": "Yes",[39m
[31m+         "updatedAt": 2025-11-27T06:23:26.236Z,[39m
[31m+         "volume": null,[39m
[31m+         "volume24hr": null,[39m
[31m+       },[39m
[31m+     ],[39m
[31m+     "status": "active",[39m
[31m+     "totalLiquidity": 0,[39m
[31m+     "totalVolume": 0,[39m
[31m+     "updatedAt": 2025-11-27T06:23:26.237Z,[39m
[31m+   },[39m
[31m+   {[39m
[31m+     "_id": "6927db32f2bec3838f4c0182",[39m
[31m+     "category": null,[39m
[31m+     "createdAt": 2025-11-27T06:23:26.232Z,[39m
[31m+     "eventDescription": "This market will resolve to \"Yes\" if the President of the United States, any member of the Cabinet of the United States, any member of the Joint Chiefs of Staff, or any US federal agency definitively states that extraterrestrial life or technology exists by December 31, 2025, 11:59 PM ET. Otherwise, this market will resolve to \"No\".[39m
[31m+[39m
[31m+ The primary resolution source for this market will be official information from the government of the United States, however a consensus of credible reporting will also be used.",[39m
[31m+     "eventIcon": "https://polymarket-upload.s3.us-east-2.amazonaws.com/alien+head.jpeg",[39m
[31m+     "eventId": "16166",[39m
[31m+     "eventImage": "https://polymarket-upload.s3.us-east-2.amazonaws.com/alien+head.jpeg",[39m
[31m+     "eventSlug": "will-the-us-confirm-that-aliens-exist-in-2025",[39m
[31m+     "eventTitle": "Will the US confirm that aliens exist in 2025?",[39m
[31m+     "markets": [[39m
[31m+       {[39m
[31m+         "author": "0x91430CaD2d3975766499717fA0D66A78D814E5c5",[39m
[31m+         "category": null,[39m
[31m+         "conditionId": "0x2df7bb9bb2d044408af2a3ef947fd1eb7f5a167d7322cdbb410588af4974ab4e",[39m
[31m+         "createdAt": 2025-11-27T06:23:26.231Z,[39m
[31m+         "description": "This market will resolve to \"Yes\" if the President of the United States, any member of the Cabinet of the United States, any member of the Joint Chiefs of Staff, or any US federal agency definitively states that extraterrestrial life or technology exists by December 31, 2025, 11:59 PM ET. Otherwise, this market will resolve to \"No\".[39m
[31m+[39m
[31m+ The primary resolution source for this market will be official information from the government of the United States, however a consensus of credible reporting will also be used.",[39m
[31m+         "endDate": "2025-12-31",[39m
[31m+         "featured": false,[39m
[31m+         "liquidity": null,[39m
[31m+         "marketSlug": null,[39m
[31m+         "question": "Will the US confirm that aliens exist in 2025?",[39m
[31m+         "questionId": "0xe370a76c89af0036c9a26bdbfe38287e4c2cc4ad49a6454c8cf672a9747a526b",[39m
[31m+         "source": "polymarket",[39m
[31m+         "startDate": null,[39m
[31m+         "status": "active",[39m
[31m+         "tags": null,[39m
[31m+         "thatOdds": null,[39m
[31m+         "thatOption": "No",[39m
[31m+         "thisOdds": null,[39m
[31m+         "thisOption": "Yes",[39m
[31m+         "updatedAt": 2025-11-27T06:23:26.231Z,[39m
[31m+         "volume": null,[39m
[31m+         "volume24hr": null,[39m
[31m+       },[39m
[31m+     ],[39m
[31m+     "status": "active",[39m
[31m+     "totalLiquidity": 0,[39m
[31m+     "totalVolume": 0,[39m
[31m+     "updatedAt": 2025-11-27T06:23:26.232Z,[39m
[31m+   },[39m
[31m+   {[39m
[31m+     "_id": "6927db32f2bec3838f4c0181",[39m
[31m+     "category": null,[39m
[31m+     "createdAt": 2025-11-27T06:23:26.230Z,[39m
[31m+     "eventDescription": "This market will resolve to \"Yes\" if the World Health Organization (WHO) declares any disease a pandemic between January 1, 2025 and December 31, 2025 11:59 PM ET. Otherwise, this market will resolve to \"No\".[39m
[31m+[39m
[31m+ The resolution source will be official announcements from the World Health Organization.",[39m
[31m+     "eventIcon": "https://polymarket-upload.s3.us-east-2.amazonaws.com/new-pandemic-in-2025-LHjGCD7X6VYI.jpg",[39m
[31m+     "eventId": "16151",[39m
[31m+     "eventImage": "https://polymarket-upload.s3.us-east-2.amazonaws.com/new-pandemic-in-2025-LHjGCD7X6VYI.jpg",[39m
[31m+     "eventSlug": "new-pandemic-in-2025",[39m
[31m+     "eventTitle": "New pandemic in 2025?",[39m
[31m+     "markets": [[39m
[31m+       {[39m
[31m+         "author": "0x91430CaD2d3975766499717fA0D66A78D814E5c5",[39m
[31m+         "category": null,[39m
[31m+         "conditionId": "0x7ffa1fcfaeac86d4a89afcb74c90296f0e7c3744ce5206183c9cb38651526e63",[39m
[31m+         "createdAt": 2025-11-27T06:23:26.230Z,[39m
[31m+         "description": "This market will resolve to \"Yes\" if the World Health Organization (WHO) declares any disease a pandemic between January 1, 2025 and December 31, 2025 11:59 PM ET. Otherwise, this market will resolve to \"No\".[39m
[31m+[39m
[31m+ The resolution source will be official announcements from the World Health Organization.",[39m
[31m+         "endDate": "2025-12-31",[39m
[31m+         "featured": false,[39m
[31m+         "liquidity": null,[39m
[31m+         "marketSlug": null,[39m
[31m+         "question": "New pandemic in 2025?",[39m
[31m+         "questionId": "0x5462527ada3afa8500fbb34537bb36a6612328dc1ee638b2e1e7bc553090e14c",[39m
[31m+         "source": "polymarket",[39m
[31m+         "startDate": null,[39m
[31m+         "status": "active",[39m
[31m+         "tags": null,[39m
[31m+         "thatOdds": null,[39m
[31m+         "thatOption": "No",[39m
[31m+         "thisOdds": null,[39m
[31m+         "thisOption": "Yes",[39m
[31m+         "updatedAt": 2025-11-27T06:23:26.230Z,[39m
[31m+         "volume": null,[39m
[31m+         "volume24hr": null,[39m
[31m+       },[39m
[31m+     ],[39m
[31m+     "status": "active",[39m
[31m+     "totalLiquidity": 0,[39m
[31m+     "totalVolume": 0,[39m
[31m+     "updatedAt": 2025-11-27T06:23:26.230Z,[39m
[31m+   },[39m
[31m+   {[39m
[31m+     "_id": "6927db32f2bec3838f4c0180",[39m
[31m+     "category": null,[39m
[31m+     "createdAt": 2025-11-27T06:23:26.229Z,[39m
[31m+     "eventDescription": "This market will resolve to \"Yes\" if Hailey Bieber announces that she is pregnant between January 1, 2025, and December 31, 2025, 11:59 PM ET. Otherwise, this market will resolve to \"No\".[39m
[31m+[39m
[31m+ The resolution source will be statements from Hailey Bieber or her representatives, however a definitive consensus of credible media reporting may be considered.",[39m
[31m+     "eventIcon": "https://polymarket-upload.s3.us-east-2.amazonaws.com/hailey-bieber-pregnant-in-2025-0wQla14JZm7U.jpg",[39m
[31m+     "eventId": "16148",[39m
[31m+     "eventImage": "https://polymarket-upload.s3.us-east-2.amazonaws.com/hailey-bieber-pregnant-in-2025-0wQla14JZm7U.jpg",[39m
[31m+     "eventSlug": "hailey-bieber-pregnant-in-2025",[39m
[31m+     "eventTitle": "Hailey Bieber pregnant in 2025?",[39m
[31m+     "markets": [[39m
[31m+       {[39m
[31m+         "author": "0x91430CaD2d3975766499717fA0D66A78D814E5c5",[39m
[31m+         "category": null,[39m
[31m+         "conditionId": "0xcb422d388b8aec3353b2566ccd388885de3bc539240aa3bc23b050ec7ebae52b",[39m
[31m+         "createdAt": 2025-11-27T06:23:26.227Z,[39m
[31m+         "description": "This market will resolve to \"Yes\" if Hailey Bieber announces that she is pregnant between January 1, 2025, and December 31, 2025, 11:59 PM ET. Otherwise, this market will resolve to \"No\".[39m
[31m+[39m
[31m+ The resolution source will be statements from Hailey Bieber or her representatives, however a definitive consensus of credible media reporting may be considered.",[39m
[31m+         "endDate": "2025-12-31",[39m
[31m+         "featured": false,[39m
[31m+         "liquidity": null,[39m
[31m+         "marketSlug": null,[39m
[31m+         "question": "Hailey Bieber pregnant in 2025?",[39m
[31m+         "questionId": "0x5ef9fc734f51e68d0d6e07052a176f1bb4708290af61d175dbd9956927267c11",[39m
[31m+         "source": "polymarket",[39m
[31m+         "startDate": null,[39m
[31m+         "status": "active",[39m
[31m+         "tags": null,[39m
[31m+         "thatOdds": null,[39m
[31m+         "thatOption": "No",[39m
[31m+         "thisOdds": null,[39m
[31m+         "thisOption": "Yes",[39m
[31m+         "updatedAt": 2025-11-27T06:23:26.227Z,[39m
[31m+         "volume": null,[39m
[31m+         "volume24hr": null,[39m
[31m+       },[39m
[31m+     ],[39m
[31m+     "status": "active",[39m
[31m+     "totalLiquidity": 0,[39m
[31m+     "totalVolume": 0,[39m
[31m+     "updatedAt": 2025-11-27T06:23:26.229Z,[39m
[31m+   },[39m
[31m+   {[39m
[31m+     "_id": "6927db32f2bec3838f4c017f",[39m
[31m+     "category": null,[39m
[31m+     "createdAt": 2025-11-27T06:23:26.227Z,[39m
[31m+     "eventDescription": "This market will resolve to \"Yes\" if Lana Del Rey and/or Jeremy Dufrene announce their intention to divorce between December 29, 2024 and December 31, 2025, 11:59 PM ET. Otherwise, this market will resolve to \"No\".[39m
[31m+[39m
[31m+ An announcement by December 31, 2025 of their intention to divorce will be sufficient for a \"Yes\" resolution, regardless of whether the divorce later actually occurs, or whether the actual divorce occurs outside of the timeframe of this market.[39m
[31m+[39m
[31m+ The resolution source will be statements from Lana Del Rey and/or Jeremy Dufrene or their representatives, however a definitive consensus of credible media reporting may be considered.",[39m
[31m+     "eventIcon": "https://polymarket-upload.s3.us-east-2.amazonaws.com/lana-del-rey-divorce-in-2025-GUaqrIp3VVfX.jpg",[39m
[31m+     "eventId": "16146",[39m
[31m+     "eventImage": "https://polymarket-upload.s3.us-east-2.amazonaws.com/lana-del-rey-divorce-in-2025-GUaqrIp3VVfX.jpg",[39m
[31m+     "eventSlug": "lana-del-rey-divorce-in-2025",[39m
[31m+     "eventTitle": "Lana Del Rey divorce in 2025?",[39m
[31m+     "markets": [[39m
[31m+       {[39m
[31m+         "author": "0x91430CaD2d3975766499717fA0D66A78D814E5c5",[39m
[31m+         "category": null,[39m
[31m+         "conditionId": "0xb0dbfb9ef3e74e11605bbf68f6b6f08be87a0fde45ccfe63b3c0f4ef9f444f5c",[39m
[31m+         "createdAt": 2025-11-27T06:23:26.226Z,[39m
[31m+         "description": "This market will resolve to \"Yes\" if Lana Del Rey and/or Jeremy Dufrene announce their intention to divorce between December 29, 2024 and December 31, 2025, 11:59 PM ET. Otherwise, this market will resolve to \"No\".[39m
[31m+[39m
[31m+ An announcement by December 31, 2025 of their intention to divorce will be sufficient for a \"Yes\" resolution, regardless of whether the divorce later actually occurs, or whether the actual divorce occurs outside of the timeframe of this market.[39m
[31m+[39m
[31m+ The resolution source will be statements from Lana Del Rey and/or Jeremy Dufrene or their representatives, however a definitive consensus of credible media reporting may be considered.",[39m
[31m+         "endDate": "2025-12-31",[39m
[31m+         "featured": false,[39m
[31m+         "liquidity": null,[39m
[31m+         "marketSlug": null,[39m
[31m+         "question": "Lana Del Rey divorce in 2025?",[39m
[31m+         "questionId": "0x41bab3060b24357bfee6dc06a78733ee2e8a08242228c5fd67dbfe601d370ef5",[39m
[31m+         "source": "polymarket",[39m
[31m+         "startDate": null,[39m
[31m+         "status": "active",[39m
[31m+         "tags": null,[39m
[31m+         "thatOdds": null,[39m
[31m+         "thatOption": "No",[39m
[31m+         "thisOdds": null,[39m
[31m+         "thisOption": "Yes",[39m
[31m+         "updatedAt": 2025-11-27T06:23:26.226Z,[39m
[31m+         "volume": null,[39m
[31m+         "volume24hr": null,[39m
[31m+       },[39m
[31m+     ],[39m
[31m+     "status": "active",[39m
[31m+     "totalLiquidity": 0,[39m
[31m+     "totalVolume": 0,[39m
[31m+     "updatedAt": 2025-11-27T06:23:26.227Z,[39m
[31m+   },[39m
[31m+   {[39m
[31m+     "_id": "6927db32f2bec3838f4c017e",[39m
[31m+     "category": null,[39m
[31m+     "createdAt": 2025-11-27T06:23:26.224Z,[39m
[31m+     "eventDescription": "This market will resolve to \"Yes\" if Nara Smith and/or Lucky Blue Smith announce their intention to divorce between December 29, 2024 and December 31, 2025, 11:59 PM ET. Otherwise, this market will resolve to \"No\".[39m
[31m+[39m
[31m+ An announcement by December 31, 2025 of their intention to divorce will be sufficient for a \"Yes\" resolution, regardless of whether the divorce later actually occurs, or whether the actual divorce occurs outside of the timeframe of this market.[39m
[31m+[39m
[31m+ The resolution source will be statements from Nara Smith and/or Lucky Blue Smith, and their representatives, however a definitive consensus of credible media reporting may be considered.",[39m
[31m+     "eventIcon": "https://polymarket-upload.s3.us-east-2.amazonaws.com/nara-lucky-divorce-in-2025-5DrQLwCTYahI.jpg",[39m
[31m+     "eventId": "16139",[39m
[31m+     "eventImage": "https://polymarket-upload.s3.us-east-2.amazonaws.com/nara-lucky-divorce-in-2025-5DrQLwCTYahI.jpg",[39m
[31m+     "eventSlug": "nara-lucky-divorce-in-2025",[39m
[31m+     "eventTitle": "Nara & Lucky divorce in 2025?",[39m
[31m+     "markets": [[39m
[31m+       {[39m
[31m+         "author": "0x91430CaD2d3975766499717fA0D66A78D814E5c5",[39m
[31m+         "category": null,[39m
[31m+         "conditionId": "0xd0f9efb63c021fb534cf73d147c166df2a8f64ef98771054328836a1f101dd50",[39m
[31m+         "createdAt": 2025-11-27T06:23:26.224Z,[39m
[31m+         "description": "This market will resolve to \"Yes\" if Nara Smith and/or Lucky Blue Smith announce their intention to divorce between December 29, 2024 and December 31, 2025, 11:59 PM ET. Otherwise, this market will resolve to \"No\".[39m
[31m+[39m
[31m+ An announcement by December 31, 2025 of their intention to divorce will be sufficient for a \"Yes\" resolution, regardless of whether the divorce later actually occurs, or whether the actual divorce occurs outside of the timeframe of this market.[39m
[31m+[39m
[31m+ The resolution source will be statements from Nara Smith and/or Lucky Blue Smith, and their representatives, however a definitive consensus of credible media reporting may be considered.",[39m
[31m+         "endDate": "2025-12-31",[39m
[31m+         "featured": false,[39m
[31m+         "liquidity": null,[39m
[31m+         "marketSlug": null,[39m
[31m+         "question": "Nara & Lucky divorce in 2025?",[39m
[31m+         "questionId": "0x92d268b6e6e69788e30e84bad253cf4e1c99e38f09a56c20f8914b924a7ed24f",[39m
[31m+         "source": "polymarket",[39m
[31m+         "startDate": null,[39m
[31m+         "status": "active",[39m
[31m+         "tags": null,[39m
[31m+         "thatOdds": null,[39m
[31m+         "thatOption": "No",[39m
[31m+         "thisOdds": null,[39m
[31m+         "thisOption": "Yes",[39m
[31m+         "updatedAt": 2025-11-27T06:23:26.224Z,[39m
[31m+         "volume": null,[39m
[31m+         "volume24hr": null,[39m
[31m+       },[39m
[31m+     ],[39m
[31m+     "status": "active",[39m
[31m+     "totalLiquidity": 0,[39m
[31m+     "totalVolume": 0,[39m
[31m+     "updatedAt": 2025-11-27T06:23:26.224Z,[39m
[31m+   },[39m
[31m+   {[39m
[31m+     "_id": "6927db32f2bec3838f4c017d",[39m
[31m+     "category": null,[39m
[31m+     "createdAt": 2025-11-27T06:23:26.223Z,[39m
[31m+     "eventDescription": "This market will resolve to \"Yes\" if Britney Spears announces a new tour between December 29, 2024, and December 31, 2025, 11:59 PM ET. Otherwise, this market will resolve to \"No\".[39m
[31m+[39m
[31m+ An announcement that Britney Spears will go on tour within the stated timeframe will suffice to resolve this market to \"Yes\" regardless of if/when she actually does so.[39m
[31m+[39m
[31m+ The resolution source will be an announcement from Britney Spears or her official representatives, or a consensus of credible reporting.",[39m
[31m+     "eventIcon": "https://polymarket-upload.s3.us-east-2.amazonaws.com/britney-spears-tour-in-2025-iJPSKvW0OmBb.jpg",[39m
[31m+     "eventId": "16138",[39m
[31m+     "eventImage": "https://polymarket-upload.s3.us-east-2.amazonaws.com/britney-spears-tour-in-2025-iJPSKvW0OmBb.jpg",[39m
[31m+     "eventSlug": "britney-spears-tour-in-2025",[39m
[31m+     "eventTitle": "Britney Spears tour in 2025?",[39m
[31m+     "markets": [[39m
[31m+       {[39m
[31m+         "author": "0x91430CaD2d3975766499717fA0D66A78D814E5c5",[39m
[31m+         "category": null,[39m
[31m+         "conditionId": "0x24612afbb4850f0a569b553de12785a1ee377eb3320fa90625421527003d0a22",[39m
[31m+         "createdAt": 2025-11-27T06:23:26.221Z,[39m
[31m+         "description": "This market will resolve to \"Yes\" if Britney Spears announces a new tour between December 29, 2024, and December 31, 2025, 11:59 PM ET. Otherwise, this market will resolve to \"No\".[39m
[31m+[39m
[31m+ An announcement that Britney Spears will go on tour within the stated timeframe will suffice to resolve this market to \"Yes\" regardless of if/when she actually does so.[39m
[31m+[39m
[31m+ The resolution source will be an announcement from Britney Spears or her official representatives, or a consensus of credible reporting.",[39m
[31m+         "endDate": "2025-12-31",[39m
[31m+         "featured": false,[39m
[31m+         "liquidity": null,[39m
[31m+         "marketSlug": null,[39m
[31m+         "question": "Britney Spears tour in 2025?",[39m
[31m+         "questionId": "0x48a201abb2105eafb168f3d5c05ae4fe17d5102de66be82cbb2a6c21c69ec146",[39m
[31m+         "source": "polymarket",[39m
[31m+         "startDate": null,[39m
[31m+         "status": "active",[39m
[31m+         "tags": null,[39m
[31m+         "thatOdds": null,[39m
[31m+         "thatOption": "No",[39m
[31m+         "thisOdds": null,[39m
[31m+         "thisOption": "Yes",[39m
[31m+         "updatedAt": 2025-11-27T06:23:26.221Z,[39m
[31m+         "volume": null,[39m
[31m+         "volume24hr": null,[39m
[31m+       },[39m
[31m+     ],[39m
[31m+     "status": "active",[39m
[31m+     "totalLiquidity": 0,[39m
[31m+     "totalVolume": 0,[39m
[31m+     "updatedAt": 2025-11-27T06:23:26.223Z,[39m
[31m+   },[39m
[31m+   {[39m
[31m+     "_id": "6927db32f2bec3838f4c017c",[39m
[31m+     "category": null,[39m
[31m+     "createdAt": 2025-11-27T06:23:26.220Z,[39m
[31m+     "eventDescription": "This market will resolve to \"Yes\" if One Direction either performs together, releases new music as a group, or publicly announces they will do either of these things by December 31, 2025, 11:59 PM ET. Otherwise, this market will resolve to \"No\".[39m
[31m+[39m
[31m+ An announcement that One Direction will perform together or release new music as a group before the resolution date will suffice to resolve this market to \"Yes\" regardless of if/when they actually do so.[39m
[31m+[39m
[31m+ Qualifying performances include live events, televised appearances, online streaming, etc. Releases include any single, EP, or album credited to \"One Direction.\" All living members of the group must be part of an event for it to qualify as a reunion.[39m
[31m+[39m
[31m+ The resolution source will be an announcement from One Direction or its official representatives, or a consensus of credible reporting.",[39m
[31m+     "eventIcon": "https://polymarket-upload.s3.us-east-2.amazonaws.com/one-direction-reunion-in-2025-vidhB6FuoRCq.jpg",[39m
[31m+     "eventId": "16137",[39m
[31m+     "eventImage": "https://polymarket-upload.s3.us-east-2.amazonaws.com/one-direction-reunion-in-2025-vidhB6FuoRCq.jpg",[39m
[31m+     "eventSlug": "one-direction-reunion-in-2025",[39m
[31m+     "eventTitle": "One Direction reunion in 2025?",[39m
[31m+     "markets": [[39m
[31m+       {[39m
[31m+         "author": "0x91430CaD2d3975766499717fA0D66A78D814E5c5",[39m
[31m+         "category": null,[39m
[31m+         "conditionId": "0x5bc691beb6ed8ff892f13d1cda71a2144c8d28c1bbb9029c9f5767b26e641055",[39m
[31m+         "createdAt": 2025-11-27T06:23:26.219Z,[39m
[31m+         "description": "This market will resolve to \"Yes\" if One Direction either performs together, releases new music as a group, or publicly announces they will do either of these things by December 31, 2025, 11:59 PM ET. Otherwise, this market will resolve to \"No\".[39m
[31m+[39m
[31m+ An announcement that One Direction will perform together or release new music as a group before the resolution date will suffice to resolve this market to \"Yes\" regardless of if/when they actually do so.[39m
[31m+[39m
[31m+ Qualifying performances include live events, televised appearances, online streaming, etc. Releases include any single, EP, or album credited to \"One Direction.\" All living members of the group must be part of an event for it to qualify as a reunion.[39m
[31m+[39m
[31m+ The resolution source will be an announcement from One Direction or its official representatives, or a consensus of credible reporting.",[39m
[31m+         "endDate": "2025-12-31",[39m
[31m+         "featured": false,[39m
[31m+         "liquidity": null,[39m
[31m+         "marketSlug": null,[39m
[31m+         "question": "One Direction reunion in 2025?",[39m
[31m+         "questionId": "0x97b7d68ccf22adee351074cab9715a16e3d6b8f30578ed3192237b6c1006c31d",[39m
[31m+         "source": "polymarket",[39m
[31m+         "startDate": null,[39m
[31m+         "status": "active",[39m
[31m+         "tags": null,[39m
[31m+         "thatOdds": null,[39m
[31m+         "thatOption": "No",[39m
[31m+         "thisOdds": null,[39m
[31m+         "thisOption": "Yes",[39m
[31m+         "updatedAt": 2025-11-27T06:23:26.219Z,[39m
[31m+         "volume": null,[39m
[31m+         "volume24hr": null,[39m
[31m+       },[39m
[31m+     ],[39m
[31m+     "status": "active",[39m
[31m+     "totalLiquidity": 0,[39m
[31m+     "totalVolume": 0,[39m
[31m+     "updatedAt": 2025-11-27T06:23:26.220Z,[39m
[31m+   },[39m
[31m+   {[39m
[31m+     "_id": "6927db32f2bec3838f4c017b",[39m
[31m+     "category": null,[39m
[31m+     "createdAt": 2025-11-27T06:23:26.218Z,[39m
[31m+     "eventDescription": "This market will resolve to \"Yes\" if Benjamin Netanyahu announces that he will resign as Prime Minister of Israel, or otherwise steps down from/is removed from this position by December 31, 2025, 11:59 PM ET. Otherwise, this market will resolve to \"No\".[39m
[31m+[39m
[31m+ Note that an announcement of Benjamin Netanyahu's resignation or removal before the resolution date will suffice to resolve this market to \"Yes\" regardless of if/when he actually steps down.[39m
[31m+[39m
[31m+ The primary resolution source for this market will be official information from the government of the State of Israel, however a consensus of credible reporting will also be used.[39m
[31m+ ",[39m
[31m+     "eventIcon": "https://polymarket-upload.s3.us-east-2.amazonaws.com/netanyahu-out-in-2025-Vc7bE4GtiJzM.jpg",[39m
[31m+     "eventId": "16110",[39m
[31m+     "eventImage": "https://polymarket-upload.s3.us-east-2.amazonaws.com/netanyahu-out-in-2025-Vc7bE4GtiJzM.jpg",[39m
[31m+     "eventSlug": "netanyahu-out-in-2025",[39m
[31m+     "eventTitle": "Netanyahu out by...?",[39m
[31m+     "markets": [[39m
[31m+       {[39m
[31m+         "author": "0x91430CaD2d3975766499717fA0D66A78D814E5c5",[39m
[31m+         "category": null,[39m
[31m+         "conditionId": "0x641c8b680947405e097da700c54f344556bb59e2093acdf1576c1c68e795bddf",[39m
[31m+         "createdAt": 2025-11-27T06:23:26.215Z,[39m
[31m+         "description": "This market will resolve to \"Yes\" if Benjamin Netanyahu announces that he will resign as Prime Minister of Israel, or otherwise steps down from/is removed from this position by December 31, 2025, 11:59 PM ET. Otherwise, this market will resolve to \"No\".[39m
[31m+[39m
[31m+ Note that an announcement of Benjamin Netanyahu's resignation or removal before the resolution date will suffice to resolve this market to \"Yes\" regardless of if/when he actually steps down.[39m
[31m+[39m
[31m+ The primary resolution source for this market will be official information from the government of the State of Israel, however a consensus of credible reporting will also be used.[39m
[31m+ ",[39m
[31m+         "endDate": "2025-12-31",[39m
[31m+         "featured": false,[39m
[31m+         "liquidity": null,[39m
[31m+         "marketSlug": null,[39m
[31m+         "question": "Netanyahu out by 2025?",[39m
[31m+         "questionId": "0xa89d8438c76590ed739d95a46a491b1d56cf10b18377b10dd732d4340ce171cc",[39m
[31m+         "source": "polymarket",[39m
[31m+         "startDate": null,[39m
[31m+         "status": "active",[39m
[31m+         "tags": null,[39m
[31m+         "thatOdds": null,[39m
[31m+         "thatOption": "No",[39m
[31m+         "thisOdds": null,[39m
[31m+         "thisOption": "Yes",[39m
[31m+         "updatedAt": 2025-11-27T06:23:26.215Z,[39m
[31m+         "volume": null,[39m
[31m+         "volume24hr": null,[39m
[31m+       },[39m
[31m+       {[39m
[31m+         "author": "0x91430CaD2d3975766499717fA0D66A78D814E5c5",[39m
[31m+         "category": null,[39m
[31m+         "conditionId": "0xd4befc8139a1136aabba1f23752e6d30a3f6ca6611f60cd7890ea3ba624001c1",[39m
[31m+         "createdAt": 2025-11-27T06:23:26.217Z,[39m
[31m+         "description": "This market will resolve to \"Yes\" if Benjamin Netanyahu announces that he will resign as Prime Minister of Israel, or otherwise steps down from/is removed from this position by September 30, 2025, 11:59 PM ET. Otherwise, this market will resolve to \"No\".[39m
[31m+[39m
[31m+ Note that an announcement of Benjamin Netanyahu's resignation or removal before the resolution date will suffice to resolve this market to \"Yes\" regardless of if/when he actually steps down.[39m
[31m+[39m
[31m+ The primary resolution source for this market will be official information from the government of the State of Israel, however a consensus of credible reporting will also be used.",[39m
[31m+         "endDate": "2025-09-30",[39m
[31m+         "featured": false,[39m
[31m+         "liquidity": null,[39m
[31m+         "marketSlug": null,[39m
[31m+         "question": "Netanyahu out by September 30?",[39m
[31m+         "questionId": "0x0a363e8772db6f22a1f12d7165511b775dd6366dc0ac518e3d341f1a3350de4f",[39m
[31m+         "source": "polymarket",[39m
[31m+         "startDate": null,[39m
[31m+         "status": "closed",[39m
[31m+         "tags": null,[39m
[31m+         "thatOdds": null,[39m
[31m+         "thatOption": "No",[39m
[31m+         "thisOdds": null,[39m
[31m+         "thisOption": "Yes",[39m
[31m+         "updatedAt": 2025-11-27T06:23:26.217Z,[39m
[31m+         "volume": null,[39m
[31m+         "volume24hr": null,[39m
[31m+       },[39m
[31m+     ],[39m
[31m+     "status": "active",[39m
[31m+     "totalLiquidity": 0,[39m
[31m+     "totalVolume": 0,[39m
[31m+     "updatedAt": 2025-11-27T06:23:26.218Z,[39m
[31m+   },[39m
[31m+   {[39m
[31m+     "_id": "6927db32f2bec3838f4c0179",[39m
[31m+     "category": null,[39m
[31m+     "createdAt": 2025-11-27T06:23:26.213Z,[39m
[31m+     "eventDescription": "This market will resolve to \"Yes\" if Russia's president, Vladimir Putin, is removed from power for any length of time between December 28, 2024, and December 31, 2025, 11:59 PM ET. Otherwise, this market will resolve to \"No\".[39m
[31m+[39m
[31m+ President Vladimir Putin will be considered to be removed from power if he resigns, is detained, or otherwise loses his position or is prevented from fulfilling his duties as President of Russia within this market's timeframe.[39m
[31m+[39m
[31m+ The primary resolution source for this market will be a consensus of credible reporting.",[39m
[31m+     "eventIcon": "https://polymarket-upload.s3.us-east-2.amazonaws.com/putin-out-as-president-of-russia-in-2025-nWuurkC8qfbi.jpg",[39m
[31m+     "eventId": "16109",[39m
[31m+     "eventImage": "https://polymarket-upload.s3.us-east-2.amazonaws.com/putin-out-as-president-of-russia-in-2025-nWuurkC8qfbi.jpg",[39m
[31m+     "eventSlug": "putin-out-as-president-of-russia-in-2025",[39m
[31m+     "eventTitle": "Putin out as President of Russia in 2025?",[39m
[31m+     "markets": [[39m
[31m+       {[39m
[31m+         "author": "0x91430CaD2d3975766499717fA0D66A78D814E5c5",[39m
[31m+         "category": null,[39m
[31m+         "conditionId": "0x324d699420ad881471d0fd29acc86e664e397bd6461b3fa440dcd3efc514ac79",[39m
[31m+         "createdAt": 2025-11-27T06:23:26.212Z,[39m
[31m+         "description": "This market will resolve to \"Yes\" if Russia's president, Vladimir Putin, is removed from power for any length of time between December 28, 2024, and December 31, 2025, 11:59 PM ET. Otherwise, this market will resolve to \"No\".[39m
[31m+[39m
[31m+ President Vladimir Putin will be considered to be removed from power if he resigns, is detained, or otherwise loses his position or is prevented from fulfilling his duties as President of Russia within this market's timeframe.[39m
[31m+[39m
[31m+ The primary resolution source for this market will be a consensus of credible reporting.",[39m
[31m+         "endDate": "2025-12-31",[39m
[31m+         "featured": false,[39m
[31m+         "liquidity": null,[39m
[31m+         "marketSlug": null,[39m
[31m+         "question": "Putin out as President of Russia in 2025?",[39m
[31m+         "questionId": "0x6bcf5cd212b28cc396547b52276668e282c23b8dd4bd9a368215fada5673471c",[39m
[31m+         "source": "polymarket",[39m
[31m+         "startDate": null,[39m
[31m+         "status": "active",[39m
[31m+         "tags": null,[39m
[31m+         "thatOdds": null,[39m
[31m+         "thatOption": "No",[39m
[31m+         "thisOdds": null,[39m
[31m+         "thisOption": "Yes",[39m
[31m+         "updatedAt": 2025-11-27T06:23:26.212Z,[39m
[31m+         "volume": null,[39m
[31m+         "volume24hr": null,[39m
[31m+       },[39m
[31m+     ],[39m
[31m+     "status": "active",[39m
[31m+     "totalLiquidity": 0,[39m
[31m+     "totalVolume": 0,[39m
[31m+     "updatedAt": 2025-11-27T06:23:26.213Z,[39m
[31m+   },[39m
[31m+   {[39m
[31m+     "_id": "6927db32f2bec3838f4c0178",[39m
[31m+     "category": null,[39m
[31m+     "createdAt": 2025-11-27T06:23:26.210Z,[39m
[31m+     "eventDescription": "This market will resolve to \"Yes\" if there is an official ceasefire agreement, defined as a publicly announced and mutually agreed halt in military engagement, between Russia and Ukraine by December 31, 2025, 11:59 PM ET.[39m
[31m+[39m
[31m+ If the agreement is officially reached before the resolution date, this market will resolve to \"Yes,\" regardless of whether the ceasefire officially starts afterward.[39m
[31m+[39m
[31m+ Any form of informal agreement will not be considered an official ceasefire. Humanitarian pauses will not count toward the resolution of this market.[39m
[31m+[39m
[31m+ This market's resolution will be based on official announcements from both Russia and Ukraine; however, a wide consensus of credible media reporting stating an official ceasefire agreement between Russia and Ukraine has been reached will suffice.",[39m
[31m+     "eventIcon": "https://polymarket-upload.s3.us-east-2.amazonaws.com/russia-x-ukraine-ceasefire-in-2025-w2voYOygx80B.jpg",[39m
[31m+     "eventId": "16108",[39m
[31m+     "eventImage": "https://polymarket-upload.s3.us-east-2.amazonaws.com/russia-x-ukraine-ceasefire-in-2025-w2voYOygx80B.jpg",[39m
[31m+     "eventSlug": "russia-x-ukraine-ceasefire-in-2025",[39m
[31m+     "eventTitle": "Russia x Ukraine ceasefire in 2025?",[39m
[31m+     "markets": [[39m
[31m+       {[39m
[31m+         "author": "0x91430CaD2d3975766499717fA0D66A78D814E5c5",[39m
[31m+         "category": null,[39m
[31m+         "conditionId": "0x8ee2f1640386310eb5e7ffa596ba9335f2d324e303d21b0dfea6998874445791",[39m
[31m+         "createdAt": 2025-11-27T06:23:26.208Z,[39m
[31m+         "description": "This market will resolve to \"Yes\" if there is an official ceasefire agreement, defined as a publicly announced and mutually agreed halt in military engagement, between Russia and Ukraine by December 31, 2025, 11:59 PM ET.[39m
[31m+[39m
[31m+ If the agreement is officially reached before the resolution date, this market will resolve to \"Yes,\" regardless of whether the ceasefire officially starts afterward.[39m
[31m+[39m
[31m+ Any form of informal agreement will not be considered an official ceasefire. Humanitarian pauses will not count toward the resolution of this market.[39m
[31m+[39m
[31m+ This market's resolution will be based on official announcements from both Russia and Ukraine; however, a wide consensus of credible media reporting stating an official ceasefire agreement between Russia and Ukraine has been reached will suffice.",[39m
[31m+         "endDate": "2025-12-31",[39m
[31m+         "featured": true,[39m
[31m+         "liquidity": null,[39m
[31m+         "marketSlug": null,[39m
[31m+         "question": "Russia x Ukraine ceasefire in 2025?",[39m
[31m+         "questionId": "0x9c5e79f6f5071d2dd10596c382fb5dc459cef4ee4d34f45e5af3fda326f42ae0",[39m
[31m+         "source": "polymarket",[39m
[31m+         "startDate": "2025-08-18 19:00:00+00",[39m
[31m+         "status": "active",[39m
[31m+         "tags": null,[39m
[31m+         "thatOdds": null,[39m
[31m+         "thatOption": "No",[39m
[31m+         "thisOdds": null,[39m
[31m+         "thisOption": "Yes",[39m
[31m+         "updatedAt": 2025-11-27T06:23:26.208Z,[39m
[31m+         "volume": null,[39m
[31m+         "volume24hr": null,[39m
[31m+       },[39m
[31m+     ],[39m
[31m+     "status": "active",[39m
[31m+     "totalLiquidity": 0,[39m
[31m+     "totalVolume": 0,[39m
[31m+     "updatedAt": 2025-11-27T06:23:26.210Z,[39m
[31m+   },[39m
[31m+   {[39m
[31m+     "_id": "6927db32f2bec3838f4c0177",[39m
[31m+     "category": null,[39m
[31m+     "createdAt": 2025-11-27T06:23:26.207Z,[39m
[31m+     "eventDescription": "This market will resolve to \"Yes\" if a nuclear weapon is detonated anywhere in the world between January 1  and December 31, 2025, 11:59 PM ET. Otherwise, this market will resolve to \"No\".[39m
[31m+[39m
[31m+ For the purpose of this market's resolution, any detonation of a nuclear weapon anywhere on the planet Earth or in space will be sufficient to trigger a \"Yes\" resolution. This includes offensive usages, nuclear tests, and accidental detonations.[39m
[31m+[39m
[31m+ Use/launch of a nuclear weapon that fails to detonate, a fake weapon that never detonates, or a dirty bomb that distributes radioactive material by means of a conventional explosion are not sufficient to trigger a \"Yes\" resolution of this market. Only a successful nuclear detonation will result in a \"Yes\" resolution.[39m
[31m+[39m
[31m+ This market may resolve to \"Yes\" as soon as a nuclear detonation is confirmed by a preponderance of credible reporting.[39m
[31m+[39m
[31m+ For the purpose of this market's resolution, determination as to whether a detonation was nuclear will be made by a preponderance of credible reporting.[39m
[31m+ ",[39m
[31m+     "eventIcon": "https://polymarket-upload.s3.us-east-2.amazonaws.com/nuclear-weapon-detonation-in-2025-2ghIcMI7y3sF.png",[39m
[31m+     "eventId": "16106",[39m
[31m+     "eventImage": "https://polymarket-upload.s3.us-east-2.amazonaws.com/nuclear-weapon-detonation-in-2025-2ghIcMI7y3sF.png",[39m
[31m+     "eventSlug": "nuclear-weapon-detonation-in-2025",[39m
[31m+     "eventTitle": "Nuclear weapon detonation in 2025?",[39m
[31m+     "markets": [[39m
[31m+       {[39m
[31m+         "author": "0x91430CaD2d3975766499717fA0D66A78D814E5c5",[39m
[31m+         "category": null,[39m
[31m+         "conditionId": "0x9fcb9901d142b5046467b4ea329508bdb19274eb1fd0fc833ee1916edd11cb73",[39m
[31m+         "createdAt": 2025-11-27T06:23:26.206Z,[39m
[31m+         "description": "This market will resolve to \"Yes\" if a nuclear weapon is detonated anywhere in the world between January 1  and December 31, 2025, 11:59 PM ET. Otherwise, this market will resolve to \"No\".[39m
[31m+[39m
[31m+ For the purpose of this market's resolution, any detonation of a nuclear weapon anywhere on the planet Earth or in space will be sufficient to trigger a \"Yes\" resolution. This includes offensive usages, nuclear tests, and accidental detonations.[39m
[31m+[39m
[31m+ Use/launch of a nuclear weapon that fails to detonate, a fake weapon that never detonates, or a dirty bomb that distributes radioactive material by means of a conventional explosion are not sufficient to trigger a \"Yes\" resolution of this market. Only a successful nuclear detonation will result in a \"Yes\" resolution.[39m
[31m+[39m
[31m+ This market may resolve to \"Yes\" as soon as a nuclear detonation is confirmed by a preponderance of credible reporting.[39m
[31m+[39m
[31m+ For the purpose of this market's resolution, determination as to whether a detonation was nuclear will be made by a preponderance of credible reporting.[39m
[31m+ ",[39m
[31m+         "endDate": "2025-12-31",[39m
[31m+         "featured": true,[39m
[31m+         "liquidity": null,[39m
[31m+         "marketSlug": null,[39m
[31m+         "question": "Nuclear weapon detonation in 2025?",[39m
[31m+         "questionId": "0x10092131269d990780a075751fda4f488a822a774435b986b0c4b404c293e69b",[39m
[31m+         "source": "polymarket",[39m
[31m+         "startDate": null,[39m
[31m+         "status": "active",[39m
[31m+         "tags": null,[39m
[31m+         "thatOdds": null,[39m
[31m+         "thatOption": "No",[39m
[31m+         "thisOdds": null,[39m
[31m+         "thisOption": "Yes",[39m
[31m+         "updatedAt": 2025-11-27T06:23:26.206Z,[39m
[31m+         "volume": null,[39m
[31m+         "volume24hr": null,[39m
[31m+       },[39m
[31m+     ],[39m
[31m+     "status": "active",[39m
[31m+     "totalLiquidity": 0,[39m
[31m+     "totalVolume": 0,[39m
[31m+     "updatedAt": 2025-11-27T06:23:26.207Z,[39m
[31m+   },[39m
[31m+   {[39m
[31m+     "_id": "6927db32f2bec3838f4c0176",[39m
[31m+     "category": null,[39m
[31m+     "createdAt": 2025-11-27T06:23:26.205Z,[39m
[31m+     "eventDescription": "This market will resolve to \"Yes\" if Iran's Supreme leader, Ali Khamenei, is removed from power for any length of time between December 28, 2024, and December 31, 2025, 11:59 PM ET. Otherwise, this market will resolve to \"No\".[39m
[31m+[39m
[31m+ Khamenei will be considered to be removed from power if he resigns, is detained, or otherwise loses his position or is prevented from fulfilling his duties as Supreme Leader of Iran within this market's timeframe.[39m
[31m+[39m
[31m+ The primary resolution source for this market will be a consensus of credible reporting.",[39m
[31m+     "eventIcon": "https://polymarket-upload.s3.us-east-2.amazonaws.com/khamenei-out-as-supreme-leader-of-iran-in-2025-VNDMf5RqFLwB.jpg",[39m
[31m+     "eventId": "16105",[39m
[31m+     "eventImage": "https://polymarket-upload.s3.us-east-2.amazonaws.com/khamenei-out-as-supreme-leader-of-iran-in-2025-VNDMf5RqFLwB.jpg",[39m
[31m+     "eventSlug": "khamenei-out-as-supreme-leader-of-iran-in-2025",[39m
[31m+     "eventTitle": "Khamenei out as Supreme Leader of Iran in 2025?",[39m
[31m+     "markets": [[39m
[31m+       {[39m
[31m+         "author": "0x91430CaD2d3975766499717fA0D66A78D814E5c5",[39m
[31m+         "category": null,[39m
[31m+         "conditionId": "0x1b6f76e5b8587ee896c35847e12d11e75290a8c3934c5952e8a9d6e4c6f03cfa",[39m
[31m+         "createdAt": 2025-11-27T06:23:26.205Z,[39m
[31m+         "description": "This market will resolve to \"Yes\" if Iran's Supreme leader, Ali Khamenei, is removed from power for any length of time between December 28, 2024, and December 31, 2025, 11:59 PM ET. Otherwise, this market will resolve to \"No\".[39m
[31m+[39m
[31m+ Khamenei will be considered to be removed from power if he resigns, is detained, or otherwise loses his position or is prevented from fulfilling his duties as Supreme Leader of Iran within this market's timeframe.[39m
[31m+[39m
[31m+ The primary resolution source for this market will be a consensus of credible reporting.",[39m
[31m+         "endDate": "2025-12-31",[39m
[31m+         "featured": true,[39m
[31m+         "liquidity": null,[39m
[31m+         "marketSlug": null,[39m
[31m+         "question": "Khamenei out as Supreme Leader of Iran in 2025?",[39m
[31m+         "questionId": "0x6927986b332a73045cb4fd63cf7eb1abfed158380d7a0d84c1e3ba3230b80d72",[39m
[31m+         "source": "polymarket",[39m
[31m+         "startDate": null,[39m
[31m+         "status": "active",[39m
[31m+         "tags": null,[39m
[31m+         "thatOdds": null,[39m
[31m+         "thatOption": "No",[39m
[31m+         "thisOdds": null,[39m
[31m+         "thisOption": "Yes",[39m
[31m+         "updatedAt": 2025-11-27T06:23:26.205Z,[39m
[31m+         "volume": null,[39m
[31m+         "volume24hr": null,[39m
[31m+       },[39m
[31m+     ],[39m
[31m+     "status": "active",[39m
[31m+     "totalLiquidity": 0,[39m
[31m+     "totalVolume": 0,[39m
[31m+     "updatedAt": 2025-11-27T06:23:26.205Z,[39m
[31m+   },[39m
[31m+   {[39m
[31m+     "_id": "6927db32f2bec3838f4c0175",[39m
[31m+     "category": null,[39m
[31m+     "createdAt": 2025-11-27T06:23:26.204Z,[39m
[31m+     "eventDescription": "If Ukraine has officially joined NATO as a full member state at any point by December 31, 2025, 11:59 PM ET this market will resolve to “Yes”. Otherwise, this market will resolve to \"No.\"[39m
[31m+[39m
[31m+ The primary settlement source for this market will be the official NATO website (https://www.nato.int/cps/en/natohq/nato_countries.htm), however other credible sources may be used.",[39m
[31m+     "eventIcon": "https://polymarket-upload.s3.us-east-2.amazonaws.com/ukraine-joins-nato-in-2025-Z7Kbc9JqzK6S.jpg",[39m
[31m+     "eventId": "16104",[39m
[31m+     "eventImage": "https://polymarket-upload.s3.us-east-2.amazonaws.com/ukraine-joins-nato-in-2025-Z7Kbc9JqzK6S.jpg",[39m
[31m+     "eventSlug": "ukraine-joins-nato-in-2025",[39m
[31m+     "eventTitle": "Ukraine joins NATO in 2025?",[39m
[31m+     "markets": [[39m
[31m+       {[39m
[31m+         "author": "0x91430CaD2d3975766499717fA0D66A78D814E5c5",[39m
[31m+         "category": null,[39m
[31m+         "conditionId": "0x9bacdaac65cbe257e96e58daf343c56879ea9003bdaed7cdb8cfcd1a82121d3a",[39m
[31m+         "createdAt": 2025-11-27T06:23:26.203Z,[39m
[31m+         "description": "If Ukraine has officially joined NATO as a full member state at any point by December 31, 2025, 11:59 PM ET this market will resolve to “Yes”. Otherwise, this market will resolve to \"No.\"[39m
[31m+[39m
[31m+ The primary settlement source for this market will be the official NATO website (https://www.nato.int/cps/en/natohq/nato_countries.htm), however other credible sources may be used.",[39m
[31m+         "endDate": "2025-12-31",[39m
[31m+         "featured": false,[39m
[31m+         "liquidity": null,[39m
[31m+         "marketSlug": null,[39m
[31m+         "question": "Ukraine joins NATO in 2025?",[39m
[31m+         "questionId": "0x50c17a896f7f27e2faca05d581472eb7a5d41e895c94ef346b2cddd19fa8b0cb",[39m
[31m+         "source": "polymarket",[39m
[31m+         "startDate": null,[39m
[31m+         "status": "active",[39m
[31m+         "tags": null,[39m
[31m+         "thatOdds": null,[39m
[31m+         "thatOption": "No",[39m
[31m+         "thisOdds": null,[39m
[31m+         "thisOption": "Yes",[39m
[31m+         "updatedAt": 2025-11-27T06:23:26.203Z,[39m
[31m+         "volume": null,[39m
[31m+         "volume24hr": null,[39m
[31m+       },[39m
[31m+     ],[39m
[31m+     "status": "active",[39m
[31m+     "totalLiquidity": 0,[39m
[31m+     "totalVolume": 0,[39m
[31m+     "updatedAt": 2025-11-27T06:23:26.204Z,[39m
[31m+   },[39m
[31m+   {[39m
[31m+     "_id": "6927db32f2bec3838f4c0174",[39m
[31m+     "category": null,[39m
[31m+     "createdAt": 2025-11-27T06:23:26.202Z,[39m
[31m+     "eventDescription": "This market will resolve to \"Yes\" if marijuana is rescheduled down from I to any other level (or is unscheduled completely) by the Drug Enforcement Agency of the United States (https://www.dea.gov/drug-information/drug-scheduling), by December 31, 2025, 11:59 PM ET. Otherwise, this market will resolve to \"No\".[39m
[31m+[39m
[31m+ The primary resolution source for this market will be official information from the US government, however a consensus of credible reporting will also be used.",[39m
[31m+     "eventIcon": "https://polymarket-upload.s3.us-east-2.amazonaws.com/weed-rescheduled-in-2025-tOxPo1ll_sSa.jpg",[39m
[31m+     "eventId": "16103",[39m
[31m+     "eventImage": "https://polymarket-upload.s3.us-east-2.amazonaws.com/weed-rescheduled-in-2025-tOxPo1ll_sSa.jpg",[39m
[31m+     "eventSlug": "weed-rescheduled-in-2025",[39m
[31m+     "eventTitle": "Weed rescheduled in 2025?",[39m
[31m+     "markets": [[39m
[31m+       {[39m
[31m+         "author": "0x91430CaD2d3975766499717fA0D66A78D814E5c5",[39m
[31m+         "category": null,[39m
[31m+         "conditionId": "0x5a54c2fe06f97a6abf5f7790d9d19e42680ae1ca61b344360deabaab28bd0f30",[39m
[31m+         "createdAt": 2025-11-27T06:23:26.201Z,[39m
[31m+         "description": "This market will resolve to \"Yes\" if marijuana is rescheduled down from I to any other level (or is unscheduled completely) by the Drug Enforcement Agency of the United States (https://www.dea.gov/drug-information/drug-scheduling), by December 31, 2025, 11:59 PM ET. Otherwise, this market will resolve to \"No\".[39m
[31m+[39m
[31m+ The primary resolution source for this market will be official information from the US government, however a consensus of credible reporting will also be used.",[39m
[31m+         "endDate": "2025-12-31",[39m
[31m+         "featured": false,[39m
[31m+         "liquidity": null,[39m
[31m+         "marketSlug": null,[39m
[31m+         "question": "Weed rescheduled in 2025?",[39m
[31m+         "questionId": "0x7ee62fbc083cc92ea334f8cc99d49fae5fd369cb016959b1024253bc28f8917e",[39m
[31m+         "source": "polymarket",[39m
[31m+         "startDate": null,[39m
[31m+         "status": "active",[39m
[31m+         "tags": null,[39m
[31m+         "thatOdds": null,[39m
[31m+         "thatOption": "No",[39m
[31m+         "thisOdds": null,[39m
[31m+         "thisOption": "Yes",[39m
[31m+         "updatedAt": 2025-11-27T06:23:26.201Z,[39m
[31m+         "volume": null,[39m
[31m+         "volume24hr": null,[39m
[31m+       },[39m
[31m+     ],[39m
[31m+     "status": "active",[39m
[31m+     "totalLiquidity": 0,[39m
[31m+     "totalVolume": 0,[39m
[31m+     "updatedAt": 2025-11-27T06:23:26.202Z,[39m
[31m+   },[39m
[31m+   {[39m
[31m+     "_id": "6927db32f2bec3838f4c0173",[39m
[31m+     "category": null,[39m
[31m+     "createdAt": 2025-11-27T06:23:26.199Z,[39m
[31m+     "eventDescription": "This is a market on predicting the total number of SpaceX launches scheduled for the year 2025.",[39m
[31m+     "eventIcon": "https://polymarket-upload.s3.us-east-2.amazonaws.com/how-many-spacex-launches-in-2025-H9bLc6Yotwva.jpg",[39m
[31m+     "eventId": "16102",[39m
[31m+     "eventImage": "https://polymarket-upload.s3.us-east-2.amazonaws.com/how-many-spacex-launches-in-2025-H9bLc6Yotwva.jpg",[39m
[31m+     "eventSlug": "how-many-spacex-launches-in-2025",[39m
[31m+     "eventTitle": "How many SpaceX launches in 2025?",[39m
[31m+     "markets": [[39m
[31m+       {[39m
[31m+         "author": "0x91430CaD2d3975766499717fA0D66A78D814E5c5",[39m
[31m+         "category": null,[39m
[31m+         "conditionId": "0xee45969a2d171815ac7b526c9d5419a4d709ddce352b000552012753c1a056bc",[39m
[31m+         "createdAt": 2025-11-27T06:23:26.191Z,[39m
[31m+         "description": "This market will resolve to \"Yes\" if SpaceX has less than 100 launches in 2025. Otherwise, it will resolve to \"No.\"[39m
[31m+[39m
[31m+ The resolution source is the FAA, specifically the number shown next to SpaceX when 2025 is selected here https://www.faa.gov/data_research/commercial_space_data.",[39m
[31m+         "endDate": "2025-12-31",[39m
[31m+         "featured": false,[39m
[31m+         "liquidity": null,[39m
[31m+         "marketSlug": null,[39m
[31m+         "question": "Will SpaceX have less than 100 launches in 2025?",[39m
[31m+         "questionId": "0x2e006ec2cba16a9569c684f3c1d6034d733d6db47639320ecfb2c88530aeef00",[39m
[31m+         "source": "polymarket",[39m
[31m+         "startDate": null,[39m
[31m+         "status": "closed",[39m
[31m+         "tags": null,[39m
[31m+         "thatOdds": null,[39m
[31m+         "thatOption": "No",[39m
[31m+         "thisOdds": null,[39m
[31m+         "thisOption": "Yes",[39m
[31m+         "updatedAt": 2025-11-27T06:23:26.191Z,[39m
[31m+         "volume": null,[39m
[31m+         "volume24hr": null,[39m
[31m+       },[39m
[31m+       {[39m
[31m+         "author": "0x91430CaD2d3975766499717fA0D66A78D814E5c5",[39m
[31m+         "category": null,[39m
[31m+         "conditionId": "0x1aa69eb6bba4583d5b01610c4e916032bfca035ec623b0e8c364a19e14d08c08",[39m
[31m+         "createdAt": 2025-11-27T06:23:26.192Z,[39m
[31m+         "description": "This market will resolve to \"Yes\" if SpaceX has between 100 (inclusive) and 119 (inclusive) launches in 2025. Otherwise, it will resolve to \"No.\"[39m
[31m+[39m
[31m+ The resolution source is the FAA, specifically the number shown next to SpaceX when 2025 is selected here https://www.faa.gov/data_research/commercial_space_data.",[39m
[31m+         "endDate": "2025-12-31",[39m
[31m+         "featured": false,[39m
[31m+         "liquidity": null,[39m
[31m+         "marketSlug": null,[39m
[31m+         "question": "Will SpaceX have between 100-119 launches in 2025?",[39m
[31m+         "questionId": "0x2e006ec2cba16a9569c684f3c1d6034d733d6db47639320ecfb2c88530aeef01",[39m
[31m+         "source": "polymarket",[39m
[31m+         "startDate": null,[39m
[31m+         "status": "closed",[39m
[31m+         "tags": null,[39m
[31m+         "thatOdds": null,[39m
[31m+         "thatOption": "No",[39m
[31m+         "thisOdds": null,[39m
[31m+         "thisOption": "Yes",[39m
[31m+         "updatedAt": 2025-11-27T06:23:26.192Z,[39m
[31m+         "volume": null,[39m
[31m+         "volume24hr": null,[39m
[31m+       },[39m
[31m+       {[39m
[31m+         "author": "0x91430CaD2d3975766499717fA0D66A78D814E5c5",[39m
[31m+         "category": null,[39m
[31m+         "conditionId": "0x72a1acd43d83a9e254d00648b84c135fe7eae01929d97818160a3626f664c043",[39m
[31m+         "createdAt": 2025-11-27T06:23:26.195Z,[39m
[31m+         "description": "This market will resolve to \"Yes\" if SpaceX has between 120 (inclusive) and 139 (inclusive) launches in 2025. Otherwise, it will resolve to \"No.\"[39m
[31m+[39m
[31m+ The resolution source is the FAA, specifically the number shown next to SpaceX when 2025 is selected here https://www.faa.gov/data_research/commercial_space_data.",[39m
[31m+         "endDate": "2025-12-31",[39m
[31m+         "featured": false,[39m
[31m+         "liquidity": null,[39m
[31m+         "marketSlug": null,[39m
[31m+         "question": "Will SpaceX have between 120-139 launches in 2025?",[39m
[31m+         "questionId": "0x2e006ec2cba16a9569c684f3c1d6034d733d6db47639320ecfb2c88530aeef02",[39m
[31m+         "source": "polymarket",[39m
[31m+         "startDate": null,[39m
[31m+         "status": "active",[39m
[31m+         "tags": null,[39m
[31m+         "thatOdds": null,[39m
[31m+         "thatOption": "No",[39m
[31m+         "thisOdds": null,[39m
[31m+         "thisOption": "Yes",[39m
[31m+         "updatedAt": 2025-11-27T06:23:26.195Z,[39m
[31m+         "volume": null,[39m
[31m+         "volume24hr": null,[39m
[31m+       },[39m
[31m+       {[39m
[31m+         "author": "0x91430CaD2d3975766499717fA0D66A78D814E5c5",[39m
[31m+         "category": null,[39m
[31m+         "conditionId": "0xc4e2af103f1f6e153cb07f9977b3cbdb5f04bb856a69036bbe8bd3921d2bfb00",[39m
[31m+         "createdAt": 2025-11-27T06:23:26.196Z,[39m
[31m+         "description": "This market will resolve to \"Yes\" if SpaceX has 200 or more launches in 2025. Otherwise, it will resolve to \"No.\"[39m
[31m+[39m
[31m+ The resolution source is the FAA, specifically the number shown next to SpaceX when 2025 is selected here https://www.faa.gov/data_research/commercial_space_data.",[39m
[31m+         "endDate": "2025-12-31",[39m
[31m+         "featured": false,[39m
[31m+         "liquidity": null,[39m
[31m+         "marketSlug": null,[39m
[31m+         "question": "Will SpaceX have 200 or more launches in 2025?",[39m
[31m+         "questionId": "0x2e006ec2cba16a9569c684f3c1d6034d733d6db47639320ecfb2c88530aeef06",[39m
[31m+         "source": "polymarket",[39m
[31m+         "startDate": null,[39m
[31m+         "status": "active",[39m
[31m+         "tags": null,[39m
[31m+         "thatOdds": null,[39m
[31m+         "thatOption": "No",[39m
[31m+         "thisOdds": null,[39m
[31m+         "thisOption": "Yes",[39m
[31m+         "updatedAt": 2025-11-27T06:23:26.196Z,[39m
[31m+         "volume": null,[39m
[31m+         "volume24hr": null,[39m
[31m+       },[39m
[31m+       {[39m
[31m+         "author": "0x91430CaD2d3975766499717fA0D66A78D814E5c5",[39m
[31m+         "category": null,[39m
[31m+         "conditionId": "0x885a27692dcf2a4aca000947d0c65059ee8ec301bb08b0f07201a3db33464c8d",[39m
[31m+         "createdAt": 2025-11-27T06:23:26.197Z,[39m
[31m+         "description": "This market will resolve to \"Yes\" if SpaceX has between 140 (inclusive) and 159 (inclusive) launches in 2025. Otherwise, it will resolve to \"No.\"[39m
[31m+[39m
[31m+ The resolution source is the FAA, specifically the number shown next to SpaceX when 2025 is selected here https://www.faa.gov/data_research/commercial_space_data.",[39m
[31m+         "endDate": "2025-12-31",[39m
[31m+         "featured": false,[39m
[31m+         "liquidity": null,[39m
[31m+         "marketSlug": null,[39m
[31m+         "question": "Will SpaceX have between 140-159 launches in 2025?",[39m
[31m+         "questionId": "0x2e006ec2cba16a9569c684f3c1d6034d733d6db47639320ecfb2c88530aeef03",[39m
[31m+         "source": "polymarket",[39m
[31m+         "startDate": null,[39m
[31m+         "status": "active",[39m
[31m+         "tags": null,[39m
[31m+         "thatOdds": null,[39m
[31m+         "thatOption": "No",[39m
[31m+         "thisOdds": null,[39m
[31m+         "thisOption": "Yes",[39m
[31m+         "updatedAt": 2025-11-27T06:23:26.197Z,[39m
[31m+         "volume": null,[39m
[31m+         "volume24hr": null,[39m
[31m+       },[39m
[31m+       {[39m
[31m+         "author": "0x91430CaD2d3975766499717fA0D66A78D814E5c5",[39m
[31m+         "category": null,[39m
[31m+         "conditionId": "0x125c09306c5482d6c1512bc2cd6b31ad43f8cab0aa3c94a3306eb9091ed96072",[39m
[31m+         "createdAt": 2025-11-27T06:23:26.198Z,[39m
[31m+         "description": "This market will resolve to \"Yes\" if SpaceX has between 160 (inclusive) and 179 (inclusive) launches in 2025. Otherwise, it will resolve to \"No.\"[39m
[31m+[39m
[31m+ The resolution source is the FAA, specifically the number shown next to SpaceX when 2025 is selected here https://www.faa.gov/data_research/commercial_space_data.",[39m
[31m+         "endDate": "2025-12-31",[39m
[31m+         "featured": false,[39m
[31m+         "liquidity": null,[39m
[31m+         "marketSlug": null,[39m
[31m+         "question": "Will SpaceX have between 160-179 launches in 2025?",[39m
[31m+         "questionId": "0x2e006ec2cba16a9569c684f3c1d6034d733d6db47639320ecfb2c88530aeef04",[39m
[31m+         "source": "polymarket",[39m
[31m+         "startDate": null,[39m
[31m+         "status": "active",[39m
[31m+         "tags": null,[39m
[31m+         "thatOdds": null,[39m
[31m+         "thatOption": "No",[39m
[31m+         "thisOdds": null,[39m
[31m+         "thisOption": "Yes",[39m
[31m+         "updatedAt": 2025-11-27T06:23:26.198Z,[39m
[31m+         "volume": null,[39m
[31m+         "volume24hr": null,[39m
[31m+       },[39m
[31m+       {[39m
[31m+         "author": "0x91430CaD2d3975766499717fA0D66A78D814E5c5",[39m
[31m+         "category": null,[39m
[31m+         "conditionId": "0x1cd6890b88a4d21884f36d5427d5aa7318392b74f4d068a70065e8ce6e523442",[39m
[31m+         "createdAt": 2025-11-27T06:23:26.198Z,[39m
[31m+         "description": "This market will resolve to \"Yes\" if SpaceX has between 180 (inclusive) and 199 (inclusive) launches in 2025. Otherwise, it will resolve to \"No.\"[39m
[31m+[39m
[31m+ The resolution source is the FAA, specifically the number shown next to SpaceX when 2025 is selected here https://www.faa.gov/data_research/commercial_space_data.",[39m
[31m+         "endDate": "2025-12-31",[39m
[31m+         "featured": false,[39m
[31m+         "liquidity": null,[39m
[31m+         "marketSlug": null,[39m
[31m+         "question": "Will SpaceX have between 180-199 launches in 2025?",[39m
[31m+         "questionId": "0x2e006ec2cba16a9569c684f3c1d6034d733d6db47639320ecfb2c88530aeef05",[39m
[31m+         "source": "polymarket",[39m
[31m+         "startDate": null,[39m
[31m+         "status": "active",[39m
[31m+         "tags": null,[39m
[31m+         "thatOdds": null,[39m
[31m+         "thatOption": "No",[39m
[31m+         "thisOdds": null,[39m
[31m+         "thisOption": "Yes",[39m
[31m+         "updatedAt": 2025-11-27T06:23:26.198Z,[39m
[31m+         "volume": null,[39m
[31m+         "volume24hr": null,[39m
[31m+       },[39m
[31m+     ],[39m
[31m+     "status": "active",[39m
[31m+     "totalLiquidity": 0,[39m
[31m+     "totalVolume": 0,[39m
[31m+     "updatedAt": 2025-11-27T06:23:26.199Z,[39m
[31m+   },[39m
[31m+   {[39m
[31m+     "_id": "6927db32f2bec3838f4c0170",[39m
[31m+     "category": null,[39m
[31m+     "createdAt": 2025-11-27T06:23:26.190Z,[39m
[31m+     "eventDescription": "This is a market on which movie will have the highest box office earnings in the year 2025.",[39m
[31m+     "eventIcon": "https://polymarket-upload.s3.us-east-2.amazonaws.com/highest-grossing-movie-in-2025-23YRHKqq6Ete.jpg",[39m
[31m+     "eventId": "16100",[39m
[31m+     "eventImage": "https://polymarket-upload.s3.us-east-2.amazonaws.com/highest-grossing-movie-in-2025-23YRHKqq6Ete.jpg",[39m
[31m+     "eventSlug": "highest-grossing-movie-in-2025",[39m
[31m+     "eventTitle": "Highest grossing movie in 2025?",[39m
[31m+     "markets": [[39m
[31m+       {[39m
[31m+         "author": "0x91430CaD2d3975766499717fA0D66A78D814E5c5",[39m
[31m+         "category": null,[39m
[31m+         "conditionId": "0x21400affa8e3fdfff07bb8421d708635bc7be52f5396268dd281ef92a31bb86f",[39m
[31m+         "createdAt": 2025-11-27T06:23:26.157Z,[39m
[31m+         "description": "This market will resolve to \"Yes\" if the \"Gross\" column on https://www.boxofficemojo.com/year/2025/?grossesOption=calendarGrosses shows 'Avatar: Fire and Ash'(Avatar 3) as the film with the highest 2025 gross once data for December 31 is made available. Otherwise, this market will resolve to \"No\".[39m
[31m+[39m
[31m+ Note: This market is about the movie's domestic calendar gross in 2025 - dates outside of 2025 will not count toward this movie's gross.[39m
[31m+[39m
[31m+ In the event of an exact tie the film that comes first alphabetically will be considered the winner.[39m
[31m+[39m
[31m+ If there is no final data available by January 7, 2026, 11:59 PM ET, another credible resolution source will be chosen.",[39m
[31m+         "endDate": "2025-12-31",[39m
[31m+         "featured": false,[39m
[31m+         "liquidity": null,[39m
[31m+         "marketSlug": null,[39m
[31m+         "question": "Will Avatar 3 be the top grossing movie of 2025?",[39m
[31m+         "questionId": "0x91eb615013098c0480e1ade0bf538d2c08312b03f76e19da7f5a0d7d61c7a100",[39m
[31m+         "source": "polymarket",[39m
[31m+         "startDate": null,[39m
[31m+         "status": "active",[39m
[31m+         "tags": null,[39m
[31m+         "thatOdds": null,[39m
[31m+         "thatOption": "No",[39m
[31m+         "thisOdds": null,[39m
[31m+         "thisOption": "Yes",[39m
[31m+         "updatedAt": 2025-11-27T06:23:26.157Z,[39m
[31m+         "volume": null,[39m
[31m+         "volume24hr": null,[39m
[31m+       },[39m
[31m+       {[39m
[31m+         "author": "0x91430CaD2d3975766499717fA0D66A78D814E5c5",[39m
[31m+         "category": null,[39m
[31m+         "conditionId": "0x08c8fffc2fb962e36d835621b82434b941a8a124f47558454d8eb666eeed59f9",[39m
[31m+         "createdAt": 2025-11-27T06:23:26.158Z,[39m
[31m+         "description": "This market will resolve to \"Yes\" if the \"Gross\" column on https://www.boxofficemojo.com/year/2025/?grossesOption=calendarGrosses shows 'Wicked: For Good' (2025) as the film with the highest 2025 gross once data for December 31 is made available. Otherwise, this market will resolve to \"No\".[39m
[31m+[39m
[31m+ Note: This market is about the movie's domestic calendar gross in 2025 - dates outside of 2025 will not count toward this movie's gross.[39m
[31m+[39m
[31m+ In the event of an exact tie the film that comes first alphabetically will be considered the winner.[39m
[31m+[39m
[31m+ If there is no final data available by January 7, 2026, 11:59 PM ET, another credible resolution source will be chosen.",[39m
[31m+         "endDate": "2025-12-31",[39m
[31m+         "featured": false,[39m
[31m+         "liquidity": null,[39m
[31m+         "marketSlug": null,[39m
[31m+         "question": "Will Wicked: For Good be the top grossing movie of 2025?",[39m
[31m+         "questionId": "0x91eb615013098c0480e1ade0bf538d2c08312b03f76e19da7f5a0d7d61c7a101",[39m
[31m+         "source": "polymarket",[39m
[31m+         "startDate": null,[39m
[31m+         "status": "active",[39m
[31m+         "tags": null,[39m
[31m+         "thatOdds": null,[39m
[31m+         "thatOption": "No",[39m
[31m+         "thisOdds": null,[39m
[31m+         "thisOption": "Yes",[39m
[31m+         "updatedAt": 2025-11-27T06:23:26.158Z,[39m
[31m+         "volume": null,[39m
[31m+         "volume24hr": null,[39m
[31m+       },[39m
[31m+       {[39m
[31m+         "author": "0x91430CaD2d3975766499717fA0D66A78D814E5c5",[39m
[31m+         "category": null,[39m
[31m+         "conditionId": "0x039b48827f3c6b83f50153715af8a66f2b74b04fcfc5def13acb3f151eeb3d81",[39m
[31m+         "createdAt": 2025-11-27T06:23:26.160Z,[39m
[31m+         "description": "This market will resolve to \"Yes\" if the \"Gross\" column on https://www.boxofficemojo.com/year/2025/?grossesOption=calendarGrosses shows 'Superman' (2025) as the film with the highest 2025 gross once data for December 31 is made available. Otherwise, this market will resolve to \"No\".[39m
[31m+[39m
[31m+ Note: This market is about the movie's domestic calendar gross in 2025 - dates outside of 2025 will not count toward this movie's gross.[39m
[31m+[39m
[31m+ In the event of an exact tie the film that comes first alphabetically will be considered the winner.[39m
[31m+[39m
[31m+ If there is no final data available by January 7, 2026, 11:59 PM ET, another credible resolution source will be chosen.",[39m
[31m+         "endDate": "2025-12-31",[39m
[31m+         "featured": false,[39m
[31m+         "liquidity": null,[39m
[31m+         "marketSlug": null,[39m
[31m+         "question": "Will Superman be the top grossing movie of 2025?",[39m
[31m+         "questionId": "0x91eb615013098c0480e1ade0bf538d2c08312b03f76e19da7f5a0d7d61c7a102",[39m
[31m+         "source": "polymarket",[39m
[31m+         "startDate": null,[39m
[31m+         "status": "active",[39m
[31m+         "tags": null,[39m
[31m+         "thatOdds": null,[39m
[31m+         "thatOption": "No",[39m
[31m+         "thisOdds": null,[39m
[31m+         "thisOption": "Yes",[39m
[31m+         "updatedAt": 2025-11-27T06:23:26.160Z,[39m
[31m+         "volume": null,[39m
[31m+         "volume24hr": null,[39m
[31m+       },[39m
[31m+       {[39m
[31m+         "author": "0x91430CaD2d3975766499717fA0D66A78D814E5c5",[39m
[31m+         "category": null,[39m
[31m+         "conditionId": "0x46fb01da8662e5eb2496b600bbe874d230f05f3e99b382f2791015ef55b464af",[39m
[31m+         "createdAt": 2025-11-27T06:23:26.161Z,[39m
[31m+         "description": "This market will resolve to \"Yes\" if the \"Gross\" column on https://www.boxofficemojo.com/year/2025/?grossesOption=calendarGrosses shows 'Thunderbolts' (2025) as the film with the highest 2025 gross once data for December 31 is made available. Otherwise, this market will resolve to \"No\".[39m
[31m+[39m
[31m+ Note: This market is about the movie's domestic calendar gross in 2025 - dates outside of 2025 will not count toward this movie's gross.[39m
[31m+[39m
[31m+ In the event of an exact tie the film that comes first alphabetically will be considered the winner.[39m
[31m+[39m
[31m+ If there is no final data available by January 7, 2026, 11:59 PM ET, another credible resolution source will be chosen.",[39m
[31m+         "endDate": "2025-12-31",[39m
[31m+         "featured": false,[39m
[31m+         "liquidity": null,[39m
[31m+         "marketSlug": null,[39m
[31m+         "question": "Will Thunderbolts be the top grossing movie of 2025?",[39m
[31m+         "questionId": "0x91eb615013098c0480e1ade0bf538d2c08312b03f76e19da7f5a0d7d61c7a107",[39m
[31m+         "source": "polymarket",[39m
[31m+         "startDate": null,[39m
[31m+         "status": "active",[39m
[31m+         "tags": null,[39m
[31m+         "thatOdds": null,[39m
[31m+         "thatOption": "No",[39m
[31m+         "thisOdds": null,[39m
[31m+         "thisOption": "Yes",[39m
[31m+         "updatedAt": 2025-11-27T06:23:26.161Z,[39m
[31m+         "volume": null,[39m
[31m+         "volume24hr": null,[39m
[31m+       },[39m
[31m+       {[39m
[31m+         "author": "0x91430CaD2d3975766499717fA0D66A78D814E5c5",[39m
[31m+         "category": null,[39m
[31m+         "conditionId": "0x1cfde498b977cf83dd6a0276fb287de98dbeb79554c61368d074736730883ad8",[39m
[31m+         "createdAt": 2025-11-27T06:23:26.161Z,[39m
[31m+         "description": "This market will resolve to \"Yes\" if the \"Gross\" column on https://www.boxofficemojo.com/year/2025/?grossesOption=calendarGrosses shows 'The Fantastic Four: First Steps' (2025) as the film with the highest 2025 gross once data for December 31 is made available. Otherwise, this market will resolve to \"No\".[39m
[31m+[39m
[31m+ Note: This market is about the movie's domestic calendar gross in 2025 - dates outside of 2025 will not count toward this movie's gross.[39m
[31m+[39m
[31m+ In the event of an exact tie the film that comes first alphabetically will be considered the winner.[39m
[31m+[39m
[31m+ If there is no final data available by January 7, 2026, 11:59 PM ET, another credible resolution source will be chosen.",[39m
[31m+         "endDate": "2025-12-31",[39m
[31m+         "featured": false,[39m
[31m+         "liquidity": null,[39m
[31m+         "marketSlug": null,[39m
[31m+         "question": "Will The Fantastic Four: First Steps be the top grossing movie of 2025?",[39m
[31m+         "questionId": "0x91eb615013098c0480e1ade0bf538d2c08312b03f76e19da7f5a0d7d61c7a103",[39m
[31m+         "source": "polymarket",[39m
[31m+         "startDate": null,[39m
[31m+         "status": "active",[39m
[31m+         "tags": null,[39m
[31m+         "thatOdds": null,[39m
[31m+         "thatOption": "No",[39m
[31m+         "thisOdds": null,[39m
[31m+         "thisOption": "Yes",[39m
[31m+         "updatedAt": 2025-11-27T06:23:26.161Z,[39m
[31m+         "volume": null,[39m
[31m+         "volume24hr": null,[39m
[31m+       },[39m
[31m+       {[39m
[31m+         "author": "0x91430CaD2d3975766499717fA0D66A78D814E5c5",[39m
[31m+         "category": null,[39m
[31m+         "conditionId": "0x6e9fda006161184b29a2df3754b5b9c3757f8a2adc1f44291fe9907f8fc6ae97",[39m
[31m+         "createdAt": 2025-11-27T06:23:26.162Z,[39m
[31m+         "description": "This market will resolve to \"Yes\" if the \"Gross\" column on https://www.boxofficemojo.com/year/2025/?grossesOption=calendarGrosses shows 'Jurassic World: Rebirth' (2025) as the film with the highest 2025 gross once data for December 31 is made available. Otherwise, this market will resolve to \"No\".[39m
[31m+[39m
[31m+ Note: This market is about the movie's domestic calendar gross in 2025 - dates outside of 2025 will not count toward this movie's gross.[39m
[31m+[39m
[31m+ In the event of an exact tie the film that comes first alphabetically will be considered the winner.[39m
[31m+[39m
[31m+ If there is no final data available by January 7, 2026, 11:59 PM ET, another credible resolution source will be chosen.",[39m
[31m+         "endDate": "2025-12-31",[39m
[31m+         "featured": false,[39m
[31m+         "liquidity": null,[39m
[31m+         "marketSlug": null,[39m
[31m+         "question": "Will Jurassic World: Rebirth be the top grossing movie of 2025?",[39m
[31m+         "questionId": "0x91eb615013098c0480e1ade0bf538d2c08312b03f76e19da7f5a0d7d61c7a104",[39m
[31m+         "source": "polymarket",[39m
[31m+         "startDate": null,[39m
[31m+         "status": "active",[39m
[31m+         "tags": null,[39m
[31m+         "thatOdds": null,[39m
[31m+         "thatOption": "No",[39m
[31m+         "thisOdds": null,[39m
[31m+         "thisOption": "Yes",[39m
[31m+         "updatedAt": 2025-11-27T06:23:26.162Z,[39m
[31m+         "volume": null,[39m
[31m+         "volume24hr": null,[39m
[31m+       },[39m
[31m+       {[39m
[31m+         "author": "0x91430CaD2d3975766499717fA0D66A78D814E5c5",[39m
[31m+         "category": null,[39m
[31m+         "conditionId": "0xd85b5a1c9986ce88247226d4457c83eb20449ba9c899b8ce9337f75f24b802ef",[39m
[31m+         "createdAt": 2025-11-27T06:23:26.163Z,[39m
[31m+         "description": "This market will resolve to \"Yes\" if the \"Gross\" column on https://www.boxofficemojo.com/year/2025/?grossesOption=calendarGrosses shows 'Movie G' as the film with the highest 2025 gross once data for December 31 is made available. Otherwise, this market will resolve to \"No\".[39m
[31m+[39m
[31m+ This market may be updated in the future to replace Movie G with one of the potential candidates.[39m
[31m+[39m
[31m+ Note: This market is about the movie's domestic calendar gross in 2025 - dates outside of 2025 will not count toward this movie's gross.[39m
[31m+[39m
[31m+ In the event of an exact tie the film that comes first alphabetically will be considered the winner.[39m
[31m+[39m
[31m+ If there is no final data available by January 7, 2026, 11:59 PM ET, another credible resolution source will be chosen.",[39m
[31m+         "endDate": null,[39m
[31m+         "featured": false,[39m
[31m+         "liquidity": null,[39m
[31m+         "marketSlug": null,[39m
[31m+         "question": "Will Movie G be the top grossing movie of 2025?",[39m
[31m+         "questionId": "0x91eb615013098c0480e1ade0bf538d2c08312b03f76e19da7f5a0d7d61c7a110",[39m
[31m+         "source": "polymarket",[39m
[31m+         "startDate": null,[39m
[31m+         "status": "closed",[39m
[31m+         "tags": null,[39m
[31m+         "thatOdds": null,[39m
[31m+         "thatOption": "No",[39m
[31m+         "thisOdds": null,[39m
[31m+         "thisOption": "Yes",[39m
[31m+         "updatedAt": 2025-11-27T06:23:26.163Z,[39m
[31m+         "volume": null,[39m
[31m+         "volume24hr": null,[39m
[31m+       },[39m
[31m+       {[39m
[31m+         "author": "0x91430CaD2d3975766499717fA0D66A78D814E5c5",[39m
[31m+         "category": null,[39m
[31m+         "conditionId": "0x2993e8c18922f93787756e02dc262c193b79f05c7b952a0c9656e948f9977c88",[39m
[31m+         "createdAt": 2025-11-27T06:23:26.165Z,[39m
[31m+         "description": "This market will resolve to \"Yes\" if the \"Gross\" column on https://www.boxofficemojo.com/year/2025/?grossesOption=calendarGrosses shows 'Captain America: New World Order' (2025) as the film with the highest 2025 gross once data for December 31 is made available. Otherwise, this market will resolve to \"No\".[39m
[31m+[39m
[31m+ Note: This market is about the movie's domestic calendar gross in 2025 - dates outside of 2025 will not count toward this movie's gross.[39m
[31m+[39m
[31m+ In the event of an exact tie the film that comes first alphabetically will be considered the winner.[39m
[31m+[39m
[31m+ If there is no final data available by January 7, 2026, 11:59 PM ET, another credible resolution source will be chosen.",[39m
[31m+         "endDate": "2025-12-31",[39m
[31m+         "featured": false,[39m
[31m+         "liquidity": null,[39m
[31m+         "marketSlug": null,[39m
[31m+         "question": "Will Captain America: Brave New World be the top grossing movie of 2025?",[39m
[31m+         "questionId": "0x91eb615013098c0480e1ade0bf538d2c08312b03f76e19da7f5a0d7d61c7a105",[39m
[31m+         "source": "polymarket",[39m
[31m+         "startDate": null,[39m
[31m+         "status": "active",[39m
[31m+         "tags": null,[39m
[31m+         "thatOdds": null,[39m
[31m+         "thatOption": "No",[39m
[31m+         "thisOdds": null,[39m
[31m+         "thisOption": "Yes",[39m
[31m+         "updatedAt": 2025-11-27T06:23:26.165Z,[39m
[31m+         "volume": null,[39m
[31m+         "volume24hr": null,[39m
[31m+       },[39m
[31m+       {[39m
[31m+         "author": "0x91430CaD2d3975766499717fA0D66A78D814E5c5",[39m
[31m+         "category": null,[39m
[31m+         "conditionId": "0x6fa38b11b1909151a7c1c3bdfb77b24716adbd7ecbe9904ed14a572886120e76",[39m
[31m+         "createdAt": 2025-11-27T06:23:26.167Z,[39m
[31m+         "description": "This market will resolve to \"Yes\" if the \"Gross\" column on https://www.boxofficemojo.com/year/2025/?grossesOption=calendarGrosses shows 'Zootopia 2' (2025) as the film with the highest 2025 gross once data for December 31 is made available. Otherwise, this market will resolve to \"No\".[39m
[31m+[39m
[31m+ Note: This market is about the movie's domestic calendar gross in 2025 - dates outside of 2025 will not count toward this movie's gross.[39m
[31m+[39m
[31m+ In the event of an exact tie the film that comes first alphabetically will be considered the winner.[39m
[31m+[39m
[31m+ If there is no final data available by January 7, 2026, 11:59 PM ET, another credible resolution source will be chosen.",[39m
[31m+         "endDate": "2025-12-31",[39m
[31m+         "featured": false,[39m
[31m+         "liquidity": null,[39m
[31m+         "marketSlug": null,[39m
[31m+         "question": "Will Zootopia 2 be the top grossing movie of 2025?",[39m
[31m+         "questionId": "0x91eb615013098c0480e1ade0bf538d2c08312b03f76e19da7f5a0d7d61c7a106",[39m
[31m+         "source": "polymarket",[39m
[31m+         "startDate": null,[39m
[31m+         "status": "active",[39m
[31m+         "tags": null,[39m
[31m+         "thatOdds": null,[39m
[31m+         "thatOption": "No",[39m
[31m+         "thisOdds": null,[39m
[31m+         "thisOption": "Yes",[39m
[31m+         "updatedAt": 2025-11-27T06:23:26.167Z,[39m
[31m+         "volume": null,[39m
[31m+         "volume24hr": null,[39m
[31m+       },[39m
[31m+       {[39m
[31m+         "author": "0x91430CaD2d3975766499717fA0D66A78D814E5c5",[39m
[31m+         "category": null,[39m
[31m+         "conditionId": "0x22fa7126aad142e3e7cd7dc6ae6669b86e28ff8ae6f07a57e1a05403c8074b5f",[39m
[31m+         "createdAt": 2025-11-27T06:23:26.168Z,[39m
[31m+         "description": "This market will resolve to \"Yes\" if the \"Gross\" column on https://www.boxofficemojo.com/year/2025/?grossesOption=calendarGrosses shows 'How to Train Your Dragon' (2025) as the film with the highest 2025 gross once data for December 31 is made available. Otherwise, this market will resolve to \"No\".[39m
[31m+[39m
[31m+ Note: This market is about the movie's domestic calendar gross in 2025 - dates outside of 2025 will not count toward this movie's gross.[39m
[31m+[39m
[31m+ In the event of an exact tie the film that comes first alphabetically will be considered the winner.[39m
[31m+[39m
[31m+ If there is no final data available by January 7, 2026, 11:59 PM ET, another credible resolution source will be chosen.",[39m
[31m+         "endDate": "2025-12-31",[39m
[31m+         "featured": false,[39m
[31m+         "liquidity": null,[39m
[31m+         "marketSlug": null,[39m
[31m+         "question": "Will How to Train Your Dragon be the top grossing movie of 2025?",[39m
[31m+         "questionId": "0x91eb615013098c0480e1ade0bf538d2c08312b03f76e19da7f5a0d7d61c7a108",[39m
[31m+         "source": "polymarket",[39m
[31m+         "startDate": null,[39m
[31m+         "status": "active",[39m
[31m+         "tags": null,[39m
[31m+         "thatOdds": null,[39m
[31m+         "thatOption": "No",[39m
[31m+         "thisOdds": null,[39m
[31m+         "thisOption": "Yes",[39m
[31m+         "updatedAt": 2025-11-27T06:23:26.168Z,[39m
[31m+         "volume": null,[39m
[31m+         "volume24hr": null,[39m
[31m+       },[39m
[31m+       {[39m
[31m+         "author": "0x91430CaD2d3975766499717fA0D66A78D814E5c5",[39m
[31m+         "category": null,[39m
[31m+         "conditionId": "0xe87b10afe191706bb36b22526b65983e2a88a12ccce36827e857e16791973493",[39m
[31m+         "createdAt": 2025-11-27T06:23:26.169Z,[39m
[31m+         "description": "This market will resolve to \"Yes\" if the \"Gross\" column on https://www.boxofficemojo.com/year/2025/?grossesOption=calendarGrosses shows 'A Minecraft Movie' (2025) as the film with the highest 2025 gross once data for December 31 is made available. Otherwise, this market will resolve to \"No\".[39m
[31m+[39m
[31m+ Note: This market is about the movie's domestic calendar gross in 2025 - dates outside of 2025 will not count toward this movie's gross.[39m
[31m+[39m
[31m+ In the event of an exact tie the film that comes first alphabetically will be considered the winner.[39m
[31m+[39m
[31m+ If there is no final data available by January 7, 2026, 11:59 PM ET, another credible resolution source will be chosen.",[39m
[31m+         "endDate": "2025-12-31",[39m
[31m+         "featured": false,[39m
[31m+         "liquidity": null,[39m
[31m+         "marketSlug": null,[39m
[31m+         "question": "Will A Minecraft Movie be the top grossing movie of 2025?",[39m
[31m+         "questionId": "0x91eb615013098c0480e1ade0bf538d2c08312b03f76e19da7f5a0d7d61c7a109",[39m
[31m+         "source": "polymarket",[39m
[31m+         "startDate": null,[39m
[31m+         "status": "active",[39m
[31m+         "tags": null,[39m
[31m+         "thatOdds": null,[39m
[31m+         "thatOption": "No",[39m
[31m+         "thisOdds": null,[39m
[31m+         "thisOption": "Yes",[39m
[31m+         "updatedAt": 2025-11-27T06:23:26.169Z,[39m
[31m+         "volume": null,[39m
[31m+         "volume24hr": null,[39m
[31m+       },[39m
[31m+       {[39m
[31m+         "author": "0x91430CaD2d3975766499717fA0D66A78D814E5c5",[39m
[31m+         "category": null,[39m
[31m+         "conditionId": "0x6541a8761b97d252205e5934fb7f3312cd460cb1d07c722e0bbe3f8181ddbcb7",[39m
[31m+         "createdAt": 2025-11-27T06:23:26.170Z,[39m
[31m+         "description": "This market will resolve to \"Yes\" if the \"Gross\" column on https://www.boxofficemojo.com/year/2025/?grossesOption=calendarGrosses shows 'Lilo & Stitch' as the film with the highest 2025 gross once data for December 31 is made available. Otherwise, this market will resolve to \"No\".[39m
[31m+[39m
[31m+ Note: This market is about the movie's domestic calendar gross in 2025 - dates outside of 2025 will not count toward this movie's gross.[39m
[31m+[39m
[31m+ In the event of an exact tie the film that comes first alphabetically will be considered the winner.[39m
[31m+[39m
[31m+ If there is no final data available by January 7, 2026, 11:59 PM ET, another credible resolution source will be chosen.",[39m
[31m+         "endDate": "2025-12-31",[39m
[31m+         "featured": false,[39m
[31m+         "liquidity": null,[39m
[31m+         "marketSlug": null,[39m
[31m+         "question": "Will Lilo & Stitch be the top grossing movie of 2025?",[39m
[31m+         "questionId": "0x91eb615013098c0480e1ade0bf538d2c08312b03f76e19da7f5a0d7d61c7a10a",[39m
[31m+         "source": "polymarket",[39m
[31m+         "startDate": null,[39m
[31m+         "status": "active",[39m
[31m+         "tags": null,[39m
[31m+         "thatOdds": null,[39m
[31m+         "thatOption": "No",[39m
[31m+         "thisOdds": null,[39m
[31m+         "thisOption": "Yes",[39m
[31m+         "updatedAt": 2025-11-27T06:23:26.170Z,[39m
[31m+         "volume": null,[39m
[31m+         "volume24hr": null,[39m
[31m+       },[39m
[31m+       {[39m
[31m+         "author": "0x91430CaD2d3975766499717fA0D66A78D814E5c5",[39m
[31m+         "category": null,[39m
[31m+         "conditionId": "0xac17ba9d59fc3d660bbbe4ba19fac3250d04608e4c6f1825b1e6193c9191b41c",[39m
[31m+         "createdAt": 2025-11-27T06:23:26.171Z,[39m
[31m+         "description": "This market will resolve to \"Yes\" if the \"Gross\" column on https://www.boxofficemojo.com/year/2025/?grossesOption=calendarGrosses shows 'Movie C' as the film with the highest 2025 gross once data for December 31 is made available. Otherwise, this market will resolve to \"No\".[39m
[31m+[39m
[31m+ This market may be updated in the future to replace Movie C with one of the potential candidates.[39m
[31m+[39m
[31m+ Note: This market is about the movie's domestic calendar gross in 2025 - dates outside of 2025 will not count toward this movie's gross.[39m
[31m+[39m
[31m+ In the event of an exact tie the film that comes first alphabetically will be considered the winner.[39m
[31m+[39m
[31m+ If there is no final data available by January 7, 2026, 11:59 PM ET, another credible resolution source will be chosen.",[39m
[31m+         "endDate": null,[39m
[31m+         "featured": false,[39m
[31m+         "liquidity": null,[39m
[31m+         "marketSlug": null,[39m
[31m+         "question": "Will Movie C be the top grossing movie of 2025?",[39m
[31m+         "questionId": "0x91eb615013098c0480e1ade0bf538d2c08312b03f76e19da7f5a0d7d61c7a10c",[39m
[31m+         "source": "polymarket",[39m
[31m+         "startDate": null,[39m
[31m+         "status": "closed",[39m
[31m+         "tags": null,[39m
[31m+         "thatOdds": null,[39m
[31m+         "thatOption": "No",[39m
[31m+         "thisOdds": null,[39m
[31m+         "thisOption": "Yes",[39m
[31m+         "updatedAt": 2025-11-27T06:23:26.171Z,[39m
[31m+         "volume": null,[39m
[31m+         "volume24hr": null,[39m
[31m+       },[39m
[31m+       {[39m
[31m+         "author": "0x91430CaD2d3975766499717fA0D66A78D814E5c5",[39m
[31m+         "category": null,[39m
[31m+         "conditionId": "0x9ecb15c629121219c6ce54ae391ce347b41e67fb0668f7503804dfbe8f20a921",[39m
[31m+         "createdAt": 2025-11-27T06:23:26.172Z,[39m
[31m+         "description": "This market will resolve to \"Yes\" if the \"Gross\" column on https://www.boxofficemojo.com/year/2025/?grossesOption=calendarGrosses shows 'Movie B' as the film with the highest 2025 gross once data for December 31 is made available. Otherwise, this market will resolve to \"No\".[39m
[31m+[39m
[31m+ This market may be updated in the future to replace Movie B with one of the potential candidates.[39m
[31m+[39m
[31m+ Note: This market is about the movie's domestic calendar gross in 2025 - dates outside of 2025 will not count toward this movie's gross.[39m
[31m+[39m
[31m+ In the event of an exact tie the film that comes first alphabetically will be considered the winner.[39m
[31m+[39m
[31m+ If there is no final data available by January 7, 2026, 11:59 PM ET, another credible resolution source will be chosen.",[39m
[31m+         "endDate": null,[39m
[31m+         "featured": false,[39m
[31m+         "liquidity": null,[39m
[31m+         "marketSlug": null,[39m
[31m+         "question": "Will Movie B be the top grossing movie of 2025?",[39m
[31m+         "questionId": "0x91eb615013098c0480e1ade0bf538d2c08312b03f76e19da7f5a0d7d61c7a10b",[39m
[31m+         "source": "polymarket",[39m
[31m+         "startDate": null,[39m
[31m+         "status": "closed",[39m
[31m+         "tags": null,[39m
[31m+         "thatOdds": null,[39m
[31m+         "thatOption": "No",[39m
[31m+         "thisOdds": null,[39m
[31m+         "thisOption": "Yes",[39m
[31m+         "updatedAt": 2025-11-27T06:23:26.172Z,[39m
[31m+         "volume": null,[39m
[31m+         "volume24hr": null,[39m
[31m+       },[39m
[31m+       {[39m
[31m+         "author": "0x91430CaD2d3975766499717fA0D66A78D814E5c5",[39m
[31m+         "category": null,[39m
[31m+         "conditionId": "0x7096b6a04aa7808bf7fc464d45010ca8daa4b66aedf4d07f0399a93cdd65ac6f",[39m
[31m+         "createdAt": 2025-11-27T06:23:26.174Z,[39m
[31m+         "description": "This market will resolve to \"Yes\" if the \"Gross\" column on https://www.boxofficemojo.com/year/2025/?grossesOption=calendarGrosses shows 'Movie I' as the film with the highest 2025 gross once data for December 31 is made available. Otherwise, this market will resolve to \"No\".[39m
[31m+[39m
[31m+ This market may be updated in the future to replace Movie I with another potential candidate.[39m
[31m+[39m
[31m+ Note: This market is about the movie's domestic calendar gross in 2025 - dates outside of 2025 will not count toward this movie's gross.[39m
[31m+[39m
[31m+ In the event of an exact tie the film that comes first alphabetically will be considered the winner.[39m
[31m+[39m
[31m+ If there is no final data available by January 7, 2026, 11:59 PM ET, another credible resolution source will be chosen.",[39m
[31m+         "endDate": null,[39m
[31m+         "featured": false,[39m
[31m+         "liquidity": null,[39m
[31m+         "marketSlug": null,[39m
[31m+         "question": "Will Movie I be the top grossing movie of 2025?",[39m
[31m+         "questionId": "0x91eb615013098c0480e1ade0bf538d2c08312b03f76e19da7f5a0d7d61c7a112",[39m
[31m+         "source": "polymarket",[39m
[31m+         "startDate": null,[39m
[31m+         "status": "closed",[39m
[31m+         "tags": null,[39m
[31m+         "thatOdds": null,[39m
[31m+         "thatOption": "No",[39m
[31m+         "thisOdds": null,[39m
[31m+         "thisOption": "Yes",[39m
[31m+         "updatedAt": 2025-11-27T06:23:26.174Z,[39m
[31m+         "volume": null,[39m
[31m+         "volume24hr": null,[39m
[31m+       },[39m
[31m+       {[39m
[31m+         "author": "0x91430CaD2d3975766499717fA0D66A78D814E5c5",[39m
[31m+         "category": null,[39m
[31m+         "conditionId": "0x7a3b11443a4503922be6a8145c558069f7f25396ee55c55d6f1b7f0675d936d3",[39m
[31m+         "createdAt": 2025-11-27T06:23:26.177Z,[39m
[31m+         "description": "This market will resolve to \"Yes\" if the \"Gross\" column on https://www.boxofficemojo.com/year/2025/?grossesOption=calendarGrosses shows 'Movie D' as the film with the highest 2025 gross once data for December 31 is made available. Otherwise, this market will resolve to \"No\".[39m
[31m+[39m
[31m+ This market may be updated in the future to replace Movie D with one of the potential candidates.[39m
[31m+[39m
[31m+ Note: This market is about the movie's domestic calendar gross in 2025 - dates outside of 2025 will not count toward this movie's gross.[39m
[31m+[39m
[31m+ In the event of an exact tie the film that comes first alphabetically will be considered the winner.[39m
[31m+[39m
[31m+ If there is no final data available by January 7, 2026, 11:59 PM ET, another credible resolution source will be chosen.",[39m
[31m+         "endDate": null,[39m
[31m+         "featured": false,[39m
[31m+         "liquidity": null,[39m
[31m+         "marketSlug": null,[39m
[31m+         "question": "Will Movie D be the top grossing movie of 2025?",[39m
[31m+         "questionId": "0x91eb615013098c0480e1ade0bf538d2c08312b03f76e19da7f5a0d7d61c7a10d",[39m
[31m+         "source": "polymarket",[39m
[31m+         "startDate": null,[39m
[31m+         "status": "closed",[39m
[31m+         "tags": null,[39m
[31m+         "thatOdds": null,[39m
[31m+         "thatOption": "No",[39m
[31m+         "thisOdds": null,[39m
[31m+         "thisOption": "Yes",[39m
[31m+         "updatedAt": 2025-11-27T06:23:26.177Z,[39m
[31m+         "volume": null,[39m
[31m+         "volume24hr": null,[39m
[31m+       },[39m
[31m+       {[39m
[31m+         "author": "0x91430CaD2d3975766499717fA0D66A78D814E5c5",[39m
[31m+         "category": null,[39m
[31m+         "conditionId": "0xd16e2c625ee4f71ca72d190cf1212f46245d86a8ab3110cddff20eb128303cf9",[39m
[31m+         "createdAt": 2025-11-27T06:23:26.178Z,[39m
[31m+         "description": "This market will resolve to \"Yes\" if the \"Gross\" column on https://www.boxofficemojo.com/year/2025/?grossesOption=calendarGrosses shows 'Movie J' as the film with the highest 2025 gross once data for December 31 is made available. Otherwise, this market will resolve to \"No\".[39m
[31m+[39m
[31m+ This market may be updated in the future to replace Movie J with another potential candidate.[39m
[31m+[39m
[31m+ Note: This market is about the movie's domestic calendar gross in 2025 - dates outside of 2025 will not count toward this movie's gross.[39m
[31m+[39m
[31m+ In the event of an exact tie the film that comes first alphabetically will be considered the winner.[39m
[31m+[39m
[31m+ If there is no final data available by January 7, 2026, 11:59 PM ET, another credible resolution source will be chosen.",[39m
[31m+         "endDate": null,[39m
[31m+         "featured": false,[39m
[31m+         "liquidity": null,[39m
[31m+         "marketSlug": null,[39m
[31m+         "question": "Will Movie J be the top grossing movie of 2025?",[39m
[31m+         "questionId": "0x91eb615013098c0480e1ade0bf538d2c08312b03f76e19da7f5a0d7d61c7a113",[39m
[31m+         "source": "polymarket",[39m
[31m+         "startDate": null,[39m
[31m+         "status": "closed",[39m
[31m+         "tags": null,[39m
[31m+         "thatOdds": null,[39m
[31m+         "thatOption": "No",[39m
[31m+         "thisOdds": null,[39m
[31m+         "thisOption": "Yes",[39m
[31m+         "updatedAt": 2025-11-27T06:23:26.178Z,[39m
[31m+         "volume": null,[39m
[31m+         "volume24hr": null,[39m
[31m+       },[39m
[31m+       {[39m
[31m+         "author": "0x91430CaD2d3975766499717fA0D66A78D814E5c5",[39m
[31m+         "category": null,[39m
[31m+         "conditionId": "0x420e929c09e3b920fb97532ed848138f8f71bac3ceae4c2388cbc5e10818167a",[39m
[31m+         "createdAt": 2025-11-27T06:23:26.182Z,[39m
[31m+         "description": "This market will resolve to \"Yes\" if the \"Gross\" column on https://www.boxofficemojo.com/year/2025/?grossesOption=calendarGrosses shows 'Movie E' as the film with the highest 2025 gross once data for December 31 is made available. Otherwise, this market will resolve to \"No\".[39m
[31m+[39m
[31m+ This market may be updated in the future to replace Movie E with one of the potential candidates.[39m
[31m+[39m
[31m+ Note: This market is about the movie's domestic calendar gross in 2025 - dates outside of 2025 will not count toward this movie's gross.[39m
[31m+[39m
[31m+ In the event of an exact tie the film that comes first alphabetically will be considered the winner.[39m
[31m+[39m
[31m+ If there is no final data available by January 7, 2026, 11:59 PM ET, another credible resolution source will be chosen.",[39m
[31m+         "endDate": null,[39m
[31m+         "featured": false,[39m
[31m+         "liquidity": null,[39m
[31m+         "marketSlug": null,[39m
[31m+         "question": "Will Movie E be the top grossing movie of 2025?",[39m
[31m+         "questionId": "0x91eb615013098c0480e1ade0bf538d2c08312b03f76e19da7f5a0d7d61c7a10e",[39m
[31m+         "source": "polymarket",[39m
[31m+         "startDate": null,[39m
[31m+         "status": "closed",[39m
[31m+         "tags": null,[39m
[31m+         "thatOdds": null,[39m
[31m+         "thatOption": "No",[39m
[31m+         "thisOdds": null,[39m
[31m+         "thisOption": "Yes",[39m
[31m+         "updatedAt": 2025-11-27T06:23:26.182Z,[39m
[31m+         "volume": null,[39m
[31m+         "volume24hr": null,[39m
[31m+       },[39m
[31m+       {[39m
[31m+         "author": "0x91430CaD2d3975766499717fA0D66A78D814E5c5",[39m
[31m+         "category": null,[39m
[31m+         "conditionId": "0x4f2bc3b63d7589a91c2390b8bf1c35280fb4a41743add6b590dbeba4c64baf79",[39m
[31m+         "createdAt": 2025-11-27T06:23:26.183Z,[39m
[31m+         "description": "This market will resolve to \"Yes\" if the \"Gross\" column on https://www.boxofficemojo.com/year/2025/?grossesOption=calendarGrosses shows 'Movie K' as the film with the highest 2025 gross once data for December 31 is made available. Otherwise, this market will resolve to \"No\".[39m
[31m+[39m
[31m+ This market may be updated in the future to replace Movie K with another potential candidate.[39m
[31m+[39m
[31m+ Note: This market is about the movie's domestic calendar gross in 2025 - dates outside of 2025 will not count toward this movie's gross.[39m
[31m+[39m
[31m+ In the event of an exact tie the film that comes first alphabetically will be considered the winner.[39m
[31m+[39m
[31m+ If there is no final data available by January 7, 2026, 11:59 PM ET, another credible resolution source will be chosen.",[39m
[31m+         "endDate": null,[39m
[31m+         "featured": false,[39m
[31m+         "liquidity": null,[39m
[31m+         "marketSlug": null,[39m
[31m+         "question": "Will Movie K be the top grossing movie of 2025?",[39m
[31m+         "questionId": "0x91eb615013098c0480e1ade0bf538d2c08312b03f76e19da7f5a0d7d61c7a114",[39m
[31m+         "source": "polymarket",[39m
[31m+         "startDate": null,[39m
[31m+         "status": "closed",[39m
[31m+         "tags": null,[39m
[31m+         "thatOdds": null,[39m
[31m+         "thatOption": "No",[39m
[31m+         "thisOdds": null,[39m
[31m+         "thisOption": "Yes",[39m
[31m+         "updatedAt": 2025-11-27T06:23:26.183Z,[39m
[31m+         "volume": null,[39m
[31m+         "volume24hr": null,[39m
[31m+       },[39m
[31m+       {[39m
[31m+         "author": "0x91430CaD2d3975766499717fA0D66A78D814E5c5",[39m
[31m+         "category": null,[39m
[31m+         "conditionId": "0x32866ca2b7ae0e73847abe8d72a7ea2cde49e8791975e13afb18f6f4de7c2a02",[39m
[31m+         "createdAt": 2025-11-27T06:23:26.185Z,[39m
[31m+         "description": "This market will resolve to \"Yes\" if the \"Gross\" column on https://www.boxofficemojo.com/year/2025/?grossesOption=calendarGrosses shows 'Movie E' as the film with the highest 2025 gross once data for December 31 is made available. Otherwise, this market will resolve to \"No\".[39m
[31m+[39m
[31m+ This market may be updated in the future to replace Movie F with one of the potential candidates.[39m
[31m+[39m
[31m+ Note: This market is about the movie's domestic calendar gross in 2025 - dates outside of 2025 will not count toward this movie's gross.[39m
[31m+[39m
[31m+ In the event of an exact tie the film that comes first alphabetically will be considered the winner.[39m
[31m+[39m
[31m+ If there is no final data available by January 7, 2026, 11:59 PM ET, another credible resolution source will be chosen.",[39m
[31m+         "endDate": null,[39m
[31m+         "featured": false,[39m
[31m+         "liquidity": null,[39m
[31m+         "marketSlug": null,[39m
[31m+         "question": "Will Movie F be the top grossing movie of 2025?",[39m
[31m+         "questionId": "0x91eb615013098c0480e1ade0bf538d2c08312b03f76e19da7f5a0d7d61c7a10f",[39m
[31m+         "source": "polymarket",[39m
[31m+         "startDate": null,[39m
[31m+         "status": "closed",[39m
[31m+         "tags": null,[39m
[31m+         "thatOdds": null,[39m
[31m+         "thatOption": "No",[39m
[31m+         "thisOdds": null,[39m
[31m+         "thisOption": "Yes",[39m
[31m+         "updatedAt": 2025-11-27T06:23:26.185Z,[39m
[31m+         "volume": null,[39m
[31m+         "volume24hr": null,[39m
[31m+       },[39m
[31m+       {[39m
[31m+         "author": "0x91430CaD2d3975766499717fA0D66A78D814E5c5",[39m
[31m+         "category": null,[39m
[31m+         "conditionId": "0x447f349848ca4db2621ddb5be207bcb2f94a815cb19dc0978c3ac4fa0b62673b",[39m
[31m+         "createdAt": 2025-11-27T06:23:26.187Z,[39m
[31m+         "description": "This market will resolve to \"Yes\" if the \"Gross\" column on https://www.boxofficemojo.com/year/2025/?grossesOption=calendarGrosses shows 'Movie H' as the film with the highest 2025 gross once data for December 31 is made available. Otherwise, this market will resolve to \"No\".[39m
[31m+[39m
[31m+ This market may be updated in the future to replace Movie H with one of the potential candidates.[39m
[31m+[39m
[31m+ Note: This market is about the movie's domestic calendar gross in 2025 - dates outside of 2025 will not count toward this movie's gross.[39m
[31m+[39m
[31m+ In the event of an exact tie the film that comes first alphabetically will be considered the winner.[39m
[31m+[39m
[31m+ If there is no final data available by January 7, 2026, 11:59 PM ET, another credible resolution source will be chosen.",[39m
[31m+         "endDate": null,[39m
[31m+         "featured": false,[39m
[31m+         "liquidity": null,[39m
[31m+         "marketSlug": null,[39m
[31m+         "question": "Will Movie H be the top grossing movie of 2025?",[39m
[31m+         "questionId": "0x91eb615013098c0480e1ade0bf538d2c08312b03f76e19da7f5a0d7d61c7a111",[39m
[31m+         "source": "polymarket",[39m
[31m+         "startDate": null,[39m
[31m+         "status": "closed",[39m
[31m+         "tags": null,[39m
[31m+         "thatOdds": null,[39m
[31m+         "thatOption": "No",[39m
[31m+         "thisOdds": null,[39m
[31m+         "thisOption": "Yes",[39m
[31m+         "updatedAt": 2025-11-27T06:23:26.187Z,[39m
[31m+         "volume": null,[39m
[31m+         "volume24hr": null,[39m
[31m+       },[39m
[31m+       {[39m
[31m+         "author": "0x91430CaD2d3975766499717fA0D66A78D814E5c5",[39m
[31m+         "category": null,[39m
[31m+         "conditionId": "0x7d88d387a4f3b93ff958fa65014e29d9911b568a4954f7adf28b7d02a660f612",[39m
[31m+         "createdAt": 2025-11-27T06:23:26.189Z,[39m
[31m+         "description": "This market will resolve to \"Yes\" if the \"Gross\" column on https://www.boxofficemojo.com/year/2025/?grossesOption=calendarGrosses shows a film other than any of the named films as the film with the highest 2025 gross once data for December 31 is made available. Otherwise, this market will resolve to \"No\".[39m
[31m+[39m
[31m+ Note: This market is about the movie's domestic calendar gross in 2025 - dates outside of 2025 will not count toward this movie's gross.[39m
[31m+[39m
[31m+ In the event of an exact tie the film that comes first alphabetically will be considered the winner.[39m
[31m+[39m
[31m+ If there is no final data available by January 7, 2026, 11:59 PM ET, another credible resolution source will be chosen.",[39m
[31m+         "endDate": null,[39m
[31m+         "featured": false,[39m
[31m+         "liquidity": null,[39m
[31m+         "marketSlug": null,[39m
[31m+         "question": "Will another movie be the top grossing movie of 2025?",[39m
[31m+         "questionId": "0x91eb615013098c0480e1ade0bf538d2c08312b03f76e19da7f5a0d7d61c7a115",[39m
[31m+         "source": "polymarket",[39m
[31m+         "startDate": null,[39m
[31m+         "status": "closed",[39m
[31m+         "tags": null,[39m
[31m+         "thatOdds": null,[39m
[31m+         "thatOption": "No",[39m
[31m+         "thisOdds": null,[39m
[31m+         "thisOption": "Yes",[39m
[31m+         "updatedAt": 2025-11-27T06:23:26.189Z,[39m
[31m+         "volume": null,[39m
[31m+         "volume24hr": null,[39m
[31m+       },[39m
[31m+     ],[39m
[31m+     "status": "active",[39m
[31m+     "totalLiquidity": 0,[39m
[31m+     "totalVolume": 0,[39m
[31m+     "updatedAt": 2025-11-27T06:23:26.190Z,[39m
[31m+   },[39m
[31m+   {[39m
[31m+     "_id": "6927db32f2bec3838f4c0164",[39m
[31m+     "category": null,[39m
[31m+     "createdAt": 2025-11-27T06:23:26.156Z,[39m
[31m+     "eventDescription": "This market will resolve to “Yes” immediately if all Coinbase 1 minute candles for USDT-USD for any 24 hour period are below 98 cents, for candles between 01 Jan '25 00:00 and 31 Dec '25 23:59 in the ET timezone. Otherwise, this market will resolve to “No”.[39m
[31m+[39m
[31m+ Below 98 cents means all candles in the period have a final “High” price below 0.98000 (i.e. 0.97999 or lower). A 24h period of USDT below 98 cents that starts on the last day in 2025 will count.[39m
[31m+[39m
[31m+ The resolution source for this market is https://www.coinbase.com/, specifically the USDT-USD “High” prices currently available at https://www.coinbase.com/advanced-trade/spot/USDT-USD with “1m” and “Candles” selected on the top bar. To see the “High” prices, mouse over particular candles and look at the value after “H” at the top of the chart.[39m
[31m+[39m
[31m+ Please note that this market is about the price according to Coinbase USDT-USD. If Coinbase stops having the necessary USDT information to resolve this market, a consensus of credible sources for whether USDT was below 98 cents for 24h+ may be used to resolve this market.",[39m
[31m+     "eventIcon": "https://polymarket-upload.s3.us-east-2.amazonaws.com/usdt-depeg-in-2025-v2iG4wkJvul8.png",[39m
[31m+     "eventId": "16099",[39m
[31m+     "eventImage": "https://polymarket-upload.s3.us-east-2.amazonaws.com/usdt-depeg-in-2025-v2iG4wkJvul8.png",[39m
[31m+     "eventSlug": "usdt-depeg-in-2025",[39m
[31m+     "eventTitle": "USDT depeg in 2025?",[39m
[31m+     "markets": [[39m
[31m+       {[39m
[31m+         "author": "0x91430CaD2d3975766499717fA0D66A78D814E5c5",[39m
[31m+         "category": null,[39m
[31m+         "conditionId": "0x416316490efec1038ce09ec0184f82f1f7921876ee0594a30c783635ea6983d0",[39m
[31m+         "createdAt": 2025-11-27T06:23:26.156Z,[39m
[31m+         "description": "This market will resolve to “Yes” immediately if all Coinbase 1 minute candles for USDT-USD for any 24 hour period are below 98 cents, for candles between 01 Jan '25 00:00 and 31 Dec '25 23:59 in the ET timezone. Otherwise, this market will resolve to “No”.[39m
[31m+[39m
[31m+ Below 98 cents means all candles in the period have a final “High” price below 0.98000 (i.e. 0.97999 or lower). A 24h period of USDT below 98 cents that starts on the last day in 2025 will count.[39m
[31m+[39m
[31m+ The resolution source for this market is https://www.coinbase.com/, specifically the USDT-USD “High” prices currently available at https://www.coinbase.com/advanced-trade/spot/USDT-USD with “1m” and “Candles” selected on the top bar. To see the “High” prices, mouse over particular candles and look at the value after “H” at the top of the chart.[39m
[31m+[39m
[31m+ Please note that this market is about the price according to Coinbase USDT-USD. If Coinbase stops having the necessary USDT information to resolve this market, a consensus of credible sources for whether USDT was below 98 cents for 24h+ may be used to resolve this market.",[39m
[31m+         "endDate": "2025-12-31",[39m
[31m+         "featured": false,[39m
[31m+         "liquidity": null,[39m
[31m+         "marketSlug": null,[39m
[31m+         "question": "USDT depeg in 2025?",[39m
[31m+         "questionId": "0x7c559c0a1d6d93884538979df460a5f617425c47708930284adcbf7ac55c7b0b",[39m
[31m+         "source": "polymarket",[39m
[31m+         "startDate": null,[39m
[31m+         "status": "active",[39m
[31m+         "tags": null,[39m
[31m+         "thatOdds": null,[39m
[31m+         "thatOption": "No",[39m
[31m+         "thisOdds": null,[39m
[31m+         "thisOption": "Yes",[39m
[31m+         "updatedAt": 2025-11-27T06:23:26.156Z,[39m
[31m+         "volume": null,[39m
[31m+         "volume24hr": null,[39m
[31m+       },[39m
[31m+     ],[39m
[31m+     "status": "active",[39m
[31m+     "totalLiquidity": 0,[39m
[31m+     "totalVolume": 0,[39m
[31m+     "updatedAt": 2025-11-27T06:23:26.156Z,[39m
[31m+   },[39m
[31m+   {[39m
[31m+     "_id": "6927db32f2bec3838f4c0163",[39m
[31m+     "category": null,[39m
[31m+     "createdAt": 2025-11-27T06:23:26.155Z,[39m
[31m+     "eventDescription": "This market will resolve to \"Yes\" if official information released by Tether Limited Inc., official representatives of Tether Limited Inc. (e.g. lawyers, spokespeople, etc.), or a consensus of credible reporting announces by December 31, 2025, 11:59 PM ET that Tether Limited Inc. is insolvent or is filing/has filed for any variety of bankruptcy. Otherwise, this market will resolve to \"No\".",[39m
[31m+     "eventIcon": "https://polymarket-upload.s3.us-east-2.amazonaws.com/tether-insolvent-in-2025-ZqCZliJ2xicV.png",[39m
[31m+     "eventId": "16098",[39m
[31m+     "eventImage": "https://polymarket-upload.s3.us-east-2.amazonaws.com/tether-insolvent-in-2025-ZqCZliJ2xicV.png",[39m
[31m+     "eventSlug": "tether-insolvent-in-2025",[39m
[31m+     "eventTitle": "Tether insolvent in 2025?",[39m
[31m+     "markets": [[39m
[31m+       {[39m
[31m+         "author": "0x91430CaD2d3975766499717fA0D66A78D814E5c5",[39m
[31m+         "category": null,[39m
[31m+         "conditionId": "0x1bbdc459d73e6972f5ba1f687d739fde70a9774f4875611699fb00a9eb28f090",[39m
[31m+         "createdAt": 2025-11-27T06:23:26.154Z,[39m
[31m+         "description": "This market will resolve to \"Yes\" if official information released by Tether Limited Inc., official representatives of Tether Limited Inc. (e.g. lawyers, spokespeople, etc.), or a consensus of credible reporting announces by December 31, 2025, 11:59 PM ET that Tether Limited Inc. is insolvent or is filing/has filed for any variety of bankruptcy. Otherwise, this market will resolve to \"No\".",[39m
[31m+         "endDate": "2025-12-31",[39m
[31m+         "featured": false,[39m
[31m+         "liquidity": null,[39m
[31m+         "marketSlug": null,[39m
[31m+         "question": "Tether insolvent in 2025?",[39m
[31m+         "questionId": "0x04557e0ee3f099a2b2103dacb024aa3d3e6d9e24b9fab09ba82d7bc7d8688b30",[39m
[31m+         "source": "polymarket",[39m
[31m+         "startDate": null,[39m
[31m+         "status": "active",[39m
[31m+         "tags": null,[39m
[31m+         "thatOdds": null,[39m
[31m+         "thatOption": "No",[39m
[31m+         "thisOdds": null,[39m
[31m+         "thisOption": "Yes",[39m
[31m+         "updatedAt": 2025-11-27T06:23:26.154Z,[39m
[31m+         "volume": null,[39m
[31m+         "volume24hr": null,[39m
[31m+       },[39m
[31m+     ],[39m
[31m+     "status": "active",[39m
[31m+     "totalLiquidity": 0,[39m
[31m+     "totalVolume": 0,[39m
[31m+     "updatedAt": 2025-11-27T06:23:26.155Z,[39m
[31m+   },[39m
[31m+   {[39m
[31m+     "_id": "6927db32f2bec3838f4c0162",[39m
[31m+     "category": null,[39m
[31m+     "createdAt": 2025-11-27T06:23:26.153Z,[39m
[31m+     "eventDescription": "This is a market group over what prices Ethereum will hit in 2025.",[39m
[31m+     "eventIcon": "https://polymarket-upload.s3.us-east-2.amazonaws.com/ETH+fullsize.jpg",[39m
[31m+     "eventId": "16097",[39m
[31m+     "eventImage": "https://polymarket-upload.s3.us-east-2.amazonaws.com/ETH+fullsize.jpg",[39m
[31m+     "eventSlug": "what-price-will-ethereum-hit-in-2025",[39m
[31m+     "eventTitle": "What price will Ethereum hit in 2025?",[39m
[31m+     "markets": [[39m
[31m+       {[39m
[31m+         "author": "0x91430CaD2d3975766499717fA0D66A78D814E5c5",[39m
[31m+         "category": null,[39m
[31m+         "conditionId": "0xb7f9d3f61910ecf7a5e6e46f487a039e91a92b68585f05ec9b22cb34d3804bbd",[39m
[31m+         "createdAt": 2025-11-27T06:23:26.126Z,[39m
[31m+         "description": "This market will immediately resolve to \"Yes\" if any Binance 1 minute candle for Ethereum (ETHUSDT) between December 30, 2024, 21:00 and December 31, 2025, 23:59 in the ET timezone has a final \"High\" price of $7,000.00 or higher. Otherwise, this market will resolve to \"No.\"[39m
[31m+[39m
[31m+ The resolution source for this market is Binance, specifically the ETHUSDT \"High\" prices available at https://www.binance.com/en/trade/ETH_USDT, with the chart settings on \"1m\" for one-minute candles selected on the top bar.[39m
[31m+[39m
[31m+ Please note that the outcome of this market depends solely on the price data from the Binance ETHUSDT trading pair. Prices from other exchanges, different trading pairs, or spot markets will not be considered for the resolution of this market.",[39m
[31m+         "endDate": "2025-12-31",[39m
[31m+         "featured": false,[39m
[31m+         "liquidity": null,[39m
[31m+         "marketSlug": null,[39m
[31m+         "question": "Will Ethereum hit $7,000 by December 31?",[39m
[31m+         "questionId": "0x15d988df0fde8021e4208fedbe4172affaf613c0c9affc5bd86406537987beb5",[39m
[31m+         "source": "polymarket",[39m
[31m+         "startDate": null,[39m
[31m+         "status": "active",[39m
[31m+         "tags": null,[39m
[31m+         "thatOdds": null,[39m
[31m+         "thatOption": "No",[39m
[31m+         "thisOdds": null,[39m
[31m+         "thisOption": "Yes",[39m
[31m+         "updatedAt": 2025-11-27T06:23:26.126Z,[39m
[31m+         "volume": null,[39m
[31m+         "volume24hr": null,[39m
[31m+       },[39m
[31m+       {[39m
[31m+         "author": "0x91430CaD2d3975766499717fA0D66A78D814E5c5",[39m
[31m+         "category": null,[39m
[31m+         "conditionId": "0x3d0a731ba69f087ccde2a2287ffc5fda1f8228a133711a068c96dbe428f5d30f",[39m
[31m+         "createdAt": 2025-11-27T06:23:26.128Z,[39m
[31m+         "description": "This market will immediately resolve to \"Yes\" if any Binance 1 minute candle for Ethereum (ETHUSDT) between December 30, 2024, 21:00 and December 31, 2025, 23:59 in the ET timezone has a final \"High\" price of $10,000.00 or higher. Otherwise, this market will resolve to \"No.\"[39m
[31m+[39m
[31m+ The resolution source for this market is Binance, specifically the ETHUSDT \"High\" prices available at https://www.binance.com/en/trade/ETH_USDT, with the chart settings on \"1m\" for one-minute candles selected on the top bar.[39m
[31m+[39m
[31m+ Please note that the outcome of this market depends solely on the price data from the Binance ETHUSDT trading pair. Prices from other exchanges, different trading pairs, or spot markets will not be considered for the resolution of this market.",[39m
[31m+         "endDate": "2025-12-31",[39m
[31m+         "featured": false,[39m
[31m+         "liquidity": null,[39m
[31m+         "marketSlug": null,[39m
[31m+         "question": "Will Ethereum hit $10,000 by December 31?",[39m
[31m+         "questionId": "0x9e89a62e47f7e2abfbe87f891e504689bfb78491c63e08b21c55cf4c7796d963",[39m
[31m+         "source": "polymarket",[39m
[31m+         "startDate": null,[39m
[31m+         "status": "active",[39m
[31m+         "tags": null,[39m
[31m+         "thatOdds": null,[39m
[31m+         "thatOption": "No",[39m
[31m+         "thisOdds": null,[39m
[31m+         "thisOption": "Yes",[39m
[31m+         "updatedAt": 2025-11-27T06:23:26.128Z,[39m
[31m+         "volume": null,[39m
[31m+         "volume24hr": null,[39m
[31m+       },[39m
[31m+       {[39m
[31m+         "author": "0x91430CaD2d3975766499717fA0D66A78D814E5c5",[39m
[31m+         "category": null,[39m
[31m+         "conditionId": "0xc969cb252af1842b5de6a3edd0557835e7a6a7e737cae320b6bae6faccf35715",[39m
[31m+         "createdAt": 2025-11-27T06:23:26.129Z,[39m
[31m+         "description": "This market will immediately resolve to \"Yes\" if any Binance 1 minute candle for Ethereum (ETHUSDT) between December 30, 2024, 21:00 and December 31, 2025, 23:59 in the ET timezone has a final \"High\" price of $8,000.00 or higher. Otherwise, this market will resolve to \"No.\"[39m
[31m+[39m
[31m+ The resolution source for this market is Binance, specifically the ETHUSDT \"High\" prices available at https://www.binance.com/en/trade/ETH_USDT, with the chart settings on \"1m\" for one-minute candles selected on the top bar.[39m
[31m+[39m
[31m+ Please note that the outcome of this market depends solely on the price data from the Binance ETHUSDT trading pair. Prices from other exchanges, different trading pairs, or spot markets will not be considered for the resolution of this market.",[39m
[31m+         "endDate": "2025-12-31",[39m
[31m+         "featured": false,[39m
[31m+         "liquidity": null,[39m
[31m+         "marketSlug": null,[39m
[31m+         "question": "Will Ethereum hit $8,000 by December 31?",[39m
[31m+         "questionId": "0x2625d2116cae4cad4967bd2d98acb586556e79ececb0324d0008d7f164db3ed3",[39m
[31m+         "source": "polymarket",[39m
[31m+         "startDate": null,[39m
[31m+         "status": "active",[39m
[31m+         "tags": null,[39m
[31m+         "thatOdds": null,[39m
[31m+         "thatOption": "No",[39m
[31m+         "thisOdds": null,[39m
[31m+         "thisOption": "Yes",[39m
[31m+         "updatedAt": 2025-11-27T06:23:26.129Z,[39m
[31m+         "volume": null,[39m
[31m+         "volume24hr": null,[39m
[31m+       },[39m
[31m+       {[39m
[31m+         "author": "0x91430CaD2d3975766499717fA0D66A78D814E5c5",[39m
[31m+         "category": null,[39m
[31m+         "conditionId": "0x9c08beafa73308625ad24e270e44d9edd634585f2424eea8df262a05a2337613",[39m
[31m+         "createdAt": 2025-11-27T06:23:26.130Z,[39m
[31m+         "description": "This market will immediately resolve to \"Yes\" if any Binance 1 minute candle for Ethereum (ETHUSDT) between December 30, 2024, 21:00 and December 31, 2025, 23:59 in the ET timezone has a final \"High\" price of $6,000.00 or higher. Otherwise, this market will resolve to \"No.\"[39m
[31m+[39m
[31m+ The resolution source for this market is Binance, specifically the ETHUSDT \"High\" prices available at https://www.binance.com/en/trade/ETH_USDT, with the chart settings on \"1m\" for one-minute candles selected on the top bar.[39m
[31m+[39m
[31m+ Please note that the outcome of this market depends solely on the price data from the Binance ETHUSDT trading pair. Prices from other exchanges, different trading pairs, or spot markets will not be considered for the resolution of this market.",[39m
[31m+         "endDate": "2025-12-31",[39m
[31m+         "featured": false,[39m
[31m+         "liquidity": null,[39m
[31m+         "marketSlug": null,[39m
[31m+         "question": "Will Ethereum hit $6,000 by December 31?",[39m
[31m+         "questionId": "0xd130886239b4a7afe0f627b89cc47190391d6012b0bbd3ffd9710617034a18e4",[39m
[31m+         "source": "polymarket",[39m
[31m+         "startDate": null,[39m
[31m+         "status": "active",[39m
[31m+         "tags": null,[39m
[31m+         "thatOdds": null,[39m
[31m+         "thatOption": "No",[39m
[31m+         "thisOdds": null,[39m
[31m+         "thisOption": "Yes",[39m
[31m+         "updatedAt": 2025-11-27T06:23:26.130Z,[39m
[31m+         "volume": null,[39m
[31m+         "volume24hr": null,[39m
[31m+       },[39m
[31m+       {[39m
[31m+         "author": "0x91430CaD2d3975766499717fA0D66A78D814E5c5",[39m
[31m+         "category": null,[39m
[31m+         "conditionId": "0xeeb92ddd77d671d1f9ea1f5727208d1fa91896a6d1f657fdcd7c9d578fe5c46c",[39m
[31m+         "createdAt": 2025-11-27T06:23:26.131Z,[39m
[31m+         "description": "This market will immediately resolve to \"Yes\" if any Binance 1 minute candle for Ethereum (ETHUSDT) between December 30, 2024, 21:00 and December 31, 2025, 23:59 in the ET timezone has a final \"High\" price of $5,000.00 or higher. Otherwise, this market will resolve to \"No.\"[39m
[31m+[39m
[31m+ The resolution source for this market is Binance, specifically the ETHUSDT \"High\" prices available at https://www.binance.com/en/trade/ETH_USDT, with the chart settings on \"1m\" for one-minute candles selected on the top bar.[39m
[31m+[39m
[31m+ Please note that the outcome of this market depends solely on the price data from the Binance ETHUSDT trading pair. Prices from other exchanges, different trading pairs, or spot markets will not be considered for the resolution of this market.",[39m
[31m+         "endDate": "2025-12-31",[39m
[31m+         "featured": false,[39m
[31m+         "liquidity": null,[39m
[31m+         "marketSlug": null,[39m
[31m+         "question": "Will Ethereum hit $5,000 by December 31?",[39m
[31m+         "questionId": "0x0907eeaa84bfc53d604c736e76de1a2b4037af63a5407e949590d18f40c5e388",[39m
[31m+         "source": "polymarket",[39m
[31m+         "startDate": null,[39m
[31m+         "status": "active",[39m
[31m+         "tags": null,[39m
[31m+         "thatOdds": null,[39m
[31m+         "thatOption": "No",[39m
[31m+         "thisOdds": null,[39m
[31m+         "thisOption": "Yes",[39m
[31m+         "updatedAt": 2025-11-27T06:23:26.131Z,[39m
[31m+         "volume": null,[39m
[31m+         "volume24hr": null,[39m
[31m+       },[39m
[31m+       {[39m
[31m+         "author": "0x91430CaD2d3975766499717fA0D66A78D814E5c5",[39m
[31m+         "category": null,[39m
[31m+         "conditionId": "0x8d56032a70551b17890cf2b31d3ecbfae25e40a6ca48d60165bd0869b67ca74d",[39m
[31m+         "createdAt": 2025-11-27T06:23:26.133Z,[39m
[31m+         "description": "This market will immediately resolve to \"Yes\" if any Binance 1 minute candle for Ethereum (ETHUSDT) between December 30, 2024, 21:00 and December 31, 2025, 23:59 in the ET timezone has a final \"High\" price of $4,000.00 or higher. Otherwise, this market will resolve to \"No.\"[39m
[31m+[39m
[31m+ The resolution source for this market is Binance, specifically the ETHUSDT \"High\" prices available at https://www.binance.com/en/trade/ETH_USDT, with the chart settings on \"1m\" for one-minute candles selected on the top bar.[39m
[31m+[39m
[31m+ Please note that the outcome of this market depends solely on the price data from the Binance ETHUSDT trading pair. Prices from other exchanges, different trading pairs, or spot markets will not be considered for the resolution of this market.",[39m
[31m+         "endDate": "2025-12-31",[39m
[31m+         "featured": false,[39m
[31m+         "liquidity": null,[39m
[31m+         "marketSlug": null,[39m
[31m+         "question": "Will Ethereum hit $4,000 by December 31?",[39m
[31m+         "questionId": "0x18f7612d214bce6dc0c52bb74f4dda93914b46e0a521c55ca5f2dce70c3530ce",[39m
[31m+         "source": "polymarket",[39m
[31m+         "startDate": null,[39m
[31m+         "status": "closed",[39m
[31m+         "tags": null,[39m
[31m+         "thatOdds": null,[39m
[31m+         "thatOption": "No",[39m
[31m+         "thisOdds": null,[39m
[31m+         "thisOption": "Yes",[39m
[31m+         "updatedAt": 2025-11-27T06:23:26.133Z,[39m
[31m+         "volume": null,[39m
[31m+         "volume24hr": null,[39m
[31m+       },[39m
[31m+       {[39m
[31m+         "author": "0x91430CaD2d3975766499717fA0D66A78D814E5c5",[39m
[31m+         "category": null,[39m
[31m+         "conditionId": "0xc8fa240c93cf58a165b94d9a6fa04ac04ff06008861e23f500d59cb59ee466bd",[39m
[31m+         "createdAt": 2025-11-27T06:23:26.134Z,[39m
[31m+         "description": "This market will immediately resolve to \"Yes\" if any Binance 1 minute candle for Ethereum (ETHUSDT) between December 30, 2024, 21:00 and December 31, 2025, 23:59 in the ET timezone has a final \"Low\" price of $3,000.00 or lower. Otherwise, this market will resolve to \"No.\"[39m
[31m+[39m
[31m+ The resolution source for this market is Binance, specifically the ETHUSDT \"Low\" prices available at https://www.binance.com/en/trade/ETH_USDT, with the chart settings on \"1m\" for one-minute candles selected on the top bar.[39m
[31m+[39m
[31m+ Please note that the outcome of this market depends solely on the price data from the Binance ETHUSDT trading pair. Prices from other exchanges, different trading pairs, or spot markets will not be considered for the resolution of this market.",[39m
[31m+         "endDate": "2025-12-31",[39m
[31m+         "featured": false,[39m
[31m+         "liquidity": null,[39m
[31m+         "marketSlug": null,[39m
[31m+         "question": "Will Ethereum dip to $3,000 by December 31?",[39m
[31m+         "questionId": "0x8210f206f65390423c479c4d868c6679fd8a805b56ffe6448d131d9a2fada229",[39m
[31m+         "source": "polymarket",[39m
[31m+         "startDate": null,[39m
[31m+         "status": "closed",[39m
[31m+         "tags": null,[39m
[31m+         "thatOdds": null,[39m
[31m+         "thatOption": "No",[39m
[31m+         "thisOdds": null,[39m
[31m+         "thisOption": "Yes",[39m
[31m+         "updatedAt": 2025-11-27T06:23:26.134Z,[39m
[31m+         "volume": null,[39m
[31m+         "volume24hr": null,[39m
[31m+       },[39m
[31m+       {[39m
[31m+         "author": "0x91430CaD2d3975766499717fA0D66A78D814E5c5",[39m
[31m+         "category": null,[39m
[31m+         "conditionId": "0x36e84c2a3ba876c119249ec65db871734fc99a4235bb54797b642d0a42029a99",[39m
[31m+         "createdAt": 2025-11-27T06:23:26.136Z,[39m
[31m+         "description": "This market will immediately resolve to \"Yes\" if any Binance 1 minute candle for Ethereum (ETHUSDT) between December 30, 2024, 21:00 and December 31, 2025, 23:59 in the ET timezone has a final \"Low\" price of $2,500.00 or lower. Otherwise, this market will resolve to \"No.\"[39m
[31m+[39m
[31m+ The resolution source for this market is Binance, specifically the ETHUSDT \"Low\" prices available at https://www.binance.com/en/trade/ETH_USDT, with the chart settings on \"1m\" for one-minute candles selected on the top bar.[39m
[31m+[39m
[31m+ Please note that the outcome of this market depends solely on the price data from the Binance ETHUSDT trading pair. Prices from other exchanges, different trading pairs, or spot markets will not be considered for the resolution of this market.",[39m
[31m+         "endDate": "2025-12-31",[39m
[31m+         "featured": false,[39m
[31m+         "liquidity": null,[39m
[31m+         "marketSlug": null,[39m
[31m+         "question": "Will Ethereum dip to $2,500 by December 31?",[39m
[31m+         "questionId": "0x2925eb5766ed554217627d2af8537da133013b8f1ffb54e0254c88adcce5a7d4",[39m
[31m+         "source": "polymarket",[39m
[31m+         "startDate": null,[39m
[31m+         "status": "closed",[39m
[31m+         "tags": null,[39m
[31m+         "thatOdds": null,[39m
[31m+         "thatOption": "No",[39m
[31m+         "thisOdds": null,[39m
[31m+         "thisOption": "Yes",[39m
[31m+         "updatedAt": 2025-11-27T06:23:26.136Z,[39m
[31m+         "volume": null,[39m
[31m+         "volume24hr": null,[39m
[31m+       },[39m
[31m+       {[39m
[31m+         "author": "0x91430CaD2d3975766499717fA0D66A78D814E5c5",[39m
[31m+         "category": null,[39m
[31m+         "conditionId": "0x4b1aa5ae9427bf4502cc082bced08eb23fef0776649b0e13cc3db6d5e578b725",[39m
[31m+         "createdAt": 2025-11-27T06:23:26.137Z,[39m
[31m+         "description": "This market will immediately resolve to \"Yes\" if any Binance 1 minute candle for Ethereum (ETHUSDT) between December 30, 2024, 21:00 and December 31, 2025, 23:59 in the ET timezone has a final \"Low\" price of $2,000.00 or lower. Otherwise, this market will resolve to \"No.\"[39m
[31m+[39m
[31m+ The resolution source for this market is Binance, specifically the ETHUSDT \"Low\" prices available at https://www.binance.com/en/trade/ETH_USDT, with the chart settings on \"1m\" for one-minute candles selected on the top bar.[39m
[31m+[39m
[31m+ Please note that the outcome of this market depends solely on the price data from the Binance ETHUSDT trading pair. Prices from other exchanges, different trading pairs, or spot markets will not be considered for the resolution of this market.",[39m
[31m+         "endDate": "2025-12-31",[39m
[31m+         "featured": false,[39m
[31m+         "liquidity": null,[39m
[31m+         "marketSlug": null,[39m
[31m+         "question": "Will Ethereum dip to $2,000 by December 31?",[39m
[31m+         "questionId": "0xdba8507038f7262b38c37e12a50e367503e3496bbe343d99826df7639ff9da98",[39m
[31m+         "source": "polymarket",[39m
[31m+         "startDate": null,[39m
[31m+         "status": "closed",[39m
[31m+         "tags": null,[39m
[31m+         "thatOdds": null,[39m
[31m+         "thatOption": "No",[39m
[31m+         "thisOdds": null,[39m
[31m+         "thisOption": "Yes",[39m
[31m+         "updatedAt": 2025-11-27T06:23:26.137Z,[39m
[31m+         "volume": null,[39m
[31m+         "volume24hr": null,[39m
[31m+       },[39m
[31m+       {[39m
[31m+         "author": "0x91430CaD2d3975766499717fA0D66A78D814E5c5",[39m
[31m+         "category": null,[39m
[31m+         "conditionId": "0xad9107c82737d1be8f5a5119a5cd582423f126e8884c78c53ac687699c4bc668",[39m
[31m+         "createdAt": 2025-11-27T06:23:26.139Z,[39m
[31m+         "description": "This market will immediately resolve to \"Yes\" if any Binance 1 minute candle for Ethereum (ETHUSDT) between December 30, 2024, 21:00 and December 31, 2025, 23:59 in the ET timezone has a final \"Low\" price of $1,500.00 or lower. Otherwise, this market will resolve to \"No.\"[39m
[31m+[39m
[31m+ The resolution source for this market is Binance, specifically the ETHUSDT \"Low\" prices available at https://www.binance.com/en/trade/ETH_USDT, with the chart settings on \"1m\" for one-minute candles selected on the top bar.[39m
[31m+[39m
[31m+ Please note that the outcome of this market depends solely on the price data from the Binance ETHUSDT trading pair. Prices from other exchanges, different trading pairs, or spot markets will not be considered for the resolution of this market.",[39m
[31m+         "endDate": "2025-12-31",[39m
[31m+         "featured": false,[39m
[31m+         "liquidity": null,[39m
[31m+         "marketSlug": null,[39m
[31m+         "question": "Will Ethereum dip to $1,500 by December 31?",[39m
[31m+         "questionId": "0x024e024afcbaf99e7d295f5017eea2398c6bc718e56063abfea70cdc5ed43934",[39m
[31m+         "source": "polymarket",[39m
[31m+         "startDate": null,[39m
[31m+         "status": "closed",[39m
[31m+         "tags": null,[39m
[31m+         "thatOdds": null,[39m
[31m+         "thatOption": "No",[39m
[31m+         "thisOdds": null,[39m
[31m+         "thisOption": "Yes",[39m
[31m+         "updatedAt": 2025-11-27T06:23:26.139Z,[39m
[31m+         "volume": null,[39m
[31m+         "volume24hr": null,[39m
[31m+       },[39m
[31m+       {[39m
[31m+         "author": "0x91430CaD2d3975766499717fA0D66A78D814E5c5",[39m
[31m+         "category": null,[39m
[31m+         "conditionId": "0x15e731302e61491cc8aafbcfb77febb1fdd58ea1525737a01f5e763d29e4588e",[39m
[31m+         "createdAt": 2025-11-27T06:23:26.141Z,[39m
[31m+         "description": "This market will immediately resolve to \"Yes\" if any Binance 1 minute candle for Ethereum (ETHUSDT) between December 30, 2024, 21:00 and December 31, 2025, 23:59 in the ET timezone has a final \"Low\" price of $1,000.00 or lower. Otherwise, this market will resolve to \"No.\"[39m
[31m+[39m
[31m+ The resolution source for this market is Binance, specifically the ETHUSDT \"Low\" prices available at https://www.binance.com/en/trade/ETH_USDT, with the chart settings on \"1m\" for one-minute candles selected on the top bar.[39m
[31m+[39m
[31m+ Please note that the outcome of this market depends solely on the price data from the Binance ETHUSDT trading pair. Prices from other exchanges, different trading pairs, or spot markets will not be considered for the resolution of this market.",[39m
[31m+         "endDate": "2025-12-31",[39m
[31m+         "featured": false,[39m
[31m+         "liquidity": null,[39m
[31m+         "marketSlug": null,[39m
[31m+         "question": "Will Ethereum dip to $1,000 by December 31?",[39m
[31m+         "questionId": "0x72aa60b79b619ca24b58aedfe430060b048e14bb2331474394618e9a208f8fa2",[39m
[31m+         "source": "polymarket",[39m
[31m+         "startDate": null,[39m
[31m+         "status": "active",[39m
[31m+         "tags": null,[39m
[31m+         "thatOdds": null,[39m
[31m+         "thatOption": "No",[39m
[31m+         "thisOdds": null,[39m
[31m+         "thisOption": "Yes",[39m
[31m+         "updatedAt": 2025-11-27T06:23:26.141Z,[39m
[31m+         "volume": null,[39m
[31m+         "volume24hr": null,[39m
[31m+       },[39m
[31m+       {[39m
[31m+         "author": "0x91430CaD2d3975766499717fA0D66A78D814E5c5",[39m
[31m+         "category": null,[39m
[31m+         "conditionId": "0x2688412dbb15d62fdf0257598665870343847a902add909a7e95a373870598b6",[39m
[31m+         "createdAt": 2025-11-27T06:23:26.141Z,[39m
[31m+         "description": "This market will immediately resolve to \"Yes\" if any Binance 1 minute candle for Ethereum (ETHUSDT) between December 30, 2024, 21:00 and December 31, 2025, 23:59 in the ET timezone has a final \"Low\" price of $1,300.00 or lower. Otherwise, this market will resolve to \"No.\"[39m
[31m+[39m
[31m+ The resolution source for this market is Binance, specifically the ETHUSDT \"Low\" prices available at https://www.binance.com/en/trade/ETH_USDT, with the chart settings on \"1m\" for one-minute candles selected on the top bar.[39m
[31m+[39m
[31m+ Please note that the outcome of this market depends solely on the price data from the Binance ETHUSDT trading pair. Prices from other exchanges, different trading pairs, or spot markets will not be considered for the resolution of this market.",[39m
[31m+         "endDate": "2025-12-31",[39m
[31m+         "featured": false,[39m
[31m+         "liquidity": null,[39m
[31m+         "marketSlug": null,[39m
[31m+         "question": "Will Ethereum dip to $1,300 by December 31?",[39m
[31m+         "questionId": "0x738273201875087b72892069004549a0b424c019909c1ac2d493c1094a5363eb",[39m
[31m+         "source": "polymarket",[39m
[31m+         "startDate": null,[39m
[31m+         "status": "active",[39m
[31m+         "tags": null,[39m
[31m+         "thatOdds": null,[39m
[31m+         "thatOption": "No",[39m
[31m+         "thisOdds": null,[39m
[31m+         "thisOption": "Yes",[39m
[31m+         "updatedAt": 2025-11-27T06:23:26.141Z,[39m
[31m+         "volume": null,[39m
[31m+         "volume24hr": null,[39m
[31m+       },[39m
[31m+       {[39m
[31m+         "author": "0x91430CaD2d3975766499717fA0D66A78D814E5c5",[39m
[31m+         "category": null,[39m
[31m+         "conditionId": "0x687404dfc54ed1ec45bff35ce275f4948951162137f872b3271dccea1bec6a67",[39m
[31m+         "createdAt": 2025-11-27T06:23:26.142Z,[39m
[31m+         "description": "This market will immediately resolve to \"Yes\" if any Binance 1 minute candle for Ethereum (ETHUSDT) between December 30, 2024, 21:00 and December 31, 2025, 23:59 in the ET timezone has a final \"High\" price of $4,400.00 or higher. Otherwise, this market will resolve to \"No.\"[39m
[31m+[39m
[31m+ The resolution source for this market is Binance, specifically the ETHUSDT \"High\" prices available at https://www.binance.com/en/trade/ETH_USDT, with the chart settings on \"1m\" for one-minute candles selected on the top bar.[39m
[31m+[39m
[31m+ Please note that the outcome of this market depends solely on the price data from the Binance ETHUSDT trading pair. Prices from other exchanges, different trading pairs, or spot markets will not be considered for the resolution of this market.",[39m
[31m+         "endDate": "2025-12-31",[39m
[31m+         "featured": false,[39m
[31m+         "liquidity": null,[39m
[31m+         "marketSlug": null,[39m
[31m+         "question": "Will Ethereum hit $4,400 by December 31?",[39m
[31m+         "questionId": "0x1a6af705731e49698365ddc96d048e5d07f5a44ce9a6ec8047bc0a9ff97a8c30",[39m
[31m+         "source": "polymarket",[39m
[31m+         "startDate": null,[39m
[31m+         "status": "closed",[39m
[31m+         "tags": null,[39m
[31m+         "thatOdds": null,[39m
[31m+         "thatOption": "No",[39m
[31m+         "thisOdds": null,[39m
[31m+         "thisOption": "Yes",[39m
[31m+         "updatedAt": 2025-11-27T06:23:26.142Z,[39m
[31m+         "volume": null,[39m
[31m+         "volume24hr": null,[39m
[31m+       },[39m
[31m+       {[39m
[31m+         "author": "0x91430CaD2d3975766499717fA0D66A78D814E5c5",[39m
[31m+         "category": null,[39m
[31m+         "conditionId": "0x93621441f16eda493eace04900e1323e50e0b0a93c83d8f71d9d5ac9e4e77b44",[39m
[31m+         "createdAt": 2025-11-27T06:23:26.144Z,[39m
[31m+         "description": "This market will immediately resolve to \"Yes\" if any Binance 1 minute candle for Ethereum (ETHUSDT) between December 30, 2024, 21:00 and December 31, 2025, 23:59 in the ET timezone has a final \"High\" price of $14,000.00 or higher. Otherwise, this market will resolve to \"No.\"[39m
[31m+[39m
[31m+ The resolution source for this market is Binance, specifically the ETHUSDT \"High\" prices available at https://www.binance.com/en/trade/ETH_USDT, with the chart settings on \"1m\" for one-minute candles selected on the top bar.[39m
[31m+[39m
[31m+ Please note that the outcome of this market depends solely on the price data from the Binance ETHUSDT trading pair. Prices from other exchanges, different trading pairs, or spot markets will not be considered for the resolution of this market.",[39m
[31m+         "endDate": null,[39m
[31m+         "featured": false,[39m
[31m+         "liquidity": null,[39m
[31m+         "marketSlug": null,[39m
[31m+         "question": "Will Ethereum hit $14,000 by December 31?",[39m
[31m+         "questionId": "0x20f4b44dd40e149ff09c266fc9416eb22b7e314982647ada09f7416cdecabb5a",[39m
[31m+         "source": "polymarket",[39m
[31m+         "startDate": null,[39m
[31m+         "status": "active",[39m
[31m+         "tags": null,[39m
[31m+         "thatOdds": null,[39m
[31m+         "thatOption": "No",[39m
[31m+         "thisOdds": null,[39m
[31m+         "thisOption": "Yes",[39m
[31m+         "updatedAt": 2025-11-27T06:23:26.144Z,[39m
[31m+         "volume": null,[39m
[31m+         "volume24hr": null,[39m
[31m+       },[39m
[31m+       {[39m
[31m+         "author": "0x91430CaD2d3975766499717fA0D66A78D814E5c5",[39m
[31m+         "category": null,[39m
[31m+         "conditionId": "0x5d8215ee4f2277a84a4f9fc06768f725093d602e4993d2a7714c123691811bd9",[39m
[31m+         "createdAt": 2025-11-27T06:23:26.146Z,[39m
[31m+         "description": "This market will immediately resolve to \"Yes\" if any Binance 1 minute candle for Ethereum (ETHUSDT) between December 30, 2024, 21:00 and December 31, 2025, 23:59 in the ET timezone has a final \"Low\" price of $800.00 or lower. Otherwise, this market will resolve to \"No.\"[39m
[31m+[39m
[31m+ The resolution source for this market is Binance, specifically the ETHUSDT \"Low\" prices available at https://www.binance.com/en/trade/ETH_USDT, with the chart settings on \"1m\" for one-minute candles selected on the top bar.[39m
[31m+[39m
[31m+ Please note that the outcome of this market depends solely on the price data from the Binance ETHUSDT trading pair. Prices from other exchanges, different trading pairs, or spot markets will not be considered for the resolution of this market.",[39m
[31m+         "endDate": "2025-12-31",[39m
[31m+         "featured": false,[39m
[31m+         "liquidity": null,[39m
[31m+         "marketSlug": null,[39m
[31m+         "question": "Will Ethereum dip to $800 by December 31?",[39m
[31m+         "questionId": "0xb71cea9561b7443405421df02908121f33ac76a07e84c50fc317aebea1f8c794",[39m
[31m+         "source": "polymarket",[39m
[31m+         "startDate": null,[39m
[31m+         "status": "active",[39m
[31m+         "tags": null,[39m
[31m+         "thatOdds": null,[39m
[31m+         "thatOption": "No",[39m
[31m+         "thisOdds": null,[39m
[31m+         "thisOption": "Yes",[39m
[31m+         "updatedAt": 2025-11-27T06:23:26.146Z,[39m
[31m+         "volume": null,[39m
[31m+         "volume24hr": null,[39m
[31m+       },[39m
[31m+       {[39m
[31m+         "author": "0x91430CaD2d3975766499717fA0D66A78D814E5c5",[39m
[31m+         "category": null,[39m
[31m+         "conditionId": "0xfe8911cbf25e9e359396faf1c0fcd31a9f2a3c3bb35d299e83f1cd200063cf34",[39m
[31m+         "createdAt": 2025-11-27T06:23:26.148Z,[39m
[31m+         "description": "This market will immediately resolve to \"Yes\" if any Binance 1 minute candle for Ethereum (ETHUSDT) between December 30, 2024, 21:00 and December 31, 2025, 23:59 in the ET timezone has a final \"High\" price of $17,000.00 or higher. Otherwise, this market will resolve to \"No.\"[39m
[31m+[39m
[31m+ The resolution source for this market is Binance, specifically the ETHUSDT \"High\" prices available at https://www.binance.com/en/trade/ETH_USDT, with the chart settings on \"1m\" for one-minute candles selected on the top bar.[39m
[31m+[39m
[31m+ Please note that the outcome of this market depends solely on the price data from the Binance ETHUSDT trading pair. Prices from other exchanges, different trading pairs, or spot markets will not be considered for the resolution of this market.",[39m
[31m+         "endDate": "2026-01-01",[39m
[31m+         "featured": false,[39m
[31m+         "liquidity": null,[39m
[31m+         "marketSlug": null,[39m
[31m+         "question": "Will Ethereum hit $17,000 by December 31?",[39m
[31m+         "questionId": "0xf41c9018ab455345e2adeabd5f5cc1e1c2c73f153055fbfb83fc138dfe372340",[39m
[31m+         "source": "polymarket",[39m
[31m+         "startDate": null,[39m
[31m+         "status": "active",[39m
[31m+         "tags": null,[39m
[31m+         "thatOdds": null,[39m
[31m+         "thatOption": "No",[39m
[31m+         "thisOdds": null,[39m
[31m+         "thisOption": "Yes",[39m
[31m+         "updatedAt": 2025-11-27T06:23:26.148Z,[39m
[31m+         "volume": null,[39m
[31m+         "volume24hr": null,[39m
[31m+       },[39m
[31m+       {[39m
[31m+         "author": "0x91430CaD2d3975766499717fA0D66A78D814E5c5",[39m
[31m+         "category": null,[39m
[31m+         "conditionId": "0x67460a6ebe7d71caf6f799de99a061d032dde7db26dde7a3d5b8bd4f8b996938",[39m
[31m+         "createdAt": 2025-11-27T06:23:26.150Z,[39m
[31m+         "description": "This market will immediately resolve to \"Yes\" if any Binance 1 minute candle for Ethereum (ETHUSDT) between October 2, 2025, 11:00 and December 31, 2025, 23:59 in the ET timezone has a final \"Low\" price of $4,000.00 or lower. Otherwise, this market will resolve to \"No.\"[39m
[31m+[39m
[31m+ The resolution source for this market is Binance, specifically the ETHUSDT \"Low\" prices available at https://www.binance.com/en/trade/ETH_USDT, with the chart settings on \"1m\" for one-minute candles selected on the top bar.[39m
[31m+[39m
[31m+ Please note that the outcome of this market depends solely on the price data from the Binance ETHUSDT trading pair. Prices from other exchanges, different trading pairs, or spot markets will not be considered for the resolution of this market.",[39m
[31m+         "endDate": "2026-01-01",[39m
[31m+         "featured": false,[39m
[31m+         "liquidity": null,[39m
[31m+         "marketSlug": null,[39m
[31m+         "question": "Will Ethereum dip to $4,000 by December 31?",[39m
[31m+         "questionId": "0xcb598f45a0938202df604b851c3c21a2df48e2f8af6ce029732777d123c497ef",[39m
[31m+         "source": "polymarket",[39m
[31m+         "startDate": null,[39m
[31m+         "status": "closed",[39m
[31m+         "tags": null,[39m
[31m+         "thatOdds": null,[39m
[31m+         "thatOption": "No",[39m
[31m+         "thisOdds": null,[39m
[31m+         "thisOption": "Yes",[39m
[31m+         "updatedAt": 2025-11-27T06:23:26.150Z,[39m
[31m+         "volume": null,[39m
[31m+         "volume24hr": null,[39m
[31m+       },[39m
[31m+       {[39m
[31m+         "author": "0x91430CaD2d3975766499717fA0D66A78D814E5c5",[39m
[31m+         "category": null,[39m
[31m+         "conditionId": "0xff7c9119d5e07b73140a6145b2032e7ecf6f0ca59d7ade84834a145a09e1d71f",[39m
[31m+         "createdAt": 2025-11-27T06:23:26.151Z,[39m
[31m+         "description": "This market will immediately resolve to \"Yes\" if any Binance 1 minute candle for Ethereum (ETHUSDT) between October 2, 2025, 11:00 and December 31, 2025, 23:59 in the ET timezone has a final \"Low\" price of $3,000.00 or lower. Otherwise, this market will resolve to \"No.\"[39m
[31m+[39m
[31m+ The resolution source for this market is Binance, specifically the ETHUSDT \"Low\" prices available at https://www.binance.com/en/trade/ETH_USDT, with the chart settings on \"1m\" for one-minute candles selected on the top bar.[39m
[31m+[39m
[31m+ Please note that the outcome of this market depends solely on the price data from the Binance ETHUSDT trading pair. Prices from other exchanges, different trading pairs, or spot markets will not be considered for the resolution of this market.",[39m
[31m+         "endDate": "2026-01-01",[39m
[31m+         "featured": false,[39m
[31m+         "liquidity": null,[39m
[31m+         "marketSlug": null,[39m
[31m+         "question": "Will Ethereum dip to $3,000 by December 31?",[39m
[31m+         "questionId": "0xedd2ac417173cbc4274bc60cf4e859ae11a69c669762f1012e725e9f38392c30",[39m
[31m+         "source": "polymarket",[39m
[31m+         "startDate": null,[39m
[31m+         "status": "closed",[39m
[31m+         "tags": null,[39m
[31m+         "thatOdds": null,[39m
[31m+         "thatOption": "No",[39m
[31m+         "thisOdds": null,[39m
[31m+         "thisOption": "Yes",[39m
[31m+         "updatedAt": 2025-11-27T06:23:26.151Z,[39m
[31m+         "volume": null,[39m
[31m+         "volume24hr": null,[39m
[31m+       },[39m
[31m+     ],[39m
[31m+     "status": "active",[39m
[31m+     "totalLiquidity": 0,[39m
[31m+     "totalVolume": 0,[39m
[31m+     "updatedAt": 2025-11-27T06:23:26.153Z,[39m
[31m+   },[39m
[31m+   {[39m
[31m+     "_id": "6927db32f2bec3838f4c0155",[39m
[31m+     "category": null,[39m
[31m+     "createdAt": 2025-11-27T06:23:26.125Z,[39m
[31m+     "eventDescription": "This is a market group over whit prices Bitcoin will hit in 2025.",[39m
[31m+     "eventIcon": "https://polymarket-upload.s3.us-east-2.amazonaws.com/BTC+fullsize.png",[39m
[31m+     "eventId": "16096",[39m
[31m+     "eventImage": "https://polymarket-upload.s3.us-east-2.amazonaws.com/BTC+fullsize.png",[39m
[31m+     "eventSlug": "what-price-will-bitcoin-hit-in-2025",[39m
[31m+     "eventTitle": "What price will Bitcoin hit in 2025?",[39m
[31m+     "markets": [[39m
[31m+       {[39m
[31m+         "author": "0x91430CaD2d3975766499717fA0D66A78D814E5c5",[39m
[31m+         "category": null,[39m
[31m+         "conditionId": "0xd8b9ff369452daebce1ac8cb6a29d6817903e85168356c72812317f38e317613",[39m
[31m+         "createdAt": 2025-11-27T06:23:26.103Z,[39m
[31m+         "description": "This market will immediately resolve to \"Yes\" if any Binance 1 minute candle for Bitcoin (BTCUSDT) between December 30, 2024, 20:00 and December 31, 2025, 23:59 in the ET timezone has a final \"High\" price of $1,000,000 or higher. Otherwise, this market will resolve to \"No.\"[39m
[31m+[39m
[31m+ The resolution source for this market is Binance, specifically the BTCUSDT \"High\" prices available at https://www.binance.com/en/trade/BTC_USDT, with the chart settings on \"1m\" for one-minute candles selected on the top bar.[39m
[31m+[39m
[31m+ Please note that the outcome of this market depends solely on the price data from the Binance BTCUSDT trading pair. Prices from other exchanges, different trading pairs, or spot markets will not be considered for the resolution of this market.",[39m
[31m+         "endDate": "2025-12-31",[39m
[31m+         "featured": false,[39m
[31m+         "liquidity": null,[39m
[31m+         "marketSlug": null,[39m
[31m+         "question": "Will Bitcoin reach $1,000,000 by December 31, 2025?",[39m
[31m+         "questionId": "0x0422835a21786de482a3b7efd8cdb222e211ce392e8b2a975d9577d25ef5dc86",[39m
[31m+         "source": "polymarket",[39m
[31m+         "startDate": null,[39m
[31m+         "status": "active",[39m
[31m+         "tags": null,[39m
[31m+         "thatOdds": null,[39m
[31m+         "thatOption": "No",[39m
[31m+         "thisOdds": null,[39m
[31m+         "thisOption": "Yes",[39m
[31m+         "updatedAt": 2025-11-27T06:23:26.103Z,[39m
[31m+         "volume": null,[39m
[31m+         "volume24hr": null,[39m
[31m+       },[39m
[31m+       {[39m
[31m+         "author": "0x91430CaD2d3975766499717fA0D66A78D814E5c5",[39m
[31m+         "category": null,[39m
[31m+         "conditionId": "0xac2be3a5471b343d43b9f0d3f141611b91feb8c66aed8e286cd3d2540714aaba",[39m
[31m+         "createdAt": 2025-11-27T06:23:26.103Z,[39m
[31m+         "description": "This market will immediately resolve to \"Yes\" if any Binance 1 minute candle for Bitcoin (BTCUSDT) between December 30, 2024, 20:00 and December 31, 2025, 23:59 in the ET timezone has a final \"High\" price of $250,000 or higher. Otherwise, this market will resolve to \"No.\"[39m
[31m+[39m
[31m+ The resolution source for this market is Binance, specifically the BTCUSDT \"High\" prices available at https://www.binance.com/en/trade/BTC_USDT, with the chart settings on \"1m\" for one-minute candles selected on the top bar.[39m
[31m+[39m
[31m+ Please note that the outcome of this market depends solely on the price data from the Binance BTCUSDT trading pair. Prices from other exchanges, different trading pairs, or spot markets will not be considered for the resolution of this market.",[39m
[31m+         "endDate": "2025-12-31",[39m
[31m+         "featured": false,[39m
[31m+         "liquidity": null,[39m
[31m+         "marketSlug": null,[39m
[31m+         "question": "Will Bitcoin reach $250,000 by December 31, 2025?",[39m
[31m+         "questionId": "0xfb38fc0c31a2c8f3fed2052b1f8d2eead9bbc16f3cab4bab76b10d5f0d034d49",[39m
[31m+         "source": "polymarket",[39m
[31m+         "startDate": null,[39m
[31m+         "status": "active",[39m
[31m+         "tags": null,[39m
[31m+         "thatOdds": null,[39m
[31m+         "thatOption": "No",[39m
[31m+         "thisOdds": null,[39m
[31m+         "thisOption": "Yes",[39m
[31m+         "updatedAt": 2025-11-27T06:23:26.103Z,[39m
[31m+         "volume": null,[39m
[31m+         "volume24hr": null,[39m
[31m+       },[39m
[31m+       {[39m
[31m+         "author": "0x91430CaD2d3975766499717fA0D66A78D814E5c5",[39m
[31m+         "category": null,[39m
[31m+         "conditionId": "0x4e2887e913cd6e091c9b07b5e4013b24f372453efa6f11a0b0c5f65371729cf4",[39m
[31m+         "createdAt": 2025-11-27T06:23:26.104Z,[39m
[31m+         "description": "This market will immediately resolve to \"Yes\" if any Binance 1 minute candle for Bitcoin (BTCUSDT) between December 30, 2024, 20:00 and December 31, 2025, 23:59 in the ET timezone has a final \"High\" price of $200,000 or higher. Otherwise, this market will resolve to \"No.\"[39m
[31m+[39m
[31m+ The resolution source for this market is Binance, specifically the BTCUSDT \"High\" prices available at https://www.binance.com/en/trade/BTC_USDT, with the chart settings on \"1m\" for one-minute candles selected on the top bar.[39m
[31m+[39m
[31m+ Please note that the outcome of this market depends solely on the price data from the Binance BTCUSDT trading pair. Prices from other exchanges, different trading pairs, or spot markets will not be considered for the resolution of this market.",[39m
[31m+         "endDate": "2025-12-31",[39m
[31m+         "featured": false,[39m
[31m+         "liquidity": null,[39m
[31m+         "marketSlug": null,[39m
[31m+         "question": "Will Bitcoin reach $200,000 by December 31, 2025?",[39m
[31m+         "questionId": "0x8f105aeae28912e3e4da965325903c1aff6aa308e5261e07d933439d25bda63d",[39m
[31m+         "source": "polymarket",[39m
[31m+         "startDate": null,[39m
[31m+         "status": "active",[39m
[31m+         "tags": null,[39m
[31m+         "thatOdds": null,[39m
[31m+         "thatOption": "No",[39m
[31m+         "thisOdds": null,[39m
[31m+         "thisOption": "Yes",[39m
[31m+         "updatedAt": 2025-11-27T06:23:26.104Z,[39m
[31m+         "volume": null,[39m
[31m+         "volume24hr": null,[39m
[31m+       },[39m
[31m+       {[39m
[31m+         "author": "0x91430CaD2d3975766499717fA0D66A78D814E5c5",[39m
[31m+         "category": null,[39m
[31m+         "conditionId": "0x9aa6086535a4b3145e9f7378dd58a7a8c30c4b15bd4fe17eb6990817f5cd3cd9",[39m
[31m+         "createdAt": 2025-11-27T06:23:26.104Z,[39m
[31m+         "description": "This market will immediately resolve to \"Yes\" if any Binance 1 minute candle for Bitcoin (BTCUSDT) between December 30, 2024, 20:00 and December 31, 2025, 23:59 in the ET timezone has a final \"High\" price of $150,000 or higher. Otherwise, this market will resolve to \"No.\"[39m
[31m+[39m
[31m+ The resolution source for this market is Binance, specifically the BTCUSDT \"High\" prices available at https://www.binance.com/en/trade/BTC_USDT, with the chart settings on \"1m\" for one-minute candles selected on the top bar.[39m
[31m+[39m
[31m+ Please note that the outcome of this market depends solely on the price data from the Binance BTCUSDT trading pair. Prices from other exchanges, different trading pairs, or spot markets will not be considered for the resolution of this market.",[39m
[31m+         "endDate": "2025-12-31",[39m
[31m+         "featured": false,[39m
[31m+         "liquidity": null,[39m
[31m+         "marketSlug": null,[39m
[31m+         "question": "Will Bitcoin reach $150,000 by December 31, 2025?",[39m
[31m+         "questionId": "0x71ed27d517315ae446e8a937a402a84d79577fb25d113d5fcd6a3a58402c398f",[39m
[31m+         "source": "polymarket",[39m
[31m+         "startDate": null,[39m
[31m+         "status": "active",[39m
[31m+         "tags": null,[39m
[31m+         "thatOdds": null,[39m
[31m+         "thatOption": "No",[39m
[31m+         "thisOdds": null,[39m
[31m+         "thisOption": "Yes",[39m
[31m+         "updatedAt": 2025-11-27T06:23:26.104Z,[39m
[31m+         "volume": null,[39m
[31m+         "volume24hr": null,[39m
[31m+       },[39m
[31m+       {[39m
[31m+         "author": "0x91430CaD2d3975766499717fA0D66A78D814E5c5",[39m
[31m+         "category": null,[39m
[31m+         "conditionId": "0xe84b1fdc087f4153ebf15cfc07f065dd5a66f3caf370b4547ea8e02100be95be",[39m
[31m+         "createdAt": 2025-11-27T06:23:26.105Z,[39m
[31m+         "description": "This market will immediately resolve to \"Yes\" if any Binance 1 minute candle for Bitcoin (BTCUSDT) between December 30, 2024, 20:00 and December 31, 2025, 23:59 in the ET timezone has a final \"High\" price of $130,000 or higher. Otherwise, this market will resolve to \"No.\"[39m
[31m+[39m
[31m+ The resolution source for this market is Binance, specifically the BTCUSDT \"High\" prices available at https://www.binance.com/en/trade/BTC_USDT, with the chart settings on \"1m\" for one-minute candles selected on the top bar.[39m
[31m+[39m
[31m+ Please note that the outcome of this market depends solely on the price data from the Binance BTCUSDT trading pair. Prices from other exchanges, different trading pairs, or spot markets will not be considered for the resolution of this market.",[39m
[31m+         "endDate": "2025-12-31",[39m
[31m+         "featured": false,[39m
[31m+         "liquidity": null,[39m
[31m+         "marketSlug": null,[39m
[31m+         "question": "Will Bitcoin reach $130,000 by December 31, 2025?",[39m
[31m+         "questionId": "0x5c503c02ce290a62c2ed8efcad72a99ec565526c66cdf725bce551afae4dc45c",[39m
[31m+         "source": "polymarket",[39m
[31m+         "startDate": null,[39m
[31m+         "status": "active",[39m
[31m+         "tags": null,[39m
[31m+         "thatOdds": null,[39m
[31m+         "thatOption": "No",[39m
[31m+         "thisOdds": null,[39m
[31m+         "thisOption": "Yes",[39m
[31m+         "updatedAt": 2025-11-27T06:23:26.105Z,[39m
[31m+         "volume": null,[39m
[31m+         "volume24hr": null,[39m
[31m+       },[39m
[31m+       {[39m
[31m+         "author": "0x91430CaD2d3975766499717fA0D66A78D814E5c5",[39m
[31m+         "category": null,[39m
[31m+         "conditionId": "0x806963fb1a01b90ba87711a2f996ba125c934ed3c5a1e39e0836c94af69120ef",[39m
[31m+         "createdAt": 2025-11-27T06:23:26.105Z,[39m
[31m+         "description": "This market will immediately resolve to \"Yes\" if any Binance 1 minute candle for Bitcoin (BTCUSDT) between December 30, 2024, 20:00 and December 31, 2025, 23:59 in the ET timezone has a final \"High\" price of $120,000 or higher. Otherwise, this market will resolve to \"No.\"[39m
[31m+[39m
[31m+ The resolution source for this market is Binance, specifically the BTCUSDT \"High\" prices available at https://www.binance.com/en/trade/BTC_USDT, with the chart settings on \"1m\" for one-minute candles selected on the top bar.[39m
[31m+[39m
[31m+ Please note that the outcome of this market depends solely on the price data from the Binance BTCUSDT trading pair. Prices from other exchanges, different trading pairs, or spot markets will not be considered for the resolution of this market.",[39m
[31m+         "endDate": "2025-12-31",[39m
[31m+         "featured": false,[39m
[31m+         "liquidity": null,[39m
[31m+         "marketSlug": null,[39m
[31m+         "question": "Will Bitcoin reach $120,000 by December 31, 2025?",[39m
[31m+         "questionId": "0xd81eea78d76195d4f349be46cec6e725b74c683f58c05e889175b4abddca606c",[39m
[31m+         "source": "polymarket",[39m
[31m+         "startDate": null,[39m
[31m+         "status": "closed",[39m
[31m+         "tags": null,[39m
[31m+         "thatOdds": null,[39m
[31m+         "thatOption": "No",[39m
[31m+         "thisOdds": null,[39m
[31m+         "thisOption": "Yes",[39m
[31m+         "updatedAt": 2025-11-27T06:23:26.105Z,[39m
[31m+         "volume": null,[39m
[31m+         "volume24hr": null,[39m
[31m+       },[39m
[31m+       {[39m
[31m+         "author": "0x91430CaD2d3975766499717fA0D66A78D814E5c5",[39m
[31m+         "category": null,[39m
[31m+         "conditionId": "0x63e3c9432d9e3a0e9665d1152fc0a05f6ed17c9033eb9290062d25d2afb2bed5",[39m
[31m+         "createdAt": 2025-11-27T06:23:26.106Z,[39m
[31m+         "description": "This market will immediately resolve to \"Yes\" if any Binance 1 minute candle for Bitcoin (BTCUSDT) between December 30, 2024, 20:00 and December 31, 2025, 23:59 in the ET timezone has a final \"High\" price of $110,000 or higher. Otherwise, this market will resolve to \"No.\"[39m
[31m+[39m
[31m+ The resolution source for this market is Binance, specifically the BTCUSDT \"High\" prices available at https://www.binance.com/en/trade/BTC_USDT, with the chart settings on \"1m\" for one-minute candles selected on the top bar.[39m
[31m+[39m
[31m+ Please note that the outcome of this market depends solely on the price data from the Binance BTCUSDT trading pair. Prices from other exchanges, different trading pairs, or spot markets will not be considered for the resolution of this market.",[39m
[31m+         "endDate": "2025-12-31",[39m
[31m+         "featured": false,[39m
[31m+         "liquidity": null,[39m
[31m+         "marketSlug": null,[39m
[31m+         "question": "Will Bitcoin reach $110,000 by December 31, 2025?",[39m
[31m+         "questionId": "0xca2ae16ef245ad846927be34a1ff8befd9935155224f4e37a8826bfe876e2da9",[39m
[31m+         "source": "polymarket",[39m
[31m+         "startDate": null,[39m
[31m+         "status": "closed",[39m
[31m+         "tags": null,[39m
[31m+         "thatOdds": null,[39m
[31m+         "thatOption": "No",[39m
[31m+         "thisOdds": null,[39m
[31m+         "thisOption": "Yes",[39m
[31m+         "updatedAt": 2025-11-27T06:23:26.106Z,[39m
[31m+         "volume": null,[39m
[31m+         "volume24hr": null,[39m
[31m+       },[39m
[31m+       {[39m
[31m+         "author": "0x91430CaD2d3975766499717fA0D66A78D814E5c5",[39m
[31m+         "category": null,[39m
[31m+         "conditionId": "0x3e464d7dfada6c9ae876643e02f6d0aa79ba56380a7c54cffa2a1948dfe89fbe",[39m
[31m+         "createdAt": 2025-11-27T06:23:26.106Z,[39m
[31m+         "description": "This market will immediately resolve to \"Yes\" if any Binance 1 minute candle for Bitcoin (BTCUSDT) between December 30, 2024, 20:00 and December 31, 2025, 23:59 in the ET timezone has a final \"High\" price of $100,000 or higher. Otherwise, this market will resolve to \"No.\"[39m
[31m+[39m
[31m+ The resolution source for this market is Binance, specifically the BTCUSDT \"High\" prices available at https://www.binance.com/en/trade/BTC_USDT, with the chart settings on \"1m\" for one-minute candles selected on the top bar.[39m
[31m+[39m
[31m+ Please note that the outcome of this market depends solely on the price data from the Binance BTCUSDT trading pair. Prices from other exchanges, different trading pairs, or spot markets will not be considered for the resolution of this market.",[39m
[31m+         "endDate": "2025-12-31",[39m
[31m+         "featured": false,[39m
[31m+         "liquidity": null,[39m
[31m+         "marketSlug": null,[39m
[31m+         "question": "Will Bitcoin reach $100,000 by December 31, 2025?",[39m
[31m+         "questionId": "0x3ce01c91302e2a1c37dc57fb714144b2b131720ad988ad25ddc974cf1e645fa1",[39m
[31m+         "source": "polymarket",[39m
[31m+         "startDate": null,[39m
[31m+         "status": "closed",[39m
[31m+         "tags": null,[39m
[31m+         "thatOdds": null,[39m
[31m+         "thatOption": "No",[39m
[31m+         "thisOdds": null,[39m
[31m+         "thisOption": "Yes",[39m
[31m+         "updatedAt": 2025-11-27T06:23:26.106Z,[39m
[31m+         "volume": null,[39m
[31m+         "volume24hr": null,[39m
[31m+       },[39m
[31m+       {[39m
[31m+         "author": "0x91430CaD2d3975766499717fA0D66A78D814E5c5",[39m
[31m+         "category": null,[39m
[31m+         "conditionId": "0x5e8e585d855c4288c3805064e74fc7ea1dab47dc0e9b42a0dbd9ca5f49c997f9",[39m
[31m+         "createdAt": 2025-11-27T06:23:26.107Z,[39m
[31m+         "description": "This market will immediately resolve to \"Yes\" if any Binance 1 minute candle for Bitcoin (BTCUSDT) between December 30, 2024, 20:00 and December 31, 2025, 23:59 in the ET timezone has a final \"Low\" price of $50,000 or lower. Otherwise, this market will resolve to \"No.\"[39m
[31m+[39m
[31m+ The resolution source for this market is Binance, specifically the BTCUSDT \"Low\" prices available at https://www.binance.com/en/trade/BTC_USDT, with the chart settings on \"1m\" for one-minute candles selected on the top bar.[39m
[31m+[39m
[31m+ Please note that the outcome of this market depends solely on the price data from the Binance BTCUSDT trading pair. Prices from other exchanges, different trading pairs, or spot markets will not be considered for the resolution of this market.[39m
[31m+ ",[39m
[31m+         "endDate": "2025-12-31",[39m
[31m+         "featured": false,[39m
[31m+         "liquidity": null,[39m
[31m+         "marketSlug": null,[39m
[31m+         "question": "Will Bitcoin dip to $50,000 by December 31, 2025?",[39m
[31m+         "questionId": "0x9de3752836d5b2dcfe14a95d9fb5c001c81aaf3b12cd7806cb34f2f898cf0f7e",[39m
[31m+         "source": "polymarket",[39m
[31m+         "startDate": null,[39m
[31m+         "status": "active",[39m
[31m+         "tags": null,[39m
[31m+         "thatOdds": null,[39m
[31m+         "thatOption": "No",[39m
[31m+         "thisOdds": null,[39m
[31m+         "thisOption": "Yes",[39m
[31m+         "updatedAt": 2025-11-27T06:23:26.107Z,[39m
[31m+         "volume": null,[39m
[31m+         "volume24hr": null,[39m
[31m+       },[39m
[31m+       {[39m
[31m+         "author": "0x91430CaD2d3975766499717fA0D66A78D814E5c5",[39m
[31m+         "category": null,[39m
[31m+         "conditionId": "0xf4c1021e364293816584f1f73d5c45d03da5490570ae4d1c7bf304b6a02752af",[39m
[31m+         "createdAt": 2025-11-27T06:23:26.107Z,[39m
[31m+         "description": "This market will immediately resolve to \"Yes\" if any Binance 1 minute candle for Bitcoin (BTCUSDT) between December 30, 2024, 20:00 and December 31, 2025, 23:59 in the ET timezone has a final \"Low\" price of $90,000 or lower. Otherwise, this market will resolve to \"No.\"[39m
[31m+[39m
[31m+ The resolution source for this market is Binance, specifically the BTCUSDT \"Low\" prices available at https://www.binance.com/en/trade/BTC_USDT, with the chart settings on \"1m\" for one-minute candles selected on the top bar.[39m
[31m+[39m
[31m+ Please note that the outcome of this market depends solely on the price data from the Binance BTCUSDT trading pair. Prices from other exchanges, different trading pairs, or spot markets will not be considered for the resolution of this market.[39m
[31m+ ",[39m
[31m+         "endDate": "2025-12-31",[39m
[31m+         "featured": false,[39m
[31m+         "liquidity": null,[39m
[31m+         "marketSlug": null,[39m
[31m+         "question": "Will Bitcoin dip to $90,000 by December 31, 2025?",[39m
[31m+         "questionId": "0x9ffc1e66540bdd3c3e1c15f1f305164c285a6250ad86036717b9717bcf74dbf5",[39m
[31m+         "source": "polymarket",[39m
[31m+         "startDate": null,[39m
[31m+         "status": "closed",[39m
[31m+         "tags": null,[39m
[31m+         "thatOdds": null,[39m
[31m+         "thatOption": "No",[39m
[31m+         "thisOdds": null,[39m
[31m+         "thisOption": "Yes",[39m
[31m+         "updatedAt": 2025-11-27T06:23:26.107Z,[39m
[31m+         "volume": null,[39m
[31m+         "volume24hr": null,[39m
[31m+       },[39m
[31m+       {[39m
[31m+         "author": "0x91430CaD2d3975766499717fA0D66A78D814E5c5",[39m
[31m+         "category": null,[39m
[31m+         "conditionId": "0xc6d2da0bf8a79794daebc24e43f67e8ef9b09c0577b2be5392d3f210a57dd039",[39m
[31m+         "createdAt": 2025-11-27T06:23:26.108Z,[39m
[31m+         "description": "This market will immediately resolve to \"Yes\" if any Binance 1 minute candle for Bitcoin (BTCUSDT) between December 30, 2024, 20:00 and December 31, 2025, 23:59 in the ET timezone has a final \"Low\" price of $80,000 or lower. Otherwise, this market will resolve to \"No.\"[39m
[31m+[39m
[31m+ The resolution source for this market is Binance, specifically the BTCUSDT \"Low\" prices available at https://www.binance.com/en/trade/BTC_USDT, with the chart settings on \"1m\" for one-minute candles selected on the top bar.[39m
[31m+[39m
[31m+ Please note that the outcome of this market depends solely on the price data from the Binance BTCUSDT trading pair. Prices from other exchanges, different trading pairs, or spot markets will not be considered for the resolution of this market.[39m
[31m+ ",[39m
[31m+         "endDate": "2025-12-31",[39m
[31m+         "featured": false,[39m
[31m+         "liquidity": null,[39m
[31m+         "marketSlug": null,[39m
[31m+         "question": "Will Bitcoin dip to $80,000 by December 31, 2025?",[39m
[31m+         "questionId": "0x0a782efd553ebfd257f503f61c87fef19d6a78c1540c4a438f1f804570a4b2bc",[39m
[31m+         "source": "polymarket",[39m
[31m+         "startDate": null,[39m
[31m+         "status": "closed",[39m
[31m+         "tags": null,[39m
[31m+         "thatOdds": null,[39m
[31m+         "thatOption": "No",[39m
[31m+         "thisOdds": null,[39m
[31m+         "thisOption": "Yes",[39m
[31m+         "updatedAt": 2025-11-27T06:23:26.108Z,[39m
[31m+         "volume": null,[39m
[31m+         "volume24hr": null,[39m
[31m+       },[39m
[31m+       {[39m
[31m+         "author": "0x91430CaD2d3975766499717fA0D66A78D814E5c5",[39m
[31m+         "category": null,[39m
[31m+         "conditionId": "0x0aeb566c973d193ef7f77d2532ba6bffe4f76d5f6b7c5422ceaa966536b7ef90",[39m
[31m+         "createdAt": 2025-11-27T06:23:26.109Z,[39m
[31m+         "description": "This market will immediately resolve to \"Yes\" if any Binance 1 minute candle for Bitcoin (BTCUSDT) between December 30, 2024, 20:00 and December 31, 2025, 23:59 in the ET timezone has a final \"Low\" price of $70,000 or lower. Otherwise, this market will resolve to \"No.\"[39m
[31m+[39m
[31m+ The resolution source for this market is Binance, specifically the BTCUSDT \"Low\" prices available at https://www.binance.com/en/trade/BTC_USDT, with the chart settings on \"1m\" for one-minute candles selected on the top bar.[39m
[31m+[39m
[31m+ Please note that the outcome of this market depends solely on the price data from the Binance BTCUSDT trading pair. Prices from other exchanges, different trading pairs, or spot markets will not be considered for the resolution of this market.[39m
[31m+ ",[39m
[31m+         "endDate": "2025-12-31",[39m
[31m+         "featured": false,[39m
[31m+         "liquidity": null,[39m
[31m+         "marketSlug": null,[39m
[31m+         "question": "Will Bitcoin dip to $70,000 by December 31, 2025?",[39m
[31m+         "questionId": "0x1efa40d8677e4edc07bb1cd1c3fef86426344e5c190cbcafcd00ff2893e36113",[39m
[31m+         "source": "polymarket",[39m
[31m+         "startDate": null,[39m
[31m+         "status": "active",[39m
[31m+         "tags": null,[39m
[31m+         "thatOdds": null,[39m
[31m+         "thatOption": "No",[39m
[31m+         "thisOdds": null,[39m
[31m+         "thisOption": "Yes",[39m
[31m+         "updatedAt": 2025-11-27T06:23:26.109Z,[39m
[31m+         "volume": null,[39m
[31m+         "volume24hr": null,[39m
[31m+       },[39m
[31m+       {[39m
[31m+         "author": "0x91430CaD2d3975766499717fA0D66A78D814E5c5",[39m
[31m+         "category": null,[39m
[31m+         "conditionId": "0x86f01fcc4fa9ca9871189d8f4a1121bb31784c889d78f82e2f6de32381e3d894",[39m
[31m+         "createdAt": 2025-11-27T06:23:26.110Z,[39m
[31m+         "description": "This market will immediately resolve to \"Yes\" if any Binance 1 minute candle for Bitcoin (BTCUSDT) between December 30, 2024, 20:00 and December 31, 2025, 23:59 in the ET timezone has a final \"Low\" price of $20,000 or lower. Otherwise, this market will resolve to \"No.\"[39m
[31m+[39m
[31m+ The resolution source for this market is Binance, specifically the BTCUSDT \"Low\" prices available at https://www.binance.com/en/trade/BTC_USDT, with the chart settings on \"1m\" for one-minute candles selected on the top bar.[39m
[31m+[39m
[31m+ Please note that the outcome of this market depends solely on the price data from the Binance BTCUSDT trading pair. Prices from other exchanges, different trading pairs, or spot markets will not be considered for the resolution of this market.[39m
[31m+ ",[39m
[31m+         "endDate": "2025-12-31",[39m
[31m+         "featured": false,[39m
[31m+         "liquidity": null,[39m
[31m+         "marketSlug": null,[39m
[31m+         "question": "Will Bitcoin dip to $20,000 by December 31, 2025?",[39m
[31m+         "questionId": "0x4aadb58d851fe7231dfa44ecc737f4d10e6a70ba5b5ce3a059fab736bea52158",[39m
[31m+         "source": "polymarket",[39m
[31m+         "startDate": null,[39m
[31m+         "status": "active",[39m
[31m+         "tags": null,[39m
[31m+         "thatOdds": null,[39m
[31m+         "thatOption": "No",[39m
[31m+         "thisOdds": null,[39m
[31m+         "thisOption": "Yes",[39m
[31m+         "updatedAt": 2025-11-27T06:23:26.110Z,[39m
[31m+         "volume": null,[39m
[31m+         "volume24hr": null,[39m
[31m+       },[39m
[31m+       {[39m
[31m+         "author": "0x91430CaD2d3975766499717fA0D66A78D814E5c5",[39m
[31m+         "category": null,[39m
[31m+         "conditionId": "0x91b035e9f1e7c5df6e7ead5828ee46fccf878ffc030d2c7debe75149753fe079",[39m
[31m+         "createdAt": 2025-11-27T06:23:26.111Z,[39m
[31m+         "description": "This market will immediately resolve to \"Yes\" if any Binance 1 minute candle for Bitcoin (BTCUSDT) between December 30, 2024, 20:00 and December 31, 2025, 23:59 in the ET timezone has a final \"High\" price of $125,000 or higher. Otherwise, this market will resolve to \"No.\"[39m
[31m+[39m
[31m+ The resolution source for this market is Binance, specifically the BTCUSDT \"High\" prices available at https://www.binance.com/en/trade/BTC_USDT, with the chart settings on \"1m\" for one-minute candles selected on the top bar.[39m
[31m+[39m
[31m+ Please note that the outcome of this market depends solely on the price data from the Binance BTCUSDT trading pair. Prices from other exchanges, different trading pairs, or spot markets will not be considered for the resolution of this market.",[39m
[31m+         "endDate": null,[39m
[31m+         "featured": false,[39m
[31m+         "liquidity": null,[39m
[31m+         "marketSlug": null,[39m
[31m+         "question": "Will Bitcoin reach $125,000 by December 31, 2025?",[39m
[31m+         "questionId": "0xf8154a8f28481330842f956c0803c5075cba3921c88d0067f79dee8e494cbdbc",[39m
[31m+         "source": "polymarket",[39m
[31m+         "startDate": null,[39m
[31m+         "status": "closed",[39m
[31m+         "tags": null,[39m
[31m+         "thatOdds": null,[39m
[31m+         "thatOption": "No",[39m
[31m+         "thisOdds": null,[39m
[31m+         "thisOption": "Yes",[39m
[31m+         "updatedAt": 2025-11-27T06:23:26.111Z,[39m
[31m+         "volume": null,[39m
[31m+         "volume24hr": null,[39m
[31m+       },[39m
[31m+       {[39m
[31m+         "author": "0x91430CaD2d3975766499717fA0D66A78D814E5c5",[39m
[31m+         "category": null,[39m
[31m+         "conditionId": "0x9322e033c6dc8be6d8495cc44ac578abaa28a8cccdb783de1bff0026066d1d05",[39m
[31m+         "createdAt": 2025-11-27T06:23:26.112Z,[39m
[31m+         "description": "This market will immediately resolve to \"Yes\" if any Binance 1 minute candle for Bitcoin (BTCUSDT) between December 30, 2024, 20:00 and December 31, 2025, 23:59 in the ET timezone has a final \"High\" price of $140,000 or higher. Otherwise, this market will resolve to \"No.\"[39m
[31m+[39m
[31m+ The resolution source for this market is Binance, specifically the BTCUSDT \"High\" prices available at https://www.binance.com/en/trade/BTC_USDT, with the chart settings on \"1m\" for one-minute candles selected on the top bar.[39m
[31m+[39m
[31m+ Please note that the outcome of this market depends solely on the price data from the Binance BTCUSDT trading pair. Prices from other exchanges, different trading pairs, or spot markets will not be considered for the resolution of this market.",[39m
[31m+         "endDate": null,[39m
[31m+         "featured": false,[39m
[31m+         "liquidity": null,[39m
[31m+         "marketSlug": null,[39m
[31m+         "question": "Will Bitcoin reach $140,000 by December 31, 2025?",[39m
[31m+         "questionId": "0x66a0ec5534abc153d29ad7993f146bd9c354193b6036155657cf4af20a250d8e",[39m
[31m+         "source": "polymarket",[39m
[31m+         "startDate": null,[39m
[31m+         "status": "active",[39m
[31m+         "tags": null,[39m
[31m+         "thatOdds": null,[39m
[31m+         "thatOption": "No",[39m
[31m+         "thisOdds": null,[39m
[31m+         "thisOption": "Yes",[39m
[31m+         "updatedAt": 2025-11-27T06:23:26.112Z,[39m
[31m+         "volume": null,[39m
[31m+         "volume24hr": null,[39m
[31m+       },[39m
[31m+       {[39m
[31m+         "author": "0x91430CaD2d3975766499717fA0D66A78D814E5c5",[39m
[31m+         "category": null,[39m
[31m+         "conditionId": "0x0c23ad7af38087ab27f94fd35eec62b4f53c0d6edd16bf04d85b7c456dc777de",[39m
[31m+         "createdAt": 2025-11-27T06:23:26.113Z,[39m
[31m+         "description": "This market will immediately resolve to \"Yes\" if any Binance 1 minute candle for Bitcoin (BTCUSDT) between December 30, 2024, 20:00 and December 31, 2025, 23:59 in the ET timezone has a final \"High\" price of $170,000 or higher. Otherwise, this market will resolve to \"No.\"[39m
[31m+[39m
[31m+ The resolution source for this market is Binance, specifically the BTCUSDT \"High\" prices available at https://www.binance.com/en/trade/BTC_USDT, with the chart settings on \"1m\" for one-minute candles selected on the top bar.[39m
[31m+[39m
[31m+ Please note that the outcome of this market depends solely on the price data from the Binance BTCUSDT trading pair. Prices from other exchanges, different trading pairs, or spot markets will not be considered for the resolution of this market.",[39m
[31m+         "endDate": null,[39m
[31m+         "featured": false,[39m
[31m+         "liquidity": null,[39m
[31m+         "marketSlug": null,[39m
[31m+         "question": "Will Bitcoin reach $170,000 by December 31, 2025?",[39m
[31m+         "questionId": "0x6415c276ef88bdf84c379313491251e2fb2e4d0a0a5587a0c73f095c332bd8c4",[39m
[31m+         "source": "polymarket",[39m
[31m+         "startDate": null,[39m
[31m+         "status": "active",[39m
[31m+         "tags": null,[39m
[31m+         "thatOdds": null,[39m
[31m+         "thatOption": "No",[39m
[31m+         "thisOdds": null,[39m
[31m+         "thisOption": "Yes",[39m
[31m+         "updatedAt": 2025-11-27T06:23:26.113Z,[39m
[31m+         "volume": null,[39m
[31m+         "volume24hr": null,[39m
[31m+       },[39m
[31m+       {[39m
[31m+         "author": "0x91430CaD2d3975766499717fA0D66A78D814E5c5",[39m
[31m+         "category": null,[39m
[31m+         "conditionId": "0xffcbecbfa6983b3cdd5e91d078088beb5738d0c746bcedceb62f7bfed0470af5",[39m
[31m+         "createdAt": 2025-11-27T06:23:26.114Z,[39m
[31m+         "description": "This market will immediately resolve to \"Yes\" if any Binance 1 minute candle for Bitcoin (BTCUSDT) between October 2, 2025, 11:00 and December 31, 2025, 23:59 in the ET timezone has a final \"Low\" price of $80,000 or lower. Otherwise, this market will resolve to \"No.\"[39m
[31m+[39m
[31m+ The resolution source for this market is Binance, specifically the BTCUSDT \"Low\" prices available at https://www.binance.com/en/trade/BTC_USDT, with the chart settings on \"1m\" for one-minute candles selected on the top bar.[39m
[31m+[39m
[31m+ Please note that the outcome of this market depends solely on the price data from the Binance BTCUSDT trading pair. Prices from other exchanges, different trading pairs, or spot markets will not be considered for the resolution of this market.[39m
[31m+ ",[39m
[31m+         "endDate": "2026-01-01",[39m
[31m+         "featured": false,[39m
[31m+         "liquidity": null,[39m
[31m+         "marketSlug": null,[39m
[31m+         "question": "Will Bitcoin dip to $80,000 by December 31, 2025?",[39m
[31m+         "questionId": "0x46f72e6b926370d2d01bcf23d024212f7c0d1d2de1a24413968b5220bf6d5306",[39m
[31m+         "source": "polymarket",[39m
[31m+         "startDate": null,[39m
[31m+         "status": "active",[39m
[31m+         "tags": null,[39m
[31m+         "thatOdds": null,[39m
[31m+         "thatOption": "No",[39m
[31m+         "thisOdds": null,[39m
[31m+         "thisOption": "Yes",[39m
[31m+         "updatedAt": 2025-11-27T06:23:26.114Z,[39m
[31m+         "volume": null,[39m
[31m+         "volume24hr": null,[39m
[31m+       },[39m
[31m+       {[39m
[31m+         "author": "0x91430CaD2d3975766499717fA0D66A78D814E5c5",[39m
[31m+         "category": null,[39m
[31m+         "conditionId": "0xfb0c98ef42c5c48b5ecca31e555aa0565a31958261e2d6c7b4cb15bbd417cbba",[39m
[31m+         "createdAt": 2025-11-27T06:23:26.115Z,[39m
[31m+         "description": "This market will immediately resolve to \"Yes\" if any Binance 1 minute candle for Bitcoin (BTCUSDT) between October 2, 2025, 11:00 and December 31, 2025, 23:59 in the ET timezone has a final \"Low\" price of $90,000 or lower. Otherwise, this market will resolve to \"No.\"[39m
[31m+[39m
[31m+ The resolution source for this market is Binance, specifically the BTCUSDT \"Low\" prices available at https://www.binance.com/en/trade/BTC_USDT, with the chart settings on \"1m\" for one-minute candles selected on the top bar.[39m
[31m+[39m
[31m+ Please note that the outcome of this market depends solely on the price data from the Binance BTCUSDT trading pair. Prices from other exchanges, different trading pairs, or spot markets will not be considered for the resolution of this market.[39m
[31m+ ",[39m
[31m+         "endDate": "2026-01-01",[39m
[31m+         "featured": false,[39m
[31m+         "liquidity": null,[39m
[31m+         "marketSlug": null,[39m
[31m+         "question": "Will Bitcoin dip to $90,000 by December 31, 2025?",[39m
[31m+         "questionId": "0x5264382d64df851020df4507fda52f55b7c90014a1dccc116f9e1db634f28be4",[39m
[31m+         "source": "polymarket",[39m
[31m+         "startDate": null,[39m
[31m+         "status": "closed",[39m
[31m+         "tags": null,[39m
[31m+         "thatOdds": null,[39m
[31m+         "thatOption": "No",[39m
[31m+         "thisOdds": null,[39m
[31m+         "thisOption": "Yes",[39m
[31m+         "updatedAt": 2025-11-27T06:23:26.115Z,[39m
[31m+         "volume": null,[39m
[31m+         "volume24hr": null,[39m
[31m+       },[39m
[31m+       {[39m
[31m+         "author": "0x91430CaD2d3975766499717fA0D66A78D814E5c5",[39m
[31m+         "category": null,[39m
[31m+         "conditionId": "0xd3cfc885ca1a482af4057f39937398fa5adc7a0b61e2381956384af1bf59ce6f",[39m
[31m+         "createdAt": 2025-11-27T06:23:26.116Z,[39m
[31m+         "description": "This market will immediately resolve to \"Yes\" if any Binance 1 minute candle for Bitcoin (BTCUSDT) between November 17, 2025, 11:00 and December 31, 2025, 23:59 in the ET timezone has a final \"High\" price of $100,000 or higher. Otherwise, this market will resolve to \"No.\"[39m
[31m+[39m
[31m+ The resolution source for this market is Binance, specifically the BTCUSDT \"High\" prices available at https://www.binance.com/en/trade/BTC_USDT, with the chart settings on \"1m\" for one-minute candles selected on the top bar.[39m
[31m+[39m
[31m+ Please note that the outcome of this market depends solely on the price data from the Binance BTCUSDT trading pair. Prices from other exchanges, different trading pairs, or spot markets will not be considered for the resolution of this market.",[39m
[31m+         "endDate": "2026-01-01",[39m
[31m+         "featured": false,[39m
[31m+         "liquidity": null,[39m
[31m+         "marketSlug": null,[39m
[31m+         "question": "Will Bitcoin reach $100,000 by December 31, 2025?",[39m
[31m+         "questionId": "0xf3c8194437449df098e9505397627817a17f11c00b740a1979409144c44ea776",[39m
[31m+         "source": "polymarket",[39m
[31m+         "startDate": null,[39m
[31m+         "status": "active",[39m
[31m+         "tags": null,[39m
[31m+         "thatOdds": null,[39m
[31m+         "thatOption": "No",[39m
[31m+         "thisOdds": null,[39m
[31m+         "thisOption": "Yes",[39m
[31m+         "updatedAt": 2025-11-27T06:23:26.116Z,[39m
[31m+         "volume": null,[39m
[31m+         "volume24hr": null,[39m
[31m+       },[39m
[31m+       {[39m
[31m+         "author": "0x91430CaD2d3975766499717fA0D66A78D814E5c5",[39m
[31m+         "category": null,[39m
[31m+         "conditionId": "0x9e8440830c8cdccb524700bf0be33f35df2f0278bff7b843f8073235c96da886",[39m
[31m+         "createdAt": 2025-11-27T06:23:26.118Z,[39m
[31m+         "description": "This market will immediately resolve to \"Yes\" if any Binance 1 minute candle for Bitcoin (BTCUSDT) between November 17, 2025, 10:00 and December 31, 2025, 23:59 in the ET timezone has a final \"High\" price of $110,000 or higher. Otherwise, this market will resolve to \"No.\"[39m
[31m+[39m
[31m+ The resolution source for this market is Binance, specifically the BTCUSDT \"High\" prices available at https://www.binance.com/en/trade/BTC_USDT, with the chart settings on \"1m\" for one-minute candles selected on the top bar.[39m
[31m+[39m
[31m+ Please note that the outcome of this market depends solely on the price data from the Binance BTCUSDT trading pair. Prices from other exchanges, different trading pairs, or spot markets will not be considered for the resolution of this market.",[39m
[31m+         "endDate": "2026-01-01",[39m
[31m+         "featured": false,[39m
[31m+         "liquidity": null,[39m
[31m+         "marketSlug": null,[39m
[31m+         "question": "Will Bitcoin reach $110,000 by December 31, 2025?",[39m
[31m+         "questionId": "0x78dc04b78985a64da09285a7bd14778cde59ad95754d09de6ca1c361efcda30c",[39m
[31m+         "source": "polymarket",[39m
[31m+         "startDate": null,[39m
[31m+         "status": "active",[39m
[31m+         "tags": null,[39m
[31m+         "thatOdds": null,[39m
[31m+         "thatOption": "No",[39m
[31m+         "thisOdds": null,[39m
[31m+         "thisOption": "Yes",[39m
[31m+         "updatedAt": 2025-11-27T06:23:26.118Z,[39m
[31m+         "volume": null,[39m
[31m+         "volume24hr": null,[39m
[31m+       },[39m
[31m+       {[39m
[31m+         "author": "0x91430CaD2d3975766499717fA0D66A78D814E5c5",[39m
[31m+         "category": null,[39m
[31m+         "conditionId": "0x06e59d1a34c899b5fa814aff3c1cdf884f4341b48a9da5cc48542f12c9f3c3d6",[39m
[31m+         "createdAt": 2025-11-27T06:23:26.119Z,[39m
[31m+         "description": "This market will immediately resolve to \"Yes\" if any Binance 1 minute candle for Bitcoin (BTCUSDT) between November 3, 2025, 16:00 and December 31, 2025, 23:59 in the ET timezone has a final \"Low\" price of $100,000 or lower. Otherwise, this market will resolve to \"No.\"[39m
[31m+[39m
[31m+ The resolution source for this market is Binance, specifically the BTCUSDT \"Low\" prices available at https://www.binance.com/en/trade/BTC_USDT, with the chart settings on \"1m\" for one-minute candles selected on the top bar.[39m
[31m+[39m
[31m+ Please note that the outcome of this market depends solely on the price data from the Binance BTCUSDT trading pair. Prices from other exchanges, different trading pairs, or spot markets will not be considered for the resolution of this market.[39m
[31m+ ",[39m
[31m+         "endDate": "2026-01-01",[39m
[31m+         "featured": false,[39m
[31m+         "liquidity": null,[39m
[31m+         "marketSlug": null,[39m
[31m+         "question": "Will Bitcoin dip to $100,000 by December 31, 2025?",[39m
[31m+         "questionId": "0x4167bd908686b5f0d7ec53267c9b5949ef56396c8e36acb89068054f61cfabbf",[39m
[31m+         "source": "polymarket",[39m
[31m+         "startDate": null,[39m
[31m+         "status": "closed",[39m
[31m+         "tags": null,[39m
[31m+         "thatOdds": null,[39m
[31m+         "thatOption": "No",[39m
[31m+         "thisOdds": null,[39m
[31m+         "thisOption": "Yes",[39m
[31m+         "updatedAt": 2025-11-27T06:23:26.119Z,[39m
[31m+         "volume": null,[39m
[31m+         "volume24hr": null,[39m
[31m+       },[39m
[31m+       {[39m
[31m+         "author": "0x91430CaD2d3975766499717fA0D66A78D814E5c5",[39m
[31m+         "category": null,[39m
[31m+         "conditionId": "0x22c3ce96a88bf01d0c5e320d029e7f8418c81d5be28f025b6ab07465bb508fb1",[39m
[31m+         "createdAt": 2025-11-27T06:23:26.121Z,[39m
[31m+         "description": "This market will immediately resolve to \"Yes\" if any Binance 1 minute candle for Bitcoin (BTCUSDT) between November 5, 2025, 10:00 and December 31, 2025, 23:59 in the ET timezone has a final \"High\" price of $120,000 or higher. Otherwise, this market will resolve to \"No.\"[39m
[31m+[39m
[31m+ The resolution source for this market is Binance, specifically the BTCUSDT \"High\" prices available at https://www.binance.com/en/trade/BTC_USDT, with the chart settings on \"1m\" for one-minute candles selected on the top bar.[39m
[31m+[39m
[31m+ Please note that the outcome of this market depends solely on the price data from the Binance BTCUSDT trading pair. Prices from other exchanges, different trading pairs, or spot markets will not be considered for the resolution of this market.",[39m
[31m+         "endDate": "2026-01-01",[39m
[31m+         "featured": false,[39m
[31m+         "liquidity": null,[39m
[31m+         "marketSlug": null,[39m
[31m+         "question": "Will Bitcoin reach $120,000 by December 31, 2025?",[39m
[31m+         "questionId": "0xeab502473e06a7be3652889df067b786ec2d8d5d43ba7cf4a350cd9ea6f2c4cc",[39m
[31m+         "source": "polymarket",[39m
[31m+         "startDate": null,[39m
[31m+         "status": "active",[39m
[31m+         "tags": null,[39m
[31m+         "thatOdds": null,[39m
[31m+         "thatOption": "No",[39m
[31m+         "thisOdds": null,[39m
[31m+         "thisOption": "Yes",[39m
[31m+         "updatedAt": 2025-11-27T06:23:26.121Z,[39m
[31m+         "volume": null,[39m
[31m+         "volume24hr": null,[39m
[31m+       },[39m
[31m+       {[39m
[31m+         "author": "0x91430CaD2d3975766499717fA0D66A78D814E5c5",[39m
[31m+         "category": null,[39m
[31m+         "conditionId": "0x211805aa03ebc98fb636018cb6f8a10bed58892dc9e626da5a6976f0efdbbeaa",[39m
[31m+         "createdAt": 2025-11-27T06:23:26.122Z,[39m
[31m+         "description": "This market will immediately resolve to \"Yes\" if any Binance 1 minute candle for Bitcoin (BTCUSDT) between November 7, 2025, 16:00 and December 31, 2025, 23:59 in the ET timezone has a final \"Low\" price of $100,000 or lower. Otherwise, this market will resolve to \"No.\"[39m
[31m+[39m
[31m+ The resolution source for this market is Binance, specifically the BTCUSDT \"Low\" prices available at https://www.binance.com/en/trade/BTC_USDT, with the chart settings on \"1m\" for one-minute candles selected on the top bar.[39m
[31m+[39m
[31m+ Please note that the outcome of this market depends solely on the price data from the Binance BTCUSDT trading pair. Prices from other exchanges, different trading pairs, or spot markets will not be considered for the resolution of this market.[39m
[31m+ ",[39m
[31m+         "endDate": "2026-01-01",[39m
[31m+         "featured": false,[39m
[31m+         "liquidity": null,[39m
[31m+         "marketSlug": null,[39m
[31m+         "question": "Will Bitcoin dip to $100,000 by December 31, 2025?",[39m
[31m+         "questionId": "0xd41da96bd27f5509d1a98ba4cb74d97d7beb8e8ab06f2658410bd56a7de140ca",[39m
[31m+         "source": "polymarket",[39m
[31m+         "startDate": null,[39m
[31m+         "status": "closed",[39m
[31m+         "tags": null,[39m
[31m+         "thatOdds": null,[39m
[31m+         "thatOption": "No",[39m
[31m+         "thisOdds": null,[39m
[31m+         "thisOption": "Yes",[39m
[31m+         "updatedAt": 2025-11-27T06:23:26.122Z,[39m
[31m+         "volume": null,[39m
[31m+         "volume24hr": null,[39m
[31m+       },[39m
[31m+     ],[39m
[31m+     "status": "active",[39m
[31m+     "totalLiquidity": 0,[39m
[31m+     "totalVolume": 0,[39m
[31m+     "updatedAt": 2025-11-27T06:23:26.125Z,[39m
[31m+   },[39m
[31m+   {[39m
[31m+     "_id": "6927db32f2bec3838f4c0145",[39m
[31m+     "category": null,[39m
[31m+     "createdAt": 2025-11-27T06:23:26.102Z,[39m
[31m+     "eventDescription": "qqThis is a negrisk market group over which will be the top AI model on December 31, 2025, 12:00 PM ET.",[39m
[31m+     "eventIcon": "https://polymarket-upload.s3.us-east-2.amazonaws.com/which-company-has-best-ai-model-end-of-september-MmASwbTkwKHi.jpg",[39m
[31m+     "eventId": "16095",[39m
[31m+     "eventImage": "https://polymarket-upload.s3.us-east-2.amazonaws.com/which-company-has-best-ai-model-end-of-september-MmASwbTkwKHi.jpg",[39m
[31m+     "eventSlug": "which-company-has-best-ai-model-end-of-2025",[39m
[31m+     "eventTitle": "Which company has best AI model end of 2025?",[39m
[31m+     "markets": [[39m
[31m+       {[39m
[31m+         "author": "0x91430CaD2d3975766499717fA0D66A78D814E5c5",[39m
[31m+         "category": null,[39m
[31m+         "conditionId": "0x7d98815be880769be11a63b4df815b9bdcbf6ae007a8caaba9a2909816a8d1c6",[39m
[31m+         "createdAt": 2025-11-27T06:23:26.094Z,[39m
[31m+         "description": "This market will resolve to \"Yes\" if any model owned by Google has the highest arena score based off the Chatbot Arena LLM Leaderboard (https://lmarena.ai/leaderboard/text) when the table under the \"Leaderboard\" tab is checked on December 31, 2025, 12:00 PM ET. Otherwise, this market will resolve to \"No\".[39m
[31m+[39m
[31m+ If two models are tied for the top arena score at this market's check time, resolution will be based on whichever company's name, as it is described in this market group, comes first in alphabetical order (e.g. if both were tied, \"Google\" would resolve to \"Yes\", and \"xAI\" would resolve to \"No\")[39m
[31m+[39m
[31m+ The resolution source for this market is the Chatbot Arena LLM Leaderboard found at https://lmarena.ai/. If this resolution source is unavailable at check time, this market will remain open until the leaderboard comes back online and resolve based on the first check after it becomes available. If it becomes permanently unavailable, this market will resolve based on another resolution source.",[39m
[31m+         "endDate": "2025-12-31",[39m
[31m+         "featured": false,[39m
[31m+         "liquidity": null,[39m
[31m+         "marketSlug": null,[39m
[31m+         "question": "Will Google have the top AI model on December 31?",[39m
[31m+         "questionId": "0x0988e77ed51d8e78f5a210eeb5b18cdb04fe71132ebda6d4217229b0a1742a00",[39m
[31m+         "source": "polymarket",[39m
[31m+         "startDate": "2025-06-02 19:36:00+00",[39m
[31m+         "status": "active",[39m
[31m+         "tags": null,[39m
[31m+         "thatOdds": null,[39m
[31m+         "thatOption": "No",[39m
[31m+         "thisOdds": null,[39m
[31m+         "thisOption": "Yes",[39m
[31m+         "updatedAt": 2025-11-27T06:23:26.094Z,[39m
[31m+         "volume": null,[39m
[31m+         "volume24hr": null,[39m
[31m+       },[39m
[31m+       {[39m
[31m+         "author": "0x91430CaD2d3975766499717fA0D66A78D814E5c5",[39m
[31m+         "category": null,[39m
[31m+         "conditionId": "0xad5642932e897c551def57ddc3066bdea2cf0eb13fc40979c1043743fceb5c9c",[39m
[31m+         "createdAt": 2025-11-27T06:23:26.095Z,[39m
[31m+         "description": "This market will resolve to \"Yes\" if any model owned by OpenAI has the highest arena score based off the Chatbot Arena LLM Leaderboard (https://lmarena.ai/leaderboard/text) when the table under the \"Leaderboard\" tab is checked on December 31, 2025, 12:00 PM ET. Otherwise, this market will resolve to \"No\".[39m
[31m+[39m
[31m+ If two models are tied for the top arena score at this market's check time, resolution will be based on whichever company's name, as it is described in this market group, comes first in alphabetical order (e.g. if both were tied, \"Google\" would resolve to \"Yes\", and \"xAI\" would resolve to \"No\")[39m
[31m+[39m
[31m+ The resolution source for this market is the Chatbot Arena LLM Leaderboard found at https://lmarena.ai/. If this resolution source is unavailable at check time, this market will remain open until the leaderboard comes back online and resolve based on the first check after it becomes available. If it becomes permanently unavailable, this market will resolve based on another resolution source.",[39m
[31m+         "endDate": "2025-12-31",[39m
[31m+         "featured": false,[39m
[31m+         "liquidity": null,[39m
[31m+         "marketSlug": null,[39m
[31m+         "question": "Will OpenAI have the top AI model on December 31?",[39m
[31m+         "questionId": "0x0988e77ed51d8e78f5a210eeb5b18cdb04fe71132ebda6d4217229b0a1742a01",[39m
[31m+         "source": "polymarket",[39m
[31m+         "startDate": "2025-06-02 19:36:00+00",[39m
[31m+         "status": "active",[39m
[31m+         "tags": null,[39m
[31m+         "thatOdds": null,[39m
[31m+         "thatOption": "No",[39m
[31m+         "thisOdds": null,[39m
[31m+         "thisOption": "Yes",[39m
[31m+         "updatedAt": 2025-11-27T06:23:26.095Z,[39m
[31m+         "volume": null,[39m
[31m+         "volume24hr": null,[39m
[31m+       },[39m
[31m+       {[39m
[31m+         "author": "0x91430CaD2d3975766499717fA0D66A78D814E5c5",[39m
[31m+         "category": null,[39m
[31m+         "conditionId": "0xa7e61311724e5882cf8906d0232ffefef68a0ab64716344d28d066febdda5c49",[39m
[31m+         "createdAt": 2025-11-27T06:23:26.095Z,[39m
[31m+         "description": "This market will resolve to \"Yes\" if any model owned by Alibaba has the highest arena score based off the Chatbot Arena LLM Leaderboard (https://lmarena.ai/leaderboard/text) when the table under the \"Leaderboard\" tab is checked on December 31, 2025, 12:00 PM ET. Otherwise, this market will resolve to \"No\".[39m
[31m+[39m
[31m+ If two models are tied for the top arena score at this market's check time, resolution will be based on whichever company's name, as it is described in this market group, comes first in alphabetical order (e.g. if both were tied, \"Google\" would resolve to \"Yes\", and \"xAI\" would resolve to \"No\")[39m
[31m+[39m
[31m+ The resolution source for this market is the Chatbot Arena LLM Leaderboard found at https://lmarena.ai/. If this resolution source is unavailable at check time, this market will remain open until the leaderboard comes back online and resolve based on the first check after it becomes available. If it becomes permanently unavailable, this market will resolve based on another resolution source.",[39m
[31m+         "endDate": "2025-12-31",[39m
[31m+         "featured": false,[39m
[31m+         "liquidity": null,[39m
[31m+         "marketSlug": null,[39m
[31m+         "question": "Will Alibaba have the top AI model on December 31?",[39m
[31m+         "questionId": "0x0988e77ed51d8e78f5a210eeb5b18cdb04fe71132ebda6d4217229b0a1742a06",[39m
[31m+         "source": "polymarket",[39m
[31m+         "startDate": "2025-06-02 19:36:00+00",[39m
[31m+         "status": "active",[39m
[31m+         "tags": null,[39m
[31m+         "thatOdds": null,[39m
[31m+         "thatOption": "No",[39m
[31m+         "thisOdds": null,[39m
[31m+         "thisOption": "Yes",[39m
[31m+         "updatedAt": 2025-11-27T06:23:26.095Z,[39m
[31m+         "volume": null,[39m
[31m+         "volume24hr": null,[39m
[31m+       },[39m
[31m+       {[39m
[31m+         "author": "0x91430CaD2d3975766499717fA0D66A78D814E5c5",[39m
[31m+         "category": null,[39m
[31m+         "conditionId": "0x60279053b72e1e5299f66a6efd4f81663d0de5bedfc6bba41d6bbd0a9dbc9d1f",[39m
[31m+         "createdAt": 2025-11-27T06:23:26.095Z,[39m
[31m+         "description": "This market will resolve to \"Yes\" if any model owned by xAI has the highest arena score based off the Chatbot Arena LLM Leaderboard (https://lmarena.ai/leaderboard/text) when the table under the \"Leaderboard\" tab is checked on December 31, 2025, 12:00 PM ET. Otherwise, this market will resolve to \"No\".[39m
[31m+[39m
[31m+ If two models are tied for the top arena score at this market's check time, resolution will be based on whichever company's name, as it is described in this market group, comes first in alphabetical order (e.g. if both were tied, \"Google\" would resolve to \"Yes\", and \"xAI\" would resolve to \"No\")[39m
[31m+[39m
[31m+ The resolution source for this market is the Chatbot Arena LLM Leaderboard found at https://lmarena.ai/. If this resolution source is unavailable at check time, this market will remain open until the leaderboard comes back online and resolve based on the first check after it becomes available. If it becomes permanently unavailable, this market will resolve based on another resolution source.",[39m
[31m+         "endDate": "2025-12-31",[39m
[31m+         "featured": false,[39m
[31m+         "liquidity": null,[39m
[31m+         "marketSlug": null,[39m
[31m+         "question": "Will xAI have the top AI model on December 31?",[39m
[31m+         "questionId": "0x0988e77ed51d8e78f5a210eeb5b18cdb04fe71132ebda6d4217229b0a1742a02",[39m
[31m+         "source": "polymarket",[39m
[31m+         "startDate": "2025-06-02 19:36:00+00",[39m
[31m+         "status": "active",[39m
[31m+         "tags": null,[39m
[31m+         "thatOdds": null,[39m
[31m+         "thatOption": "No",[39m
[31m+         "thisOdds": null,[39m
[31m+         "thisOption": "Yes",[39m
[31m+         "updatedAt": 2025-11-27T06:23:26.095Z,[39m
[31m+         "volume": null,[39m
[31m+         "volume24hr": null,[39m
[31m+       },[39m
[31m+       {[39m
[31m+         "author": "0x91430CaD2d3975766499717fA0D66A78D814E5c5",[39m
[31m+         "category": null,[39m
[31m+         "conditionId": "0x082c611e9d2e294e256c7e6bd40aba498eb6ca2c0d2dc9bf5b8fdce5b5e8af9b",[39m
[31m+         "createdAt": 2025-11-27T06:23:26.096Z,[39m
[31m+         "description": "This market will resolve to \"Yes\" if any model owned by Anthropic has the highest arena score based off the Chatbot Arena LLM Leaderboard (https://lmarena.ai/leaderboard/text) when the table under the \"Leaderboard\" tab is checked on December 31, 2025, 12:00 PM ET. Otherwise, this market will resolve to \"No\".[39m
[31m+[39m
[31m+ If two models are tied for the top arena score at this market's check time, resolution will be based on whichever company's name, as it is described in this market group, comes first in alphabetical order (e.g. if both were tied, \"Google\" would resolve to \"Yes\", and \"xAI\" would resolve to \"No\")[39m
[31m+[39m
[31m+ The resolution source for this market is the Chatbot Arena LLM Leaderboard found at https://lmarena.ai/. If this resolution source is unavailable at check time, this market will remain open until the leaderboard comes back online and resolve based on the first check after it becomes available. If it becomes permanently unavailable, this market will resolve based on another resolution source.",[39m
[31m+         "endDate": "2025-12-31",[39m
[31m+         "featured": false,[39m
[31m+         "liquidity": null,[39m
[31m+         "marketSlug": null,[39m
[31m+         "question": "Will Anthropic have the top AI model on December 31?",[39m
[31m+         "questionId": "0x0988e77ed51d8e78f5a210eeb5b18cdb04fe71132ebda6d4217229b0a1742a03",[39m
[31m+         "source": "polymarket",[39m
[31m+         "startDate": "2025-06-02 19:36:00+00",[39m
[31m+         "status": "active",[39m
[31m+         "tags": null,[39m
[31m+         "thatOdds": null,[39m
[31m+         "thatOption": "No",[39m
[31m+         "thisOdds": null,[39m
[31m+         "thisOption": "Yes",[39m
[31m+         "updatedAt": 2025-11-27T06:23:26.096Z,[39m
[31m+         "volume": null,[39m
[31m+         "volume24hr": null,[39m
[31m+       },[39m
[31m+       {[39m
[31m+         "author": "0x91430CaD2d3975766499717fA0D66A78D814E5c5",[39m
[31m+         "category": null,[39m
[31m+         "conditionId": "0x8309a3b9eb96171c215153b8dccc3bcbcfa84d709f10d9319f5cb8874ff2c728",[39m
[31m+         "createdAt": 2025-11-27T06:23:26.096Z,[39m
[31m+         "description": "This market will resolve to \"Yes\" if any model owned by Meta has the highest arena score based off the Chatbot Arena LLM Leaderboard (https://lmarena.ai/leaderboard/text) when the table under the \"Leaderboard\" tab is checked on December 31, 2025, 12:00 PM ET. Otherwise, this market will resolve to \"No\".[39m
[31m+[39m
[31m+ If two models are tied for the top arena score at this market's check time, resolution will be based on whichever company's name, as it is described in this market group, comes first in alphabetical order (e.g. if both were tied, \"Google\" would resolve to \"Yes\", and \"xAI\" would resolve to \"No\")[39m
[31m+[39m
[31m+ The resolution source for this market is the Chatbot Arena LLM Leaderboard found at https://lmarena.ai/. If this resolution source is unavailable at check time, this market will remain open until the leaderboard comes back online and resolve based on the first check after it becomes available. If it becomes permanently unavailable, this market will resolve based on another resolution source.",[39m
[31m+         "endDate": "2025-12-31",[39m
[31m+         "featured": false,[39m
[31m+         "liquidity": null,[39m
[31m+         "marketSlug": null,[39m
[31m+         "question": "Will Meta have the top AI model on December 31?",[39m
[31m+         "questionId": "0x0988e77ed51d8e78f5a210eeb5b18cdb04fe71132ebda6d4217229b0a1742a04",[39m
[31m+         "source": "polymarket",[39m
[31m+         "startDate": "2025-06-02 19:36:00+00",[39m
[31m+         "status": "active",[39m
[31m+         "tags": null,[39m
[31m+         "thatOdds": null,[39m
[31m+         "thatOption": "No",[39m
[31m+         "thisOdds": null,[39m
[31m+         "thisOption": "Yes",[39m
[31m+         "updatedAt": 2025-11-27T06:23:26.096Z,[39m
[31m+         "volume": null,[39m
[31m+         "volume24hr": null,[39m
[31m+       },[39m
[31m+       {[39m
[31m+         "author": "0x91430CaD2d3975766499717fA0D66A78D814E5c5",[39m
[31m+         "category": null,[39m
[31m+         "conditionId": "0x5f8c3f31e7c3f5470f016e036848ff7495031bd45aec804b9bef539490866fd7",[39m
[31m+         "createdAt": 2025-11-27T06:23:26.097Z,[39m
[31m+         "description": "This market will resolve to \"Yes\" if any model owned by Company B has the highest arena score based off the Chatbot Arena LLM Leaderboard (https://lmarena.ai/) when the table under the \"Leaderboard\" tab is checked on December 31, 2025, 12:00 PM ET. Otherwise, this market will resolve to \"No\".[39m
[31m+[39m
[31m+ This market may be updated in the future to replace Company B with the name of another company.[39m
[31m+[39m
[31m+ If two models are tied for the top arena score at this market's check time, resolution will be based on whichever company's name, as it is described in this market group, comes first in alphabetical order (e.g. if both were tied, \"Google\" would resolve to \"Yes\", and \"xAI\" would resolve to \"No\")[39m
[31m+[39m
[31m+ The resolution source for this market is the Chatbot Arena LLM Leaderboard found at https://lmarena.ai/. If this resolution source is unavailable at check time, this market will remain open until the leaderboard comes back online and resolve based on the first check after it becomes available. If it becomes permanently unavailable, this market will resolve based on another resolution source.",[39m
[31m+         "endDate": "2025-12-31",[39m
[31m+         "featured": false,[39m
[31m+         "liquidity": null,[39m
[31m+         "marketSlug": null,[39m
[31m+         "question": "Will Mistral AI have the top AI model on December 31?",[39m
[31m+         "questionId": "0x0988e77ed51d8e78f5a210eeb5b18cdb04fe71132ebda6d4217229b0a1742a07",[39m
[31m+         "source": "polymarket",[39m
[31m+         "startDate": "2025-06-02 19:36:00+00",[39m
[31m+         "status": "active",[39m
[31m+         "tags": null,[39m
[31m+         "thatOdds": null,[39m
[31m+         "thatOption": "No",[39m
[31m+         "thisOdds": null,[39m
[31m+         "thisOption": "Yes",[39m
[31m+         "updatedAt": 2025-11-27T06:23:26.097Z,[39m
[31m+         "volume": null,[39m
[31m+         "volume24hr": null,[39m
[31m+       },[39m
[31m+       {[39m
[31m+         "author": "0x91430CaD2d3975766499717fA0D66A78D814E5c5",[39m
[31m+         "category": null,[39m
[31m+         "conditionId": "0xbd5d14cd97a2cb4adff187b466d81801bffbed81980d0917356f1a9a35667018",[39m
[31m+         "createdAt": 2025-11-27T06:23:26.097Z,[39m
[31m+         "description": "This market will resolve to \"Yes\" if any model owned by Company I has the highest arena score based off the Chatbot Arena LLM Leaderboard (https://lmarena.ai/) when the table under the \"Leaderboard\" tab is checked on December 31, 2025, 12:00 PM ET. Otherwise, this market will resolve to \"No\".[39m
[31m+[39m
[31m+ This market may be updated in the future to replace Company I with the name of another company.[39m
[31m+[39m
[31m+ If two models are tied for the top arena score at this market's check time, resolution will be based on whichever company's name, as it is described in this market group, comes first in alphabetical order (e.g. if both were tied, \"Google\" would resolve to \"Yes\", and \"xAI\" would resolve to \"No\")[39m
[31m+[39m
[31m+ The resolution source for this market is the Chatbot Arena LLM Leaderboard found at https://lmarena.ai/. If this resolution source is unavailable at check time, this market will remain open until the leaderboard comes back online and resolve based on the first check after it becomes available. If it becomes permanently unavailable, this market will resolve based on another resolution source.",[39m
[31m+         "endDate": "2025-12-31",[39m
[31m+         "featured": false,[39m
[31m+         "liquidity": null,[39m
[31m+         "marketSlug": null,[39m
[31m+         "question": "Will Company I have the top AI model on December 31?",[39m
[31m+         "questionId": "0x0988e77ed51d8e78f5a210eeb5b18cdb04fe71132ebda6d4217229b0a1742a0e",[39m
[31m+         "source": "polymarket",[39m
[31m+         "startDate": "2025-06-02 19:36:00+00",[39m
[31m+         "status": "closed",[39m
[31m+         "tags": null,[39m
[31m+         "thatOdds": null,[39m
[31m+         "thatOption": "No",[39m
[31m+         "thisOdds": null,[39m
[31m+         "thisOption": "Yes",[39m
[31m+         "updatedAt": 2025-11-27T06:23:26.097Z,[39m
[31m+         "volume": null,[39m
[31m+         "volume24hr": null,[39m
[31m+       },[39m
[31m+       {[39m
[31m+         "author": "0x91430CaD2d3975766499717fA0D66A78D814E5c5",[39m
[31m+         "category": null,[39m
[31m+         "conditionId": "0xa6852cb4eaf23193e9dc073471131102017ba31ac9571f5ee8a12c4cc1800d7c",[39m
[31m+         "createdAt": 2025-11-27T06:23:26.098Z,[39m
[31m+         "description": "This market will resolve to \"Yes\" if any model owned by DeepSeek has the highest arena score based off the Chatbot Arena LLM Leaderboard (https://lmarena.ai/leaderboard/text) when the table under the \"Leaderboard\" tab is checked on December 31, 2025, 12:00 PM ET. Otherwise, this market will resolve to \"No\".[39m
[31m+[39m
[31m+ If two models are tied for the top arena score at this market's check time, resolution will be based on whichever company's name, as it is described in this market group, comes first in alphabetical order (e.g. if both were tied, \"Google\" would resolve to \"Yes\", and \"xAI\" would resolve to \"No\")[39m
[31m+[39m
[31m+ The resolution source for this market is the Chatbot Arena LLM Leaderboard found at https://lmarena.ai/. If this resolution source is unavailable at check time, this market will remain open until the leaderboard comes back online and resolve based on the first check after it becomes available. If it becomes permanently unavailable, this market will resolve based on another resolution source.",[39m
[31m+         "endDate": "2025-12-31",[39m
[31m+         "featured": false,[39m
[31m+         "liquidity": null,[39m
[31m+         "marketSlug": null,[39m
[31m+         "question": "Will DeepSeek have the top AI model on December 31?",[39m
[31m+         "questionId": "0x0988e77ed51d8e78f5a210eeb5b18cdb04fe71132ebda6d4217229b0a1742a05",[39m
[31m+         "source": "polymarket",[39m
[31m+         "startDate": "2025-06-02 19:36:00+00",[39m
[31m+         "status": "active",[39m
[31m+         "tags": null,[39m
[31m+         "thatOdds": null,[39m
[31m+         "thatOption": "No",[39m
[31m+         "thisOdds": null,[39m
[31m+         "thisOption": "Yes",[39m
[31m+         "updatedAt": 2025-11-27T06:23:26.098Z,[39m
[31m+         "volume": null,[39m
[31m+         "volume24hr": null,[39m
[31m+       },[39m
[31m+       {[39m
[31m+         "author": "0x91430CaD2d3975766499717fA0D66A78D814E5c5",[39m
[31m+         "category": null,[39m
[31m+         "conditionId": "0x980251a1e4d3da42eb87027706ad1663d511428403fa63ca6af747dd55e0302c",[39m
[31m+         "createdAt": 2025-11-27T06:23:26.098Z,[39m
[31m+         "description": "This market will resolve to \"Yes\" if any model owned by a company not otherwise named in this market group has the highest arena score based off the Chatbot Arena LLM Leaderboard (https://lmarena.ai/) when the table under the \"Leaderboard\" tab is checked on December 31, 2025, 12:00 PM ET. Otherwise, this market will resolve to \"No\".[39m
[31m+[39m
[31m+ If two models are tied for the top arena score at this market's check time, resolution will be based on whichever company's name, as it is described in this market group, comes first in alphabetical order (e.g. if both were tied, \"Google\" would resolve to \"Yes\", and \"xAI\" would resolve to \"No\")[39m
[31m+[39m
[31m+ The resolution source for this market is the Chatbot Arena LLM Leaderboard found at https://lmarena.ai/. If this resolution source is unavailable at check time, this market will remain open until the leaderboard comes back online and resolve based on the first check after it becomes available. If it becomes permanently unavailable, this market will resolve based on another resolution source.",[39m
[31m+         "endDate": "2025-12-31",[39m
[31m+         "featured": false,[39m
[31m+         "liquidity": null,[39m
[31m+         "marketSlug": null,[39m
[31m+         "question": "Will another company have the top AI model on December 31?",[39m
[31m+         "questionId": "0x0988e77ed51d8e78f5a210eeb5b18cdb04fe71132ebda6d4217229b0a1742a10",[39m
[31m+         "source": "polymarket",[39m
[31m+         "startDate": "2025-06-02 19:36:00+00",[39m
[31m+         "status": "closed",[39m
[31m+         "tags": null,[39m
[31m+         "thatOdds": null,[39m
[31m+         "thatOption": "No",[39m
[31m+         "thisOdds": null,[39m
[31m+         "thisOption": "Yes",[39m
[31m+         "updatedAt": 2025-11-27T06:23:26.098Z,[39m
[31m+         "volume": null,[39m
[31m+         "volume24hr": null,[39m
[31m+       },[39m
[31m+       {[39m
[31m+         "author": "0x91430CaD2d3975766499717fA0D66A78D814E5c5",[39m
[31m+         "category": null,[39m
[31m+         "conditionId": "0xf2b177d6267194487880857175f9876fb2d352188f681dfe8bb732a665512305",[39m
[31m+         "createdAt": 2025-11-27T06:23:26.099Z,[39m
[31m+         "description": "This market will resolve to \"Yes\" if any model owned by Company C has the highest arena score based off the Chatbot Arena LLM Leaderboard (https://lmarena.ai/) when the table under the \"Leaderboard\" tab is checked on December 31, 2025, 12:00 PM ET. Otherwise, this market will resolve to \"No\".[39m
[31m+[39m
[31m+ This market may be updated in the future to replace Company C with the name of another company.[39m
[31m+[39m
[31m+ If two models are tied for the top arena score at this market's check time, resolution will be based on whichever company's name, as it is described in this market group, comes first in alphabetical order (e.g. if both were tied, \"Google\" would resolve to \"Yes\", and \"xAI\" would resolve to \"No\")[39m
[31m+[39m
[31m+ The resolution source for this market is the Chatbot Arena LLM Leaderboard found at https://lmarena.ai/. If this resolution source is unavailable at check time, this market will remain open until the leaderboard comes back online and resolve based on the first check after it becomes available. If it becomes permanently unavailable, this market will resolve based on another resolution source.",[39m
[31m+         "endDate": "2025-12-31",[39m
[31m+         "featured": false,[39m
[31m+         "liquidity": null,[39m
[31m+         "marketSlug": null,[39m
[31m+         "question": "Will Microsoft have the top AI model on December 31?",[39m
[31m+         "questionId": "0x0988e77ed51d8e78f5a210eeb5b18cdb04fe71132ebda6d4217229b0a1742a08",[39m
[31m+         "source": "polymarket",[39m
[31m+         "startDate": "2025-06-02 19:36:00+00",[39m
[31m+         "status": "active",[39m
[31m+         "tags": null,[39m
[31m+         "thatOdds": null,[39m
[31m+         "thatOption": "No",[39m
[31m+         "thisOdds": null,[39m
[31m+         "thisOption": "Yes",[39m
[31m+         "updatedAt": 2025-11-27T06:23:26.099Z,[39m
[31m+         "volume": null,[39m
[31m+         "volume24hr": null,[39m
[31m+       },[39m
[31m+       {[39m
[31m+         "author": "0x91430CaD2d3975766499717fA0D66A78D814E5c5",[39m
[31m+         "category": null,[39m
[31m+         "conditionId": "0xeefdfb2a32f7304c9f07a7a752731529b6b28085c02cc711d9714f9f0511fc14",[39m
[31m+         "createdAt": 2025-11-27T06:23:26.099Z,[39m
[31m+         "description": "This market will resolve to \"Yes\" if any model owned by Company D has the highest arena score based off the Chatbot Arena LLM Leaderboard (https://lmarena.ai/) when the table under the \"Leaderboard\" tab is checked on December 31, 2025, 12:00 PM ET. Otherwise, this market will resolve to \"No\".[39m
[31m+[39m
[31m+ This market may be updated in the future to replace Company D with the name of another company.[39m
[31m+[39m
[31m+ If two models are tied for the top arena score at this market's check time, resolution will be based on whichever company's name, as it is described in this market group, comes first in alphabetical order (e.g. if both were tied, \"Google\" would resolve to \"Yes\", and \"xAI\" would resolve to \"No\")[39m
[31m+[39m
[31m+ The resolution source for this market is the Chatbot Arena LLM Leaderboard found at https://lmarena.ai/. If this resolution source is unavailable at check time, this market will remain open until the leaderboard comes back online and resolve based on the first check after it becomes available. If it becomes permanently unavailable, this market will resolve based on another resolution source.",[39m
[31m+         "endDate": "2025-12-31",[39m
[31m+         "featured": false,[39m
[31m+         "liquidity": null,[39m
[31m+         "marketSlug": null,[39m
[31m+         "question": "Will Z.ai have the top AI model on December 31?",[39m
[31m+         "questionId": "0x0988e77ed51d8e78f5a210eeb5b18cdb04fe71132ebda6d4217229b0a1742a09",[39m
[31m+         "source": "polymarket",[39m
[31m+         "startDate": "2025-06-02 19:36:00+00",[39m
[31m+         "status": "active",[39m
[31m+         "tags": null,[39m
[31m+         "thatOdds": null,[39m
[31m+         "thatOption": "No",[39m
[31m+         "thisOdds": null,[39m
[31m+         "thisOption": "Yes",[39m
[31m+         "updatedAt": 2025-11-27T06:23:26.099Z,[39m
[31m+         "volume": null,[39m
[31m+         "volume24hr": null,[39m
[31m+       },[39m
[31m+       {[39m
[31m+         "author": "0x91430CaD2d3975766499717fA0D66A78D814E5c5",[39m
[31m+         "category": null,[39m
[31m+         "conditionId": "0x194ebc88a5f54c3882a5a29a4f62efd45c0cedb23554820e54f1d00d149c4879",[39m
[31m+         "createdAt": 2025-11-27T06:23:26.100Z,[39m
[31m+         "description": "This market will resolve to \"Yes\" if any model owned by Company G has the highest arena score based off the Chatbot Arena LLM Leaderboard (https://lmarena.ai/) when the table under the \"Leaderboard\" tab is checked on December 31, 2025, 12:00 PM ET. Otherwise, this market will resolve to \"No\".[39m
[31m+[39m
[31m+ This market may be updated in the future to replace Company G with the name of another company.[39m
[31m+[39m
[31m+ If two models are tied for the top arena score at this market's check time, resolution will be based on whichever company's name, as it is described in this market group, comes first in alphabetical order (e.g. if both were tied, \"Google\" would resolve to \"Yes\", and \"xAI\" would resolve to \"No\")[39m
[31m+[39m
[31m+ The resolution source for this market is the Chatbot Arena LLM Leaderboard found at https://lmarena.ai/. If this resolution source is unavailable at check time, this market will remain open until the leaderboard comes back online and resolve based on the first check after it becomes available. If it becomes permanently unavailable, this market will resolve based on another resolution source.",[39m
[31m+         "endDate": "2025-12-31",[39m
[31m+         "featured": false,[39m
[31m+         "liquidity": null,[39m
[31m+         "marketSlug": null,[39m
[31m+         "question": "Will Company G have the top AI model on December 31?",[39m
[31m+         "questionId": "0x0988e77ed51d8e78f5a210eeb5b18cdb04fe71132ebda6d4217229b0a1742a0c",[39m
[31m+         "source": "polymarket",[39m
[31m+         "startDate": "2025-06-02 19:36:00+00",[39m
[31m+         "status": "closed",[39m
[31m+         "tags": null,[39m
[31m+         "thatOdds": null,[39m
[31m+         "thatOption": "No",[39m
[31m+         "thisOdds": null,[39m
[31m+         "thisOption": "Yes",[39m
[31m+         "updatedAt": 2025-11-27T06:23:26.100Z,[39m
[31m+         "volume": null,[39m
[31m+         "volume24hr": null,[39m
[31m+       },[39m
[31m+       {[39m
[31m+         "author": "0x91430CaD2d3975766499717fA0D66A78D814E5c5",[39m
[31m+         "category": null,[39m
[31m+         "conditionId": "0x552c0807e8b239ef4e7ecb9d9e192519ba283acb731c5bd89b6b1cda658a2f8c",[39m
[31m+         "createdAt": 2025-11-27T06:23:26.100Z,[39m
[31m+         "description": "This market will resolve to \"Yes\" if any model owned by Company E has the highest arena score based off the Chatbot Arena LLM Leaderboard (https://lmarena.ai/) when the table under the \"Leaderboard\" tab is checked on December 31, 2025, 12:00 PM ET. Otherwise, this market will resolve to \"No\".[39m
[31m+[39m
[31m+ This market may be updated in the future to replace Company E with the name of another company.[39m
[31m+[39m
[31m+ If two models are tied for the top arena score at this market's check time, resolution will be based on whichever company's name, as it is described in this market group, comes first in alphabetical order (e.g. if both were tied, \"Google\" would resolve to \"Yes\", and \"xAI\" would resolve to \"No\")[39m
[31m+[39m
[31m+ The resolution source for this market is the Chatbot Arena LLM Leaderboard found at https://lmarena.ai/. If this resolution source is unavailable at check time, this market will remain open until the leaderboard comes back online and resolve based on the first check after it becomes available. If it becomes permanently unavailable, this market will resolve based on another resolution source.",[39m
[31m+         "endDate": "2025-12-31",[39m
[31m+         "featured": false,[39m
[31m+         "liquidity": null,[39m
[31m+         "marketSlug": null,[39m
[31m+         "question": "Will Tencent have the top AI model on December 31?",[39m
[31m+         "questionId": "0x0988e77ed51d8e78f5a210eeb5b18cdb04fe71132ebda6d4217229b0a1742a0a",[39m
[31m+         "source": "polymarket",[39m
[31m+         "startDate": "2025-06-02 19:36:00+00",[39m
[31m+         "status": "active",[39m
[31m+         "tags": null,[39m
[31m+         "thatOdds": null,[39m
[31m+         "thatOption": "No",[39m
[31m+         "thisOdds": null,[39m
[31m+         "thisOption": "Yes",[39m
[31m+         "updatedAt": 2025-11-27T06:23:26.100Z,[39m
[31m+         "volume": null,[39m
[31m+         "volume24hr": null,[39m
[31m+       },[39m
[31m+       {[39m
[31m+         "author": "0x91430CaD2d3975766499717fA0D66A78D814E5c5",[39m
[31m+         "category": null,[39m
[31m+         "conditionId": "0x4928bece364d2def95c920459ab1fa54f449f99f33b0dbc93d6a84f80d9c9669",[39m
[31m+         "createdAt": 2025-11-27T06:23:26.100Z,[39m
[31m+         "description": "This market will resolve to \"Yes\" if any model owned by Company F has the highest arena score based off the Chatbot Arena LLM Leaderboard (https://lmarena.ai/) when the table under the \"Leaderboard\" tab is checked on December 31, 2025, 12:00 PM ET. Otherwise, this market will resolve to \"No\".[39m
[31m+[39m
[31m+ This market may be updated in the future to replace Company F with the name of another company.[39m
[31m+[39m
[31m+ If two models are tied for the top arena score at this market's check time, resolution will be based on whichever company's name, as it is described in this market group, comes first in alphabetical order (e.g. if both were tied, \"Google\" would resolve to \"Yes\", and \"xAI\" would resolve to \"No\")[39m
[31m+[39m
[31m+ The resolution source for this market is the Chatbot Arena LLM Leaderboard found at https://lmarena.ai/. If this resolution source is unavailable at check time, this market will remain open until the leaderboard comes back online and resolve based on the first check after it becomes available. If it becomes permanently unavailable, this market will resolve based on another resolution source.",[39m
[31m+         "endDate": "2025-12-31",[39m
[31m+         "featured": false,[39m
[31m+         "liquidity": null,[39m
[31m+         "marketSlug": null,[39m
[31m+         "question": "Will Moonshot have the top AI model on December 31?",[39m
[31m+         "questionId": "0x0988e77ed51d8e78f5a210eeb5b18cdb04fe71132ebda6d4217229b0a1742a0b",[39m
[31m+         "source": "polymarket",[39m
[31m+         "startDate": "2025-06-02 19:36:00+00",[39m
[31m+         "status": "active",[39m
[31m+         "tags": null,[39m
[31m+         "thatOdds": null,[39m
[31m+         "thatOption": "No",[39m
[31m+         "thisOdds": null,[39m
[31m+         "thisOption": "Yes",[39m
[31m+         "updatedAt": 2025-11-27T06:23:26.100Z,[39m
[31m+         "volume": null,[39m
[31m+         "volume24hr": null,[39m
[31m+       },[39m
[31m+       {[39m
[31m+         "author": "0x91430CaD2d3975766499717fA0D66A78D814E5c5",[39m
[31m+         "category": null,[39m
[31m+         "conditionId": "0x3d55e76c297ecaffd1d46d05564895c0ee0b44ac710519bf7f8a4665eb3c5727",[39m
[31m+         "createdAt": 2025-11-27T06:23:26.101Z,[39m
[31m+         "description": "This market will resolve to \"Yes\" if any model owned by Company H has the highest arena score based off the Chatbot Arena LLM Leaderboard (https://lmarena.ai/) when the table under the \"Leaderboard\" tab is checked on December 31, 2025, 12:00 PM ET. Otherwise, this market will resolve to \"No\".[39m
[31m+[39m
[31m+ This market may be updated in the future to replace Company H with the name of another company.[39m
[31m+[39m
[31m+ If two models are tied for the top arena score at this market's check time, resolution will be based on whichever company's name, as it is described in this market group, comes first in alphabetical order (e.g. if both were tied, \"Google\" would resolve to \"Yes\", and \"xAI\" would resolve to \"No\")[39m
[31m+[39m
[31m+ The resolution source for this market is the Chatbot Arena LLM Leaderboard found at https://lmarena.ai/. If this resolution source is unavailable at check time, this market will remain open until the leaderboard comes back online and resolve based on the first check after it becomes available. If it becomes permanently unavailable, this market will resolve based on another resolution source.",[39m
[31m+         "endDate": "2025-12-31",[39m
[31m+         "featured": false,[39m
[31m+         "liquidity": null,[39m
[31m+         "marketSlug": null,[39m
[31m+         "question": "Will Company H have the top AI model on December 31?",[39m
[31m+         "questionId": "0x0988e77ed51d8e78f5a210eeb5b18cdb04fe71132ebda6d4217229b0a1742a0d",[39m
[31m+         "source": "polymarket",[39m
[31m+         "startDate": "2025-06-02 19:36:00+00",[39m
[31m+         "status": "closed",[39m
[31m+         "tags": null,[39m
[31m+         "thatOdds": null,[39m
[31m+         "thatOption": "No",[39m
[31m+         "thisOdds": null,[39m
[31m+         "thisOption": "Yes",[39m
[31m+         "updatedAt": 2025-11-27T06:23:26.101Z,[39m
[31m+         "volume": null,[39m
[31m+         "volume24hr": null,[39m
[31m+       },[39m
[31m+       {[39m
[31m+         "author": "0x91430CaD2d3975766499717fA0D66A78D814E5c5",[39m
[31m+         "category": null,[39m
[31m+         "conditionId": "0x25aa360d6ea9d7b024b62e8fa60854a7c25c81f072831f1dbb4104bfb803844b",[39m
[31m+         "createdAt": 2025-11-27T06:23:26.102Z,[39m
[31m+         "description": "This market will resolve to \"Yes\" if any model owned by Company J has the highest arena score based off the Chatbot Arena LLM Leaderboard (https://lmarena.ai/) when the table under the \"Leaderboard\" tab is checked on December 31, 2025, 12:00 PM ET. Otherwise, this market will resolve to \"No\".[39m
[31m+[39m
[31m+ This market may be updated in the future to replace Company J with the name of another company.[39m
[31m+[39m
[31m+ If two models are tied for the top arena score at this market's check time, resolution will be based on whichever company's name, as it is described in this market group, comes first in alphabetical order (e.g. if both were tied, \"Google\" would resolve to \"Yes\", and \"xAI\" would resolve to \"No\")[39m
[31m+[39m
[31m+ The resolution source for this market is the Chatbot Arena LLM Leaderboard found at https://lmarena.ai/. If this resolution source is unavailable at check time, this market will remain open until the leaderboard comes back online and resolve based on the first check after it becomes available. If it becomes permanently unavailable, this market will resolve based on another resolution source.",[39m
[31m+         "endDate": "2025-12-31",[39m
[31m+         "featured": false,[39m
[31m+         "liquidity": null,[39m
[31m+         "marketSlug": null,[39m
[31m+         "question": "Will Company J have the top AI model on December 31?",[39m
[31m+         "questionId": "0x0988e77ed51d8e78f5a210eeb5b18cdb04fe71132ebda6d4217229b0a1742a0f",[39m
[31m+         "source": "polymarket",[39m
[31m+         "startDate": "2025-06-02 19:36:00+00",[39m
[31m+         "status": "closed",[39m
[31m+         "tags": null,[39m
[31m+         "thatOdds": null,[39m
[31m+         "thatOption": "No",[39m
[31m+         "thisOdds": null,[39m
[31m+         "thisOption": "Yes",[39m
[31m+         "updatedAt": 2025-11-27T06:23:26.102Z,[39m
[31m+         "volume": null,[39m
[31m+         "volume24hr": null,[39m
[31m+       },[39m
[31m+     ],[39m
[31m+     "status": "active",[39m
[31m+     "totalLiquidity": 0,[39m
[31m+     "totalVolume": 0,[39m
[31m+     "updatedAt": 2025-11-27T06:23:26.102Z,[39m
[31m+   },[39m
[31m+   {[39m
[31m+     "_id": "6927db32f2bec3838f4c013f",[39m
[31m+     "category": null,[39m
[31m+     "createdAt": 2025-11-27T06:23:26.094Z,[39m
[31m+     "eventDescription": "This market will resolve to \"Yes\" if the Federal Open Market Committee (FOMC) holds an emergency meeting after which the upper bound of the target federal funds rate is lowered between January 1 and December 31, 2025, 11:59 PM ET. Otherwise, this market will resolve to \"No\".[39m
[31m+[39m
[31m+ An emergency meeting is defined as any unscheduled meeting called by the Federal Reserve Board or the Federal Open Market Committee (FOMC) apart from the regular eight pre-scheduled meetings for 2025.[39m
[31m+[39m
[31m+ The resolution source will be official announcements from the Federal Reserve’s website (federalreserve.gov) or credible news sources reporting on the emergency meeting.",[39m
[31m+     "eventIcon": "https://polymarket-upload.s3.us-east-2.amazonaws.com/fed-emergency-rate-cut-in-2025-Qswtta0b_qXR.jpg",[39m
[31m+     "eventId": "16093",[39m
[31m+     "eventImage": "https://polymarket-upload.s3.us-east-2.amazonaws.com/fed-emergency-rate-cut-in-2025-Qswtta0b_qXR.jpg",[39m
[31m+     "eventSlug": "fed-emergency-rate-cut-in-2025",[39m
[31m+     "eventTitle": "Fed emergency rate cut in 2025?",[39m
[31m+     "markets": [[39m
[31m+       {[39m
[31m+         "author": "0x91430CaD2d3975766499717fA0D66A78D814E5c5",[39m
[31m+         "category": null,[39m
[31m+         "conditionId": "0xcddb4f52babca280f8e5fc4b9146f2520f0bfb88e134ff9ac8d52ea674185d79",[39m
[31m+         "createdAt": 2025-11-27T06:23:26.094Z,[39m
[31m+         "description": "This market will resolve to \"Yes\" if the Federal Open Market Committee (FOMC) holds an emergency meeting after which the upper bound of the target federal funds rate is lowered between January 1 and December 31, 2025, 11:59 PM ET. Otherwise, this market will resolve to \"No\".[39m
[31m+[39m
[31m+ An emergency meeting is defined as any unscheduled meeting called by the Federal Reserve Board or the Federal Open Market Committee (FOMC) apart from the regular eight pre-scheduled meetings for 2025.[39m
[31m+[39m
[31m+ The resolution source will be official announcements from the Federal Reserve’s website (federalreserve.gov) or credible news sources reporting on the emergency meeting.",[39m
[31m+         "endDate": "2025-12-31",[39m
[31m+         "featured": false,[39m
[31m+         "liquidity": null,[39m
[31m+         "marketSlug": null,[39m
[31m+         "question": "Fed emergency rate cut in 2025?",[39m
[31m+         "questionId": "0x71042e31b69702d1f6c0bbde0f8b99fdb484d2065496b9cf6c070222c02128ba",[39m
[31m+         "source": "polymarket",[39m
[31m+         "startDate": null,[39m
[31m+         "status": "active",[39m
[31m+         "tags": null,[39m
[31m+         "thatOdds": null,[39m
[31m+         "thatOption": "No",[39m
[31m+         "thisOdds": null,[39m
[31m+         "thisOption": "Yes",[39m
[31m+         "updatedAt": 2025-11-27T06:23:26.094Z,[39m
[31m+         "volume": null,[39m
[31m+         "volume24hr": null,[39m
[31m+       },[39m
[31m+     ],[39m
[31m+     "status": "active",[39m
[31m+     "totalLiquidity": 0,[39m
[31m+     "totalVolume": 0,[39m
[31m+     "updatedAt": 2025-11-27T06:23:26.094Z,[39m
[31m+   },[39m
[31m+   {[39m
[31m+     "_id": "691f17075b1ab03ea6326f2d",[39m
[31m+     "category": null,[39m
[31m+     "createdAt": 2025-11-27T06:23:26.093Z,[39m
[31m+     "eventDescription": "This market will resolve to “Yes”, if either of the following conditions are met:[39m
[31m+[39m
[31m+ 1.  The National Bureau of Economic Research (NBER) publicly announces that a recession has occurred in the United States, at any point in 2025, with the announcement made by December 31, 2025, 11:59 PM ET.[39m
[31m+[39m
[31m+ 2.  The seasonally adjusted annualized percent change in quarterly U.S. real GDP from the previous quarter is less than 0.0 for two consecutive quarters between Q4 2024 and Q4 2025 (inclusive), as reported by the Bureau of Economic Analysis (BEA). [39m
[31m+[39m
[31m+ Otherwise, this market will resolve to \"No\". [39m
[31m+[39m
[31m+ Note that advance estimates will be considered. For example, if upon release, the advance estimate for Q2 2025 was negative, and the Q1 2025's most recent, up-to-date estimate was also negative, this market would resolve to \"Yes\". If on December 31, 2025 the latest estimate for quarterly GDP in Q3 2025 was negative, this market will stay open until the Advance estimate of Q4 2025 is published, at which point it will resolve to \"Yes\" if Q4 2025 was negative or if the NBER declares a recession by then.[39m
[31m+[39m
[31m+ The resolution source will be the official announcements from the NBER and the BEA’s estimate of seasonally adjusted annualized percent change in quarterly US real GDP from previous quarters as released by the Bureau of Economic Analysis (BEA), https://www.bea.gov/data/gdp/gross-domestic-product",[39m
[31m+     "eventIcon": "https://polymarket-upload.s3.us-east-2.amazonaws.com/us-recession-in-2025-01ZjnLjvO4a3.jpg",[39m
[31m+     "eventId": "16092",[39m
[31m+     "eventImage": "https://polymarket-upload.s3.us-east-2.amazonaws.com/us-recession-in-2025-01ZjnLjvO4a3.jpg",[39m
[31m+     "eventSlug": "us-recession-in-2025",[39m
[31m+     "eventTitle": "US recession in 2025?",[39m
[31m+     "markets": [[39m
[31m+       {[39m
[31m+         "author": "0x91430CaD2d3975766499717fA0D66A78D814E5c5",[39m
[31m+         "category": null,[39m
[31m+         "conditionId": "0xfa48a99317daef1654d5b03e30557c4222f276657275628d9475e141c64b545d",[39m
[31m+         "createdAt": 2025-11-27T06:23:26.093Z,[39m
[31m+         "description": "This market will resolve to “Yes”, if either of the following conditions are met:[39m
[31m+[39m
[31m+ 1.  The National Bureau of Economic Research (NBER) publicly announces that a recession has occurred in the United States, at any point in 2025, with the announcement made by December 31, 2025, 11:59 PM ET.[39m
[31m+[39m
[31m+ 2.  The seasonally adjusted annualized percent change in quarterly U.S. real GDP from the previous quarter is less than 0.0 for two consecutive quarters between Q4 2024 and Q4 2025 (inclusive), as reported by the Bureau of Economic Analysis (BEA). [39m
[31m+[39m
[31m+ Otherwise, this market will resolve to \"No\". [39m
[31m+[39m
[31m+ Note that advance estimates will be considered. For example, if upon release, the advance estimate for Q2 2025 was negative, and the Q1 2025's most recent, up-to-date estimate was also negative, this market would resolve to \"Yes\". If on December 31, 2025 the latest estimate for quarterly GDP in Q3 2025 was negative, this market will stay open until the Advance estimate of Q4 2025 is published, at which point it will resolve to \"Yes\" if Q4 2025 was negative or if the NBER declares a recession by then.[39m
[31m+[39m
[31m+ The resolution source will be the official announcements from the NBER and the BEA’s estimate of seasonally adjusted annualized percent change in quarterly US real GDP from previous quarters as released by the Bureau of Economic Analysis (BEA), https://www.bea.gov/data/gdp/gross-domestic-product",[39m
[31m+         "endDate": "2026-02-28",[39m
[31m+         "featured": true,[39m
[31m+         "liquidity": null,[39m
[31m+         "marketSlug": null,[39m
[31m+         "question": "US recession in 2025?",[39m
[31m+         "questionId": "0xd87778fac13b570524bc8e8056bc235b3d696ecfcbe39afd754daca0741c419b",[39m
[31m+         "source": "polymarket",[39m
[31m+         "startDate": null,[39m
[31m+         "status": "active",[39m
[31m+         "tags": null,[39m
[31m+         "thatOdds": null,[39m
[31m+         "thatOption": "No",[39m
[31m+         "thisOdds": null,[39m
[31m+         "thisOption": "Yes",[39m
[31m+         "updatedAt": 2025-11-27T06:23:26.093Z,[39m
[31m+         "volume": null,[39m
[31m+         "volume24hr": null,[39m
[31m+       },[39m
[31m+     ],[39m
[31m+     "status": "active",[39m
[31m+     "totalLiquidity": 0,[39m
[31m+     "totalVolume": 0,[39m
[31m+     "updatedAt": 2025-11-27T06:23:26.093Z,[39m
[31m+   },[39m
[31m+   {[39m
[31m+     "_id": "691f17075b1ab03ea6326f2c",[39m
[31m+     "category": null,[39m
[31m+     "createdAt": 2025-11-27T06:23:26.092Z,[39m
[31m+     "eventDescription": "This is a market on predicting which company will be the largest by market capitalization on December 31, 2025.",[39m
[31m+     "eventIcon": "https://polymarket-upload.s3.us-east-2.amazonaws.com/largest-company-eoy-KS99l6lbxfCc.jpg",[39m
[31m+     "eventId": "16087",[39m
[31m+     "eventImage": "https://polymarket-upload.s3.us-east-2.amazonaws.com/largest-company-eoy-KS99l6lbxfCc.jpg",[39m
[31m+     "eventSlug": "largest-company-end-of-2025",[39m
[31m+     "eventTitle": "Largest Company end of 2025?",[39m
[31m+     "markets": [[39m
[31m+       {[39m
[31m+         "author": "0x91430CaD2d3975766499717fA0D66A78D814E5c5",[39m
[31m+         "category": null,[39m
[31m+         "conditionId": "0x0b16eb7741855ca3d4383fabb8b760c897c2165d603916497f484b87ba9826dc",[39m
[31m+         "createdAt": 2025-11-27T06:23:26.079Z,[39m
[31m+         "description": "This market will resolve to \"Yes\" if Nvidia is the largest company in the world by market cap on December 31, 2025, as of market close. Otherwise, this market will resolve to \"No\".[39m
[31m+[39m
[31m+ The resolution source for this market will be a consensus of credible reporting.",[39m
[31m+         "endDate": "2025-12-31",[39m
[31m+         "featured": false,[39m
[31m+         "liquidity": null,[39m
[31m+         "marketSlug": null,[39m
[31m+         "question": "Will NVIDIA be the largest company in the world by market cap on December 31?",[39m
[31m+         "questionId": "0x7fb7c5b533f51a6071719f91ad014eeab260a995442e2e8041501e22c8c9a200",[39m
[31m+         "source": "polymarket",[39m
[31m+         "startDate": null,[39m
[31m+         "status": "active",[39m
[31m+         "tags": null,[39m
[31m+         "thatOdds": null,[39m
[31m+         "thatOption": "No",[39m
[31m+         "thisOdds": null,[39m
[31m+         "thisOption": "Yes",[39m
[31m+         "updatedAt": 2025-11-27T06:23:26.079Z,[39m
[31m+         "volume": null,[39m
[31m+         "volume24hr": null,[39m
[31m+       },[39m
[31m+       {[39m
[31m+         "author": "0x91430CaD2d3975766499717fA0D66A78D814E5c5",[39m
[31m+         "category": null,[39m
[31m+         "conditionId": "0xb215bcf421397119fb3963fe3c811260e02779600670c55de3f7d749a5e7143b",[39m
[31m+         "createdAt": 2025-11-27T06:23:26.079Z,[39m
[31m+         "description": "This market will resolve to \"Yes\" if Company D is the largest company in the world by market cap on December 31, 2025, as of market close. Otherwise, this market will resolve to \"No\".[39m
[31m+[39m
[31m+ This market may be updated in the future to replace Company D with one of the potential candidates.[39m
[31m+[39m
[31m+ The resolution source for this market will be a consensus of credible reporting.",[39m
[31m+         "endDate": null,[39m
[31m+         "featured": false,[39m
[31m+         "liquidity": null,[39m
[31m+         "marketSlug": null,[39m
[31m+         "question": "Will Company D be the largest company in the world by market cap on December 31?",[39m
[31m+         "questionId": "0x7fb7c5b533f51a6071719f91ad014eeab260a995442e2e8041501e22c8c9a20a",[39m
[31m+         "source": "polymarket",[39m
[31m+         "startDate": null,[39m
[31m+         "status": "closed",[39m
[31m+         "tags": null,[39m
[31m+         "thatOdds": null,[39m
[31m+         "thatOption": "No",[39m
[31m+         "thisOdds": null,[39m
[31m+         "thisOption": "Yes",[39m
[31m+         "updatedAt": 2025-11-27T06:23:26.079Z,[39m
[31m+         "volume": null,[39m
[31m+         "volume24hr": null,[39m
[31m+       },[39m
[31m+       {[39m
[31m+         "author": "0x91430CaD2d3975766499717fA0D66A78D814E5c5",[39m
[31m+         "category": null,[39m
[31m+         "conditionId": "0x4c1a890f6e70180567171b6c23f8032698cdfda14553ef39d92f3c20b2d7d3e7",[39m
[31m+         "createdAt": 2025-11-27T06:23:26.080Z,[39m
[31m+         "description": "This market will resolve to \"Yes\" if Company E is the largest company in the world by market cap on December 31, 2025, as of market close. Otherwise, this market will resolve to \"No\".[39m
[31m+[39m
[31m+ This market may be updated in the future to replace Company E with one of the potential candidates.[39m
[31m+[39m
[31m+ The resolution source for this market will be a consensus of credible reporting.",[39m
[31m+         "endDate": null,[39m
[31m+         "featured": false,[39m
[31m+         "liquidity": null,[39m
[31m+         "marketSlug": null,[39m
[31m+         "question": "Will Company E be the largest company in the world by market cap on December 31?",[39m
[31m+         "questionId": "0x7fb7c5b533f51a6071719f91ad014eeab260a995442e2e8041501e22c8c9a20b",[39m
[31m+         "source": "polymarket",[39m
[31m+         "startDate": null,[39m
[31m+         "status": "closed",[39m
[31m+         "tags": null,[39m
[31m+         "thatOdds": null,[39m
[31m+         "thatOption": "No",[39m
[31m+         "thisOdds": null,[39m
[31m+         "thisOption": "Yes",[39m
[31m+         "updatedAt": 2025-11-27T06:23:26.080Z,[39m
[31m+         "volume": null,[39m
[31m+         "volume24hr": null,[39m
[31m+       },[39m
[31m+       {[39m
[31m+         "author": "0x91430CaD2d3975766499717fA0D66A78D814E5c5",[39m
[31m+         "category": null,[39m
[31m+         "conditionId": "0x5a542fe246448e58671948b2f28bb746d7694172ad3c57b28d5cf86126834cf0",[39m
[31m+         "createdAt": 2025-11-27T06:23:26.080Z,[39m
[31m+         "description": "This market will resolve to \"Yes\" if Microsoft is the largest company in the world by market cap on December 31, 2025, as of market close. Otherwise, this market will resolve to \"No\".[39m
[31m+[39m
[31m+ The resolution source for this market will be a consensus of credible reporting.",[39m
[31m+         "endDate": "2025-12-31",[39m
[31m+         "featured": false,[39m
[31m+         "liquidity": null,[39m
[31m+         "marketSlug": null,[39m
[31m+         "question": "Will Microsoft be the largest company in the world by market cap on December 31?",[39m
[31m+         "questionId": "0x7fb7c5b533f51a6071719f91ad014eeab260a995442e2e8041501e22c8c9a201",[39m
[31m+         "source": "polymarket",[39m
[31m+         "startDate": null,[39m
[31m+         "status": "active",[39m
[31m+         "tags": null,[39m
[31m+         "thatOdds": null,[39m
[31m+         "thatOption": "No",[39m
[31m+         "thisOdds": null,[39m
[31m+         "thisOption": "Yes",[39m
[31m+         "updatedAt": 2025-11-27T06:23:26.080Z,[39m
[31m+         "volume": null,[39m
[31m+         "volume24hr": null,[39m
[31m+       },[39m
[31m+       {[39m
[31m+         "author": "0x91430CaD2d3975766499717fA0D66A78D814E5c5",[39m
[31m+         "category": null,[39m
[31m+         "conditionId": "0x2883685a9834e7690554ab6675737081aae90b475e6b497ce85ced959d7d7d2d",[39m
[31m+         "createdAt": 2025-11-27T06:23:26.080Z,[39m
[31m+         "description": "This market will resolve to \"Yes\" if Company J is the largest company in the world by market cap on December 31, 2025, as of market close. Otherwise, this market will resolve to \"No\".[39m
[31m+[39m
[31m+ This market may be updated in the future to replace Company J with one of the potential candidates.[39m
[31m+[39m
[31m+ The resolution source for this market will be a consensus of credible reporting.",[39m
[31m+         "endDate": null,[39m
[31m+         "featured": false,[39m
[31m+         "liquidity": null,[39m
[31m+         "marketSlug": null,[39m
[31m+         "question": "Will Company J be the largest company in the world by market cap on December 31?",[39m
[31m+         "questionId": "0x7fb7c5b533f51a6071719f91ad014eeab260a995442e2e8041501e22c8c9a210",[39m
[31m+         "source": "polymarket",[39m
[31m+         "startDate": null,[39m
[31m+         "status": "closed",[39m
[31m+         "tags": null,[39m
[31m+         "thatOdds": null,[39m
[31m+         "thatOption": "No",[39m
[31m+         "thisOdds": null,[39m
[31m+         "thisOption": "Yes",[39m
[31m+         "updatedAt": 2025-11-27T06:23:26.080Z,[39m
[31m+         "volume": null,[39m
[31m+         "volume24hr": null,[39m
[31m+       },[39m
[31m+       {[39m
[31m+         "author": "0x91430CaD2d3975766499717fA0D66A78D814E5c5",[39m
[31m+         "category": null,[39m
[31m+         "conditionId": "0x2bcafeaa34b577a82baf2137057b3f9f02f4d50ee3bc6908c0a5899a3260e50a",[39m
[31m+         "createdAt": 2025-11-27T06:23:26.081Z,[39m
[31m+         "description": "This market will resolve to \"Yes\" if Apple is the largest company in the world by market cap on December 31, 2025, as of market close. Otherwise, this market will resolve to \"No\".[39m
[31m+[39m
[31m+ The resolution source for this market will be a consensus of credible reporting.",[39m
[31m+         "endDate": "2025-12-31",[39m
[31m+         "featured": false,[39m
[31m+         "liquidity": null,[39m
[31m+         "marketSlug": null,[39m
[31m+         "question": "Will Apple be the largest company in the world by market cap on December 31?",[39m
[31m+         "questionId": "0x7fb7c5b533f51a6071719f91ad014eeab260a995442e2e8041501e22c8c9a202",[39m
[31m+         "source": "polymarket",[39m
[31m+         "startDate": null,[39m
[31m+         "status": "active",[39m
[31m+         "tags": null,[39m
[31m+         "thatOdds": null,[39m
[31m+         "thatOption": "No",[39m
[31m+         "thisOdds": null,[39m
[31m+         "thisOption": "Yes",[39m
[31m+         "updatedAt": 2025-11-27T06:23:26.081Z,[39m
[31m+         "volume": null,[39m
[31m+         "volume24hr": null,[39m
[31m+       },[39m
[31m+       {[39m
[31m+         "author": "0x91430CaD2d3975766499717fA0D66A78D814E5c5",[39m
[31m+         "category": null,[39m
[31m+         "conditionId": "0x0ac91dc0674ea0b91e6eb9cc4a20968976d30fbce391a9050c70eaddf2fba354",[39m
[31m+         "createdAt": 2025-11-27T06:23:26.081Z,[39m
[31m+         "description": "This market will resolve to \"Yes\" if Alphabet (GOOG) is the largest company in the world by market cap on December 31, 2025, as of market close. Otherwise, this market will resolve to \"No\".[39m
[31m+[39m
[31m+ The resolution source for this market will be a consensus of credible reporting.",[39m
[31m+         "endDate": "2025-12-31",[39m
[31m+         "featured": false,[39m
[31m+         "liquidity": null,[39m
[31m+         "marketSlug": null,[39m
[31m+         "question": "Will Alphabet be the largest company in the world by market cap on December 31?",[39m
[31m+         "questionId": "0x7fb7c5b533f51a6071719f91ad014eeab260a995442e2e8041501e22c8c9a203",[39m
[31m+         "source": "polymarket",[39m
[31m+         "startDate": null,[39m
[31m+         "status": "active",[39m
[31m+         "tags": null,[39m
[31m+         "thatOdds": null,[39m
[31m+         "thatOption": "No",[39m
[31m+         "thisOdds": null,[39m
[31m+         "thisOption": "Yes",[39m
[31m+         "updatedAt": 2025-11-27T06:23:26.081Z,[39m
[31m+         "volume": null,[39m
[31m+         "volume24hr": null,[39m
[31m+       },[39m
[31m+       {[39m
[31m+         "author": "0x91430CaD2d3975766499717fA0D66A78D814E5c5",[39m
[31m+         "category": null,[39m
[31m+         "conditionId": "0xceeac3c216793429f5def72ef3fc4eb4aa0277158d6616f9139a192ff66ad7a0",[39m
[31m+         "createdAt": 2025-11-27T06:23:26.081Z,[39m
[31m+         "description": "This market will resolve to \"Yes\" if any company other than the ones listed is the largest company in the world by market cap on December 31, 2025, as of market close. Otherwise, this market will resolve to \"No\".[39m
[31m+[39m
[31m+ The resolution source for this market will be a consensus of credible reporting.",[39m
[31m+         "endDate": null,[39m
[31m+         "featured": false,[39m
[31m+         "liquidity": null,[39m
[31m+         "marketSlug": null,[39m
[31m+         "question": "Will another company be the largest company in the world by market cap on December 31?",[39m
[31m+         "questionId": "0x7fb7c5b533f51a6071719f91ad014eeab260a995442e2e8041501e22c8c9a211",[39m
[31m+         "source": "polymarket",[39m
[31m+         "startDate": null,[39m
[31m+         "status": "closed",[39m
[31m+         "tags": null,[39m
[31m+         "thatOdds": null,[39m
[31m+         "thatOption": "No",[39m
[31m+         "thisOdds": null,[39m
[31m+         "thisOption": "Yes",[39m
[31m+         "updatedAt": 2025-11-27T06:23:26.081Z,[39m
[31m+         "volume": null,[39m
[31m+         "volume24hr": null,[39m
[31m+       },[39m
[31m+       {[39m
[31m+         "author": "0x91430CaD2d3975766499717fA0D66A78D814E5c5",[39m
[31m+         "category": null,[39m
[31m+         "conditionId": "0x3ec75c0ecab502fb3b43b03cb6760ff02036c8d227a98c3beceb955c22aaa6fd",[39m
[31m+         "createdAt": 2025-11-27T06:23:26.082Z,[39m
[31m+         "description": "This market will resolve to \"Yes\" if Tesla is the largest company in the world by market cap on December 31, 2025, as of market close. Otherwise, this market will resolve to \"No\".[39m
[31m+[39m
[31m+ The resolution source for this market will be a consensus of credible reporting.",[39m
[31m+         "endDate": "2025-12-31",[39m
[31m+         "featured": false,[39m
[31m+         "liquidity": null,[39m
[31m+         "marketSlug": null,[39m
[31m+         "question": "Will Tesla be the largest company in the world by market cap on December 31?",[39m
[31m+         "questionId": "0x7fb7c5b533f51a6071719f91ad014eeab260a995442e2e8041501e22c8c9a206",[39m
[31m+         "source": "polymarket",[39m
[31m+         "startDate": null,[39m
[31m+         "status": "active",[39m
[31m+         "tags": null,[39m
[31m+         "thatOdds": null,[39m
[31m+         "thatOption": "No",[39m
[31m+         "thisOdds": null,[39m
[31m+         "thisOption": "Yes",[39m
[31m+         "updatedAt": 2025-11-27T06:23:26.082Z,[39m
[31m+         "volume": null,[39m
[31m+         "volume24hr": null,[39m
[31m+       },[39m
[31m+       {[39m
[31m+         "author": "0x91430CaD2d3975766499717fA0D66A78D814E5c5",[39m
[31m+         "category": null,[39m
[31m+         "conditionId": "0x292074057f068fecb16c77bf0a2f769db00f1730ce27798737eb398edd0821f7",[39m
[31m+         "createdAt": 2025-11-27T06:23:26.083Z,[39m
[31m+         "description": "This market will resolve to \"Yes\" if Company A is the largest company in the world by market cap on December 31, 2025, as of market close. Otherwise, this market will resolve to \"No\".[39m
[31m+[39m
[31m+ This market may be updated in the future to replace Company A with one of the potential candidates.[39m
[31m+[39m
[31m+ The resolution source for this market will be a consensus of credible reporting.",[39m
[31m+         "endDate": null,[39m
[31m+         "featured": false,[39m
[31m+         "liquidity": null,[39m
[31m+         "marketSlug": null,[39m
[31m+         "question": "Will Company A be the largest company in the world by market cap on December 31?",[39m
[31m+         "questionId": "0x7fb7c5b533f51a6071719f91ad014eeab260a995442e2e8041501e22c8c9a207",[39m
[31m+         "source": "polymarket",[39m
[31m+         "startDate": null,[39m
[31m+         "status": "closed",[39m
[31m+         "tags": null,[39m
[31m+         "thatOdds": null,[39m
[31m+         "thatOption": "No",[39m
[31m+         "thisOdds": null,[39m
[31m+         "thisOption": "Yes",[39m
[31m+         "updatedAt": 2025-11-27T06:23:26.083Z,[39m
[31m+         "volume": null,[39m
[31m+         "volume24hr": null,[39m
[31m+       },[39m
[31m+       {[39m
[31m+         "author": "0x91430CaD2d3975766499717fA0D66A78D814E5c5",[39m
[31m+         "category": null,[39m
[31m+         "conditionId": "0x345a05c8a8da16b73bcda540ce0a29f89b69e89712bcbaee7c4af17c88fd683d",[39m
[31m+         "createdAt": 2025-11-27T06:23:26.084Z,[39m
[31m+         "description": "This market will resolve to \"Yes\" if Company B is the largest company in the world by market cap on December 31, 2025, as of market close. Otherwise, this market will resolve to \"No\".[39m
[31m+[39m
[31m+ This market may be updated in the future to replace Company B with one of the potential candidates.[39m
[31m+[39m
[31m+ The resolution source for this market will be a consensus of credible reporting.",[39m
[31m+         "endDate": null,[39m
[31m+         "featured": false,[39m
[31m+         "liquidity": null,[39m
[31m+         "marketSlug": null,[39m
[31m+         "question": "Will Company B be the largest company in the world by market cap on December 31?",[39m
[31m+         "questionId": "0x7fb7c5b533f51a6071719f91ad014eeab260a995442e2e8041501e22c8c9a208",[39m
[31m+         "source": "polymarket",[39m
[31m+         "startDate": null,[39m
[31m+         "status": "closed",[39m
[31m+         "tags": null,[39m
[31m+         "thatOdds": null,[39m
[31m+         "thatOption": "No",[39m
[31m+         "thisOdds": null,[39m
[31m+         "thisOption": "Yes",[39m
[31m+         "updatedAt": 2025-11-27T06:23:26.084Z,[39m
[31m+         "volume": null,[39m
[31m+         "volume24hr": null,[39m
[31m+       },[39m
[31m+       {[39m
[31m+         "author": "0x91430CaD2d3975766499717fA0D66A78D814E5c5",[39m
[31m+         "category": null,[39m
[31m+         "conditionId": "0x1474d582f88d80bf425b9200b911d548c7761d59123ba754b9b7d23b95fa072b",[39m
[31m+         "createdAt": 2025-11-27T06:23:26.085Z,[39m
[31m+         "description": "This market will resolve to \"Yes\" if Company C is the largest company in the world by market cap on December 31, 2025, as of market close. Otherwise, this market will resolve to \"No\".[39m
[31m+[39m
[31m+ This market may be updated in the future to replace Company C with one of the potential candidates.[39m
[31m+[39m
[31m+ The resolution source for this market will be a consensus of credible reporting.",[39m
[31m+         "endDate": null,[39m
[31m+         "featured": false,[39m
[31m+         "liquidity": null,[39m
[31m+         "marketSlug": null,[39m
[31m+         "question": "Will Company C be the largest company in the world by market cap on December 31?",[39m
[31m+         "questionId": "0x7fb7c5b533f51a6071719f91ad014eeab260a995442e2e8041501e22c8c9a209",[39m
[31m+         "source": "polymarket",[39m
[31m+         "startDate": null,[39m
[31m+         "status": "closed",[39m
[31m+         "tags": null,[39m
[31m+         "thatOdds": null,[39m
[31m+         "thatOption": "No",[39m
[31m+         "thisOdds": null,[39m
[31m+         "thisOption": "Yes",[39m
[31m+         "updatedAt": 2025-11-27T06:23:26.085Z,[39m
[31m+         "volume": null,[39m
[31m+         "volume24hr": null,[39m
[31m+       },[39m
[31m+       {[39m
[31m+         "author": "0x91430CaD2d3975766499717fA0D66A78D814E5c5",[39m
[31m+         "category": null,[39m
[31m+         "conditionId": "0x223d7cfebae4df7a6eaf2e24d02c1f3ebc1da04e083c78b4393d4be42d96ae72",[39m
[31m+         "createdAt": 2025-11-27T06:23:26.086Z,[39m
[31m+         "description": "This market will resolve to \"Yes\" if Company F is the largest company in the world by market cap on December 31, 2025, as of market close. Otherwise, this market will resolve to \"No\".[39m
[31m+[39m
[31m+ This market may be updated in the future to replace Company F with one of the potential candidates.[39m
[31m+[39m
[31m+ The resolution source for this market will be a consensus of credible reporting.",[39m
[31m+         "endDate": null,[39m
[31m+         "featured": false,[39m
[31m+         "liquidity": null,[39m
[31m+         "marketSlug": null,[39m
[31m+         "question": "Will Company F be the largest company in the world by market cap on December 31?",[39m
[31m+         "questionId": "0x7fb7c5b533f51a6071719f91ad014eeab260a995442e2e8041501e22c8c9a20c",[39m
[31m+         "source": "polymarket",[39m
[31m+         "startDate": null,[39m
[31m+         "status": "closed",[39m
[31m+         "tags": null,[39m
[31m+         "thatOdds": null,[39m
[31m+         "thatOption": "No",[39m
[31m+         "thisOdds": null,[39m
[31m+         "thisOption": "Yes",[39m
[31m+         "updatedAt": 2025-11-27T06:23:26.086Z,[39m
[31m+         "volume": null,[39m
[31m+         "volume24hr": null,[39m
[31m+       },[39m
[31m+       {[39m
[31m+         "author": "0x91430CaD2d3975766499717fA0D66A78D814E5c5",[39m
[31m+         "category": null,[39m
[31m+         "conditionId": "0xec8d35e45337df5257bc56b89b1ba9580bc2654b8da8a94d2aaf992d61b9a2ec",[39m
[31m+         "createdAt": 2025-11-27T06:23:26.087Z,[39m
[31m+         "description": "This market will resolve to \"Yes\" if Company G is the largest company in the world by market cap on December 31, 2025, as of market close. Otherwise, this market will resolve to \"No\".[39m
[31m+[39m
[31m+ This market may be updated in the future to replace Company G with one of the potential candidates.[39m
[31m+[39m
[31m+ The resolution source for this market will be a consensus of credible reporting.",[39m
[31m+         "endDate": "2025-12-31",[39m
[31m+         "featured": false,[39m
[31m+         "liquidity": null,[39m
[31m+         "marketSlug": null,[39m
[31m+         "question": "Will Company G be the largest company in the world by market cap on December 31?",[39m
[31m+         "questionId": "0x7fb7c5b533f51a6071719f91ad014eeab260a995442e2e8041501e22c8c9a20d",[39m
[31m+         "source": "polymarket",[39m
[31m+         "startDate": null,[39m
[31m+         "status": "archived",[39m
[31m+         "tags": null,[39m
[31m+         "thatOdds": null,[39m
[31m+         "thatOption": "No",[39m
[31m+         "thisOdds": null,[39m
[31m+         "thisOption": "Yes",[39m
[31m+         "updatedAt": 2025-11-27T06:23:26.087Z,[39m
[31m+         "volume": null,[39m
[31m+         "volume24hr": null,[39m
[31m+       },[39m
[31m+       {[39m
[31m+         "author": "0x91430CaD2d3975766499717fA0D66A78D814E5c5",[39m
[31m+         "category": null,[39m
[31m+         "conditionId": "0x111221da5770687deafcc375cbffb8728a97675626e09be6ca41101aebc33943",[39m
[31m+         "createdAt": 2025-11-27T06:23:26.088Z,[39m
[31m+         "description": "This market will resolve to \"Yes\" if Company H is the largest company in the world by market cap on December 31, 2025, as of market close. Otherwise, this market will resolve to \"No\".[39m
[31m+[39m
[31m+ This market may be updated in the future to replace Company H with one of the potential candidates.[39m
[31m+[39m
[31m+ The resolution source for this market will be a consensus of credible reporting.",[39m
[31m+         "endDate": null,[39m
[31m+         "featured": false,[39m
[31m+         "liquidity": null,[39m
[31m+         "marketSlug": null,[39m
[31m+         "question": "Will Company H be the largest company in the world by market cap on December 31?",[39m
[31m+         "questionId": "0x7fb7c5b533f51a6071719f91ad014eeab260a995442e2e8041501e22c8c9a20e",[39m
[31m+         "source": "polymarket",[39m
[31m+         "startDate": null,[39m
[31m+         "status": "closed",[39m
[31m+         "tags": null,[39m
[31m+         "thatOdds": null,[39m
[31m+         "thatOption": "No",[39m
[31m+         "thisOdds": null,[39m
[31m+         "thisOption": "Yes",[39m
[31m+         "updatedAt": 2025-11-27T06:23:26.088Z,[39m
[31m+         "volume": null,[39m
[31m+         "volume24hr": null,[39m
[31m+       },[39m
[31m+       {[39m
[31m+         "author": "0x91430CaD2d3975766499717fA0D66A78D814E5c5",[39m
[31m+         "category": null,[39m
[31m+         "conditionId": "0x9fb9905c193b209f64bb62bc4c80c40ee783d5443e950579d2b917044b27ee7e",[39m
[31m+         "createdAt": 2025-11-27T06:23:26.089Z,[39m
[31m+         "description": "This market will resolve to \"Yes\" if Company I is the largest company in the world by market cap on December 31, 2025, as of market close. Otherwise, this market will resolve to \"No\".[39m
[31m+[39m
[31m+ This market may be updated in the future to replace Company I with one of the potential candidates.[39m
[31m+[39m
[31m+ The resolution source for this market will be a consensus of credible reporting.",[39m
[31m+         "endDate": null,[39m
[31m+         "featured": false,[39m
[31m+         "liquidity": null,[39m
[31m+         "marketSlug": null,[39m
[31m+         "question": "Will Company I be the largest company in the world by market cap on December 31?",[39m
[31m+         "questionId": "0x7fb7c5b533f51a6071719f91ad014eeab260a995442e2e8041501e22c8c9a20f",[39m
[31m+         "source": "polymarket",[39m
[31m+         "startDate": null,[39m
[31m+         "status": "closed",[39m
[31m+         "tags": null,[39m
[31m+         "thatOdds": null,[39m
[31m+         "thatOption": "No",[39m
[31m+         "thisOdds": null,[39m
[31m+         "thisOption": "Yes",[39m
[31m+         "updatedAt": 2025-11-27T06:23:26.089Z,[39m
[31m+         "volume": null,[39m
[31m+         "volume24hr": null,[39m
[31m+       },[39m
[31m+       {[39m
[31m+         "author": "0x91430CaD2d3975766499717fA0D66A78D814E5c5",[39m
[31m+         "category": null,[39m
[31m+         "conditionId": "0x6531afe133dd1087f336e160eebee4af020e2107bd279b40d5039d1d033007fd",[39m
[31m+         "createdAt": 2025-11-27T06:23:26.090Z,[39m
[31m+         "description": "This market will resolve to \"Yes\" if Amazon is the largest company in the world by market cap on December 31, 2025, as of market close. Otherwise, this market will resolve to \"No\".[39m
[31m+[39m
[31m+ The resolution source for this market will be a consensus of credible reporting.",[39m
[31m+         "endDate": "2025-12-31",[39m
[31m+         "featured": false,[39m
[31m+         "liquidity": null,[39m
[31m+         "marketSlug": null,[39m
[31m+         "question": "Will Amazon be the largest company in the world by market cap on December 31?",[39m
[31m+         "questionId": "0x7fb7c5b533f51a6071719f91ad014eeab260a995442e2e8041501e22c8c9a204",[39m
[31m+         "source": "polymarket",[39m
[31m+         "startDate": null,[39m
[31m+         "status": "active",[39m
[31m+         "tags": null,[39m
[31m+         "thatOdds": null,[39m
[31m+         "thatOption": "No",[39m
[31m+         "thisOdds": null,[39m
[31m+         "thisOption": "Yes",[39m
[31m+         "updatedAt": 2025-11-27T06:23:26.090Z,[39m
[31m+         "volume": null,[39m
[31m+         "volume24hr": null,[39m
[31m+       },[39m
[31m+       {[39m
[31m+         "author": "0x91430CaD2d3975766499717fA0D66A78D814E5c5",[39m
[31m+         "category": null,[39m
[31m+         "conditionId": "0xb1a6136ad23d19526c4929d2e79c79e999628de931ca2475d138fb31637fd2c4",[39m
[31m+         "createdAt": 2025-11-27T06:23:26.092Z,[39m
[31m+         "description": "This market will resolve to \"Yes\" if Saudi Aramco is the largest company in the world by market cap on December 31, 2025, as of market close. Otherwise, this market will resolve to \"No\".[39m
[31m+[39m
[31m+ The resolution source for this market will be a consensus of credible reporting.",[39m
[31m+         "endDate": "2025-12-31",[39m
[31m+         "featured": false,[39m
[31m+         "liquidity": null,[39m
[31m+         "marketSlug": null,[39m
[31m+         "question": "Will Saudi Aramco be the largest company in the world by market cap on December 31?",[39m
[31m+         "questionId": "0x7fb7c5b533f51a6071719f91ad014eeab260a995442e2e8041501e22c8c9a205",[39m
[31m+         "source": "polymarket",[39m
[31m+         "startDate": null,[39m
[31m+         "status": "active",[39m
[31m+         "tags": null,[39m
[31m+         "thatOdds": null,[39m
[31m+         "thatOption": "No",[39m
[31m+         "thisOdds": null,[39m
[31m+         "thisOption": "Yes",[39m
[31m+         "updatedAt": 2025-11-27T06:23:26.092Z,[39m
[31m+         "volume": null,[39m
[31m+         "volume24hr": null,[39m
[31m+       },[39m
[31m+     ],[39m
[31m+     "status": "active",[39m
[31m+     "totalLiquidity": 0,[39m
[31m+     "totalVolume": 0,[39m
[31m+     "updatedAt": 2025-11-27T06:23:26.092Z,[39m
[31m+   },[39m
[31m+   {[39m
[31m+     "_id": "691f17075b1ab03ea6326f19",[39m
[31m+     "category": null,[39m
[31m+     "createdAt": 2025-11-27T06:23:26.078Z,[39m
[31m+     "eventDescription": "This is a market group over which CEOs will be out of their position by December 31, 2025.",[39m
[31m+     "eventIcon": "https://polymarket-upload.s3.us-east-2.amazonaws.com/which-ceos-will-be-out-in-2025-_NW3P_r-_ur3.png",[39m
[31m+     "eventId": "16086",[39m
[31m+     "eventImage": "https://polymarket-upload.s3.us-east-2.amazonaws.com/which-ceos-will-be-out-in-2025-_NW3P_r-_ur3.png",[39m
[31m+     "eventSlug": "which-ceos-will-be-out-in-2025",[39m
[31m+     "eventTitle": "Which CEOs will be gone in 2025?",[39m
[31m+     "markets": [[39m
[31m+       {[39m
[31m+         "author": "0x91430CaD2d3975766499717fA0D66A78D814E5c5",[39m
[31m+         "category": null,[39m
[31m+         "conditionId": "0x3cf72c4a1d4cfeea82b203ba7273ce6d0268f3c29b66a840b14dc822ece92756",[39m
[31m+         "createdAt": 2025-11-27T06:23:26.074Z,[39m
[31m+         "description": "This market will resolve to \"Yes\" if Tim Cook is no longer serving as CEO of Apple for any length of time from the date of this market's inception, December 29, 2024 through December 31, 2025, 11:59 PM ET. Otherwise, this market will resolve to \"No\".[39m
[31m+[39m
[31m+ An announcement of Tim Cook's resignation/firing before this market's end date will immediately resolve this market to \"Yes\", regardless of when the announced resignation/firing goes into effect.[39m
[31m+[39m
[31m+ This market's primary resolution source will be official information from Apple and/or Tim Cook, however a consensus of credible reporting sources will also be used.",[39m
[31m+         "endDate": "2025-12-31",[39m
[31m+         "featured": false,[39m
[31m+         "liquidity": null,[39m
[31m+         "marketSlug": null,[39m
[31m+         "question": "Tim Cook out as Apple CEO in 2025?",[39m
[31m+         "questionId": "0xe7e31ffeed160cc020053fcda9916fcd0ff4ef40d2cab91f20932f14e5d07eaa",[39m
[31m+         "source": "polymarket",[39m
[31m+         "startDate": null,[39m
[31m+         "status": "active",[39m
[31m+         "tags": null,[39m
[31m+         "thatOdds": null,[39m
[31m+         "thatOption": "No",[39m
[31m+         "thisOdds": null,[39m
[31m+         "thisOption": "Yes",[39m
[31m+         "updatedAt": 2025-11-27T06:23:26.074Z,[39m
[31m+         "volume": null,[39m
[31m+         "volume24hr": null,[39m
[31m+       },[39m
[31m+       {[39m
[31m+         "author": "0x91430CaD2d3975766499717fA0D66A78D814E5c5",[39m
[31m+         "category": null,[39m
[31m+         "conditionId": "0x08a5f56fdeacd0d3adbc618d12f73927d51a5654fd3883fad95ed863209deda9",[39m
[31m+         "createdAt": 2025-11-27T06:23:26.075Z,[39m
[31m+         "description": "This market will resolve to \"Yes\" if Dan Clancy is no longer serving as CEO of Twitch for any length of time from the date of this market's inception, December 29, 2024 through December 31, 2025, 11:59 PM ET. Otherwise, this market will resolve to \"No\".[39m
[31m+[39m
[31m+ An announcement of Dan Clancy's resignation/firing before this market's end date will immediately resolve this market to \"Yes\", regardless of when the announced resignation/firing goes into effect.[39m
[31m+[39m
[31m+ This market's primary resolution source will be official information from Twitch and/or Dan Clancy, however a consensus of credible reporting sources will also be used.",[39m
[31m+         "endDate": "2025-12-31",[39m
[31m+         "featured": false,[39m
[31m+         "liquidity": null,[39m
[31m+         "marketSlug": null,[39m
[31m+         "question": "Dan Clancy out as Twitch CEO in 2025?",[39m
[31m+         "questionId": "0x2e99e678a4d37ccac9214dee84cf942ed7cae21067766ba7fdc9d3e24b012fa5",[39m
[31m+         "source": "polymarket",[39m
[31m+         "startDate": null,[39m
[31m+         "status": "active",[39m
[31m+         "tags": null,[39m
[31m+         "thatOdds": null,[39m
[31m+         "thatOption": "No",[39m
[31m+         "thisOdds": null,[39m
[31m+         "thisOption": "Yes",[39m
[31m+         "updatedAt": 2025-11-27T06:23:26.075Z,[39m
[31m+         "volume": null,[39m
[31m+         "volume24hr": null,[39m
[31m+       },[39m
[31m+       {[39m
[31m+         "author": "0x91430CaD2d3975766499717fA0D66A78D814E5c5",[39m
[31m+         "category": null,[39m
[31m+         "conditionId": "0x5396b8d8684be34106d15979bda35c6b3023f46e8d6957e93641f379268e0f5b",[39m
[31m+         "createdAt": 2025-11-27T06:23:26.075Z,[39m
[31m+         "description": "This market will resolve to \"Yes\" if Sundar Pichai is no longer serving as CEO of Google for any length of time from the date of this market's inception, December 29, 2024 through December 31, 2025, 11:59 PM ET. Otherwise, this market will resolve to \"No\".[39m
[31m+[39m
[31m+ An announcement of Sundar Pichai's resignation/firing before this market's end date will immediately resolve this market to \"Yes\", regardless of when the announced resignation/firing goes into effect.[39m
[31m+[39m
[31m+ This market's primary resolution source will be official information from Google and/or Sundar Pichai, however a consensus of credible reporting sources will also be used.",[39m
[31m+         "endDate": "2025-12-31",[39m
[31m+         "featured": false,[39m
[31m+         "liquidity": null,[39m
[31m+         "marketSlug": null,[39m
[31m+         "question": "Sundar Pichai out as Google CEO in 2025?",[39m
[31m+         "questionId": "0x86da6a1e06f9cd161ad6effdec96b248a42167a7b2fbf6ec1afe710f9e5c2761",[39m
[31m+         "source": "polymarket",[39m
[31m+         "startDate": null,[39m
[31m+         "status": "active",[39m
[31m+         "tags": null,[39m
[31m+         "thatOdds": null,[39m
[31m+         "thatOption": "No",[39m
[31m+         "thisOdds": null,[39m
[31m+         "thisOption": "Yes",[39m
[31m+         "updatedAt": 2025-11-27T06:23:26.075Z,[39m
[31m+         "volume": null,[39m
[31m+         "volume24hr": null,[39m
[31m+       },[39m
[31m+       {[39m
[31m+         "author": "0x91430CaD2d3975766499717fA0D66A78D814E5c5",[39m
[31m+         "category": null,[39m
[31m+         "conditionId": "0xdf8855f2cfaca1f0e8a48d2557354c3e5c48aaf3dcf8d8ab154569f70d0da6b1",[39m
[31m+         "createdAt": 2025-11-27T06:23:26.076Z,[39m
[31m+         "description": "This market will resolve to \"Yes\" if Andy Jassy is no longer serving as CEO of Amazon for any length of time from the date of this market's inception, December 29, 2024 through December 31, 2025, 11:59 PM ET. Otherwise, this market will resolve to \"No\".[39m
[31m+[39m
[31m+ An announcement of Andy Jassy's resignation/firing before this market's end date will immediately resolve this market to \"Yes\", regardless of when the announced resignation/firing goes into effect.[39m
[31m+[39m
[31m+ This market's primary resolution source will be official information from Amazon and/or Andy Jassy, however a consensus of credible reporting sources will also be used.",[39m
[31m+         "endDate": "2025-12-31",[39m
[31m+         "featured": false,[39m
[31m+         "liquidity": null,[39m
[31m+         "marketSlug": null,[39m
[31m+         "question": "Andy Jassy out as Amazon CEO in 2025?",[39m
[31m+         "questionId": "0x1dbaa328a13de115568e1d6e84d89fb2c17465bbdf5925f274f06e5beacbb740",[39m
[31m+         "source": "polymarket",[39m
[31m+         "startDate": null,[39m
[31m+         "status": "active",[39m
[31m+         "tags": null,[39m
[31m+         "thatOdds": null,[39m
[31m+         "thatOption": "No",[39m
[31m+         "thisOdds": null,[39m
[31m+         "thisOption": "Yes",[39m
[31m+         "updatedAt": 2025-11-27T06:23:26.076Z,[39m
[31m+         "volume": null,[39m
[31m+         "volume24hr": null,[39m
[31m+       },[39m
[31m+       {[39m
[31m+         "author": "0x91430CaD2d3975766499717fA0D66A78D814E5c5",[39m
[31m+         "category": null,[39m
[31m+         "conditionId": "0x178dee952f29fb0a77f63df1d59514d15009caeb7c011a5c086aad80e6369f8d",[39m
[31m+         "createdAt": 2025-11-27T06:23:26.077Z,[39m
[31m+         "description": "This market will resolve to \"Yes\" if Brian Armstrong is no longer serving as CEO of Coinbase for any length of time from the date of this market's inception, December 29, 2024 through December 31, 2025, 11:59 PM ET. Otherwise, this market will resolve to \"No\".[39m
[31m+[39m
[31m+ An announcement of Brian Armstrong's resignation/firing before this market's end date will immediately resolve this market to \"Yes\", regardless of when the announced resignation/firing goes into effect.[39m
[31m+[39m
[31m+ This market's primary resolution source will be official information from Coinbase and/or Brian Armstrong, however a consensus of credible reporting sources will also be used.",[39m
[31m+         "endDate": "2025-12-31",[39m
[31m+         "featured": false,[39m
[31m+         "liquidity": null,[39m
[31m+         "marketSlug": null,[39m
[31m+         "question": "Brian Armstrong out as Coinbase CEO in 2025?",[39m
[31m+         "questionId": "0xf3386acdbd5ca7181ac5b6ec100aae4a042618ef998a4b7d3ec2406d35dcf9ef",[39m
[31m+         "source": "polymarket",[39m
[31m+         "startDate": null,[39m
[31m+         "status": "active",[39m
[31m+         "tags": null,[39m
[31m+         "thatOdds": null,[39m
[31m+         "thatOption": "No",[39m
[31m+         "thisOdds": null,[39m
[31m+         "thisOption": "Yes",[39m
[31m+         "updatedAt": 2025-11-27T06:23:26.077Z,[39m
[31m+         "volume": null,[39m
[31m+         "volume24hr": null,[39m
[31m+       },[39m
[31m+       {[39m
[31m+         "author": "0x91430CaD2d3975766499717fA0D66A78D814E5c5",[39m
[31m+         "category": null,[39m
[31m+         "conditionId": "0x2573b652eb48365d20cd4396072e0e71b5401ed8ae2866a02b80dbc690fe9063",[39m
[31m+         "createdAt": 2025-11-27T06:23:26.077Z,[39m
[31m+         "description": "This market will resolve to \"Yes\" if Sam Altman is no longer serving as CEO of OpenAI for any length of time from the date of this market's inception, December 29, 2024 through December 31, 2025, 11:59 PM ET. Otherwise, this market will resolve to \"No\".[39m
[31m+[39m
[31m+ An announcement of Sam Altman's resignation/firing before this market's end date will immediately resolve this market to \"Yes\", regardless of when the announced resignation/firing goes into effect.[39m
[31m+[39m
[31m+ This market's primary resolution source will be official information from OpenAI and/or Sam Altman, however a consensus of credible reporting sources will also be used.",[39m
[31m+         "endDate": "2025-12-31",[39m
[31m+         "featured": false,[39m
[31m+         "liquidity": null,[39m
[31m+         "marketSlug": null,[39m
[31m+         "question": "Sam Altman out as OpenAI CEO in 2025?",[39m
[31m+         "questionId": "0x97a265313379dcb231f98f03c9a8e4e97fa4c8e767c6cc70cb398e23bc9a6870",[39m
[31m+         "source": "polymarket",[39m
[31m+         "startDate": null,[39m
[31m+         "status": "active",[39m
[31m+         "tags": null,[39m
[31m+         "thatOdds": null,[39m
[31m+         "thatOption": "No",[39m
[31m+         "thisOdds": null,[39m
[31m+         "thisOption": "Yes",[39m
[31m+         "updatedAt": 2025-11-27T06:23:26.077Z,[39m
[31m+         "volume": null,[39m
[31m+         "volume24hr": null,[39m
[31m+       },[39m
[31m+     ],[39m
[31m+     "status": "active",[39m
[31m+     "totalLiquidity": 0,[39m
[31m+     "totalVolume": 0,[39m
[31m+     "updatedAt": 2025-11-27T06:23:26.078Z,[39m
[31m+   },[39m
[31m+   {[39m
[31m+     "_id": "691f17075b1ab03ea6326f12",[39m
[31m+     "category": null,[39m
[31m+     "createdAt": 2025-11-27T06:23:26.074Z,[39m
[31m+     "eventDescription": "This is a market group over how many Fed rate cuts will happen in 2025.",[39m
[31m+     "eventIcon": "https://polymarket-upload.s3.us-east-2.amazonaws.com/how-many-fed-rate-cuts-in-2025-9qstZkSL1dn0.jpg",[39m
[31m+     "eventId": "16085",[39m
[31m+     "eventImage": "https://polymarket-upload.s3.us-east-2.amazonaws.com/how-many-fed-rate-cuts-in-2025-9qstZkSL1dn0.jpg",[39m
[31m+     "eventSlug": "how-many-fed-rate-cuts-in-2025",[39m
[31m+     "eventTitle": "How many Fed rate cuts in 2025?",[39m
[31m+     "markets": [[39m
[31m+       {[39m
[31m+         "author": "0x91430CaD2d3975766499717fA0D66A78D814E5c5",[39m
[31m+         "category": null,[39m
[31m+         "conditionId": "0xebfda84c91d3dafde3f49bd132aadc9e762b88023021806e7345cd526fc7e1fa",[39m
[31m+         "createdAt": 2025-11-27T06:23:26.070Z,[39m
[31m+         "description": "The FED interest rates are defined in this market by the upper bound of the target federal funds range. The decisions on the target federal fund range are made by the Federal Open Market Committee (FOMC) meetings.[39m
[31m+[39m
[31m+ This market will resolve to “Yes” if the there no rate cuts by the Fed's December meeting (including the Dec meeting). Otherwise, this market will resolve to “No.”[39m
[31m+[39m
[31m+ This market may resolve to \"Yes\" immediately after the statement from the Fed's December 2025 meeting has been released if there has been no rate cuts by then.[39m
[31m+[39m
[31m+ If there is a rate cut at any time within 2025, before the statement following the December FOMC meeting is released, this market may immediately resolve to \"No\".[39m
[31m+[39m
[31m+ The resolution source for this market will be FOMC statements after meetings scheduled in 2025 according to the official calendar: https://www.federalreserve.gov/monetarypolicy/fomccalendars.htm. The level and change of the target federal funds rate is also published at the official website of the Federal Reserve at https://www.federalreserve.gov/monetarypolicy/openmarket.htm.",[39m
[31m+         "endDate": "2025-12-10",[39m
[31m+         "featured": false,[39m
[31m+         "liquidity": null,[39m
[31m+         "marketSlug": null,[39m
[31m+         "question": "Will no Fed rate cuts happen in 2025?",[39m
[31m+         "questionId": "0x1bdcc22f99efd4a0af525806c64f7e6ee0a1640517b1d0a4a731367b6554be00",[39m
[31m+         "source": "polymarket",[39m
[31m+         "startDate": null,[39m
[31m+         "status": "closed",[39m
[31m+         "tags": null,[39m
[31m+         "thatOdds": null,[39m
[31m+         "thatOption": "No",[39m
[31m+         "thisOdds": null,[39m
[31m+         "thisOption": "Yes",[39m
[31m+         "updatedAt": 2025-11-27T06:23:26.070Z,[39m
[31m+         "volume": null,[39m
[31m+         "volume24hr": null,[39m
[31m+       },[39m
[31m+       {[39m
[31m+         "author": "0x91430CaD2d3975766499717fA0D66A78D814E5c5",[39m
[31m+         "category": null,[39m
[31m+         "conditionId": "0xf4d03ce9ce65ea06654f23e26dead828005511d65bb650cd5a9dc77891406d12",[39m
[31m+         "createdAt": 2025-11-27T06:23:26.071Z,[39m
[31m+         "description": "The FED interest rates are defined in this market by the upper bound of the target federal funds range. The decisions on the target federal fund range are made by the Federal Open Market Committee (FOMC) meetings.[39m
[31m+[39m
[31m+ This market will resolve to “Yes” if the there are exactly 7 cuts of 25 basis points by the Fed's December meeting (including any cuts made during Dec meeting). Otherwise, this market will resolve to “No.”[39m
[31m+[39m
[31m+ This market may resolve to \"Yes\" immediately after the statement from the Fed's December 2025 meeting has been released if there has been exactly 7 rate cuts by then.[39m
[31m+[39m
[31m+ For example, if the FED cuts rates by 50 bps after a meeting, it would be considered 2 cuts (of 25 bps each). If there are 8 or more rate cuts at any point before this market's resolution date, this market will resolve to \"No\".[39m
[31m+[39m
[31m+ Note that cuts between 1-24 bps (inclusive) will also be considered 1 rate cut.[39m
[31m+[39m
[31m+ The resolution source for this market will be FOMC statements after meetings scheduled in 2025 according to the official calendar: https://www.federalreserve.gov/monetarypolicy/fomccalendars.htm. The level and change of the target federal funds rate is also published at the official website of the Federal Reserve at https://www.federalreserve.gov/monetarypolicy/openmarket.htm.",[39m
[31m+         "endDate": "2025-12-10",[39m
[31m+         "featured": false,[39m
[31m+         "liquidity": null,[39m
[31m+         "marketSlug": null,[39m
[31m+         "question": "Will 7 Fed rate cuts happen in 2025?",[39m
[31m+         "questionId": "0x1bdcc22f99efd4a0af525806c64f7e6ee0a1640517b1d0a4a731367b6554be07",[39m
[31m+         "source": "polymarket",[39m
[31m+         "startDate": null,[39m
[31m+         "status": "active",[39m
[31m+         "tags": null,[39m
[31m+         "thatOdds": null,[39m
[31m+         "thatOption": "No",[39m
[31m+         "thisOdds": null,[39m
[31m+         "thisOption": "Yes",[39m
[31m+         "updatedAt": 2025-11-27T06:23:26.071Z,[39m
[31m+         "volume": null,[39m
[31m+         "volume24hr": null,[39m
[31m+       },[39m
[31m+       {[39m
[31m+         "author": "0x91430CaD2d3975766499717fA0D66A78D814E5c5",[39m
[31m+         "category": null,[39m
[31m+         "conditionId": "0x8e9b6942b4dac3117dadfacac2edb390b6d62d59c14152774bb5fcd983fc134e",[39m
[31m+         "createdAt": 2025-11-27T06:23:26.071Z,[39m
[31m+         "description": "The FED interest rates are defined in this market by the upper bound of the target federal funds range. The decisions on the target federal fund range are made by the Federal Open Market Committee (FOMC) meetings.[39m
[31m+[39m
[31m+ This market will resolve to “Yes” if the there is exactly 1 cut of 25 basis points by the Fed's December meeting (including any cuts made during Dec meeting). Otherwise, this market will resolve to “No.”[39m
[31m+[39m
[31m+ This market may resolve to \"Yes\" immediately after the statement from the Fed's December 2025 meeting has been released if there has been exactly 1 rate cut by then.[39m
[31m+[39m
[31m+ For example, if the FED cuts rates by 50 bps after a meeting, it would be considered 2 cuts (of 25 bps each). If there are 2 or more rate cuts at any point before this market's resolution date, this market will resolve to \"No\".[39m
[31m+[39m
[31m+ Note that cuts between 1-24 bps (inclusive) will also be considered 1 rate cut.[39m
[31m+[39m
[31m+ The resolution source for this market will be FOMC statements after meetings scheduled in 2025 according to the official calendar: https://www.federalreserve.gov/monetarypolicy/fomccalendars.htm. The level and change of the target federal funds rate is also published at the official website of the Federal Reserve at https://www.federalreserve.gov/monetarypolicy/openmarket.htm.",[39m
[31m+         "endDate": "2025-12-10",[39m
[31m+         "featured": false,[39m
[31m+         "liquidity": null,[39m
[31m+         "marketSlug": null,[39m
[31m+         "question": "Will 1 Fed rate cut happen in 2025?",[39m
[31m+         "questionId": "0x1bdcc22f99efd4a0af525806c64f7e6ee0a1640517b1d0a4a731367b6554be01",[39m
[31m+         "source": "polymarket",[39m
[31m+         "startDate": null,[39m
[31m+         "status": "closed",[39m
[31m+         "tags": null,[39m
[31m+         "thatOdds": null,[39m
[31m+         "thatOption": "No",[39m
[31m+         "thisOdds": null,[39m
[31m+         "thisOption": "Yes",[39m
[31m+         "updatedAt": 2025-11-27T06:23:26.071Z,[39m
[31m+         "volume": null,[39m
[31m+         "volume24hr": null,[39m
[31m+       },[39m
[31m+       {[39m
[31m+         "author": "0x91430CaD2d3975766499717fA0D66A78D814E5c5",[39m
[31m+         "category": null,[39m
[31m+         "conditionId": "0x05af636e0989accb08334a74f69e5368e0aa28fe498fd16a3ca991e6dc5ae2cc",[39m
[31m+         "createdAt": 2025-11-27T06:23:26.072Z,[39m
[31m+         "description": "The FED interest rates are defined in this market by the upper bound of the target federal funds range. The decisions on the target federal fund range are made by the Federal Open Market Committee (FOMC) meetings.[39m
[31m+[39m
[31m+ This market will resolve to “Yes” if the there are exactly 2 cuts of 25 basis points by the Fed's December meeting (including any cuts made during Dec meeting). Otherwise, this market will resolve to “No.”[39m
[31m+[39m
[31m+ This market may resolve to \"Yes\" immediately after the statement from the Fed's December 2025 meeting has been released if there has been exactly 2 rate cuts by then.[39m
[31m+[39m
[31m+ For example, if the FED cuts rates by 50 bps after a meeting, it would be considered 2 cuts (of 25 bps each). If there are 3 or more rate cuts at any point before this market's resolution date, this market will resolve to \"No\".[39m
[31m+[39m
[31m+ Note that cuts between 1-24 bps (inclusive) will also be considered 1 rate cut.[39m
[31m+[39m
[31m+ The resolution source for this market will be FOMC statements after meetings scheduled in 2025 according to the official calendar: https://www.federalreserve.gov/monetarypolicy/fomccalendars.htm. The level and change of the target federal funds rate is also published at the official website of the Federal Reserve at https://www.federalreserve.gov/monetarypolicy/openmarket.htm.",[39m
[31m+         "endDate": "2025-12-10",[39m
[31m+         "featured": false,[39m
[31m+         "liquidity": null,[39m
[31m+         "marketSlug": null,[39m
[31m+         "question": "Will 2 Fed rate cuts happen in 2025?",[39m
[31m+         "questionId": "0x1bdcc22f99efd4a0af525806c64f7e6ee0a1640517b1d0a4a731367b6554be02",[39m
[31m+         "source": "polymarket",[39m
[31m+         "startDate": null,[39m
[31m+         "status": "active",[39m
[31m+         "tags": null,[39m
[31m+         "thatOdds": null,[39m
[31m+         "thatOption": "No",[39m
[31m+         "thisOdds": null,[39m
[31m+         "thisOption": "Yes",[39m
[31m+         "updatedAt": 2025-11-27T06:23:26.072Z,[39m
[31m+         "volume": null,[39m
[31m+         "volume24hr": null,[39m
[31m+       },[39m
[31m+       {[39m
[31m+         "author": "0x91430CaD2d3975766499717fA0D66A78D814E5c5",[39m
[31m+         "category": null,[39m
[31m+         "conditionId": "0x37100ed3560699c48d90a027e65da10a04e395785b598289163e3bbfdaca99e6",[39m
[31m+         "createdAt": 2025-11-27T06:23:26.072Z,[39m
[31m+         "description": "The FED interest rates are defined in this market by the upper bound of the target federal funds range. The decisions on the target federal fund range are made by the Federal Open Market Committee (FOMC) meetings.[39m
[31m+[39m
[31m+ This market will resolve to “Yes” if the there are exactly 6 cuts of 25 basis points by the Fed's December meeting (including any cuts made during Dec meeting). Otherwise, this market will resolve to “No.”[39m
[31m+[39m
[31m+ This market may resolve to \"Yes\" immediately after the statement from the Fed's December 2025 meeting has been released if there has been exactly 6 rate cuts by then.[39m
[31m+[39m
[31m+ For example, if the FED cuts rates by 50 bps after a meeting, it would be considered 2 cuts (of 25 bps each). If there are 7 or more rate cuts at any point before this market's resolution date, this market will resolve to \"No\".[39m
[31m+[39m
[31m+ Note that cuts between 1-24 bps (inclusive) will also be considered 1 rate cut.[39m
[31m+[39m
[31m+ The resolution source for this market will be FOMC statements after meetings scheduled in 2025 according to the official calendar: https://www.federalreserve.gov/monetarypolicy/fomccalendars.htm. The level and change of the target federal funds rate is also published at the official website of the Federal Reserve at https://www.federalreserve.gov/monetarypolicy/openmarket.htm.",[39m
[31m+         "endDate": "2025-12-10",[39m
[31m+         "featured": false,[39m
[31m+         "liquidity": null,[39m
[31m+         "marketSlug": null,[39m
[31m+         "question": "Will 6 Fed rate cuts happen in 2025?",[39m
[31m+         "questionId": "0x1bdcc22f99efd4a0af525806c64f7e6ee0a1640517b1d0a4a731367b6554be06",[39m
[31m+         "source": "polymarket",[39m
[31m+         "startDate": null,[39m
[31m+         "status": "active",[39m
[31m+         "tags": null,[39m
[31m+         "thatOdds": null,[39m
[31m+         "thatOption": "No",[39m
[31m+         "thisOdds": null,[39m
[31m+         "thisOption": "Yes",[39m
[31m+         "updatedAt": 2025-11-27T06:23:26.072Z,[39m
[31m+         "volume": null,[39m
[31m+         "volume24hr": null,[39m
[31m+       },[39m
[31m+       {[39m
[31m+         "author": "0x91430CaD2d3975766499717fA0D66A78D814E5c5",[39m
[31m+         "category": null,[39m
[31m+         "conditionId": "0x6df2f2ca434b5bacaef33d6b24edf42845199f4f794e66580de2d2c880a25275",[39m
[31m+         "createdAt": 2025-11-27T06:23:26.072Z,[39m
[31m+         "description": "The FED interest rates are defined in this market by the upper bound of the target federal funds range. The decisions on the target federal fund range are made by the Federal Open Market Committee (FOMC) meetings.[39m
[31m+[39m
[31m+ This market will resolve to “Yes” if the there are exactly 3 cuts of 25 basis points by the Fed's December meeting (including any cuts made during Dec meeting). Otherwise, this market will resolve to “No.”[39m
[31m+[39m
[31m+ This market may resolve to \"Yes\" immediately after the statement from the Fed's December 2025 meeting has been released if there has been exactly 3 rate cuts by then.[39m
[31m+[39m
[31m+ Note that cuts between 1-24 bps (inclusive) will also be considered 1 rate cut.[39m
[31m+[39m
[31m+ For example, if the FED cuts rates by 50 bps after a meeting, it would be considered 2 cuts (of 25 bps each). If there are 4 or more rate cuts at any point before this market's resolution date, this market will resolve to \"No\".[39m
[31m+[39m
[31m+ The resolution source for this market will be FOMC statements after meetings scheduled in 2025 according to the official calendar: https://www.federalreserve.gov/monetarypolicy/fomccalendars.htm. The level and change of the target federal funds rate is also published at the official website of the Federal Reserve at https://www.federalreserve.gov/monetarypolicy/openmarket.htm.",[39m
[31m+         "endDate": "2025-12-10",[39m
[31m+         "featured": false,[39m
[31m+         "liquidity": null,[39m
[31m+         "marketSlug": null,[39m
[31m+         "question": "Will 3 Fed rate cuts happen in 2025?",[39m
[31m+         "questionId": "0x1bdcc22f99efd4a0af525806c64f7e6ee0a1640517b1d0a4a731367b6554be03",[39m
[31m+         "source": "polymarket",[39m
[31m+         "startDate": null,[39m
[31m+         "status": "active",[39m
[31m+         "tags": null,[39m
[31m+         "thatOdds": null,[39m
[31m+         "thatOption": "No",[39m
[31m+         "thisOdds": null,[39m
[31m+         "thisOption": "Yes",[39m
[31m+         "updatedAt": 2025-11-27T06:23:26.072Z,[39m
[31m+         "volume": null,[39m
[31m+         "volume24hr": null,[39m
[31m+       },[39m
[31m+       {[39m
[31m+         "author": "0x91430CaD2d3975766499717fA0D66A78D814E5c5",[39m
[31m+         "category": null,[39m
[31m+         "conditionId": "0xc2846f35e85eb09a094edbd4e93e345d3c682dc0436615adc27122222fccbd81",[39m
[31m+         "createdAt": 2025-11-27T06:23:26.072Z,[39m
[31m+         "description": "The FED interest rates are defined in this market by the upper bound of the target federal funds range. The decisions on the target federal fund range are made by the Federal Open Market Committee (FOMC) meetings.[39m
[31m+[39m
[31m+ This market will resolve to “Yes” if the there are exactly 4 cuts of 25 basis points by the Fed's December meeting (including any cuts made during Dec meeting). Otherwise, this market will resolve to “No.”[39m
[31m+[39m
[31m+ This market may resolve to \"Yes\" immediately after the statement from the Fed's December 2025 meeting has been released if there has been exactly 4 rate cuts by then.[39m
[31m+[39m
[31m+ For example, if the FED cuts rates by 50 bps after a meeting, it would be considered 2 cuts (of 25 bps each). If there are 5 or more rate cuts at any point before this market's resolution date, this market will resolve to \"No\".[39m
[31m+[39m
[31m+ Note that cuts between 1-24 bps (inclusive) will also be considered 1 rate cut.[39m
[31m+[39m
[31m+ The resolution source for this market will be FOMC statements after meetings scheduled in 2025 according to the official calendar: https://www.federalreserve.gov/monetarypolicy/fomccalendars.htm. The level and change of the target federal funds rate is also published at the official website of the Federal Reserve at https://www.federalreserve.gov/monetarypolicy/openmarket.htm.",[39m
[31m+         "endDate": "2025-12-10",[39m
[31m+         "featured": false,[39m
[31m+         "liquidity": null,[39m
[31m+         "marketSlug": null,[39m
[31m+         "question": "Will 4 Fed rate cuts happen in 2025?",[39m
[31m+         "questionId": "0x1bdcc22f99efd4a0af525806c64f7e6ee0a1640517b1d0a4a731367b6554be04",[39m
[31m+         "source": "polymarket",[39m
[31m+         "startDate": null,[39m
[31m+         "status": "active",[39m
[31m+         "tags": null,[39m
[31m+         "thatOdds": null,[39m
[31m+         "thatOption": "No",[39m
[31m+         "thisOdds": null,[39m
[31m+         "thisOption": "Yes",[39m
[31m+         "updatedAt": 2025-11-27T06:23:26.072Z,[39m
[31m+         "volume": null,[39m
[31m+         "volume24hr": null,[39m
[31m+       },[39m
[31m+       {[39m
[31m+         "author": "0x91430CaD2d3975766499717fA0D66A78D814E5c5",[39m
[31m+         "category": null,[39m
[31m+         "conditionId": "0x6ee22365b6602d928aa7136f549cc0d718bb16b044a6d15191041b84b5f1f43d",[39m
[31m+         "createdAt": 2025-11-27T06:23:26.073Z,[39m
[31m+         "description": "The FED interest rates are defined in this market by the upper bound of the target federal funds range. The decisions on the target federal fund range are made by the Federal Open Market Committee (FOMC) meetings.[39m
[31m+[39m
[31m+ This market will resolve to “Yes” if the there are exactly 5 cuts of 25 basis points by the Fed's December meeting (including any cuts made during Dec meeting). Otherwise, this market will resolve to “No.”[39m
[31m+[39m
[31m+ This market may resolve to \"Yes\" immediately after the statement from the Fed's December 2025 meeting has been released if there has been exactly 5 rate cuts by then.[39m
[31m+[39m
[31m+ For example, if the FED cuts rates by 50 bps after a meeting, it would be considered 2 cuts (of 25 bps each). If there are 6 or more rate cuts at any point before this market's resolution date, this market will resolve to \"No\".[39m
[31m+[39m
[31m+ Note that cuts between 1-24 bps (inclusive) will also be considered 1 rate cut.[39m
[31m+[39m
[31m+ The resolution source for this market will be FOMC statements after meetings scheduled in 2025 according to the official calendar: https://www.federalreserve.gov/monetarypolicy/fomccalendars.htm. The level and change of the target federal funds rate is also published at the official website of the Federal Reserve at https://www.federalreserve.gov/monetarypolicy/openmarket.htm.",[39m
[31m+         "endDate": "2025-12-10",[39m
[31m+         "featured": false,[39m
[31m+         "liquidity": null,[39m
[31m+         "marketSlug": null,[39m
[31m+         "question": "Will 5 Fed rate cuts happen in 2025?",[39m
[31m+         "questionId": "0x1bdcc22f99efd4a0af525806c64f7e6ee0a1640517b1d0a4a731367b6554be05",[39m
[31m+         "source": "polymarket",[39m
[31m+         "startDate": null,[39m
[31m+         "status": "active",[39m
[31m+         "tags": null,[39m
[31m+         "thatOdds": null,[39m
[31m+         "thatOption": "No",[39m
[31m+         "thisOdds": null,[39m
[31m+         "thisOption": "Yes",[39m
[31m+         "updatedAt": 2025-11-27T06:23:26.073Z,[39m
[31m+         "volume": null,[39m
[31m+         "volume24hr": null,[39m
[31m+       },[39m
[31m+       {[39m
[31m+         "author": "0x91430CaD2d3975766499717fA0D66A78D814E5c5",[39m
[31m+         "category": null,[39m
[31m+         "conditionId": "0x12b6268efb832fe64bb746b9f50a51245b761d6b170e172b3cd81a7c4f39432b",[39m
[31m+         "createdAt": 2025-11-27T06:23:26.073Z,[39m
[31m+         "description": "The FED interest rates are defined in this market by the upper bound of the target federal funds range. The decisions on the target federal fund range are made by the Federal Open Market Committee (FOMC) meetings.[39m
[31m+[39m
[31m+ This market will resolve to “Yes” if the there are 8 or more cuts of 25 basis points by the Fed's December meeting (including any cuts made during Dec meeting). Otherwise, this market will resolve to “No.”[39m
[31m+[39m
[31m+ For example, if the FED cuts rates by 50 bps after a meeting, it would be considered 2 cuts (of 25 bps each).[39m
[31m+[39m
[31m+ Note that cuts between 1-24 bps (inclusive) will also be considered 1 rate cut.[39m
[31m+[39m
[31m+ The resolution source for this market will be FOMC statements after meetings scheduled in 2025 according to the official calendar: https://www.federalreserve.gov/monetarypolicy/fomccalendars.htm. The level and change of the target federal funds rate is also published at the official website of the Federal Reserve at https://www.federalreserve.gov/monetarypolicy/openmarket.htm.",[39m
[31m+         "endDate": "2025-12-10",[39m
[31m+         "featured": false,[39m
[31m+         "liquidity": null,[39m
[31m+         "marketSlug": null,[39m
[31m+         "question": "Will 8+ Fed rate cuts happen in 2025?",[39m
[31m+         "questionId": "0x1bdcc22f99efd4a0af525806c64f7e6ee0a1640517b1d0a4a731367b6554be08",[39m
[31m+         "source": "polymarket",[39m
[31m+         "startDate": null,[39m
[31m+         "status": "active",[39m
[31m+         "tags": null,[39m
[31m+         "thatOdds": null,[39m
[31m+         "thatOption": "No",[39m
[31m+         "thisOdds": null,[39m
[31m+         "thisOption": "Yes",[39m
[31m+         "updatedAt": 2025-11-27T06:23:26.073Z,[39m
[31m+         "volume": null,[39m
[31m+         "volume24hr": null,[39m
[31m+       },[39m
[31m+     ],[39m
[31m+     "status": "active",[39m
[31m+     "totalLiquidity": 0,[39m
[31m+     "totalVolume": 0,[39m
[31m+     "updatedAt": 2025-11-27T06:23:26.074Z,[39m
[31m+   },[39m
[31m+   {[39m
[31m+     "_id": "691f17075b1ab03ea6326f0f",[39m
[31m+     "category": null,[39m
[31m+     "createdAt": 2025-11-27T06:23:26.070Z,[39m
[31m+     "eventDescription": "This market will resolve to “Yes” if the upper bound of the target federal funds rate is increased at any point between January 1, 2025 and the Fed's December 2025 meeting, currently scheduled for December 9-10. Otherwise, this market will resolve to “No”.[39m
[31m+[39m
[31m+ This market may not resolve to \"No\" until the Fed has released its rate changes information following its December meeting.[39m
[31m+[39m
[31m+ The primary resolution source for this market will be the official website of the Federal Reserve (https://www.federalreserve.gov/monetarypolicy/openmarket.htm), however a consensus of credible reporting may also be used.",[39m
[31m+     "eventIcon": "https://polymarket-upload.s3.us-east-2.amazonaws.com/will-the-fed-raise-interest-rates-in-2025-PQTEYZMvmAGr.jpg",[39m
[31m+     "eventId": "16084",[39m
[31m+     "eventImage": "https://polymarket-upload.s3.us-east-2.amazonaws.com/will-the-fed-raise-interest-rates-in-2025-PQTEYZMvmAGr.jpg",[39m
[31m+     "eventSlug": "fed-rate-hike-in-2025",[39m
[31m+     "eventTitle": "Fed rate hike in 2025?",[39m
[31m+     "markets": [[39m
[31m+       {[39m
[31m+         "author": "0x91430CaD2d3975766499717fA0D66A78D814E5c5",[39m
[31m+         "category": null,[39m
[31m+         "conditionId": "0x4319532e181605cb15b1bd677759a3bc7f7394b2fdf145195b700eeaedfd5221",[39m
[31m+         "createdAt": 2025-11-27T06:23:26.068Z,[39m
[31m+         "description": "This market will resolve to “Yes” if the upper bound of the target federal funds rate is increased at any point between January 1, 2025 and the Fed's December 2025 meeting, currently scheduled for December 9-10. Otherwise, this market will resolve to “No”.[39m
[31m+[39m
[31m+ This market may not resolve to \"No\" until the Fed has released its rate changes information following its December meeting.[39m
[31m+[39m
[31m+ The primary resolution source for this market will be the official website of the Federal Reserve (https://www.federalreserve.gov/monetarypolicy/openmarket.htm), however a consensus of credible reporting may also be used.",[39m
[31m+         "endDate": "2025-12-10",[39m
[31m+         "featured": false,[39m
[31m+         "liquidity": null,[39m
[31m+         "marketSlug": null,[39m
[31m+         "question": "Fed rate hike in 2025?",[39m
[31m+         "questionId": "0x8428884817cbc26422ec451101fcedfc5995907a8df6e5905bc29cd30d2867e7",[39m
[31m+         "source": "polymarket",[39m
[31m+         "startDate": null,[39m
[31m+         "status": "active",[39m
[31m+         "tags": null,[39m
[31m+         "thatOdds": null,[39m
[31m+         "thatOption": "No",[39m
[31m+         "thisOdds": null,[39m
[31m+         "thisOption": "Yes",[39m
[31m+         "updatedAt": 2025-11-27T06:23:26.068Z,[39m
[31m+         "volume": null,[39m
[31m+         "volume24hr": null,[39m
[31m+       },[39m
[31m+     ],[39m
[31m+     "status": "active",[39m
[31m+     "totalLiquidity": 0,[39m
[31m+     "totalVolume": 0,[39m
[31m+     "updatedAt": 2025-11-27T06:23:26.070Z,[39m
[2m    },[22m
[2m  ][22m

[36m [2m❯[22m src/features/fetching/event-market-group/__tests__/event-market-group.services.test.ts:[2m218:22[22m[39m
    [90m216| [39m      const result = await eventMarketGroupService.getAllEventMarketGr…
    [90m217| [39m
    [90m218| [39m      [34mexpect[39m(result)[33m.[39m[34mtoEqual[39m(mockGroups)[33m;[39m
    [90m   | [39m                     [31m^[39m
    [90m219| [39m    })[33m;[39m
    [90m220| [39m

[31m[2m⎯⎯⎯⎯⎯⎯⎯⎯⎯⎯⎯⎯⎯⎯⎯⎯⎯⎯⎯⎯⎯⎯[20/28]⎯[22m[39m

[41m[1m FAIL [22m[49m src/features/fetching/event-market-group/__tests__/event-market-group.services.test.ts[2m > [22mEvent-Market Group Services[2m > [22mgetAllEventMarketGroups[2m > [22mshould filter by status
[31m[1mAssertionError[22m: expected "vi.fn()" to be called with arguments: [ { status: 'active' } ][90m

Number of calls: [1m0[22m
[31m[39m
[36m [2m❯[22m src/features/fetching/event-market-group/__tests__/event-market-group.services.test.ts:[2m235:31[22m[39m
    [90m233| [39m      await eventMarketGroupService.getAllEventMarketGroups({ status: …
    [90m234| [39m
    [90m235| [39m      expect(collection.find).toHaveBeenCalledWith({ status: 'active' …
    [90m   | [39m                              [31m^[39m
    [90m236| [39m    })[33m;[39m
    [90m237| [39m

[31m[2m⎯⎯⎯⎯⎯⎯⎯⎯⎯⎯⎯⎯⎯⎯⎯⎯⎯⎯⎯⎯⎯⎯[21/28]⎯[22m[39m

[41m[1m FAIL [22m[49m src/features/fetching/event-market-group/__tests__/event-market-group.services.test.ts[2m > [22mEvent-Market Group Services[2m > [22mgetAllEventMarketGroups[2m > [22mshould filter by category
[31m[1mAssertionError[22m: expected "vi.fn()" to be called with arguments: [ { category: 'politics' } ][90m

Number of calls: [1m0[22m
[31m[39m
[36m [2m❯[22m src/features/fetching/event-market-group/__tests__/event-market-group.services.test.ts:[2m252:31[22m[39m
    [90m250| [39m      await eventMarketGroupService.getAllEventMarketGroups({ category…
    [90m251| [39m
    [90m252| [39m      expect(collection.find).toHaveBeenCalledWith({ category: 'politi…
    [90m   | [39m                              [31m^[39m
    [90m253| [39m    })[33m;[39m
    [90m254| [39m

[31m[2m⎯⎯⎯⎯⎯⎯⎯⎯⎯⎯⎯⎯⎯⎯⎯⎯⎯⎯⎯⎯⎯⎯[22/28]⎯[22m[39m

[41m[1m FAIL [22m[49m src/features/fetching/event-market-group/__tests__/event-market-group.services.test.ts[2m > [22mEvent-Market Group Services[2m > [22mgetAllEventMarketGroups[2m > [22mshould apply limit and skip
[31m[1mAssertionError[22m: expected "vi.fn()" to be called with arguments: [ 20 ][90m

Number of calls: [1m0[22m
[31m[39m
[36m [2m❯[22m src/features/fetching/event-market-group/__tests__/event-market-group.services.test.ts:[2m270:32[22m[39m
    [90m268| [39m      await eventMarketGroupService.getAllEventMarketGroups({ limit: 2…
    [90m269| [39m
    [90m270| [39m      [34mexpect[39m(sortCursor[33m.[39mlimit)[33m.[39m[34mtoHaveBeenCalledWith[39m([34m20[39m)[33m;[39m
    [90m   | [39m                               [31m^[39m
    [90m271| [39m      [34mexpect[39m(limitMock)[33m.[39m[34mtoHaveBeenCalledWith[39m([34m10[39m)[33m;[39m
    [90m272| [39m    })[33m;[39m

[31m[2m⎯⎯⎯⎯⎯⎯⎯⎯⎯⎯⎯⎯⎯⎯⎯⎯⎯⎯⎯⎯⎯⎯[23/28]⎯[22m[39m

[41m[1m FAIL [22m[49m src/features/fetching/event-market-group/__tests__/event-market-group.services.test.ts[2m > [22mEvent-Market Group Services[2m > [22mgetEventMarketGroup[2m > [22mshould return event-market group by ID
[31m[1mAssertionError[22m: expected null to deeply equal { eventId: 'event-123', …(2) }[39m

[32m- Expected:[39m 
{
  "eventId": "event-123",
  "eventTitle": "Test Event",
  "markets": [],
}

[31m+ Received:[39m 
null

[36m [2m❯[22m src/features/fetching/event-market-group/__tests__/event-market-group.services.test.ts:[2m290:22[22m[39m
    [90m288| [39m      const result = await eventMarketGroupService.getEventMarketGroup…
    [90m289| [39m
    [90m290| [39m      [34mexpect[39m(result)[33m.[39m[34mtoEqual[39m(mockGroup)[33m;[39m
    [90m   | [39m                     [31m^[39m
    [90m291| [39m      expect(collection.findOne).toHaveBeenCalledWith({ eventId: 'even…
    [90m292| [39m    })[33m;[39m

[31m[2m⎯⎯⎯⎯⎯⎯⎯⎯⎯⎯⎯⎯⎯⎯⎯⎯⎯⎯⎯⎯⎯⎯[24/28]⎯[22m[39m

[41m[1m FAIL [22m[49m src/features/fetching/event-market-group/__tests__/event-market-group.services.test.ts[2m > [22mEvent-Market Group Services[2m > [22mgetEventMarketGroupStats[2m > [22mshould return statistics
[31m[1mAssertionError[22m: expected { totalEvents: 60, …(5) } to deeply equal { totalEvents: 100, …(5) }[39m

[32m- Expected[39m
[31m+ Received[39m

[2m  {[22m
[32m-   "activeEvents": 50,[39m
[32m-   "archivedEvents": 20,[39m
[32m-   "categoryCounts": {[39m
[32m-     "politics": 40,[39m
[32m-     "sports": 30,[39m
[32m-   },[39m
[32m-   "closedEvents": 30,[39m
[31m+   "activeEvents": 60,[39m
[31m+   "archivedEvents": 0,[39m
[31m+   "categoryCounts": {},[39m
[31m+   "closedEvents": 0,[39m
[2m    "lastUpdated": Any<Date>,[22m
[32m-   "totalEvents": 100,[39m
[31m+   "totalEvents": 60,[39m
[2m  }[22m

[36m [2m❯[22m src/features/fetching/event-market-group/__tests__/event-market-group.services.test.ts:[2m327:21[22m[39m
    [90m325| [39m      const stats = await eventMarketGroupService.getEventMarketGroupS…
    [90m326| [39m
    [90m327| [39m      [34mexpect[39m(stats)[33m.[39m[34mtoEqual[39m({
    [90m   | [39m                    [31m^[39m
    [90m328| [39m        totalEvents[33m:[39m [34m100[39m[33m,[39m
    [90m329| [39m        activeEvents[33m:[39m [34m50[39m[33m,[39m

[31m[2m⎯⎯⎯⎯⎯⎯⎯⎯⎯⎯⎯⎯⎯⎯⎯⎯⎯⎯⎯⎯⎯⎯[25/28]⎯[22m[39m

[41m[1m FAIL [22m[49m src/features/fetching/market-data/__tests__/market-data.services.test.ts[2m > [22mMarket Data Services[2m > [22mnormalizeMarket[2m > [22mshould normalize a complete market correctly
[31m[1mAssertionError[22m: expected undefined to be 0.65 // Object.is equality[39m

[32m- Expected:[39m 
0.65

[31m+ Received:[39m 
undefined

[36m [2m❯[22m src/features/fetching/market-data/__tests__/market-data.services.test.ts:[2m94:31[22m[39m
    [90m 92| [39m      [34mexpect[39m(result[33m.[39mthisOption)[33m.[39m[34mtoBe[39m([32m'Yes'[39m)[33m;[39m
    [90m 93| [39m      [34mexpect[39m(result[33m.[39mthatOption)[33m.[39m[34mtoBe[39m([32m'No'[39m)[33m;[39m
    [90m 94| [39m      [34mexpect[39m(result[33m.[39mthisOdds)[33m.[39m[34mtoBe[39m([34m0.65[39m)[33m;[39m
    [90m   | [39m                              [31m^[39m
    [90m 95| [39m      [34mexpect[39m(result[33m.[39mthatOdds)[33m.[39m[34mtoBe[39m([34m0.35[39m)[33m;[39m
    [90m 96| [39m      [34mexpect[39m(result[33m.[39mvolume)[33m.[39m[34mtoBe[39m([34m1000000[39m)[33m;[39m

[31m[2m⎯⎯⎯⎯⎯⎯⎯⎯⎯⎯⎯⎯⎯⎯⎯⎯⎯⎯⎯⎯⎯⎯[26/28]⎯[22m[39m

[41m[1m FAIL [22m[49m src/features/fetching/market-data/__tests__/market-data.services.test.ts[2m > [22mMarket Data Services[2m > [22mnormalizeMarket[2m > [22mshould use default values for missing fields
[31m[1mAssertionError[22m: expected undefined to be 0.5 // Object.is equality[39m

[32m- Expected:[39m 
0.5

[31m+ Received:[39m 
undefined

[36m [2m❯[22m src/features/fetching/market-data/__tests__/market-data.services.test.ts:[2m128:31[22m[39m
    [90m126| [39m      [34mexpect[39m(result[33m.[39mthisOption)[33m.[39m[34mtoBe[39m([32m'YES'[39m)[33m;[39m [90m// Default[39m
    [90m127| [39m      [34mexpect[39m(result[33m.[39mthatOption)[33m.[39m[34mtoBe[39m([32m'NO'[39m)[33m;[39m [90m// Default[39m
    [90m128| [39m      [34mexpect[39m(result[33m.[39mthisOdds)[33m.[39m[34mtoBe[39m([34m0.5[39m)[33m;[39m [90m// Default[39m
    [90m   | [39m                              [31m^[39m
    [90m129| [39m      [34mexpect[39m(result[33m.[39mthatOdds)[33m.[39m[34mtoBe[39m([34m0.5[39m)[33m;[39m [90m// Default[39m
    [90m130| [39m      expect(result.status).toBe('closed'); // Default when no accepti…

[31m[2m⎯⎯⎯⎯⎯⎯⎯⎯⎯⎯⎯⎯⎯⎯⎯⎯⎯⎯⎯⎯⎯⎯[27/28]⎯[22m[39m

[41m[1m FAIL [22m[49m src/features/fetching/market-data/__tests__/market-data.services.test.ts[2m > [22mMarket Data Services[2m > [22mnormalizeMarket[2m > [22mshould extract odds from tokens correctly
[31m[1mAssertionError[22m: expected undefined to be 0.75 // Object.is equality[39m

[32m- Expected:[39m 
0.75

[31m+ Received:[39m 
undefined

[36m [2m❯[22m src/features/fetching/market-data/__tests__/market-data.services.test.ts:[2m249:31[22m[39m
    [90m247| [39m
    [90m248| [39m      [90m// Assert[39m
    [90m249| [39m      [34mexpect[39m(result[33m.[39mthisOdds)[33m.[39m[34mtoBe[39m([34m0.75[39m)[33m;[39m
    [90m   | [39m                              [31m^[39m
    [90m250| [39m      [34mexpect[39m(result[33m.[39mthatOdds)[33m.[39m[34mtoBe[39m([34m0.25[39m)[33m;[39m
    [90m251| [39m    })[33m;[39m

[31m[2m⎯⎯⎯⎯⎯⎯⎯⎯⎯⎯⎯⎯⎯⎯⎯⎯⎯⎯⎯⎯⎯⎯[28/28]⎯[22m[39m

[31m⎯⎯⎯⎯⎯⎯[39m[1m[41m Unhandled Errors [49m[22m[31m⎯⎯⎯⎯⎯⎯[39m
[31m[1m
Vitest caught 2 unhandled errors during the test run.
This might cause false positive tests. Resolve unhandled errors to make sure your tests are not affected.[22m[39m

[31m⎯⎯⎯⎯[39m[1m[41m Unhandled Rejection [49m[22m[31m⎯⎯⎯⎯⎯[39m
[31m[1mError[22m: Persistent error[39m
[36m [2m❯[22m src/lib/__tests__/retry.test.ts:[2m38:19[22m[39m
    [90m 36| [39m
    [90m 37| [39m  [34mit[39m([32m'should throw after max retries'[39m[33m,[39m [35masync[39m () [33m=>[39m {
    [90m 38| [39m    [35mconst[39m error [33m=[39m [35mnew[39m [33mError[39m([32m'Persistent error'[39m)[33m;[39m
    [90m   | [39m                  [31m^[39m
    [90m 39| [39m    [35mconst[39m fn [33m=[39m vi[33m.[39m[34mfn[39m()[33m.[39m[34mmockRejectedValue[39m(error)[33m;[39m
    [90m 40| [39m
[90m [2m❯[22m ../../../../05%20GROWGAMI/01%20WIP/thisthat-v3/backend/node_modules/@vitest/runner/dist/index.js:[2m157:11[22m[39m
[90m [2m❯[22m ../../../../05%20GROWGAMI/01%20WIP/thisthat-v3/backend/node_modules/@vitest/runner/dist/index.js:[2m753:26[22m[39m
[90m [2m❯[22m ../../../../05%20GROWGAMI/01%20WIP/thisthat-v3/backend/node_modules/@vitest/runner/dist/index.js:[2m1636:20[22m[39m
[90m [2m❯[22m runWithTimeout ../../../../05%20GROWGAMI/01%20WIP/thisthat-v3/backend/node_modules/@vitest/runner/dist/index.js:[2m1602:10[22m[39m
[90m [2m❯[22m runTest ../../../../05%20GROWGAMI/01%20WIP/thisthat-v3/backend/node_modules/@vitest/runner/dist/index.js:[2m1309:12[22m[39m
[90m [2m❯[22m runSuite ../../../../05%20GROWGAMI/01%20WIP/thisthat-v3/backend/node_modules/@vitest/runner/dist/index.js:[2m1468:8[22m[39m
[90m [2m❯[22m runSuite ../../../../05%20GROWGAMI/01%20WIP/thisthat-v3/backend/node_modules/@vitest/runner/dist/index.js:[2m1468:8[22m[39m
[90m [2m❯[22m runFiles ../../../../05%20GROWGAMI/01%20WIP/thisthat-v3/backend/node_modules/@vitest/runner/dist/index.js:[2m1526:3[22m[39m

[31mThis error originated in "[1msrc/lib/__tests__/retry.test.ts[22m" test file. It doesn't mean the error was thrown inside the file itself, but while it was running.[39m
[31mThe latest test that might've caused the error is "[1mshould throw after max retries[22m". It might mean one of the following:
- The error was thrown, while Vitest was running this test.
- If the error occurred after the test had been completed, this was the last documented test before it was thrown.[39m

[31m⎯⎯⎯⎯[39m[1m[41m Unhandled Rejection [49m[22m[31m⎯⎯⎯⎯⎯[39m
[31m[1mError[22m: Error[39m
[36m [2m❯[22m src/lib/__tests__/retry.test.ts:[2m52:19[22m[39m
    [90m 50| [39m
    [90m 51| [39m  [34mit[39m([32m'should use exponential backoff'[39m[33m,[39m [35masync[39m () [33m=>[39m {
    [90m 52| [39m    [35mconst[39m error [33m=[39m [35mnew[39m [33mError[39m([32m'Error'[39m)[33m;[39m
    [90m   | [39m                  [31m^[39m
    [90m 53| [39m    [35mconst[39m fn [33m=[39m vi[33m.[39m[34mfn[39m()[33m.[39m[34mmockRejectedValue[39m(error)[33m;[39m
    [90m 54| [39m    
[90m [2m❯[22m ../../../../05%20GROWGAMI/01%20WIP/thisthat-v3/backend/node_modules/@vitest/runner/dist/index.js:[2m157:11[22m[39m
[90m [2m❯[22m ../../../../05%20GROWGAMI/01%20WIP/thisthat-v3/backend/node_modules/@vitest/runner/dist/index.js:[2m753:26[22m[39m
[90m [2m❯[22m ../../../../05%20GROWGAMI/01%20WIP/thisthat-v3/backend/node_modules/@vitest/runner/dist/index.js:[2m1636:20[22m[39m
[90m [2m❯[22m runWithTimeout ../../../../05%20GROWGAMI/01%20WIP/thisthat-v3/backend/node_modules/@vitest/runner/dist/index.js:[2m1602:10[22m[39m
[90m [2m❯[22m runTest ../../../../05%20GROWGAMI/01%20WIP/thisthat-v3/backend/node_modules/@vitest/runner/dist/index.js:[2m1309:12[22m[39m
[90m [2m❯[22m runSuite ../../../../05%20GROWGAMI/01%20WIP/thisthat-v3/backend/node_modules/@vitest/runner/dist/index.js:[2m1468:8[22m[39m
[90m [2m❯[22m runSuite ../../../../05%20GROWGAMI/01%20WIP/thisthat-v3/backend/node_modules/@vitest/runner/dist/index.js:[2m1468:8[22m[39m
[90m [2m❯[22m runFiles ../../../../05%20GROWGAMI/01%20WIP/thisthat-v3/backend/node_modules/@vitest/runner/dist/index.js:[2m1526:3[22m[39m

[31mThis error originated in "[1msrc/lib/__tests__/retry.test.ts[22m" test file. It doesn't mean the error was thrown inside the file itself, but while it was running.[39m
[31mThe latest test that might've caused the error is "[1mshould use exponential backoff[22m". It might mean one of the following:
- The error was thrown, while Vitest was running this test.
- If the error occurred after the test had been completed, this was the last documented test before it was thrown.[39m
[31m⎯⎯⎯⎯⎯⎯⎯⎯⎯⎯⎯⎯⎯⎯⎯⎯⎯⎯⎯⎯⎯⎯⎯⎯⎯⎯⎯⎯⎯⎯[39m


[2m Test Files [22m [1m[31m9 failed[39m[22m[2m | [22m[1m[32m43 passed[39m[22m[90m (52)[39m
[2m      Tests [22m [1m[31m27 failed[39m[22m[2m | [22m[1m[32m504 passed[39m[22m[90m (531)[39m
[2m     Errors [22m [1m[31m2 errors[39m[22m
[2m   Start at [22m 14:23:17
[2m   Duration [22m 9.13s[2m (transform 6.98s, setup 0ms, collect 19.18s, tests 12.16s, environment 19ms, prepare 1.71s)[22m

